[  2%] Built target dynamixel_sdk_custom_interfaces__cpp
[ 12%] Built target dynamixel_sdk_custom_interfaces__rosidl_generator_c
[ 12%] Built target ament_cmake_python_copy_dynamixel_sdk_custom_interfaces
[ 23%] Built target dynamixel_sdk_custom_interfaces__rosidl_typesupport_fastrtps_cpp
[ 33%] Built target dynamixel_sdk_custom_interfaces__rosidl_typesupport_cpp
[ 43%] Built target dynamixel_sdk_custom_interfaces__rosidl_typesupport_fastrtps_c
[ 53%] Built target dynamixel_sdk_custom_interfaces__rosidl_typesupport_introspection_cpp
[ 74%] Built target dynamixel_sdk_custom_interfaces__rosidl_typesupport_c
[ 74%] Built target dynamixel_sdk_custom_interfaces__rosidl_typesupport_introspection_c
[ 74%] Built target dynamixel_sdk_custom_interfaces
[ 76%] Built target dynamixel_sdk_custom_interfaces__py
[ 84%] Built target dynamixel_sdk_custom_interfaces__rosidl_generator_py
[ 89%] Built target dynamixel_sdk_custom_interfaces__rosidl_typesupport_fastrtps_c__pyext
[ 94%] Built target dynamixel_sdk_custom_interfaces__rosidl_typesupport_introspection_c__pyext
[100%] Built target dynamixel_sdk_custom_interfaces__rosidl_typesupport_c__pyext
Traceback (most recent call last):
  File "<frozen importlib._bootstrap_external>", line 153, in _path_is_mode_type
  File "<frozen importlib._bootstrap_external>", line 147, in _path_stat
FileNotFoundError: [Errno 2] No such file or directory: '/usr/lib/python3/dist-packages/mpl_toolkits/__init__.so'

During handling of the above exception, another exception occurred:

Traceback (most recent call last):
  File "/home/a/ws_nhk/build/dynamixel_sdk_custom_interfaces/ament_cmake_python/dynamixel_sdk_custom_interfaces/setup.py", line 1, in <module>
    from setuptools import find_packages
  File "/usr/lib/python3/dist-packages/setuptools/__init__.py", line 16, in <module>
    import setuptools.version
  File "/usr/lib/python3/dist-packages/setuptools/version.py", line 1, in <module>
    import pkg_resources
  File "/usr/lib/python3/dist-packages/pkg_resources/__init__.py", line 3267, in <module>
    def _initialize_master_working_set():
  File "/usr/lib/python3/dist-packages/pkg_resources/__init__.py", line 3241, in _call_aside
    f(*args, **kwargs)
  File "/usr/lib/python3/dist-packages/pkg_resources/__init__.py", line 3292, in _initialize_master_working_set
    tuple(
  File "/usr/lib/python3/dist-packages/pkg_resources/__init__.py", line 3293, in <genexpr>
    dist.activate(replace=False)
  File "/usr/lib/python3/dist-packages/pkg_resources/__init__.py", line 2795, in activate
    fixup_namespace_packages(self.location)
  File "/usr/lib/python3/dist-packages/pkg_resources/__init__.py", line 2307, in fixup_namespace_packages
    subpath = _handle_ns(package, path_item)
  File "/usr/lib/python3/dist-packages/pkg_resources/__init__.py", line 2208, in _handle_ns
    loader = importer.find_spec(packageName).loader
  File "<frozen importlib._bootstrap_external>", line 1563, in find_spec
  File "<frozen importlib._bootstrap_external>", line 161, in _path_isfile
  File "<frozen importlib._bootstrap_external>", line 153, in _path_is_mode_type
KeyboardInterrupt
gmake[2]: *** [CMakeFiles/ament_cmake_python_build_dynamixel_sdk_custom_interfaces_egg.dir/build.make:70: CMakeFiles/ament_cmake_python_build_dynamixel_sdk_custom_interfaces_egg] Interrupt
gmake[1]: *** [CMakeFiles/Makefile2:447: CMakeFiles/ament_cmake_python_build_dynamixel_sdk_custom_interfaces_egg.dir/all] Interrupt
gmake: *** [Makefile:146: all] Interrupt
