[1.752s] Invoking command in '/home/a/ws_nhk/src/dynamixel_ros2/dynamixel_controller_client': PYTHONPATH=/home/a/ws_nhk/build/dynamixel_controller_client/prefix_override:/usr/lib/python3/dist-packages/colcon_core/task/python/colcon_distutils_commands:/home/a/ws_nhk/install/dynamixel_controller_client/lib/python3.10/site-packages:${PYTHONPATH} /usr/bin/python3 -W ignore:setup.py install is deprecated -W ignore:easy_install command is deprecated setup.py egg_info --egg-base ../../../build/dynamixel_controller_client build --build-base /home/a/ws_nhk/build/dynamixel_controller_client/build install --record /home/a/ws_nhk/build/dynamixel_controller_client/install.log --single-version-externally-managed install_data
[3.114s] running egg_info
[3.120s] writing ../../../build/dynamixel_controller_client/dynamixel_controller_client.egg-info/PKG-INFO
[3.121s] writing dependency_links to ../../../build/dynamixel_controller_client/dynamixel_controller_client.egg-info/dependency_links.txt
[3.122s] writing entry points to ../../../build/dynamixel_controller_client/dynamixel_controller_client.egg-info/entry_points.txt
[3.123s] writing requirements to ../../../build/dynamixel_controller_client/dynamixel_controller_client.egg-info/requires.txt
[3.123s] writing top-level names to ../../../build/dynamixel_controller_client/dynamixel_controller_client.egg-info/top_level.txt
[3.139s] reading manifest file '../../../build/dynamixel_controller_client/dynamixel_controller_client.egg-info/SOURCES.txt'
[3.148s] writing manifest file '../../../build/dynamixel_controller_client/dynamixel_controller_client.egg-info/SOURCES.txt'
[3.148s] running build
[3.149s] running build_py
[3.152s] copying dynamixel_controller_client/dynamixel_controller_client_node.py -> /home/a/ws_nhk/build/dynamixel_controller_client/build/lib/dynamixel_controller_client
[3.152s] running install
[3.152s] running install_lib
[3.152s] copying /home/a/ws_nhk/build/dynamixel_controller_client/build/lib/dynamixel_controller_client/dynamixel_controller_client_node.py -> /home/a/ws_nhk/install/dynamixel_controller_client/lib/python3.10/site-packages/dynamixel_controller_client
[3.155s] byte-compiling /home/a/ws_nhk/install/dynamixel_controller_client/lib/python3.10/site-packages/dynamixel_controller_client/dynamixel_controller_client_node.py to dynamixel_controller_client_node.cpython-310.pyc
[3.162s] running install_data
[3.162s] running install_egg_info
[3.174s] removing '/home/a/ws_nhk/install/dynamixel_controller_client/lib/python3.10/site-packages/dynamixel_controller_client-0.0.0-py3.10.egg-info' (and everything under it)
[3.176s] Copying ../../../build/dynamixel_controller_client/dynamixel_controller_client.egg-info to /home/a/ws_nhk/install/dynamixel_controller_client/lib/python3.10/site-packages/dynamixel_controller_client-0.0.0-py3.10.egg-info
[3.180s] running install_scripts
[3.311s] Installing dynamixel_controller_client_node script to /home/a/ws_nhk/install/dynamixel_controller_client/lib/dynamixel_controller_client
[3.313s] writing list of installed files to '/home/a/ws_nhk/build/dynamixel_controller_client/install.log'
[4.420s] Invoked command in '/home/a/ws_nhk/src/dynamixel_ros2/dynamixel_controller_client' returned '0': PYTHONPATH=/home/a/ws_nhk/build/dynamixel_controller_client/prefix_override:/usr/lib/python3/dist-packages/colcon_core/task/python/colcon_distutils_commands:/home/a/ws_nhk/install/dynamixel_controller_client/lib/python3.10/site-packages:${PYTHONPATH} /usr/bin/python3 -W ignore:setup.py install is deprecated -W ignore:easy_install command is deprecated setup.py egg_info --egg-base ../../../build/dynamixel_controller_client build --build-base /home/a/ws_nhk/build/dynamixel_controller_client/build install --record /home/a/ws_nhk/build/dynamixel_controller_client/install.log --single-version-externally-managed install_data
