[0.047s] Invoking command in '/home/a/ws_nhk/build/moveit_ros_visualization': AMENT_PREFIX_PATH=/home/a/ws_nhk/install/moveit_ros_planning_interface:/home/a/ws_nhk/install/moveit_ros_move_group:/home/a/ws_nhk/install/moveit_ros_warehouse:/home/a/ws_nhk/install/moveit_ros_robot_interaction:/home/a/ws_nhk/install/moveit_planners_ompl:/home/a/ws_nhk/install/moveit_kinematics:/home/a/ws_nhk/install/trac_ik:/home/a/ws_nhk/install/moveit_ros_planning:/home/a/ws_nhk/install/trac_ik_kinematics_plugin:/home/a/ws_nhk/install/moveit_simple_controller_manager:/home/a/ws_nhk/install/moveit_ros_occupancy_map_monitor:/home/a/ws_nhk/install/moveit_core:/home/a/ws_nhk/install/moveit_resources_panda_moveit_config:/home/a/ws_nhk/install/moveit_resources_fanuc_moveit_config:/home/a/ws_nhk/install/moveit_configs_utils:/home/a/ws_nhk/install/trac_ik_lib:/home/a/ws_nhk/install/srdfdom:/home/a/ws_nhk/install/moveit_resources_pr2_description:/home/a/ws_nhk/install/moveit_resources_panda_description:/home/a/ws_nhk/install/moveit_resources_fanuc_description:/home/a/ws_nhk/install/moveit_common:/home/a/ws_nhk/install/launch_param_builder:${AMENT_PREFIX_PATH} CMAKE_PREFIX_PATH=/home/a/ws_nhk/install/moveit_ros_planning_interface:/home/a/ws_nhk/install/moveit_ros_move_group:/home/a/ws_nhk/install/moveit_ros_warehouse:/home/a/ws_nhk/install/moveit_ros_robot_interaction:/home/a/ws_nhk/install/moveit_planners_ompl:/home/a/ws_nhk/install/moveit_kinematics:/home/a/ws_nhk/install/trac_ik:/home/a/ws_nhk/install/moveit_ros_planning:/home/a/ws_nhk/install/trac_ik_kinematics_plugin:/home/a/ws_nhk/install/moveit_simple_controller_manager:/home/a/ws_nhk/install/moveit_ros_occupancy_map_monitor:/home/a/ws_nhk/install/moveit_core:/home/a/ws_nhk/install/moveit_resources_panda_moveit_config:/home/a/ws_nhk/install/moveit_resources_fanuc_moveit_config:/home/a/ws_nhk/install/trac_ik_lib:/home/a/ws_nhk/install/srdfdom:/home/a/ws_nhk/install/moveit_resources_pr2_description:/home/a/ws_nhk/install/moveit_resources_panda_description:/home/a/ws_nhk/install/moveit_resources_fanuc_description:/home/a/ws_nhk/install/moveit_common:/home/a/install/field_description_test:/opt/ros/humble LD_LIBRARY_PATH=/home/a/ws_nhk/install/moveit_ros_planning_interface/lib:/home/a/ws_nhk/install/moveit_ros_move_group/lib:/home/a/ws_nhk/install/moveit_ros_warehouse/lib:/home/a/ws_nhk/install/moveit_ros_robot_interaction/lib:/home/a/ws_nhk/install/moveit_planners_ompl/lib:/home/a/ws_nhk/install/moveit_kinematics/lib:/home/a/ws_nhk/install/moveit_ros_planning/lib:/home/a/ws_nhk/install/trac_ik_kinematics_plugin/lib:/home/a/ws_nhk/install/moveit_simple_controller_manager/lib:/home/a/ws_nhk/install/moveit_ros_occupancy_map_monitor/lib:/home/a/ws_nhk/install/moveit_core/lib:/home/a/ws_nhk/install/trac_ik_lib/lib:/home/a/ws_nhk/install/srdfdom/lib:${LD_LIBRARY_PATH} PATH=/home/a/ws_nhk/install/moveit_core/bin:${PATH} PYTHONPATH=/home/a/ws_nhk/install/moveit_configs_utils/lib/python3.10/site-packages:/home/a/ws_nhk/install/srdfdom/local/lib/python3.10/dist-packages:/home/a/ws_nhk/install/launch_param_builder/lib/python3.10/site-packages:${PYTHONPATH} /usr/bin/cmake --build /home/a/ws_nhk/build/moveit_ros_visualization -- -j22 -l22
[0.101s] [  1%] [34m[1mAutomatic MOC for target moveit_rviz_plugin_render_tools[0m
[0.136s] [  1%] Built target moveit_rviz_plugin_render_tools_autogen
[0.217s] [  3%] [32m[1mLinking CXX shared library libmoveit_rviz_plugin_render_tools.so[0m
[6.128s] [ 18%] Built target moveit_rviz_plugin_render_tools
[6.174s] [ 20%] [34m[1mAutomatic MOC for target moveit_robot_state_rviz_plugin_core[0m
[6.179s] [ 22%] [34m[1mAutomatic MOC for target moveit_planning_scene_rviz_plugin_core[0m
[6.219s] [ 22%] Built target moveit_planning_scene_rviz_plugin_core_autogen
[6.222s] [ 22%] Built target moveit_robot_state_rviz_plugin_core_autogen
[6.305s] [ 24%] [32m[1mLinking CXX shared library libmoveit_robot_state_rviz_plugin_core.so[0m
[6.305s] [ 25%] [32m[1mLinking CXX shared library libmoveit_planning_scene_rviz_plugin_core.so[0m
[10.659s] [ 29%] Built target moveit_robot_state_rviz_plugin_core
[10.708s] [ 31%] [34m[1mAutomatic MOC for target moveit_robot_state_rviz_plugin[0m
[10.745s] [ 31%] Built target moveit_robot_state_rviz_plugin_autogen
[10.828s] [ 32%] [32m[1mLinking CXX shared library libmoveit_robot_state_rviz_plugin.so[0m
[10.957s] [ 37%] Built target moveit_planning_scene_rviz_plugin_core
[11.006s] [ 39%] [34m[1mAutomatic MOC for target moveit_trajectory_rviz_plugin_core[0m
[11.007s] [ 41%] [34m[1mAutomatic MOC for target moveit_planning_scene_rviz_plugin[0m
[11.048s] [ 41%] Built target moveit_planning_scene_rviz_plugin_autogen
[11.058s] [ 41%] Built target moveit_trajectory_rviz_plugin_core_autogen
[11.130s] [ 43%] [32m[1mLinking CXX shared library libmoveit_planning_scene_rviz_plugin.so[0m
[11.155s] [ 44%] [32m[1mLinking CXX shared library libmoveit_trajectory_rviz_plugin_core.so[0m
[12.106s] [ 48%] Built target moveit_robot_state_rviz_plugin
[12.423s] [ 51%] Built target moveit_planning_scene_rviz_plugin
[12.467s] [ 53%] [34m[1mAutomatic MOC for target moveit_motion_planning_rviz_plugin_core[0m
[12.673s] [ 56%] Built target moveit_trajectory_rviz_plugin_core
[12.718s] [ 58%] [34m[1mAutomatic MOC for target moveit_trajectory_rviz_plugin[0m
[12.756s] [ 58%] Built target moveit_trajectory_rviz_plugin_autogen
[12.825s] [ 60%] [32m[1mLinking CXX shared library libmoveit_trajectory_rviz_plugin.so[0m
[12.888s] [ 60%] Built target moveit_motion_planning_rviz_plugin_core_autogen
[13.043s] [ 62%] [32mBuilding CXX object motion_planning_rviz_plugin/CMakeFiles/moveit_motion_planning_rviz_plugin_core.dir/moveit_motion_planning_rviz_plugin_core_autogen/mocs_compilation.cpp.o[0m
[14.001s] [ 65%] Built target moveit_trajectory_rviz_plugin
[28.026s] [ 67%] [32m[1mLinking CXX shared library libmoveit_motion_planning_rviz_plugin_core.so[0m
[31.549s] [ 93%] Built target moveit_motion_planning_rviz_plugin_core
[31.573s] [ 94%] [34m[1mAutomatic MOC for target moveit_motion_planning_rviz_plugin[0m
[31.592s] [ 94%] Built target moveit_motion_planning_rviz_plugin_autogen
[31.634s] [ 96%] [32m[1mLinking CXX shared library libmoveit_motion_planning_rviz_plugin.so[0m
[32.347s] [100%] Built target moveit_motion_planning_rviz_plugin
[32.357s] Invoked command in '/home/a/ws_nhk/build/moveit_ros_visualization' returned '0': AMENT_PREFIX_PATH=/home/a/ws_nhk/install/moveit_ros_planning_interface:/home/a/ws_nhk/install/moveit_ros_move_group:/home/a/ws_nhk/install/moveit_ros_warehouse:/home/a/ws_nhk/install/moveit_ros_robot_interaction:/home/a/ws_nhk/install/moveit_planners_ompl:/home/a/ws_nhk/install/moveit_kinematics:/home/a/ws_nhk/install/trac_ik:/home/a/ws_nhk/install/moveit_ros_planning:/home/a/ws_nhk/install/trac_ik_kinematics_plugin:/home/a/ws_nhk/install/moveit_simple_controller_manager:/home/a/ws_nhk/install/moveit_ros_occupancy_map_monitor:/home/a/ws_nhk/install/moveit_core:/home/a/ws_nhk/install/moveit_resources_panda_moveit_config:/home/a/ws_nhk/install/moveit_resources_fanuc_moveit_config:/home/a/ws_nhk/install/moveit_configs_utils:/home/a/ws_nhk/install/trac_ik_lib:/home/a/ws_nhk/install/srdfdom:/home/a/ws_nhk/install/moveit_resources_pr2_description:/home/a/ws_nhk/install/moveit_resources_panda_description:/home/a/ws_nhk/install/moveit_resources_fanuc_description:/home/a/ws_nhk/install/moveit_common:/home/a/ws_nhk/install/launch_param_builder:${AMENT_PREFIX_PATH} CMAKE_PREFIX_PATH=/home/a/ws_nhk/install/moveit_ros_planning_interface:/home/a/ws_nhk/install/moveit_ros_move_group:/home/a/ws_nhk/install/moveit_ros_warehouse:/home/a/ws_nhk/install/moveit_ros_robot_interaction:/home/a/ws_nhk/install/moveit_planners_ompl:/home/a/ws_nhk/install/moveit_kinematics:/home/a/ws_nhk/install/trac_ik:/home/a/ws_nhk/install/moveit_ros_planning:/home/a/ws_nhk/install/trac_ik_kinematics_plugin:/home/a/ws_nhk/install/moveit_simple_controller_manager:/home/a/ws_nhk/install/moveit_ros_occupancy_map_monitor:/home/a/ws_nhk/install/moveit_core:/home/a/ws_nhk/install/moveit_resources_panda_moveit_config:/home/a/ws_nhk/install/moveit_resources_fanuc_moveit_config:/home/a/ws_nhk/install/trac_ik_lib:/home/a/ws_nhk/install/srdfdom:/home/a/ws_nhk/install/moveit_resources_pr2_description:/home/a/ws_nhk/install/moveit_resources_panda_description:/home/a/ws_nhk/install/moveit_resources_fanuc_description:/home/a/ws_nhk/install/moveit_common:/home/a/install/field_description_test:/opt/ros/humble LD_LIBRARY_PATH=/home/a/ws_nhk/install/moveit_ros_planning_interface/lib:/home/a/ws_nhk/install/moveit_ros_move_group/lib:/home/a/ws_nhk/install/moveit_ros_warehouse/lib:/home/a/ws_nhk/install/moveit_ros_robot_interaction/lib:/home/a/ws_nhk/install/moveit_planners_ompl/lib:/home/a/ws_nhk/install/moveit_kinematics/lib:/home/a/ws_nhk/install/moveit_ros_planning/lib:/home/a/ws_nhk/install/trac_ik_kinematics_plugin/lib:/home/a/ws_nhk/install/moveit_simple_controller_manager/lib:/home/a/ws_nhk/install/moveit_ros_occupancy_map_monitor/lib:/home/a/ws_nhk/install/moveit_core/lib:/home/a/ws_nhk/install/trac_ik_lib/lib:/home/a/ws_nhk/install/srdfdom/lib:${LD_LIBRARY_PATH} PATH=/home/a/ws_nhk/install/moveit_core/bin:${PATH} PYTHONPATH=/home/a/ws_nhk/install/moveit_configs_utils/lib/python3.10/site-packages:/home/a/ws_nhk/install/srdfdom/local/lib/python3.10/dist-packages:/home/a/ws_nhk/install/launch_param_builder/lib/python3.10/site-packages:${PYTHONPATH} /usr/bin/cmake --build /home/a/ws_nhk/build/moveit_ros_visualization -- -j22 -l22
[32.359s] Invoking command in '/home/a/ws_nhk/build/moveit_ros_visualization': AMENT_PREFIX_PATH=/home/a/ws_nhk/install/moveit_ros_planning_interface:/home/a/ws_nhk/install/moveit_ros_move_group:/home/a/ws_nhk/install/moveit_ros_warehouse:/home/a/ws_nhk/install/moveit_ros_robot_interaction:/home/a/ws_nhk/install/moveit_planners_ompl:/home/a/ws_nhk/install/moveit_kinematics:/home/a/ws_nhk/install/trac_ik:/home/a/ws_nhk/install/moveit_ros_planning:/home/a/ws_nhk/install/trac_ik_kinematics_plugin:/home/a/ws_nhk/install/moveit_simple_controller_manager:/home/a/ws_nhk/install/moveit_ros_occupancy_map_monitor:/home/a/ws_nhk/install/moveit_core:/home/a/ws_nhk/install/moveit_resources_panda_moveit_config:/home/a/ws_nhk/install/moveit_resources_fanuc_moveit_config:/home/a/ws_nhk/install/moveit_configs_utils:/home/a/ws_nhk/install/trac_ik_lib:/home/a/ws_nhk/install/srdfdom:/home/a/ws_nhk/install/moveit_resources_pr2_description:/home/a/ws_nhk/install/moveit_resources_panda_description:/home/a/ws_nhk/install/moveit_resources_fanuc_description:/home/a/ws_nhk/install/moveit_common:/home/a/ws_nhk/install/launch_param_builder:${AMENT_PREFIX_PATH} CMAKE_PREFIX_PATH=/home/a/ws_nhk/install/moveit_ros_planning_interface:/home/a/ws_nhk/install/moveit_ros_move_group:/home/a/ws_nhk/install/moveit_ros_warehouse:/home/a/ws_nhk/install/moveit_ros_robot_interaction:/home/a/ws_nhk/install/moveit_planners_ompl:/home/a/ws_nhk/install/moveit_kinematics:/home/a/ws_nhk/install/trac_ik:/home/a/ws_nhk/install/moveit_ros_planning:/home/a/ws_nhk/install/trac_ik_kinematics_plugin:/home/a/ws_nhk/install/moveit_simple_controller_manager:/home/a/ws_nhk/install/moveit_ros_occupancy_map_monitor:/home/a/ws_nhk/install/moveit_core:/home/a/ws_nhk/install/moveit_resources_panda_moveit_config:/home/a/ws_nhk/install/moveit_resources_fanuc_moveit_config:/home/a/ws_nhk/install/trac_ik_lib:/home/a/ws_nhk/install/srdfdom:/home/a/ws_nhk/install/moveit_resources_pr2_description:/home/a/ws_nhk/install/moveit_resources_panda_description:/home/a/ws_nhk/install/moveit_resources_fanuc_description:/home/a/ws_nhk/install/moveit_common:/home/a/install/field_description_test:/opt/ros/humble LD_LIBRARY_PATH=/home/a/ws_nhk/install/moveit_ros_planning_interface/lib:/home/a/ws_nhk/install/moveit_ros_move_group/lib:/home/a/ws_nhk/install/moveit_ros_warehouse/lib:/home/a/ws_nhk/install/moveit_ros_robot_interaction/lib:/home/a/ws_nhk/install/moveit_planners_ompl/lib:/home/a/ws_nhk/install/moveit_kinematics/lib:/home/a/ws_nhk/install/moveit_ros_planning/lib:/home/a/ws_nhk/install/trac_ik_kinematics_plugin/lib:/home/a/ws_nhk/install/moveit_simple_controller_manager/lib:/home/a/ws_nhk/install/moveit_ros_occupancy_map_monitor/lib:/home/a/ws_nhk/install/moveit_core/lib:/home/a/ws_nhk/install/trac_ik_lib/lib:/home/a/ws_nhk/install/srdfdom/lib:${LD_LIBRARY_PATH} PATH=/home/a/ws_nhk/install/moveit_core/bin:${PATH} PYTHONPATH=/home/a/ws_nhk/install/moveit_configs_utils/lib/python3.10/site-packages:/home/a/ws_nhk/install/srdfdom/local/lib/python3.10/dist-packages:/home/a/ws_nhk/install/launch_param_builder/lib/python3.10/site-packages:${PYTHONPATH} /usr/bin/cmake --install /home/a/ws_nhk/build/moveit_ros_visualization
[32.368s] -- Install configuration: "Release"
[32.368s] -- Up-to-date: /home/a/ws_nhk/install/moveit_ros_visualization/include
[32.369s] -- Up-to-date: /home/a/ws_nhk/install/moveit_ros_visualization/include/ogre_helpers
[32.370s] -- Up-to-date: /home/a/ws_nhk/install/moveit_ros_visualization/include/ogre_helpers/mesh_shape.hpp
[32.370s] -- Up-to-date: /home/a/ws_nhk/install/moveit_ros_visualization/include/moveit
[32.370s] -- Up-to-date: /home/a/ws_nhk/install/moveit_ros_visualization/include/moveit/rviz_plugin_render_tools
[32.370s] -- Up-to-date: /home/a/ws_nhk/install/moveit_ros_visualization/include/moveit/rviz_plugin_render_tools/planning_scene_render.h
[32.370s] -- Up-to-date: /home/a/ws_nhk/install/moveit_ros_visualization/include/moveit/rviz_plugin_render_tools/robot_state_visualization.h
[32.370s] -- Up-to-date: /home/a/ws_nhk/install/moveit_ros_visualization/include/moveit/rviz_plugin_render_tools/trajectory_visualization.h
[32.370s] -- Up-to-date: /home/a/ws_nhk/install/moveit_ros_visualization/include/moveit/rviz_plugin_render_tools/render_shapes.h
[32.370s] -- Up-to-date: /home/a/ws_nhk/install/moveit_ros_visualization/include/moveit/rviz_plugin_render_tools/planning_link_updater.h
[32.370s] -- Up-to-date: /home/a/ws_nhk/install/moveit_ros_visualization/include/moveit/rviz_plugin_render_tools/trajectory_panel.h
[32.370s] -- Up-to-date: /home/a/ws_nhk/install/moveit_ros_visualization/include/moveit/rviz_plugin_render_tools/octomap_render.h
[32.371s] -- Up-to-date: /home/a/ws_nhk/install/moveit_ros_visualization/include
[32.371s] -- Up-to-date: /home/a/ws_nhk/install/moveit_ros_visualization/include/moveit
[32.371s] -- Up-to-date: /home/a/ws_nhk/install/moveit_ros_visualization/include/moveit/robot_state_rviz_plugin
[32.371s] -- Up-to-date: /home/a/ws_nhk/install/moveit_ros_visualization/include/moveit/robot_state_rviz_plugin/robot_state_display.h
[32.371s] -- Up-to-date: /home/a/ws_nhk/install/moveit_ros_visualization/include
[32.371s] -- Up-to-date: /home/a/ws_nhk/install/moveit_ros_visualization/include/moveit
[32.371s] -- Up-to-date: /home/a/ws_nhk/install/moveit_ros_visualization/include/moveit/planning_scene_rviz_plugin
[32.371s] -- Up-to-date: /home/a/ws_nhk/install/moveit_ros_visualization/include/moveit/planning_scene_rviz_plugin/background_processing.hpp
[32.371s] -- Up-to-date: /home/a/ws_nhk/install/moveit_ros_visualization/include/moveit/planning_scene_rviz_plugin/planning_scene_display.h
[32.371s] -- Up-to-date: /home/a/ws_nhk/install/moveit_ros_visualization/include/moveit_planning_scene_rviz_plugin_core_export.h
[32.371s] -- Up-to-date: /home/a/ws_nhk/install/moveit_ros_visualization/include
[32.371s] -- Up-to-date: /home/a/ws_nhk/install/moveit_ros_visualization/include/moveit
[32.371s] -- Up-to-date: /home/a/ws_nhk/install/moveit_ros_visualization/include/moveit/motion_planning_rviz_plugin
[32.372s] -- Up-to-date: /home/a/ws_nhk/install/moveit_ros_visualization/include/moveit/motion_planning_rviz_plugin/motion_planning_frame_joints_widget.h
[32.372s] -- Up-to-date: /home/a/ws_nhk/install/moveit_ros_visualization/include/moveit/motion_planning_rviz_plugin/motion_planning_param_widget.h
[32.372s] -- Up-to-date: /home/a/ws_nhk/install/moveit_ros_visualization/include/moveit/motion_planning_rviz_plugin/motion_planning_display.h
[32.372s] -- Up-to-date: /home/a/ws_nhk/install/moveit_ros_visualization/include/moveit/motion_planning_rviz_plugin/motion_planning_frame.h
[32.372s] -- Up-to-date: /home/a/ws_nhk/install/moveit_ros_visualization/include/moveit/motion_planning_rviz_plugin/interactive_marker_display.h
[32.372s] -- Up-to-date: /home/a/ws_nhk/install/moveit_ros_visualization/include
[32.372s] -- Up-to-date: /home/a/ws_nhk/install/moveit_ros_visualization/include/moveit
[32.372s] -- Up-to-date: /home/a/ws_nhk/install/moveit_ros_visualization/include/moveit/trajectory_rviz_plugin
[32.372s] -- Up-to-date: /home/a/ws_nhk/install/moveit_ros_visualization/include/moveit/trajectory_rviz_plugin/trajectory_display.h
[32.372s] -- Up-to-date: /home/a/ws_nhk/install/moveit_ros_visualization/share/moveit_ros_visualization/icons
[32.372s] -- Up-to-date: /home/a/ws_nhk/install/moveit_ros_visualization/share/moveit_ros_visualization/icons/classes
[32.372s] -- Up-to-date: /home/a/ws_nhk/install/moveit_ros_visualization/share/moveit_ros_visualization/icons/classes/PlanningScene.png
[32.372s] -- Up-to-date: /home/a/ws_nhk/install/moveit_ros_visualization/share/moveit_ros_visualization/icons/classes/Trajectory.png
[32.372s] -- Up-to-date: /home/a/ws_nhk/install/moveit_ros_visualization/share/moveit_ros_visualization/icons/classes/RobotState.png
[32.372s] -- Up-to-date: /home/a/ws_nhk/install/moveit_ros_visualization/share/moveit_ros_visualization/icons/classes/MotionPlanning.png
[32.372s] -- Up-to-date: /home/a/ws_nhk/install/moveit_ros_visualization/share/moveit_ros_visualization/motion_planning_rviz_plugin_description.xml
[32.372s] -- Up-to-date: /home/a/ws_nhk/install/moveit_ros_visualization/share/moveit_ros_visualization/trajectory_rviz_plugin_description.xml
[32.372s] -- Up-to-date: /home/a/ws_nhk/install/moveit_ros_visualization/share/moveit_ros_visualization/planning_scene_rviz_plugin_description.xml
[32.373s] -- Up-to-date: /home/a/ws_nhk/install/moveit_ros_visualization/share/moveit_ros_visualization/robot_state_rviz_plugin_description.xml
[32.373s] -- Installing: /home/a/ws_nhk/install/moveit_ros_visualization/lib/libmoveit_motion_planning_rviz_plugin.so.2.5.9
[32.373s] -- Set runtime path of "/home/a/ws_nhk/install/moveit_ros_visualization/lib/libmoveit_motion_planning_rviz_plugin.so.2.5.9" to ""
[32.373s] -- Up-to-date: /home/a/ws_nhk/install/moveit_ros_visualization/lib/libmoveit_motion_planning_rviz_plugin.so
[32.373s] -- Installing: /home/a/ws_nhk/install/moveit_ros_visualization/lib/libmoveit_motion_planning_rviz_plugin_core.so.2.5.9
[32.373s] -- Set runtime path of "/home/a/ws_nhk/install/moveit_ros_visualization/lib/libmoveit_motion_planning_rviz_plugin_core.so.2.5.9" to ""
[32.373s] -- Up-to-date: /home/a/ws_nhk/install/moveit_ros_visualization/lib/libmoveit_motion_planning_rviz_plugin_core.so
[32.373s] -- Installing: /home/a/ws_nhk/install/moveit_ros_visualization/lib/libmoveit_planning_scene_rviz_plugin.so.2.5.9
[32.373s] -- Set runtime path of "/home/a/ws_nhk/install/moveit_ros_visualization/lib/libmoveit_planning_scene_rviz_plugin.so.2.5.9" to ""
[32.373s] -- Up-to-date: /home/a/ws_nhk/install/moveit_ros_visualization/lib/libmoveit_planning_scene_rviz_plugin.so
[32.373s] -- Installing: /home/a/ws_nhk/install/moveit_ros_visualization/lib/libmoveit_planning_scene_rviz_plugin_core.so.2.5.9
[32.374s] -- Set runtime path of "/home/a/ws_nhk/install/moveit_ros_visualization/lib/libmoveit_planning_scene_rviz_plugin_core.so.2.5.9" to ""
[32.374s] -- Up-to-date: /home/a/ws_nhk/install/moveit_ros_visualization/lib/libmoveit_planning_scene_rviz_plugin_core.so
[32.374s] -- Installing: /home/a/ws_nhk/install/moveit_ros_visualization/lib/libmoveit_robot_state_rviz_plugin.so.2.5.9
[32.374s] -- Set runtime path of "/home/a/ws_nhk/install/moveit_ros_visualization/lib/libmoveit_robot_state_rviz_plugin.so.2.5.9" to ""
[32.374s] -- Up-to-date: /home/a/ws_nhk/install/moveit_ros_visualization/lib/libmoveit_robot_state_rviz_plugin.so
[32.374s] -- Installing: /home/a/ws_nhk/install/moveit_ros_visualization/lib/libmoveit_robot_state_rviz_plugin_core.so.2.5.9
[32.374s] -- Set runtime path of "/home/a/ws_nhk/install/moveit_ros_visualization/lib/libmoveit_robot_state_rviz_plugin_core.so.2.5.9" to ""
[32.375s] -- Up-to-date: /home/a/ws_nhk/install/moveit_ros_visualization/lib/libmoveit_robot_state_rviz_plugin_core.so
[32.375s] -- Installing: /home/a/ws_nhk/install/moveit_ros_visualization/lib/libmoveit_rviz_plugin_render_tools.so.2.5.9
[32.375s] -- Set runtime path of "/home/a/ws_nhk/install/moveit_ros_visualization/lib/libmoveit_rviz_plugin_render_tools.so.2.5.9" to ""
[32.375s] -- Up-to-date: /home/a/ws_nhk/install/moveit_ros_visualization/lib/libmoveit_rviz_plugin_render_tools.so
[32.376s] -- Installing: /home/a/ws_nhk/install/moveit_ros_visualization/lib/libmoveit_trajectory_rviz_plugin.so.2.5.9
[32.376s] -- Set runtime path of "/home/a/ws_nhk/install/moveit_ros_visualization/lib/libmoveit_trajectory_rviz_plugin.so.2.5.9" to ""
[32.376s] -- Up-to-date: /home/a/ws_nhk/install/moveit_ros_visualization/lib/libmoveit_trajectory_rviz_plugin.so
[32.376s] -- Installing: /home/a/ws_nhk/install/moveit_ros_visualization/lib/libmoveit_trajectory_rviz_plugin_core.so.2.5.9
[32.376s] -- Set runtime path of "/home/a/ws_nhk/install/moveit_ros_visualization/lib/libmoveit_trajectory_rviz_plugin_core.so.2.5.9" to ""
[32.376s] -- Up-to-date: /home/a/ws_nhk/install/moveit_ros_visualization/lib/libmoveit_trajectory_rviz_plugin_core.so
[32.376s] -- Up-to-date: /home/a/ws_nhk/install/moveit_ros_visualization/share/moveit_ros_visualization/environment/library_path.sh
[32.376s] -- Up-to-date: /home/a/ws_nhk/install/moveit_ros_visualization/share/moveit_ros_visualization/environment/library_path.dsv
[32.376s] -- Up-to-date: /home/a/ws_nhk/install/moveit_ros_visualization/share/ament_index/resource_index/package_run_dependencies/moveit_ros_visualization
[32.376s] -- Up-to-date: /home/a/ws_nhk/install/moveit_ros_visualization/share/ament_index/resource_index/parent_prefix_path/moveit_ros_visualization
[32.376s] -- Up-to-date: /home/a/ws_nhk/install/moveit_ros_visualization/share/moveit_ros_visualization/environment/ament_prefix_path.sh
[32.377s] -- Up-to-date: /home/a/ws_nhk/install/moveit_ros_visualization/share/moveit_ros_visualization/environment/ament_prefix_path.dsv
[32.377s] -- Up-to-date: /home/a/ws_nhk/install/moveit_ros_visualization/share/moveit_ros_visualization/environment/path.sh
[32.377s] -- Up-to-date: /home/a/ws_nhk/install/moveit_ros_visualization/share/moveit_ros_visualization/environment/path.dsv
[32.377s] -- Up-to-date: /home/a/ws_nhk/install/moveit_ros_visualization/share/moveit_ros_visualization/local_setup.bash
[32.377s] -- Up-to-date: /home/a/ws_nhk/install/moveit_ros_visualization/share/moveit_ros_visualization/local_setup.sh
[32.377s] -- Up-to-date: /home/a/ws_nhk/install/moveit_ros_visualization/share/moveit_ros_visualization/local_setup.zsh
[32.377s] -- Up-to-date: /home/a/ws_nhk/install/moveit_ros_visualization/share/moveit_ros_visualization/local_setup.dsv
[32.377s] -- Installing: /home/a/ws_nhk/install/moveit_ros_visualization/share/moveit_ros_visualization/package.dsv
[32.377s] -- Up-to-date: /home/a/ws_nhk/install/moveit_ros_visualization/share/ament_index/resource_index/packages/moveit_ros_visualization
[32.377s] -- Up-to-date: /home/a/ws_nhk/install/moveit_ros_visualization/share/ament_index/resource_index/rviz_common__pluginlib__plugin/moveit_ros_visualization
[32.377s] -- Up-to-date: /home/a/ws_nhk/install/moveit_ros_visualization/share/moveit_ros_visualization/cmake/export_moveit_ros_visualizationExport.cmake
[32.377s] -- Up-to-date: /home/a/ws_nhk/install/moveit_ros_visualization/share/moveit_ros_visualization/cmake/export_moveit_ros_visualizationExport-release.cmake
[32.377s] -- Up-to-date: /home/a/ws_nhk/install/moveit_ros_visualization/share/moveit_ros_visualization/cmake/ConfigExtras.cmake
[32.377s] -- Up-to-date: /home/a/ws_nhk/install/moveit_ros_visualization/share/moveit_ros_visualization/cmake/ament_cmake_export_targets-extras.cmake
[32.377s] -- Up-to-date: /home/a/ws_nhk/install/moveit_ros_visualization/share/moveit_ros_visualization/cmake/ament_cmake_export_dependencies-extras.cmake
[32.378s] -- Up-to-date: /home/a/ws_nhk/install/moveit_ros_visualization/share/moveit_ros_visualization/cmake/moveit_ros_visualizationConfig.cmake
[32.378s] -- Up-to-date: /home/a/ws_nhk/install/moveit_ros_visualization/share/moveit_ros_visualization/cmake/moveit_ros_visualizationConfig-version.cmake
[32.378s] -- Up-to-date: /home/a/ws_nhk/install/moveit_ros_visualization/share/moveit_ros_visualization/package.xml
[32.379s] Invoked command in '/home/a/ws_nhk/build/moveit_ros_visualization' returned '0': AMENT_PREFIX_PATH=/home/a/ws_nhk/install/moveit_ros_planning_interface:/home/a/ws_nhk/install/moveit_ros_move_group:/home/a/ws_nhk/install/moveit_ros_warehouse:/home/a/ws_nhk/install/moveit_ros_robot_interaction:/home/a/ws_nhk/install/moveit_planners_ompl:/home/a/ws_nhk/install/moveit_kinematics:/home/a/ws_nhk/install/trac_ik:/home/a/ws_nhk/install/moveit_ros_planning:/home/a/ws_nhk/install/trac_ik_kinematics_plugin:/home/a/ws_nhk/install/moveit_simple_controller_manager:/home/a/ws_nhk/install/moveit_ros_occupancy_map_monitor:/home/a/ws_nhk/install/moveit_core:/home/a/ws_nhk/install/moveit_resources_panda_moveit_config:/home/a/ws_nhk/install/moveit_resources_fanuc_moveit_config:/home/a/ws_nhk/install/moveit_configs_utils:/home/a/ws_nhk/install/trac_ik_lib:/home/a/ws_nhk/install/srdfdom:/home/a/ws_nhk/install/moveit_resources_pr2_description:/home/a/ws_nhk/install/moveit_resources_panda_description:/home/a/ws_nhk/install/moveit_resources_fanuc_description:/home/a/ws_nhk/install/moveit_common:/home/a/ws_nhk/install/launch_param_builder:${AMENT_PREFIX_PATH} CMAKE_PREFIX_PATH=/home/a/ws_nhk/install/moveit_ros_planning_interface:/home/a/ws_nhk/install/moveit_ros_move_group:/home/a/ws_nhk/install/moveit_ros_warehouse:/home/a/ws_nhk/install/moveit_ros_robot_interaction:/home/a/ws_nhk/install/moveit_planners_ompl:/home/a/ws_nhk/install/moveit_kinematics:/home/a/ws_nhk/install/trac_ik:/home/a/ws_nhk/install/moveit_ros_planning:/home/a/ws_nhk/install/trac_ik_kinematics_plugin:/home/a/ws_nhk/install/moveit_simple_controller_manager:/home/a/ws_nhk/install/moveit_ros_occupancy_map_monitor:/home/a/ws_nhk/install/moveit_core:/home/a/ws_nhk/install/moveit_resources_panda_moveit_config:/home/a/ws_nhk/install/moveit_resources_fanuc_moveit_config:/home/a/ws_nhk/install/trac_ik_lib:/home/a/ws_nhk/install/srdfdom:/home/a/ws_nhk/install/moveit_resources_pr2_description:/home/a/ws_nhk/install/moveit_resources_panda_description:/home/a/ws_nhk/install/moveit_resources_fanuc_description:/home/a/ws_nhk/install/moveit_common:/home/a/install/field_description_test:/opt/ros/humble LD_LIBRARY_PATH=/home/a/ws_nhk/install/moveit_ros_planning_interface/lib:/home/a/ws_nhk/install/moveit_ros_move_group/lib:/home/a/ws_nhk/install/moveit_ros_warehouse/lib:/home/a/ws_nhk/install/moveit_ros_robot_interaction/lib:/home/a/ws_nhk/install/moveit_planners_ompl/lib:/home/a/ws_nhk/install/moveit_kinematics/lib:/home/a/ws_nhk/install/moveit_ros_planning/lib:/home/a/ws_nhk/install/trac_ik_kinematics_plugin/lib:/home/a/ws_nhk/install/moveit_simple_controller_manager/lib:/home/a/ws_nhk/install/moveit_ros_occupancy_map_monitor/lib:/home/a/ws_nhk/install/moveit_core/lib:/home/a/ws_nhk/install/trac_ik_lib/lib:/home/a/ws_nhk/install/srdfdom/lib:${LD_LIBRARY_PATH} PATH=/home/a/ws_nhk/install/moveit_core/bin:${PATH} PYTHONPATH=/home/a/ws_nhk/install/moveit_configs_utils/lib/python3.10/site-packages:/home/a/ws_nhk/install/srdfdom/local/lib/python3.10/dist-packages:/home/a/ws_nhk/install/launch_param_builder/lib/python3.10/site-packages:${PYTHONPATH} /usr/bin/cmake --install /home/a/ws_nhk/build/moveit_ros_visualization
