-- The C compiler identification is GNU 11.4.0
-- The CXX compiler identification is GNU 11.4.0
-- Detecting C compiler ABI info
-- Detecting C compiler ABI info - done
-- Check for working C compiler: /usr/bin/cc - skipped
-- Detecting C compile features
-- Detecting C compile features - done
-- Detecting CXX compiler ABI info
-- Detecting CXX compiler ABI info - done
-- Check for working CXX compiler: /usr/bin/c++ - skipped
-- Detecting CXX compile features
-- Detecting CXX compile features - done
-- Found ament_cmake: 1.3.12 (/opt/ros/humble/share/ament_cmake/cmake)
-- Found Python3: /usr/bin/python3 (found version "3.10.12") found components: Interpreter 
-- Found urdf: 2.6.1 (/opt/ros/humble/share/urdf/cmake)
-- Configuring done
-- Generating done
-- Build files have been written to: /home/a/ws_nhk/build/arm_module_description
-- Install configuration: ""
-- Installing: /home/a/ws_nhk/install/arm_module_description/share/arm_module_description/meshes
-- Installing: /home/a/ws_nhk/install/arm_module_description/share/arm_module_description/meshes/base_link.stl
-- Installing: /home/a/ws_nhk/install/arm_module_description/share/arm_module_description/meshes/Link3_1.stl
-- Installing: /home/a/ws_nhk/install/arm_module_description/share/arm_module_description/meshes/Link2_1.stl
-- Installing: /home/a/ws_nhk/install/arm_module_description/share/arm_module_description/meshes/Link1_1.stl
-- Installing: /home/a/ws_nhk/install/arm_module_description/share/arm_module_description/urdf
-- Installing: /home/a/ws_nhk/install/arm_module_description/share/arm_module_description/urdf/arm_module.xacro
-- Installing: /home/a/ws_nhk/install/arm_module_description/share/arm_module_description/urdf/materials.xacro
-- Installing: /home/a/ws_nhk/install/arm_module_description/share/arm_module_description/urdf/arm_module.trans
-- Installing: /home/a/ws_nhk/install/arm_module_description/share/arm_module_description/launch
-- Installing: /home/a/ws_nhk/install/arm_module_description/share/arm_module_description/launch/robot_description.launch.py
-- Installing: /home/a/ws_nhk/install/arm_module_description/share/ament_index/resource_index/package_run_dependencies/arm_module_description
-- Installing: /home/a/ws_nhk/install/arm_module_description/share/ament_index/resource_index/parent_prefix_path/arm_module_description
-- Installing: /home/a/ws_nhk/install/arm_module_description/share/arm_module_description/environment/ament_prefix_path.sh
-- Installing: /home/a/ws_nhk/install/arm_module_description/share/arm_module_description/environment/ament_prefix_path.dsv
-- Installing: /home/a/ws_nhk/install/arm_module_description/share/arm_module_description/environment/path.sh
-- Installing: /home/a/ws_nhk/install/arm_module_description/share/arm_module_description/environment/path.dsv
-- Installing: /home/a/ws_nhk/install/arm_module_description/share/arm_module_description/local_setup.bash
-- Installing: /home/a/ws_nhk/install/arm_module_description/share/arm_module_description/local_setup.sh
-- Installing: /home/a/ws_nhk/install/arm_module_description/share/arm_module_description/local_setup.zsh
-- Installing: /home/a/ws_nhk/install/arm_module_description/share/arm_module_description/local_setup.dsv
-- Installing: /home/a/ws_nhk/install/arm_module_description/share/arm_module_description/package.dsv
-- Installing: /home/a/ws_nhk/install/arm_module_description/share/ament_index/resource_index/packages/arm_module_description
-- Installing: /home/a/ws_nhk/install/arm_module_description/share/arm_module_description/cmake/arm_module_descriptionConfig.cmake
-- Installing: /home/a/ws_nhk/install/arm_module_description/share/arm_module_description/cmake/arm_module_descriptionConfig-version.cmake
-- Installing: /home/a/ws_nhk/install/arm_module_description/share/arm_module_description/package.xml
