[0.247s] Invoking command in '/home/a/ws_nhk/build/rogidrive_msg': CMAKE_PREFIX_PATH=${CMAKE_PREFIX_PATH}:/home/a/ws_nhk/install/moveit_configs_utils:/home/a/ws_nhk/install/rogidrive:/home/a/ws_nhk/install/launch_param_builder:/home/a/ws_nhk/install/dynamixel_controller_gui:/home/a/ws_nhk/install/dynamixel_controller_client:/opt/ros/humble /usr/bin/cmake --build /home/a/ws_nhk/build/rogidrive_msg -- -j22 -l22
[0.501s] [  2%] Built target rogidrive_msg__cpp
[0.501s] [  2%] Built target ament_cmake_python_copy_rogidrive_msg
[0.501s] [ 12%] Built target rogidrive_msg__rosidl_generator_c
[0.501s] [ 30%] Built target rogidrive_msg__rosidl_typesupport_cpp
[0.501s] [ 43%] Built target rogidrive_msg__rosidl_typesupport_introspection_cpp
[0.501s] [ 43%] Built target rogidrive_msg__rosidl_typesupport_fastrtps_cpp
[0.501s] [ 53%] Built target rogidrive_msg__rosidl_typesupport_c
[0.501s] [ 64%] Built target rogidrive_msg__rosidl_typesupport_introspection_c
[0.501s] [ 74%] Built target rogidrive_msg__rosidl_typesupport_fastrtps_c
[0.501s] [ 74%] Built target rogidrive_msg
[0.501s] [ 76%] Built target rogidrive_msg__py
[0.501s] [ 84%] Built target rogidrive_msg__rosidl_generator_py
[0.501s] [ 89%] Built target rogidrive_msg__rosidl_typesupport_fastrtps_c__pyext
[0.502s] [ 94%] Built target rogidrive_msg__rosidl_typesupport_c__pyext
[0.502s] [100%] Built target rogidrive_msg__rosidl_typesupport_introspection_c__pyext
[0.598s] Traceback (most recent call last):
[0.598s]   File "/usr/lib/python3/dist-packages/pkg_resources/__init__.py", line 2866, in get_entry_map
[0.599s]     ep_map = self._ep_map
[0.600s]   File "/usr/lib/python3/dist-packages/pkg_resources/__init__.py", line 2828, in __getattr__
[0.600s]     raise AttributeError(attr)
[0.600s] AttributeError: _ep_map. Did you mean: '_dep_map'?
[0.600s] 
[0.600s] During handling of the above exception, another exception occurred:
[0.600s] 
[0.601s] Traceback (most recent call last):
[0.602s]   File "/home/a/ws_nhk/build/rogidrive_msg/ament_cmake_python/rogidrive_msg/setup.py", line 4, in <module>
[0.602s]     setup(
[0.602s]   File "/usr/lib/python3/dist-packages/setuptools/__init__.py", line 152, in setup
[0.602s]     _install_setup_requires(attrs)
[0.602s]   File "/usr/lib/python3/dist-packages/setuptools/__init__.py", line 142, in _install_setup_requires
[0.602s]     dist = MinimalDistribution(attrs)
[0.603s]   File "/usr/lib/python3/dist-packages/setuptools/__init__.py", line 134, in __init__
[0.603s]     distutils.core.Distribution.__init__(self, filtered)
[0.603s]   File "/usr/lib/python3/dist-packages/setuptools/dist.py", line 457, in __init__
[0.603s]     for ep in pkg_resources.iter_entry_points('distutils.setup_keywords'):
[0.603s]   File "/usr/lib/python3/dist-packages/pkg_resources/__init__.py", line 646, in <genexpr>
[0.603s]     for entry in dist.get_entry_map(group).values()
[0.604s]   File "/usr/lib/python3/dist-packages/pkg_resources/__init__.py", line 2868, in get_entry_map
[0.605s]     ep_map = self._ep_map = EntryPoint.parse_map(
[0.605s]   File "/usr/lib/python3/dist-packages/pkg_resources/__init__.py", line 2549, in parse_map
[0.605s]     for group, lines in data:
[0.605s]   File "/usr/lib/python3/dist-packages/pkg_resources/__init__.py", line 3205, in split_sections
[0.605s]     for line in yield_lines(s):
[0.605s]   File "/usr/lib/python3/dist-packages/pkg_resources/__init__.py", line 2780, in _get_metadata
[0.605s]     for line in self.get_metadata_lines(name):
[0.606s]   File "/usr/lib/python3/dist-packages/pkg_resources/__init__.py", line 1422, in get_metadata_lines
[0.606s]     return yield_lines(self.get_metadata(name))
[0.606s]   File "/usr/lib/python3/dist-packages/pkg_resources/__init__.py", line 1411, in get_metadata
[0.606s]     path = self._get_metadata_path(name)
[0.606s]   File "/usr/lib/python3/dist-packages/pkg_resources/__init__.py", line 1399, in _get_metadata_path
[0.606s]     return self._fn(self.egg_info, name)
[0.606s]   File "/usr/lib/python3/dist-packages/pkg_resources/__init__.py", line 1480, in _fn
[0.606s]     return os.path.join(base, *resource_name.split('/'))
[0.606s]   File "/usr/lib/python3.10/posixpath.py", line 83, in join
[0.606s]     if b.startswith(sep):
[0.606s] KeyboardInterrupt
[0.607s] gmake[2]: *** [CMakeFiles/ament_cmake_python_build_rogidrive_msg_egg.dir/build.make:70: CMakeFiles/ament_cmake_python_build_rogidrive_msg_egg] Interrupt
[0.607s] gmake[1]: *** [CMakeFiles/Makefile2:447: CMakeFiles/ament_cmake_python_build_rogidrive_msg_egg.dir/all] Interrupt
[0.607s] gmake: *** [Makefile:146: all] Interrupt
