[0.019s] Invoking command in '/home/a/ws_nhk/build/moveit_ros_planning': AMENT_PREFIX_PATH=/home/a/ws_nhk/install/moveit_ros_occupancy_map_monitor:/home/a/ws_nhk/install/moveit_core:/home/a/ws_nhk/install/moveit_resources_panda_moveit_config:/home/a/ws_nhk/install/moveit_configs_utils:/home/a/ws_nhk/install/srdfdom:/home/a/ws_nhk/install/moveit_resources_pr2_description:/home/a/ws_nhk/install/moveit_resources_panda_description:/home/a/ws_nhk/install/moveit_common:/home/a/ws_nhk/install/launch_param_builder:${AMENT_PREFIX_PATH} CMAKE_PREFIX_PATH=/home/a/ws_nhk/install/moveit_ros_occupancy_map_monitor:/home/a/ws_nhk/install/moveit_core:/home/a/ws_nhk/install/moveit_resources_panda_moveit_config:/home/a/ws_nhk/install/srdfdom:/home/a/ws_nhk/install/moveit_resources_pr2_description:/home/a/ws_nhk/install/moveit_resources_panda_description:/home/a/ws_nhk/install/moveit_common:/home/a/install/field_description_test:/opt/ros/humble LD_LIBRARY_PATH=/home/a/ws_nhk/install/moveit_ros_occupancy_map_monitor/lib:/home/a/ws_nhk/install/moveit_core/lib:/home/a/ws_nhk/install/srdfdom/lib:${LD_LIBRARY_PATH} PATH=/home/a/ws_nhk/install/moveit_core/bin:${PATH} PYTHONPATH=/home/a/ws_nhk/install/moveit_configs_utils/lib/python3.10/site-packages:/home/a/ws_nhk/install/srdfdom/local/lib/python3.10/dist-packages:/home/a/ws_nhk/install/launch_param_builder/lib/python3.10/site-packages:${PYTHONPATH} /usr/bin/cmake --build /home/a/ws_nhk/build/moveit_ros_planning -- -j22 -l22
[0.076s] [  1%] [32mBuilding CXX object gtest/CMakeFiles/gtest_main.dir/src/gtest_main.cc.o[0m
[0.077s] [  2%] [32mBuilding CXX object gmock/CMakeFiles/gmock_main.dir/src/gmock_main.cc.o[0m
[0.077s] [  4%] [32mBuilding CXX object gtest/CMakeFiles/gtest.dir/src/gtest-all.cc.o[0m
[0.079s] [  5%] [32m[1mLinking CXX shared library libmoveit_rdf_loader.so[0m
[0.079s] [  7%] [32mBuilding CXX object gmock/CMakeFiles/gmock.dir/src/gmock-all.cc.o[0m
[0.081s] [  8%] [32mBuilding CXX object gmock/CMakeFiles/gmock.dir/opt/ros/humble/src/gtest_vendor/src/gtest-all.cc.o[0m
[0.083s] [ 10%] [32m[1mLinking CXX executable moveit_list_request_adapter_plugins[0m
[0.085s] [ 11%] [32m[1mLinking CXX shared library libmoveit_planning_pipeline.so[0m
[0.089s] [ 13%] [32m[1mLinking CXX shared library libmoveit_collision_plugin_loader.so[0m
[0.117s] [ 14%] [32m[1mLinking CXX shared library libmoveit_default_planning_request_adapter_plugins.so[0m
[0.284s] [ 16%] Built target moveit_collision_plugin_loader
[0.375s] [ 19%] Built target moveit_rdf_loader
[0.391s] [ 33%] Built target moveit_default_planning_request_adapter_plugins
[0.405s] [ 35%] Built target moveit_list_request_adapter_plugins
[0.415s] [ 36%] [32m[1mLinking CXX shared library libmoveit_constraint_sampler_manager_loader.so[0m
[0.423s] [ 38%] [32m[1mLinking CXX shared library libmoveit_kinematics_plugin_loader.so[0m
[0.488s] [ 39%] Built target moveit_planning_pipeline
[0.709s] [ 41%] Built target moveit_kinematics_plugin_loader
[0.759s] [ 42%] [32m[1mLinking CXX shared library libmoveit_robot_model_loader.so[0m
[0.839s] [ 44%] Built target moveit_constraint_sampler_manager_loader
[1.032s] [ 45%] Built target moveit_robot_model_loader
[1.090s] [ 47%] [32m[1mLinking CXX executable moveit_print_planning_model_info[0m
[1.137s] [ 48%] [32m[1mLinking CXX shared library libmoveit_planning_scene_monitor.so[0m
[1.171s] [ 50%] [32m[1mLinking CXX static library libgtest_main.a[0m
[1.237s] [ 50%] Built target gtest_main
[1.412s] [ 51%] [32m[1mLinking CXX static library libgmock_main.a[0m
[1.464s] [ 51%] Built target gmock_main
[1.497s] [ 52%] Built target moveit_print_planning_model_info
[1.839s] [ 60%] Built target moveit_planning_scene_monitor
[1.886s] [ 61%] [32m[1mLinking CXX executable demo_scene[0m
[1.899s] [ 63%] [32m[1mLinking CXX executable moveit_display_random_state[0m
[1.899s] [ 64%] [32m[1mLinking CXX executable moveit_evaluate_collision_checking_speed[0m
[1.905s] [ 66%] [32m[1mLinking CXX executable moveit_publish_scene_from_text[0m
[1.912s] [ 67%] [32m[1mLinking CXX shared library libmoveit_trajectory_execution_manager.so[0m
[1.915s] [ 69%] [32m[1mLinking CXX executable moveit_visualize_robot_collision_volume[0m
[1.923s] [ 70%] [32m[1mLinking CXX executable moveit_print_planning_scene_info[0m
[2.465s] [ 72%] Built target moveit_print_planning_scene_info
[2.470s] [ 73%] Built target demo_scene
[2.479s] [ 75%] Built target moveit_display_random_state
[2.483s] [ 76%] Built target moveit_visualize_robot_collision_volume
[2.709s] [ 77%] Built target moveit_trajectory_execution_manager
[2.776s] [ 79%] [32m[1mLinking CXX shared library libmoveit_plan_execution.so[0m
[2.778s] [ 80%] Built target moveit_publish_scene_from_text
[2.778s] [ 82%] Built target moveit_evaluate_collision_checking_speed
[2.797s] [ 83%] [32m[1mLinking CXX shared library libmoveit_cpp.so[0m
[3.185s] [ 85%] Built target moveit_plan_execution
[3.288s] [ 88%] Built target moveit_cpp
[7.855s] [ 89%] [32m[1mLinking CXX static library libgtest.a[0m
[7.895s] [ 89%] Built target gtest
[7.916s] [ 91%] [32m[1mLinking CXX static library libgmock.a[0m
[7.932s] [ 92%] [32m[1mLinking CXX executable planning_scene_monitor_test[0m
[7.950s] [ 92%] Built target gmock
[7.987s] [ 94%] [32m[1mLinking CXX executable current_state_monitor_tests[0m
[7.989s] [ 95%] [32m[1mLinking CXX executable trajectory_monitor_tests[0m
[8.211s] [ 97%] Built target planning_scene_monitor_test
[8.337s] [ 98%] Built target trajectory_monitor_tests
[8.339s] [100%] Built target current_state_monitor_tests
[8.351s] Invoked command in '/home/a/ws_nhk/build/moveit_ros_planning' returned '0': AMENT_PREFIX_PATH=/home/a/ws_nhk/install/moveit_ros_occupancy_map_monitor:/home/a/ws_nhk/install/moveit_core:/home/a/ws_nhk/install/moveit_resources_panda_moveit_config:/home/a/ws_nhk/install/moveit_configs_utils:/home/a/ws_nhk/install/srdfdom:/home/a/ws_nhk/install/moveit_resources_pr2_description:/home/a/ws_nhk/install/moveit_resources_panda_description:/home/a/ws_nhk/install/moveit_common:/home/a/ws_nhk/install/launch_param_builder:${AMENT_PREFIX_PATH} CMAKE_PREFIX_PATH=/home/a/ws_nhk/install/moveit_ros_occupancy_map_monitor:/home/a/ws_nhk/install/moveit_core:/home/a/ws_nhk/install/moveit_resources_panda_moveit_config:/home/a/ws_nhk/install/srdfdom:/home/a/ws_nhk/install/moveit_resources_pr2_description:/home/a/ws_nhk/install/moveit_resources_panda_description:/home/a/ws_nhk/install/moveit_common:/home/a/install/field_description_test:/opt/ros/humble LD_LIBRARY_PATH=/home/a/ws_nhk/install/moveit_ros_occupancy_map_monitor/lib:/home/a/ws_nhk/install/moveit_core/lib:/home/a/ws_nhk/install/srdfdom/lib:${LD_LIBRARY_PATH} PATH=/home/a/ws_nhk/install/moveit_core/bin:${PATH} PYTHONPATH=/home/a/ws_nhk/install/moveit_configs_utils/lib/python3.10/site-packages:/home/a/ws_nhk/install/srdfdom/local/lib/python3.10/dist-packages:/home/a/ws_nhk/install/launch_param_builder/lib/python3.10/site-packages:${PYTHONPATH} /usr/bin/cmake --build /home/a/ws_nhk/build/moveit_ros_planning -- -j22 -l22
[8.354s] Invoking command in '/home/a/ws_nhk/build/moveit_ros_planning': AMENT_PREFIX_PATH=/home/a/ws_nhk/install/moveit_ros_occupancy_map_monitor:/home/a/ws_nhk/install/moveit_core:/home/a/ws_nhk/install/moveit_resources_panda_moveit_config:/home/a/ws_nhk/install/moveit_configs_utils:/home/a/ws_nhk/install/srdfdom:/home/a/ws_nhk/install/moveit_resources_pr2_description:/home/a/ws_nhk/install/moveit_resources_panda_description:/home/a/ws_nhk/install/moveit_common:/home/a/ws_nhk/install/launch_param_builder:${AMENT_PREFIX_PATH} CMAKE_PREFIX_PATH=/home/a/ws_nhk/install/moveit_ros_occupancy_map_monitor:/home/a/ws_nhk/install/moveit_core:/home/a/ws_nhk/install/moveit_resources_panda_moveit_config:/home/a/ws_nhk/install/srdfdom:/home/a/ws_nhk/install/moveit_resources_pr2_description:/home/a/ws_nhk/install/moveit_resources_panda_description:/home/a/ws_nhk/install/moveit_common:/home/a/install/field_description_test:/opt/ros/humble LD_LIBRARY_PATH=/home/a/ws_nhk/install/moveit_ros_occupancy_map_monitor/lib:/home/a/ws_nhk/install/moveit_core/lib:/home/a/ws_nhk/install/srdfdom/lib:${LD_LIBRARY_PATH} PATH=/home/a/ws_nhk/install/moveit_core/bin:${PATH} PYTHONPATH=/home/a/ws_nhk/install/moveit_configs_utils/lib/python3.10/site-packages:/home/a/ws_nhk/install/srdfdom/local/lib/python3.10/dist-packages:/home/a/ws_nhk/install/launch_param_builder/lib/python3.10/site-packages:${PYTHONPATH} /usr/bin/cmake --install /home/a/ws_nhk/build/moveit_ros_planning
[8.362s] -- Install configuration: "Release"
[8.362s] -- Up-to-date: /home/a/ws_nhk/install/moveit_ros_planning/include
[8.362s] -- Up-to-date: /home/a/ws_nhk/install/moveit_ros_planning/include/moveit
[8.362s] -- Up-to-date: /home/a/ws_nhk/install/moveit_ros_planning/include/moveit/rdf_loader
[8.362s] -- Up-to-date: /home/a/ws_nhk/install/moveit_ros_planning/include/moveit/rdf_loader/synchronized_string_parameter.h
[8.362s] -- Up-to-date: /home/a/ws_nhk/install/moveit_ros_planning/include/moveit/rdf_loader/rdf_loader.h
[8.363s] -- Up-to-date: /home/a/ws_nhk/install/moveit_ros_planning/share/moveit_ros_planning/rdf_loader/test/data
[8.363s] -- Up-to-date: /home/a/ws_nhk/install/moveit_ros_planning/share/moveit_ros_planning/rdf_loader/test/data/robin.srdf.xacro
[8.363s] -- Up-to-date: /home/a/ws_nhk/install/moveit_ros_planning/share/moveit_ros_planning/rdf_loader/test/data/gonzo.srdf
[8.363s] -- Up-to-date: /home/a/ws_nhk/install/moveit_ros_planning/share/moveit_ros_planning/rdf_loader/test/data/kermit.srdf
[8.363s] -- Up-to-date: /home/a/ws_nhk/install/moveit_ros_planning/share/moveit_ros_planning/rdf_loader/test/data/kermit.urdf
[8.363s] -- Up-to-date: /home/a/ws_nhk/install/moveit_ros_planning/share/moveit_ros_planning/rdf_loader/test/data/gonzo.urdf
[8.363s] -- Up-to-date: /home/a/ws_nhk/install/moveit_ros_planning/share/moveit_ros_planning/rdf_loader/test/launch
[8.363s] -- Up-to-date: /home/a/ws_nhk/install/moveit_ros_planning/share/moveit_ros_planning/rdf_loader/test/launch/test_rdf_integration.test.py
[8.363s] -- Up-to-date: /home/a/ws_nhk/install/moveit_ros_planning/include
[8.363s] -- Up-to-date: /home/a/ws_nhk/install/moveit_ros_planning/include/moveit
[8.363s] -- Up-to-date: /home/a/ws_nhk/install/moveit_ros_planning/include/moveit/collision_plugin_loader
[8.363s] -- Up-to-date: /home/a/ws_nhk/install/moveit_ros_planning/include/moveit/collision_plugin_loader/collision_plugin_loader.h
[8.363s] -- Up-to-date: /home/a/ws_nhk/install/moveit_ros_planning/include
[8.363s] -- Up-to-date: /home/a/ws_nhk/install/moveit_ros_planning/include/moveit
[8.363s] -- Up-to-date: /home/a/ws_nhk/install/moveit_ros_planning/include/moveit/kinematics_plugin_loader
[8.363s] -- Up-to-date: /home/a/ws_nhk/install/moveit_ros_planning/include/moveit/kinematics_plugin_loader/kinematics_plugin_loader.h
[8.363s] -- Up-to-date: /home/a/ws_nhk/install/moveit_ros_planning/include
[8.363s] -- Up-to-date: /home/a/ws_nhk/install/moveit_ros_planning/include/moveit
[8.363s] -- Up-to-date: /home/a/ws_nhk/install/moveit_ros_planning/include/moveit/robot_model_loader
[8.363s] -- Up-to-date: /home/a/ws_nhk/install/moveit_ros_planning/include/moveit/robot_model_loader/robot_model_loader.h
[8.364s] -- Up-to-date: /home/a/ws_nhk/install/moveit_ros_planning/include
[8.364s] -- Up-to-date: /home/a/ws_nhk/install/moveit_ros_planning/include/moveit
[8.364s] -- Up-to-date: /home/a/ws_nhk/install/moveit_ros_planning/include/moveit/constraint_sampler_manager_loader
[8.364s] -- Up-to-date: /home/a/ws_nhk/install/moveit_ros_planning/include/moveit/constraint_sampler_manager_loader/constraint_sampler_manager_loader.h
[8.364s] -- Up-to-date: /home/a/ws_nhk/install/moveit_ros_planning/include
[8.364s] -- Up-to-date: /home/a/ws_nhk/install/moveit_ros_planning/include/moveit
[8.364s] -- Up-to-date: /home/a/ws_nhk/install/moveit_ros_planning/include/moveit/planning_pipeline
[8.364s] -- Up-to-date: /home/a/ws_nhk/install/moveit_ros_planning/include/moveit/planning_pipeline/planning_pipeline.h
[8.364s] -- Up-to-date: /home/a/ws_nhk/install/moveit_ros_planning/include/moveit_planning_pipeline_export.h
[8.364s] -- Installing: /home/a/ws_nhk/install/moveit_ros_planning/lib/moveit_ros_planning/moveit_list_request_adapter_plugins
[8.365s] -- Set runtime path of "/home/a/ws_nhk/install/moveit_ros_planning/lib/moveit_ros_planning/moveit_list_request_adapter_plugins" to ""
[8.365s] -- Installing: /home/a/ws_nhk/install/moveit_ros_planning/lib/moveit_ros_planning/demo_scene
[8.365s] -- Set runtime path of "/home/a/ws_nhk/install/moveit_ros_planning/lib/moveit_ros_planning/demo_scene" to ""
[8.366s] -- Up-to-date: /home/a/ws_nhk/install/moveit_ros_planning/include
[8.366s] -- Up-to-date: /home/a/ws_nhk/install/moveit_ros_planning/include/moveit
[8.366s] -- Up-to-date: /home/a/ws_nhk/install/moveit_ros_planning/include/moveit/planning_scene_monitor
[8.366s] -- Up-to-date: /home/a/ws_nhk/install/moveit_ros_planning/include/moveit/planning_scene_monitor/planning_scene_monitor.h
[8.366s] -- Up-to-date: /home/a/ws_nhk/install/moveit_ros_planning/include/moveit/planning_scene_monitor/trajectory_monitor.h
[8.366s] -- Up-to-date: /home/a/ws_nhk/install/moveit_ros_planning/include/moveit/planning_scene_monitor/trajectory_monitor_middleware_handle.hpp
[8.366s] -- Up-to-date: /home/a/ws_nhk/install/moveit_ros_planning/include/moveit/planning_scene_monitor/current_state_monitor.h
[8.366s] -- Up-to-date: /home/a/ws_nhk/install/moveit_ros_planning/include/moveit/planning_scene_monitor/current_state_monitor_middleware_handle.hpp
[8.366s] -- Up-to-date: /home/a/ws_nhk/install/moveit_ros_planning/include/moveit_planning_scene_monitor_export.h
[8.366s] -- Installing: /home/a/ws_nhk/install/moveit_ros_planning/lib/moveit_ros_planning/moveit_print_planning_model_info
[8.367s] -- Set runtime path of "/home/a/ws_nhk/install/moveit_ros_planning/lib/moveit_ros_planning/moveit_print_planning_model_info" to ""
[8.367s] -- Installing: /home/a/ws_nhk/install/moveit_ros_planning/lib/moveit_ros_planning/moveit_print_planning_scene_info
[8.367s] -- Set runtime path of "/home/a/ws_nhk/install/moveit_ros_planning/lib/moveit_ros_planning/moveit_print_planning_scene_info" to ""
[8.367s] -- Installing: /home/a/ws_nhk/install/moveit_ros_planning/lib/moveit_ros_planning/moveit_display_random_state
[8.368s] -- Set runtime path of "/home/a/ws_nhk/install/moveit_ros_planning/lib/moveit_ros_planning/moveit_display_random_state" to ""
[8.368s] -- Installing: /home/a/ws_nhk/install/moveit_ros_planning/lib/moveit_ros_planning/moveit_visualize_robot_collision_volume
[8.368s] -- Set runtime path of "/home/a/ws_nhk/install/moveit_ros_planning/lib/moveit_ros_planning/moveit_visualize_robot_collision_volume" to ""
[8.368s] -- Installing: /home/a/ws_nhk/install/moveit_ros_planning/lib/moveit_ros_planning/moveit_evaluate_collision_checking_speed
[8.369s] -- Set runtime path of "/home/a/ws_nhk/install/moveit_ros_planning/lib/moveit_ros_planning/moveit_evaluate_collision_checking_speed" to ""
[8.369s] -- Installing: /home/a/ws_nhk/install/moveit_ros_planning/lib/moveit_ros_planning/moveit_publish_scene_from_text
[8.369s] -- Set runtime path of "/home/a/ws_nhk/install/moveit_ros_planning/lib/moveit_ros_planning/moveit_publish_scene_from_text" to ""
[8.370s] -- Up-to-date: /home/a/ws_nhk/install/moveit_ros_planning/include
[8.370s] -- Up-to-date: /home/a/ws_nhk/install/moveit_ros_planning/include/moveit
[8.370s] -- Up-to-date: /home/a/ws_nhk/install/moveit_ros_planning/include/moveit/trajectory_execution_manager
[8.370s] -- Up-to-date: /home/a/ws_nhk/install/moveit_ros_planning/include/moveit/trajectory_execution_manager/trajectory_execution_manager.h
[8.370s] -- Up-to-date: /home/a/ws_nhk/install/moveit_ros_planning/include/moveit_trajectory_execution_manager_export.h
[8.370s] -- Up-to-date: /home/a/ws_nhk/install/moveit_ros_planning/include
[8.370s] -- Up-to-date: /home/a/ws_nhk/install/moveit_ros_planning/include/moveit
[8.370s] -- Up-to-date: /home/a/ws_nhk/install/moveit_ros_planning/include/moveit/plan_execution
[8.370s] -- Up-to-date: /home/a/ws_nhk/install/moveit_ros_planning/include/moveit/plan_execution/plan_execution.h
[8.370s] -- Up-to-date: /home/a/ws_nhk/install/moveit_ros_planning/include/moveit/plan_execution/plan_representation.h
[8.370s] -- Up-to-date: /home/a/ws_nhk/install/moveit_ros_planning/include
[8.370s] -- Up-to-date: /home/a/ws_nhk/install/moveit_ros_planning/include/moveit
[8.370s] -- Up-to-date: /home/a/ws_nhk/install/moveit_ros_planning/include/moveit/moveit_cpp
[8.370s] -- Up-to-date: /home/a/ws_nhk/install/moveit_ros_planning/include/moveit/moveit_cpp/moveit_cpp.h
[8.370s] -- Up-to-date: /home/a/ws_nhk/install/moveit_ros_planning/include/moveit/moveit_cpp/planning_component.h
[8.370s] -- Installing: /home/a/ws_nhk/install/moveit_ros_planning/lib/libmoveit_rdf_loader.so.2.5.9
[8.371s] -- Set runtime path of "/home/a/ws_nhk/install/moveit_ros_planning/lib/libmoveit_rdf_loader.so.2.5.9" to ""
[8.371s] -- Up-to-date: /home/a/ws_nhk/install/moveit_ros_planning/lib/libmoveit_rdf_loader.so
[8.371s] -- Installing: /home/a/ws_nhk/install/moveit_ros_planning/lib/libmoveit_kinematics_plugin_loader.so.2.5.9
[8.372s] -- Set runtime path of "/home/a/ws_nhk/install/moveit_ros_planning/lib/libmoveit_kinematics_plugin_loader.so.2.5.9" to ""
[8.372s] -- Up-to-date: /home/a/ws_nhk/install/moveit_ros_planning/lib/libmoveit_kinematics_plugin_loader.so
[8.372s] -- Installing: /home/a/ws_nhk/install/moveit_ros_planning/lib/libmoveit_robot_model_loader.so.2.5.9
[8.372s] -- Set runtime path of "/home/a/ws_nhk/install/moveit_ros_planning/lib/libmoveit_robot_model_loader.so.2.5.9" to ""
[8.372s] -- Up-to-date: /home/a/ws_nhk/install/moveit_ros_planning/lib/libmoveit_robot_model_loader.so
[8.372s] -- Installing: /home/a/ws_nhk/install/moveit_ros_planning/lib/libmoveit_constraint_sampler_manager_loader.so.2.5.9
[8.373s] -- Set runtime path of "/home/a/ws_nhk/install/moveit_ros_planning/lib/libmoveit_constraint_sampler_manager_loader.so.2.5.9" to ""
[8.373s] -- Up-to-date: /home/a/ws_nhk/install/moveit_ros_planning/lib/libmoveit_constraint_sampler_manager_loader.so
[8.373s] -- Installing: /home/a/ws_nhk/install/moveit_ros_planning/lib/libmoveit_planning_pipeline.so.2.5.9
[8.373s] -- Set runtime path of "/home/a/ws_nhk/install/moveit_ros_planning/lib/libmoveit_planning_pipeline.so.2.5.9" to ""
[8.373s] -- Up-to-date: /home/a/ws_nhk/install/moveit_ros_planning/lib/libmoveit_planning_pipeline.so
[8.373s] -- Installing: /home/a/ws_nhk/install/moveit_ros_planning/lib/libmoveit_trajectory_execution_manager.so.2.5.9
[8.375s] -- Set runtime path of "/home/a/ws_nhk/install/moveit_ros_planning/lib/libmoveit_trajectory_execution_manager.so.2.5.9" to ""
[8.375s] -- Up-to-date: /home/a/ws_nhk/install/moveit_ros_planning/lib/libmoveit_trajectory_execution_manager.so
[8.375s] -- Installing: /home/a/ws_nhk/install/moveit_ros_planning/lib/libmoveit_plan_execution.so.2.5.9
[8.375s] -- Set runtime path of "/home/a/ws_nhk/install/moveit_ros_planning/lib/libmoveit_plan_execution.so.2.5.9" to ""
[8.375s] -- Up-to-date: /home/a/ws_nhk/install/moveit_ros_planning/lib/libmoveit_plan_execution.so
[8.375s] -- Installing: /home/a/ws_nhk/install/moveit_ros_planning/lib/libmoveit_planning_scene_monitor.so.2.5.9
[8.378s] -- Set runtime path of "/home/a/ws_nhk/install/moveit_ros_planning/lib/libmoveit_planning_scene_monitor.so.2.5.9" to ""
[8.378s] -- Up-to-date: /home/a/ws_nhk/install/moveit_ros_planning/lib/libmoveit_planning_scene_monitor.so
[8.378s] -- Installing: /home/a/ws_nhk/install/moveit_ros_planning/lib/libmoveit_collision_plugin_loader.so.2.5.9
[8.378s] -- Set runtime path of "/home/a/ws_nhk/install/moveit_ros_planning/lib/libmoveit_collision_plugin_loader.so.2.5.9" to ""
[8.378s] -- Up-to-date: /home/a/ws_nhk/install/moveit_ros_planning/lib/libmoveit_collision_plugin_loader.so
[8.378s] -- Installing: /home/a/ws_nhk/install/moveit_ros_planning/lib/libmoveit_default_planning_request_adapter_plugins.so.2.5.9
[8.378s] -- Set runtime path of "/home/a/ws_nhk/install/moveit_ros_planning/lib/libmoveit_default_planning_request_adapter_plugins.so.2.5.9" to ""
[8.378s] -- Up-to-date: /home/a/ws_nhk/install/moveit_ros_planning/lib/libmoveit_default_planning_request_adapter_plugins.so
[8.378s] -- Installing: /home/a/ws_nhk/install/moveit_ros_planning/lib/libmoveit_cpp.so.2.5.9
[8.379s] -- Set runtime path of "/home/a/ws_nhk/install/moveit_ros_planning/lib/libmoveit_cpp.so.2.5.9" to ""
[8.379s] -- Up-to-date: /home/a/ws_nhk/install/moveit_ros_planning/lib/libmoveit_cpp.so
[8.379s] -- Up-to-date: /home/a/ws_nhk/install/moveit_ros_planning/share/moveit_ros_planning/environment/library_path.sh
[8.379s] -- Up-to-date: /home/a/ws_nhk/install/moveit_ros_planning/share/moveit_ros_planning/environment/library_path.dsv
[8.379s] -- Up-to-date: /home/a/ws_nhk/install/moveit_ros_planning/share/moveit_ros_planning/planning_request_adapters_plugin_description.xml
[8.379s] -- Up-to-date: /home/a/ws_nhk/install/moveit_ros_planning/share/ament_index/resource_index/package_run_dependencies/moveit_ros_planning
[8.379s] -- Up-to-date: /home/a/ws_nhk/install/moveit_ros_planning/share/ament_index/resource_index/parent_prefix_path/moveit_ros_planning
[8.379s] -- Up-to-date: /home/a/ws_nhk/install/moveit_ros_planning/share/moveit_ros_planning/environment/ament_prefix_path.sh
[8.379s] -- Up-to-date: /home/a/ws_nhk/install/moveit_ros_planning/share/moveit_ros_planning/environment/ament_prefix_path.dsv
[8.379s] -- Up-to-date: /home/a/ws_nhk/install/moveit_ros_planning/share/moveit_ros_planning/environment/path.sh
[8.380s] -- Up-to-date: /home/a/ws_nhk/install/moveit_ros_planning/share/moveit_ros_planning/environment/path.dsv
[8.380s] -- Up-to-date: /home/a/ws_nhk/install/moveit_ros_planning/share/moveit_ros_planning/local_setup.bash
[8.380s] -- Up-to-date: /home/a/ws_nhk/install/moveit_ros_planning/share/moveit_ros_planning/local_setup.sh
[8.380s] -- Up-to-date: /home/a/ws_nhk/install/moveit_ros_planning/share/moveit_ros_planning/local_setup.zsh
[8.380s] -- Up-to-date: /home/a/ws_nhk/install/moveit_ros_planning/share/moveit_ros_planning/local_setup.dsv
[8.380s] -- Installing: /home/a/ws_nhk/install/moveit_ros_planning/share/moveit_ros_planning/package.dsv
[8.380s] -- Up-to-date: /home/a/ws_nhk/install/moveit_ros_planning/share/ament_index/resource_index/packages/moveit_ros_planning
[8.380s] -- Up-to-date: /home/a/ws_nhk/install/moveit_ros_planning/share/ament_index/resource_index/moveit_core__pluginlib__plugin/moveit_ros_planning
[8.380s] -- Up-to-date: /home/a/ws_nhk/install/moveit_ros_planning/share/moveit_ros_planning/cmake/export_moveit_ros_planningExport.cmake
[8.380s] -- Up-to-date: /home/a/ws_nhk/install/moveit_ros_planning/share/moveit_ros_planning/cmake/export_moveit_ros_planningExport-release.cmake
[8.380s] -- Up-to-date: /home/a/ws_nhk/install/moveit_ros_planning/share/moveit_ros_planning/cmake/ConfigExtras.cmake
[8.380s] -- Up-to-date: /home/a/ws_nhk/install/moveit_ros_planning/share/moveit_ros_planning/cmake/ament_cmake_export_targets-extras.cmake
[8.380s] -- Up-to-date: /home/a/ws_nhk/install/moveit_ros_planning/share/moveit_ros_planning/cmake/ament_cmake_export_dependencies-extras.cmake
[8.380s] -- Up-to-date: /home/a/ws_nhk/install/moveit_ros_planning/share/moveit_ros_planning/cmake/moveit_ros_planningConfig.cmake
[8.380s] -- Up-to-date: /home/a/ws_nhk/install/moveit_ros_planning/share/moveit_ros_planning/cmake/moveit_ros_planningConfig-version.cmake
[8.380s] -- Up-to-date: /home/a/ws_nhk/install/moveit_ros_planning/share/moveit_ros_planning/package.xml
[8.382s] Invoked command in '/home/a/ws_nhk/build/moveit_ros_planning' returned '0': AMENT_PREFIX_PATH=/home/a/ws_nhk/install/moveit_ros_occupancy_map_monitor:/home/a/ws_nhk/install/moveit_core:/home/a/ws_nhk/install/moveit_resources_panda_moveit_config:/home/a/ws_nhk/install/moveit_configs_utils:/home/a/ws_nhk/install/srdfdom:/home/a/ws_nhk/install/moveit_resources_pr2_description:/home/a/ws_nhk/install/moveit_resources_panda_description:/home/a/ws_nhk/install/moveit_common:/home/a/ws_nhk/install/launch_param_builder:${AMENT_PREFIX_PATH} CMAKE_PREFIX_PATH=/home/a/ws_nhk/install/moveit_ros_occupancy_map_monitor:/home/a/ws_nhk/install/moveit_core:/home/a/ws_nhk/install/moveit_resources_panda_moveit_config:/home/a/ws_nhk/install/srdfdom:/home/a/ws_nhk/install/moveit_resources_pr2_description:/home/a/ws_nhk/install/moveit_resources_panda_description:/home/a/ws_nhk/install/moveit_common:/home/a/install/field_description_test:/opt/ros/humble LD_LIBRARY_PATH=/home/a/ws_nhk/install/moveit_ros_occupancy_map_monitor/lib:/home/a/ws_nhk/install/moveit_core/lib:/home/a/ws_nhk/install/srdfdom/lib:${LD_LIBRARY_PATH} PATH=/home/a/ws_nhk/install/moveit_core/bin:${PATH} PYTHONPATH=/home/a/ws_nhk/install/moveit_configs_utils/lib/python3.10/site-packages:/home/a/ws_nhk/install/srdfdom/local/lib/python3.10/dist-packages:/home/a/ws_nhk/install/launch_param_builder/lib/python3.10/site-packages:${PYTHONPATH} /usr/bin/cmake --install /home/a/ws_nhk/build/moveit_ros_planning
