[0.232s] Invoking command in '/home/a/ws_nhk/build/rogidrive_msg': CMAKE_PREFIX_PATH=${CMAKE_PREFIX_PATH}:/home/a/ws_nhk/install/moveit_configs_utils:/home/a/ws_nhk/install/rogidrive:/home/a/ws_nhk/install/launch_param_builder:/home/a/ws_nhk/install/dynamixel_controller_gui:/home/a/ws_nhk/install/dynamixel_controller_client:/opt/ros/humble /usr/bin/cmake /home/a/ws_nhk/src/rogidrive/rogidrive_msg -DCMAKE_INSTALL_PREFIX=/home/a/ws_nhk/install/rogidrive_msg
[0.692s] -- Found ament_cmake: 1.3.12 (/opt/ros/humble/share/ament_cmake/cmake)
[0.692s] -- Found std_msgs: 4.9.0 (/opt/ros/humble/share/std_msgs/cmake)
[0.692s] -- Found rosidl_generator_c: 3.1.7 (/opt/ros/humble/share/rosidl_generator_c/cmake)
[0.693s] -- Found rosidl_adapter: 3.1.7 (/opt/ros/humble/share/rosidl_adapter/cmake)
[0.693s] -- Found rosidl_generator_cpp: 3.1.7 (/opt/ros/humble/share/rosidl_generator_cpp/cmake)
[0.693s] -- Using all available rosidl_typesupport_c: rosidl_typesupport_fastrtps_c;rosidl_typesupport_introspection_c
[0.693s] -- Using all available rosidl_typesupport_cpp: rosidl_typesupport_fastrtps_cpp;rosidl_typesupport_introspection_cpp
[0.693s] -- Found rosidl_default_generators: 1.2.0 (/opt/ros/humble/share/rosidl_default_generators/cmake)
[0.693s] -- Found ament_cmake_ros: 0.10.0 (/opt/ros/humble/share/ament_cmake_ros/cmake)
[1.026s] -- Using all available rosidl_typesupport_c: rosidl_typesupport_fastrtps_c;rosidl_typesupport_introspection_c
[1.180s] -- Using all available rosidl_typesupport_cpp: rosidl_typesupport_fastrtps_cpp;rosidl_typesupport_introspection_cpp
[1.202s] -- Found python_cmake_module: 0.10.0 (/opt/ros/humble/share/python_cmake_module/cmake)
[1.225s] -- Using PYTHON_EXECUTABLE: /usr/bin/python3
[1.225s] -- Using PYTHON_INCLUDE_DIRS: /usr/include/python3.10
[1.225s] -- Using PYTHON_LIBRARIES: /usr/lib/x86_64-linux-gnu/libpython3.10.so
[1.284s] -- Found ament_lint_auto: 0.12.14 (/opt/ros/humble/share/ament_lint_auto/cmake)
[1.288s] -- Added test 'lint_cmake' to check CMake code style
[1.289s] -- Added test 'xmllint' to check XML markup files
[1.290s] -- Configuring done
[1.315s] -- Generating done
[1.323s] -- Build files have been written to: /home/a/ws_nhk/build/rogidrive_msg
[1.336s] Invoked command in '/home/a/ws_nhk/build/rogidrive_msg' returned '0': CMAKE_PREFIX_PATH=${CMAKE_PREFIX_PATH}:/home/a/ws_nhk/install/moveit_configs_utils:/home/a/ws_nhk/install/rogidrive:/home/a/ws_nhk/install/launch_param_builder:/home/a/ws_nhk/install/dynamixel_controller_gui:/home/a/ws_nhk/install/dynamixel_controller_client:/opt/ros/humble /usr/bin/cmake /home/a/ws_nhk/src/rogidrive/rogidrive_msg -DCMAKE_INSTALL_PREFIX=/home/a/ws_nhk/install/rogidrive_msg
[1.338s] Invoking command in '/home/a/ws_nhk/build/rogidrive_msg': CMAKE_PREFIX_PATH=${CMAKE_PREFIX_PATH}:/home/a/ws_nhk/install/moveit_configs_utils:/home/a/ws_nhk/install/rogidrive:/home/a/ws_nhk/install/launch_param_builder:/home/a/ws_nhk/install/dynamixel_controller_gui:/home/a/ws_nhk/install/dynamixel_controller_client:/opt/ros/humble /usr/bin/cmake --build /home/a/ws_nhk/build/rogidrive_msg -- -j22 -l22
[1.376s] [35m[1mConsolidate compiler generated dependencies of target rogidrive_msg__rosidl_generator_c[0m
[1.392s] [ 10%] Built target rogidrive_msg__rosidl_generator_c
[1.395s] [ 12%] Built target rogidrive_msg__cpp
[1.403s] [ 12%] Built target ament_cmake_python_copy_rogidrive_msg
[1.410s] [35m[1mConsolidate compiler generated dependencies of target rogidrive_msg__rosidl_typesupport_introspection_c[0m
[1.410s] [35m[1mConsolidate compiler generated dependencies of target rogidrive_msg__rosidl_typesupport_c[0m
[1.410s] [35m[1mConsolidate compiler generated dependencies of target rogidrive_msg__rosidl_typesupport_fastrtps_c[0m
[1.411s] [35m[1mConsolidate compiler generated dependencies of target rogidrive_msg__rosidl_typesupport_fastrtps_cpp[0m
[1.414s] [35m[1mConsolidate compiler generated dependencies of target rogidrive_msg__rosidl_typesupport_cpp[0m
[1.416s] [35m[1mConsolidate compiler generated dependencies of target rogidrive_msg__rosidl_typesupport_introspection_cpp[0m
[1.430s] [ 28%] Built target rogidrive_msg__rosidl_typesupport_c
[1.430s] [ 41%] Built target rogidrive_msg__rosidl_typesupport_introspection_c
[1.430s] [ 51%] Built target rogidrive_msg__rosidl_typesupport_fastrtps_c
[1.430s] [ 53%] Built target rogidrive_msg__rosidl_typesupport_cpp
[1.430s] [ 64%] Built target rogidrive_msg__rosidl_typesupport_fastrtps_cpp
[1.439s] [ 74%] Built target rogidrive_msg__rosidl_typesupport_introspection_cpp
[1.468s] [ 74%] Built target rogidrive_msg
[1.495s] [ 76%] Built target rogidrive_msg__py
[1.507s] [35m[1mConsolidate compiler generated dependencies of target rogidrive_msg__rosidl_generator_py[0m
[1.520s] [ 84%] Built target rogidrive_msg__rosidl_generator_py
[1.532s] [35m[1mConsolidate compiler generated dependencies of target rogidrive_msg__rosidl_typesupport_c__pyext[0m
[1.535s] [35m[1mConsolidate compiler generated dependencies of target rogidrive_msg__rosidl_typesupport_fastrtps_c__pyext[0m
[1.535s] [35m[1mConsolidate compiler generated dependencies of target rogidrive_msg__rosidl_typesupport_introspection_c__pyext[0m
[1.544s] [ 89%] Built target rogidrive_msg__rosidl_typesupport_c__pyext
[1.552s] [ 94%] Built target rogidrive_msg__rosidl_typesupport_introspection_c__pyext
[1.553s] [100%] Built target rogidrive_msg__rosidl_typesupport_fastrtps_c__pyext
[1.690s] running egg_info
[1.690s] writing rogidrive_msg.egg-info/PKG-INFO
[1.690s] writing dependency_links to rogidrive_msg.egg-info/dependency_links.txt
[1.690s] writing top-level names to rogidrive_msg.egg-info/top_level.txt
[1.692s] reading manifest file 'rogidrive_msg.egg-info/SOURCES.txt'
[1.692s] writing manifest file 'rogidrive_msg.egg-info/SOURCES.txt'
[1.716s] [100%] Built target ament_cmake_python_build_rogidrive_msg_egg
[1.726s] Invoked command in '/home/a/ws_nhk/build/rogidrive_msg' returned '0': CMAKE_PREFIX_PATH=${CMAKE_PREFIX_PATH}:/home/a/ws_nhk/install/moveit_configs_utils:/home/a/ws_nhk/install/rogidrive:/home/a/ws_nhk/install/launch_param_builder:/home/a/ws_nhk/install/dynamixel_controller_gui:/home/a/ws_nhk/install/dynamixel_controller_client:/opt/ros/humble /usr/bin/cmake --build /home/a/ws_nhk/build/rogidrive_msg -- -j22 -l22
[1.728s] Invoking command in '/home/a/ws_nhk/build/rogidrive_msg': CMAKE_PREFIX_PATH=${CMAKE_PREFIX_PATH}:/home/a/ws_nhk/install/moveit_configs_utils:/home/a/ws_nhk/install/rogidrive:/home/a/ws_nhk/install/launch_param_builder:/home/a/ws_nhk/install/dynamixel_controller_gui:/home/a/ws_nhk/install/dynamixel_controller_client:/opt/ros/humble /usr/bin/cmake --install /home/a/ws_nhk/build/rogidrive_msg
[1.736s] -- Install configuration: "Release"
[1.736s] -- Up-to-date: /home/a/ws_nhk/install/rogidrive_msg/share/ament_index/resource_index/rosidl_interfaces/rogidrive_msg
[1.736s] -- Up-to-date: /home/a/ws_nhk/install/rogidrive_msg/include/rogidrive_msg/rogidrive_msg
[1.736s] -- Up-to-date: /home/a/ws_nhk/install/rogidrive_msg/include/rogidrive_msg/rogidrive_msg/msg
[1.736s] -- Up-to-date: /home/a/ws_nhk/install/rogidrive_msg/include/rogidrive_msg/rogidrive_msg/msg/rogidrive_multi_array.h
[1.736s] -- Up-to-date: /home/a/ws_nhk/install/rogidrive_msg/include/rogidrive_msg/rogidrive_msg/msg/rogidrive_message.h
[1.736s] -- Up-to-date: /home/a/ws_nhk/install/rogidrive_msg/include/rogidrive_msg/rogidrive_msg/msg/rosidl_generator_c__visibility_control.h
[1.736s] -- Up-to-date: /home/a/ws_nhk/install/rogidrive_msg/include/rogidrive_msg/rogidrive_msg/msg/detail
[1.737s] -- Up-to-date: /home/a/ws_nhk/install/rogidrive_msg/include/rogidrive_msg/rogidrive_msg/msg/detail/rogidrive_multi_array__struct.h
[1.737s] -- Up-to-date: /home/a/ws_nhk/install/rogidrive_msg/include/rogidrive_msg/rogidrive_msg/msg/detail/rogidrive_multi_array__functions.h
[1.737s] -- Up-to-date: /home/a/ws_nhk/install/rogidrive_msg/include/rogidrive_msg/rogidrive_msg/msg/detail/rogidrive_multi_array__type_support.h
[1.737s] -- Up-to-date: /home/a/ws_nhk/install/rogidrive_msg/include/rogidrive_msg/rogidrive_msg/msg/detail/rogidrive_message__struct.h
[1.737s] -- Up-to-date: /home/a/ws_nhk/install/rogidrive_msg/include/rogidrive_msg/rogidrive_msg/msg/detail/rogidrive_message__functions.c
[1.737s] -- Up-to-date: /home/a/ws_nhk/install/rogidrive_msg/include/rogidrive_msg/rogidrive_msg/msg/detail/rogidrive_multi_array__functions.c
[1.737s] -- Up-to-date: /home/a/ws_nhk/install/rogidrive_msg/include/rogidrive_msg/rogidrive_msg/msg/detail/rogidrive_message__functions.h
[1.737s] -- Up-to-date: /home/a/ws_nhk/install/rogidrive_msg/include/rogidrive_msg/rogidrive_msg/msg/detail/rogidrive_message__type_support.h
[1.737s] -- Up-to-date: /home/a/ws_nhk/install/rogidrive_msg/share/rogidrive_msg/environment/library_path.sh
[1.737s] -- Installing: /home/a/ws_nhk/install/rogidrive_msg/share/rogidrive_msg/environment/library_path.dsv
[1.737s] -- Up-to-date: /home/a/ws_nhk/install/rogidrive_msg/lib/librogidrive_msg__rosidl_generator_c.so
[1.737s] -- Up-to-date: /home/a/ws_nhk/install/rogidrive_msg/include/rogidrive_msg/rogidrive_msg
[1.737s] -- Up-to-date: /home/a/ws_nhk/install/rogidrive_msg/include/rogidrive_msg/rogidrive_msg/msg
[1.737s] -- Up-to-date: /home/a/ws_nhk/install/rogidrive_msg/include/rogidrive_msg/rogidrive_msg/msg/rosidl_typesupport_fastrtps_c__visibility_control.h
[1.737s] -- Up-to-date: /home/a/ws_nhk/install/rogidrive_msg/include/rogidrive_msg/rogidrive_msg/msg/detail
[1.737s] -- Up-to-date: /home/a/ws_nhk/install/rogidrive_msg/include/rogidrive_msg/rogidrive_msg/msg/detail/rogidrive_multi_array__rosidl_typesupport_fastrtps_c.h
[1.737s] -- Up-to-date: /home/a/ws_nhk/install/rogidrive_msg/include/rogidrive_msg/rogidrive_msg/msg/detail/rogidrive_message__rosidl_typesupport_fastrtps_c.h
[1.737s] -- Up-to-date: /home/a/ws_nhk/install/rogidrive_msg/lib/librogidrive_msg__rosidl_typesupport_fastrtps_c.so
[1.737s] -- Up-to-date: /home/a/ws_nhk/install/rogidrive_msg/include/rogidrive_msg/rogidrive_msg
[1.737s] -- Up-to-date: /home/a/ws_nhk/install/rogidrive_msg/include/rogidrive_msg/rogidrive_msg/msg
[1.737s] -- Up-to-date: /home/a/ws_nhk/install/rogidrive_msg/include/rogidrive_msg/rogidrive_msg/msg/rogidrive_message.hpp
[1.737s] -- Up-to-date: /home/a/ws_nhk/install/rogidrive_msg/include/rogidrive_msg/rogidrive_msg/msg/rogidrive_multi_array.hpp
[1.737s] -- Up-to-date: /home/a/ws_nhk/install/rogidrive_msg/include/rogidrive_msg/rogidrive_msg/msg/rosidl_generator_cpp__visibility_control.hpp
[1.737s] -- Up-to-date: /home/a/ws_nhk/install/rogidrive_msg/include/rogidrive_msg/rogidrive_msg/msg/detail
[1.738s] -- Up-to-date: /home/a/ws_nhk/install/rogidrive_msg/include/rogidrive_msg/rogidrive_msg/msg/detail/rogidrive_multi_array__type_support.hpp
[1.738s] -- Up-to-date: /home/a/ws_nhk/install/rogidrive_msg/include/rogidrive_msg/rogidrive_msg/msg/detail/rogidrive_message__type_support.hpp
[1.738s] -- Up-to-date: /home/a/ws_nhk/install/rogidrive_msg/include/rogidrive_msg/rogidrive_msg/msg/detail/rogidrive_multi_array__struct.hpp
[1.738s] -- Up-to-date: /home/a/ws_nhk/install/rogidrive_msg/include/rogidrive_msg/rogidrive_msg/msg/detail/rogidrive_message__traits.hpp
[1.738s] -- Up-to-date: /home/a/ws_nhk/install/rogidrive_msg/include/rogidrive_msg/rogidrive_msg/msg/detail/rogidrive_message__struct.hpp
[1.738s] -- Up-to-date: /home/a/ws_nhk/install/rogidrive_msg/include/rogidrive_msg/rogidrive_msg/msg/detail/rogidrive_message__builder.hpp
[1.738s] -- Up-to-date: /home/a/ws_nhk/install/rogidrive_msg/include/rogidrive_msg/rogidrive_msg/msg/detail/rogidrive_multi_array__builder.hpp
[1.738s] -- Up-to-date: /home/a/ws_nhk/install/rogidrive_msg/include/rogidrive_msg/rogidrive_msg/msg/detail/rogidrive_multi_array__traits.hpp
[1.738s] -- Up-to-date: /home/a/ws_nhk/install/rogidrive_msg/include/rogidrive_msg/rogidrive_msg
[1.738s] -- Up-to-date: /home/a/ws_nhk/install/rogidrive_msg/include/rogidrive_msg/rogidrive_msg/msg
[1.738s] -- Up-to-date: /home/a/ws_nhk/install/rogidrive_msg/include/rogidrive_msg/rogidrive_msg/msg/detail
[1.738s] -- Up-to-date: /home/a/ws_nhk/install/rogidrive_msg/include/rogidrive_msg/rogidrive_msg/msg/detail/rogidrive_multi_array__rosidl_typesupport_fastrtps_cpp.hpp
[1.738s] -- Up-to-date: /home/a/ws_nhk/install/rogidrive_msg/include/rogidrive_msg/rogidrive_msg/msg/detail/rogidrive_message__rosidl_typesupport_fastrtps_cpp.hpp
[1.738s] -- Up-to-date: /home/a/ws_nhk/install/rogidrive_msg/include/rogidrive_msg/rogidrive_msg/msg/detail/dds_fastrtps
[1.738s] -- Up-to-date: /home/a/ws_nhk/install/rogidrive_msg/include/rogidrive_msg/rogidrive_msg/msg/rosidl_typesupport_fastrtps_cpp__visibility_control.h
[1.738s] -- Up-to-date: /home/a/ws_nhk/install/rogidrive_msg/lib/librogidrive_msg__rosidl_typesupport_fastrtps_cpp.so
[1.738s] -- Up-to-date: /home/a/ws_nhk/install/rogidrive_msg/include/rogidrive_msg/rogidrive_msg
[1.738s] -- Up-to-date: /home/a/ws_nhk/install/rogidrive_msg/include/rogidrive_msg/rogidrive_msg/msg
[1.738s] -- Up-to-date: /home/a/ws_nhk/install/rogidrive_msg/include/rogidrive_msg/rogidrive_msg/msg/rosidl_typesupport_introspection_c__visibility_control.h
[1.738s] -- Up-to-date: /home/a/ws_nhk/install/rogidrive_msg/include/rogidrive_msg/rogidrive_msg/msg/detail
[1.738s] -- Up-to-date: /home/a/ws_nhk/install/rogidrive_msg/include/rogidrive_msg/rogidrive_msg/msg/detail/rogidrive_message__rosidl_typesupport_introspection_c.h
[1.738s] -- Up-to-date: /home/a/ws_nhk/install/rogidrive_msg/include/rogidrive_msg/rogidrive_msg/msg/detail/rogidrive_message__type_support.c
[1.738s] -- Up-to-date: /home/a/ws_nhk/install/rogidrive_msg/include/rogidrive_msg/rogidrive_msg/msg/detail/rogidrive_multi_array__type_support.c
[1.738s] -- Up-to-date: /home/a/ws_nhk/install/rogidrive_msg/include/rogidrive_msg/rogidrive_msg/msg/detail/rogidrive_multi_array__rosidl_typesupport_introspection_c.h
[1.739s] -- Up-to-date: /home/a/ws_nhk/install/rogidrive_msg/lib/librogidrive_msg__rosidl_typesupport_introspection_c.so
[1.739s] -- Up-to-date: /home/a/ws_nhk/install/rogidrive_msg/lib/librogidrive_msg__rosidl_typesupport_c.so
[1.739s] -- Up-to-date: /home/a/ws_nhk/install/rogidrive_msg/include/rogidrive_msg/rogidrive_msg
[1.739s] -- Up-to-date: /home/a/ws_nhk/install/rogidrive_msg/include/rogidrive_msg/rogidrive_msg/msg
[1.739s] -- Up-to-date: /home/a/ws_nhk/install/rogidrive_msg/include/rogidrive_msg/rogidrive_msg/msg/detail
[1.739s] -- Up-to-date: /home/a/ws_nhk/install/rogidrive_msg/include/rogidrive_msg/rogidrive_msg/msg/detail/rogidrive_message__rosidl_typesupport_introspection_cpp.hpp
[1.739s] -- Up-to-date: /home/a/ws_nhk/install/rogidrive_msg/include/rogidrive_msg/rogidrive_msg/msg/detail/rogidrive_message__type_support.cpp
[1.739s] -- Up-to-date: /home/a/ws_nhk/install/rogidrive_msg/include/rogidrive_msg/rogidrive_msg/msg/detail/rogidrive_multi_array__rosidl_typesupport_introspection_cpp.hpp
[1.739s] -- Up-to-date: /home/a/ws_nhk/install/rogidrive_msg/include/rogidrive_msg/rogidrive_msg/msg/detail/rogidrive_multi_array__type_support.cpp
[1.739s] -- Up-to-date: /home/a/ws_nhk/install/rogidrive_msg/lib/librogidrive_msg__rosidl_typesupport_introspection_cpp.so
[1.739s] -- Up-to-date: /home/a/ws_nhk/install/rogidrive_msg/lib/librogidrive_msg__rosidl_typesupport_cpp.so
[1.739s] -- Up-to-date: /home/a/ws_nhk/install/rogidrive_msg/share/rogidrive_msg/environment/pythonpath.sh
[1.739s] -- Installing: /home/a/ws_nhk/install/rogidrive_msg/share/rogidrive_msg/environment/pythonpath.dsv
[1.739s] -- Up-to-date: /home/a/ws_nhk/install/rogidrive_msg/local/lib/python3.10/dist-packages/rogidrive_msg-0.0.0-py3.10.egg-info
[1.739s] -- Installing: /home/a/ws_nhk/install/rogidrive_msg/local/lib/python3.10/dist-packages/rogidrive_msg-0.0.0-py3.10.egg-info/top_level.txt
[1.739s] -- Installing: /home/a/ws_nhk/install/rogidrive_msg/local/lib/python3.10/dist-packages/rogidrive_msg-0.0.0-py3.10.egg-info/SOURCES.txt
[1.739s] -- Installing: /home/a/ws_nhk/install/rogidrive_msg/local/lib/python3.10/dist-packages/rogidrive_msg-0.0.0-py3.10.egg-info/PKG-INFO
[1.739s] -- Installing: /home/a/ws_nhk/install/rogidrive_msg/local/lib/python3.10/dist-packages/rogidrive_msg-0.0.0-py3.10.egg-info/dependency_links.txt
[1.739s] -- Up-to-date: /home/a/ws_nhk/install/rogidrive_msg/local/lib/python3.10/dist-packages/rogidrive_msg
[1.739s] -- Up-to-date: /home/a/ws_nhk/install/rogidrive_msg/local/lib/python3.10/dist-packages/rogidrive_msg/librogidrive_msg__rosidl_generator_py.so
[1.740s] -- Up-to-date: /home/a/ws_nhk/install/rogidrive_msg/local/lib/python3.10/dist-packages/rogidrive_msg/msg
[1.740s] -- Up-to-date: /home/a/ws_nhk/install/rogidrive_msg/local/lib/python3.10/dist-packages/rogidrive_msg/msg/_rogidrive_message_s.c
[1.740s] -- Up-to-date: /home/a/ws_nhk/install/rogidrive_msg/local/lib/python3.10/dist-packages/rogidrive_msg/msg/_rogidrive_multi_array.py
[1.740s] -- Up-to-date: /home/a/ws_nhk/install/rogidrive_msg/local/lib/python3.10/dist-packages/rogidrive_msg/msg/__init__.py
[1.740s] -- Up-to-date: /home/a/ws_nhk/install/rogidrive_msg/local/lib/python3.10/dist-packages/rogidrive_msg/msg/_rogidrive_multi_array_s.c
[1.740s] -- Up-to-date: /home/a/ws_nhk/install/rogidrive_msg/local/lib/python3.10/dist-packages/rogidrive_msg/msg/_rogidrive_message.py
[1.740s] -- Up-to-date: /home/a/ws_nhk/install/rogidrive_msg/local/lib/python3.10/dist-packages/rogidrive_msg/rogidrive_msg_s__rosidl_typesupport_fastrtps_c.cpython-310-x86_64-linux-gnu.so
[1.741s] -- Installing: /home/a/ws_nhk/install/rogidrive_msg/local/lib/python3.10/dist-packages/rogidrive_msg/__init__.py
[1.741s] -- Up-to-date: /home/a/ws_nhk/install/rogidrive_msg/local/lib/python3.10/dist-packages/rogidrive_msg/_rogidrive_msg_s.ep.rosidl_typesupport_fastrtps_c.c
[1.741s] -- Up-to-date: /home/a/ws_nhk/install/rogidrive_msg/local/lib/python3.10/dist-packages/rogidrive_msg/rogidrive_msg_s__rosidl_typesupport_c.cpython-310-x86_64-linux-gnu.so
[1.741s] -- Up-to-date: /home/a/ws_nhk/install/rogidrive_msg/local/lib/python3.10/dist-packages/rogidrive_msg/_rogidrive_msg_s.ep.rosidl_typesupport_introspection_c.c
[1.741s] -- Up-to-date: /home/a/ws_nhk/install/rogidrive_msg/local/lib/python3.10/dist-packages/rogidrive_msg/rogidrive_msg_s__rosidl_typesupport_introspection_c.cpython-310-x86_64-linux-gnu.so
[1.741s] -- Up-to-date: /home/a/ws_nhk/install/rogidrive_msg/local/lib/python3.10/dist-packages/rogidrive_msg/_rogidrive_msg_s.ep.rosidl_typesupport_c.c
[1.765s] Listing '/home/a/ws_nhk/install/rogidrive_msg/local/lib/python3.10/dist-packages/rogidrive_msg'...
[1.765s] Compiling '/home/a/ws_nhk/install/rogidrive_msg/local/lib/python3.10/dist-packages/rogidrive_msg/__init__.py'...
[1.765s] Listing '/home/a/ws_nhk/install/rogidrive_msg/local/lib/python3.10/dist-packages/rogidrive_msg/msg'...
[1.767s] -- Up-to-date: /home/a/ws_nhk/install/rogidrive_msg/local/lib/python3.10/dist-packages/rogidrive_msg/rogidrive_msg_s__rosidl_typesupport_fastrtps_c.cpython-310-x86_64-linux-gnu.so
[1.767s] -- Up-to-date: /home/a/ws_nhk/install/rogidrive_msg/local/lib/python3.10/dist-packages/rogidrive_msg/rogidrive_msg_s__rosidl_typesupport_introspection_c.cpython-310-x86_64-linux-gnu.so
[1.767s] -- Up-to-date: /home/a/ws_nhk/install/rogidrive_msg/local/lib/python3.10/dist-packages/rogidrive_msg/rogidrive_msg_s__rosidl_typesupport_c.cpython-310-x86_64-linux-gnu.so
[1.767s] -- Up-to-date: /home/a/ws_nhk/install/rogidrive_msg/lib/librogidrive_msg__rosidl_generator_py.so
[1.767s] -- Up-to-date: /home/a/ws_nhk/install/rogidrive_msg/share/rogidrive_msg/msg/RogidriveMessage.idl
[1.767s] -- Up-to-date: /home/a/ws_nhk/install/rogidrive_msg/share/rogidrive_msg/msg/RogidriveMultiArray.idl
[1.768s] -- Up-to-date: /home/a/ws_nhk/install/rogidrive_msg/share/rogidrive_msg/msg/RogidriveMessage.msg
[1.768s] -- Up-to-date: /home/a/ws_nhk/install/rogidrive_msg/share/rogidrive_msg/msg/RogidriveMultiArray.msg
[1.768s] -- Up-to-date: /home/a/ws_nhk/install/rogidrive_msg/share/ament_index/resource_index/package_run_dependencies/rogidrive_msg
[1.768s] -- Installing: /home/a/ws_nhk/install/rogidrive_msg/share/ament_index/resource_index/parent_prefix_path/rogidrive_msg
[1.768s] -- Up-to-date: /home/a/ws_nhk/install/rogidrive_msg/share/rogidrive_msg/environment/ament_prefix_path.sh
[1.768s] -- Installing: /home/a/ws_nhk/install/rogidrive_msg/share/rogidrive_msg/environment/ament_prefix_path.dsv
[1.768s] -- Up-to-date: /home/a/ws_nhk/install/rogidrive_msg/share/rogidrive_msg/environment/path.sh
[1.768s] -- Installing: /home/a/ws_nhk/install/rogidrive_msg/share/rogidrive_msg/environment/path.dsv
[1.768s] -- Up-to-date: /home/a/ws_nhk/install/rogidrive_msg/share/rogidrive_msg/local_setup.bash
[1.768s] -- Up-to-date: /home/a/ws_nhk/install/rogidrive_msg/share/rogidrive_msg/local_setup.sh
[1.768s] -- Up-to-date: /home/a/ws_nhk/install/rogidrive_msg/share/rogidrive_msg/local_setup.zsh
[1.768s] -- Installing: /home/a/ws_nhk/install/rogidrive_msg/share/rogidrive_msg/local_setup.dsv
[1.768s] -- Installing: /home/a/ws_nhk/install/rogidrive_msg/share/rogidrive_msg/package.dsv
[1.768s] -- Up-to-date: /home/a/ws_nhk/install/rogidrive_msg/share/ament_index/resource_index/packages/rogidrive_msg
[1.768s] -- Up-to-date: /home/a/ws_nhk/install/rogidrive_msg/share/rogidrive_msg/cmake/export_rogidrive_msg__rosidl_generator_cExport.cmake
[1.768s] -- Up-to-date: /home/a/ws_nhk/install/rogidrive_msg/share/rogidrive_msg/cmake/export_rogidrive_msg__rosidl_generator_cExport-release.cmake
[1.769s] -- Up-to-date: /home/a/ws_nhk/install/rogidrive_msg/share/rogidrive_msg/cmake/export_rogidrive_msg__rosidl_typesupport_fastrtps_cExport.cmake
[1.769s] -- Up-to-date: /home/a/ws_nhk/install/rogidrive_msg/share/rogidrive_msg/cmake/export_rogidrive_msg__rosidl_typesupport_fastrtps_cExport-release.cmake
[1.769s] -- Up-to-date: /home/a/ws_nhk/install/rogidrive_msg/share/rogidrive_msg/cmake/export_rogidrive_msg__rosidl_generator_cppExport.cmake
[1.769s] -- Up-to-date: /home/a/ws_nhk/install/rogidrive_msg/share/rogidrive_msg/cmake/export_rogidrive_msg__rosidl_typesupport_fastrtps_cppExport.cmake
[1.769s] -- Up-to-date: /home/a/ws_nhk/install/rogidrive_msg/share/rogidrive_msg/cmake/export_rogidrive_msg__rosidl_typesupport_fastrtps_cppExport-release.cmake
[1.769s] -- Up-to-date: /home/a/ws_nhk/install/rogidrive_msg/share/rogidrive_msg/cmake/rogidrive_msg__rosidl_typesupport_introspection_cExport.cmake
[1.769s] -- Up-to-date: /home/a/ws_nhk/install/rogidrive_msg/share/rogidrive_msg/cmake/rogidrive_msg__rosidl_typesupport_introspection_cExport-release.cmake
[1.769s] -- Up-to-date: /home/a/ws_nhk/install/rogidrive_msg/share/rogidrive_msg/cmake/rogidrive_msg__rosidl_typesupport_cExport.cmake
[1.769s] -- Up-to-date: /home/a/ws_nhk/install/rogidrive_msg/share/rogidrive_msg/cmake/rogidrive_msg__rosidl_typesupport_cExport-release.cmake
[1.769s] -- Up-to-date: /home/a/ws_nhk/install/rogidrive_msg/share/rogidrive_msg/cmake/rogidrive_msg__rosidl_typesupport_introspection_cppExport.cmake
[1.769s] -- Up-to-date: /home/a/ws_nhk/install/rogidrive_msg/share/rogidrive_msg/cmake/rogidrive_msg__rosidl_typesupport_introspection_cppExport-release.cmake
[1.769s] -- Up-to-date: /home/a/ws_nhk/install/rogidrive_msg/share/rogidrive_msg/cmake/rogidrive_msg__rosidl_typesupport_cppExport.cmake
[1.769s] -- Up-to-date: /home/a/ws_nhk/install/rogidrive_msg/share/rogidrive_msg/cmake/rogidrive_msg__rosidl_typesupport_cppExport-release.cmake
[1.769s] -- Up-to-date: /home/a/ws_nhk/install/rogidrive_msg/share/rogidrive_msg/cmake/export_rogidrive_msg__rosidl_generator_pyExport.cmake
[1.769s] -- Up-to-date: /home/a/ws_nhk/install/rogidrive_msg/share/rogidrive_msg/cmake/export_rogidrive_msg__rosidl_generator_pyExport-release.cmake
[1.769s] -- Up-to-date: /home/a/ws_nhk/install/rogidrive_msg/share/rogidrive_msg/cmake/rosidl_cmake-extras.cmake
[1.770s] -- Up-to-date: /home/a/ws_nhk/install/rogidrive_msg/share/rogidrive_msg/cmake/ament_cmake_export_dependencies-extras.cmake
[1.770s] -- Up-to-date: /home/a/ws_nhk/install/rogidrive_msg/share/rogidrive_msg/cmake/ament_cmake_export_include_directories-extras.cmake
[1.770s] -- Up-to-date: /home/a/ws_nhk/install/rogidrive_msg/share/rogidrive_msg/cmake/ament_cmake_export_libraries-extras.cmake
[1.770s] -- Up-to-date: /home/a/ws_nhk/install/rogidrive_msg/share/rogidrive_msg/cmake/ament_cmake_export_targets-extras.cmake
[1.770s] -- Up-to-date: /home/a/ws_nhk/install/rogidrive_msg/share/rogidrive_msg/cmake/rosidl_cmake_export_typesupport_targets-extras.cmake
[1.770s] -- Up-to-date: /home/a/ws_nhk/install/rogidrive_msg/share/rogidrive_msg/cmake/rosidl_cmake_export_typesupport_libraries-extras.cmake
[1.770s] -- Up-to-date: /home/a/ws_nhk/install/rogidrive_msg/share/rogidrive_msg/cmake/rogidrive_msgConfig.cmake
[1.770s] -- Up-to-date: /home/a/ws_nhk/install/rogidrive_msg/share/rogidrive_msg/cmake/rogidrive_msgConfig-version.cmake
[1.770s] -- Up-to-date: /home/a/ws_nhk/install/rogidrive_msg/share/rogidrive_msg/package.xml
[1.778s] Invoked command in '/home/a/ws_nhk/build/rogidrive_msg' returned '0': CMAKE_PREFIX_PATH=${CMAKE_PREFIX_PATH}:/home/a/ws_nhk/install/moveit_configs_utils:/home/a/ws_nhk/install/rogidrive:/home/a/ws_nhk/install/launch_param_builder:/home/a/ws_nhk/install/dynamixel_controller_gui:/home/a/ws_nhk/install/dynamixel_controller_client:/opt/ros/humble /usr/bin/cmake --install /home/a/ws_nhk/build/rogidrive_msg
