[3.041s] Invoking command in '/home/a/ws_nhk/build/rosparam_shortcuts': CMAKE_PREFIX_PATH=${CMAKE_PREFIX_PATH}:/home/a/ws_nhk/install/moveit_configs_utils:/home/a/ws_nhk/install/rogidrive:/home/a/ws_nhk/install/launch_param_builder:/home/a/ws_nhk/install/dynamixel_controller_gui:/home/a/ws_nhk/install/dynamixel_controller_client:/opt/ros/humble /usr/bin/cmake --build /home/a/ws_nhk/build/rosparam_shortcuts -- -j22 -l22
[3.540s] [ 15%] Built target gtest
[3.541s] [ 30%] Built target gtest_main
[3.542s] [ 53%] Built target rosparam_shortcuts
[3.543s] [ 69%] Built target rosparam_shortcuts_example
[3.544s] [ 84%] Built target test_node_parameters
[3.544s] [100%] Built target rosparam_shortcuts_node_parameters_example
[4.230s] Invoked command in '/home/a/ws_nhk/build/rosparam_shortcuts' returned '0': CMAKE_PREFIX_PATH=${CMAKE_PREFIX_PATH}:/home/a/ws_nhk/install/moveit_configs_utils:/home/a/ws_nhk/install/rogidrive:/home/a/ws_nhk/install/launch_param_builder:/home/a/ws_nhk/install/dynamixel_controller_gui:/home/a/ws_nhk/install/dynamixel_controller_client:/opt/ros/humble /usr/bin/cmake --build /home/a/ws_nhk/build/rosparam_shortcuts -- -j22 -l22
[4.237s] Invoking command in '/home/a/ws_nhk/build/rosparam_shortcuts': CMAKE_PREFIX_PATH=${CMAKE_PREFIX_PATH}:/home/a/ws_nhk/install/moveit_configs_utils:/home/a/ws_nhk/install/rogidrive:/home/a/ws_nhk/install/launch_param_builder:/home/a/ws_nhk/install/dynamixel_controller_gui:/home/a/ws_nhk/install/dynamixel_controller_client:/opt/ros/humble /usr/bin/cmake --install /home/a/ws_nhk/build/rosparam_shortcuts
[4.321s] -- Install configuration: "Release"
[4.321s] -- Up-to-date: /home/a/ws_nhk/install/rosparam_shortcuts/lib/librosparam_shortcuts.so
[4.337s] -- Up-to-date: /home/a/ws_nhk/install/rosparam_shortcuts/lib/rosparam_shortcuts/example
[4.351s] -- Up-to-date: /home/a/ws_nhk/install/rosparam_shortcuts/lib/rosparam_shortcuts/node_parameters_example
[4.351s] -- Up-to-date: /home/a/ws_nhk/install/rosparam_shortcuts/include
[4.351s] -- Up-to-date: /home/a/ws_nhk/install/rosparam_shortcuts/include/rosparam_shortcuts
[4.351s] -- Up-to-date: /home/a/ws_nhk/install/rosparam_shortcuts/include/rosparam_shortcuts/rosparam_shortcuts.h
[4.351s] -- Up-to-date: /home/a/ws_nhk/install/rosparam_shortcuts/include/rosparam_shortcuts/node_parameters.h
[4.351s] -- Up-to-date: /home/a/ws_nhk/install/rosparam_shortcuts/share/rosparam_shortcuts/launch
[4.351s] -- Up-to-date: /home/a/ws_nhk/install/rosparam_shortcuts/share/rosparam_shortcuts/launch/example.launch.py
[4.354s] -- Up-to-date: /home/a/ws_nhk/install/rosparam_shortcuts/share/rosparam_shortcuts/config
[4.354s] -- Up-to-date: /home/a/ws_nhk/install/rosparam_shortcuts/share/rosparam_shortcuts/config/example.yaml
[4.354s] -- Up-to-date: /home/a/ws_nhk/install/rosparam_shortcuts/share/rosparam_shortcuts/environment/library_path.sh
[4.354s] -- Up-to-date: /home/a/ws_nhk/install/rosparam_shortcuts/share/rosparam_shortcuts/environment/library_path.dsv
[4.356s] -- Up-to-date: /home/a/ws_nhk/install/rosparam_shortcuts/share/ament_index/resource_index/package_run_dependencies/rosparam_shortcuts
[4.356s] -- Up-to-date: /home/a/ws_nhk/install/rosparam_shortcuts/share/ament_index/resource_index/parent_prefix_path/rosparam_shortcuts
[4.356s] -- Up-to-date: /home/a/ws_nhk/install/rosparam_shortcuts/share/rosparam_shortcuts/environment/ament_prefix_path.sh
[4.356s] -- Up-to-date: /home/a/ws_nhk/install/rosparam_shortcuts/share/rosparam_shortcuts/environment/ament_prefix_path.dsv
[4.356s] -- Up-to-date: /home/a/ws_nhk/install/rosparam_shortcuts/share/rosparam_shortcuts/environment/path.sh
[4.356s] -- Up-to-date: /home/a/ws_nhk/install/rosparam_shortcuts/share/rosparam_shortcuts/environment/path.dsv
[4.357s] -- Up-to-date: /home/a/ws_nhk/install/rosparam_shortcuts/share/rosparam_shortcuts/local_setup.bash
[4.357s] -- Up-to-date: /home/a/ws_nhk/install/rosparam_shortcuts/share/rosparam_shortcuts/local_setup.sh
[4.357s] -- Up-to-date: /home/a/ws_nhk/install/rosparam_shortcuts/share/rosparam_shortcuts/local_setup.zsh
[4.357s] -- Up-to-date: /home/a/ws_nhk/install/rosparam_shortcuts/share/rosparam_shortcuts/local_setup.dsv
[4.357s] -- Installing: /home/a/ws_nhk/install/rosparam_shortcuts/share/rosparam_shortcuts/package.dsv
[4.358s] -- Up-to-date: /home/a/ws_nhk/install/rosparam_shortcuts/share/ament_index/resource_index/packages/rosparam_shortcuts
[4.361s] -- Up-to-date: /home/a/ws_nhk/install/rosparam_shortcuts/share/rosparam_shortcuts/cmake/export_rosparam_shortcutsExport.cmake
[4.361s] -- Up-to-date: /home/a/ws_nhk/install/rosparam_shortcuts/share/rosparam_shortcuts/cmake/export_rosparam_shortcutsExport-release.cmake
[4.361s] -- Up-to-date: /home/a/ws_nhk/install/rosparam_shortcuts/share/rosparam_shortcuts/cmake/ament_cmake_export_targets-extras.cmake
[4.362s] -- Up-to-date: /home/a/ws_nhk/install/rosparam_shortcuts/share/rosparam_shortcuts/cmake/ament_cmake_export_dependencies-extras.cmake
[4.362s] -- Up-to-date: /home/a/ws_nhk/install/rosparam_shortcuts/share/rosparam_shortcuts/cmake/rosparam_shortcutsConfig.cmake
[4.362s] -- Up-to-date: /home/a/ws_nhk/install/rosparam_shortcuts/share/rosparam_shortcuts/cmake/rosparam_shortcutsConfig-version.cmake
[4.362s] -- Up-to-date: /home/a/ws_nhk/install/rosparam_shortcuts/share/rosparam_shortcuts/package.xml
[4.536s] Invoked command in '/home/a/ws_nhk/build/rosparam_shortcuts' returned '0': CMAKE_PREFIX_PATH=${CMAKE_PREFIX_PATH}:/home/a/ws_nhk/install/moveit_configs_utils:/home/a/ws_nhk/install/rogidrive:/home/a/ws_nhk/install/launch_param_builder:/home/a/ws_nhk/install/dynamixel_controller_gui:/home/a/ws_nhk/install/dynamixel_controller_client:/opt/ros/humble /usr/bin/cmake --install /home/a/ws_nhk/build/rosparam_shortcuts
