[0.078s] Invoking command in '/home/a/ws_nhk/build/moveit_ros_planning': AMENT_PREFIX_PATH=/home/a/ws_nhk/install/moveit_ros_occupancy_map_monitor:/home/a/ws_nhk/install/moveit_core:/home/a/ws_nhk/install/moveit_resources_panda_moveit_config:/home/a/ws_nhk/install/moveit_configs_utils:/home/a/ws_nhk/install/srdfdom:/home/a/ws_nhk/install/moveit_resources_pr2_description:/home/a/ws_nhk/install/moveit_resources_panda_description:/home/a/ws_nhk/install/moveit_common:/home/a/ws_nhk/install/launch_param_builder:${AMENT_PREFIX_PATH} CMAKE_PREFIX_PATH=/home/a/ws_nhk/install/moveit_ros_occupancy_map_monitor:/home/a/ws_nhk/install/moveit_core:/home/a/ws_nhk/install/moveit_resources_panda_moveit_config:/home/a/ws_nhk/install/srdfdom:/home/a/ws_nhk/install/moveit_resources_pr2_description:/home/a/ws_nhk/install/moveit_resources_panda_description:/home/a/ws_nhk/install/moveit_common:/home/a/install/field_description_test:/opt/ros/humble LD_LIBRARY_PATH=/home/a/ws_nhk/install/moveit_ros_occupancy_map_monitor/lib:/home/a/ws_nhk/install/moveit_core/lib:/home/a/ws_nhk/install/srdfdom/lib:${LD_LIBRARY_PATH} PATH=/home/a/ws_nhk/install/moveit_core/bin:${PATH} PYTHONPATH=/home/a/ws_nhk/install/moveit_configs_utils/lib/python3.10/site-packages:/home/a/ws_nhk/install/srdfdom/local/lib/python3.10/dist-packages:/home/a/ws_nhk/install/launch_param_builder/lib/python3.10/site-packages:${PYTHONPATH} /usr/bin/cmake --build /home/a/ws_nhk/build/moveit_ros_planning -- -j22 -l22
[0.180s] -- Found moveit_common: 2.5.9 (/home/a/ws_nhk/install/moveit_common/share/moveit_common/cmake)
[0.181s] -- Found ament_cmake: 1.3.12 (/opt/ros/humble/share/ament_cmake/cmake)
[0.870s] -- Found moveit_msgs: 2.2.1 (/opt/ros/humble/share/moveit_msgs/cmake)
[0.963s] -- Found rosidl_generator_c: 3.1.7 (/opt/ros/humble/share/rosidl_generator_c/cmake)
[0.971s] -- Found rosidl_adapter: 3.1.7 (/opt/ros/humble/share/rosidl_adapter/cmake)
[0.991s] -- Found rosidl_generator_cpp: 3.1.7 (/opt/ros/humble/share/rosidl_generator_cpp/cmake)
[1.028s] -- Using all available rosidl_typesupport_c: rosidl_typesupport_fastrtps_c;rosidl_typesupport_introspection_c
[1.070s] -- Using all available rosidl_typesupport_cpp: rosidl_typesupport_fastrtps_cpp;rosidl_typesupport_introspection_cpp
[1.665s] -- Found pluginlib: 5.1.2 (/opt/ros/humble/share/pluginlib/cmake)
[1.725s] -- Found rclcpp: 16.0.16 (/opt/ros/humble/share/rclcpp/cmake)
[1.814s] -- Found rmw_implementation_cmake: 6.1.2 (/opt/ros/humble/share/rmw_implementation_cmake/cmake)
[1.820s] -- Found rmw_fastrtps_cpp: 6.2.9 (/opt/ros/humble/share/rmw_fastrtps_cpp/cmake)
[1.886s] -- Found TinyXML2 via Config file: TinyXML2_DIR-NOTFOUND
[1.921s] -- Found TinyXML2 via Config file: TinyXML2_DIR-NOTFOUND
[1.985s] -- Found TinyXML2 via Config file: TinyXML2_DIR-NOTFOUND
[2.014s] -- Found TinyXML2 via Config file: TinyXML2_DIR-NOTFOUND
[2.053s] -- Using RMW implementation 'rmw_fastrtps_cpp' as default
[2.186s] -- Found message_filters: 4.3.11 (/opt/ros/humble/share/message_filters/cmake)
[2.195s] -- Found srdfdom: 2.0.8 (/home/a/ws_nhk/install/srdfdom/share/srdfdom/cmake)
[2.219s] -- Found tf2: 0.25.17 (/opt/ros/humble/share/tf2/cmake)
[2.230s] -- Found tf2_geometry_msgs: 0.25.17 (/opt/ros/humble/share/tf2_geometry_msgs/cmake)
[2.241s] -- Found eigen3_cmake_module: 0.1.1 (/opt/ros/humble/share/eigen3_cmake_module/cmake)
[2.246s] -- Ensuring Eigen3 include directory is part of orocos-kdl CMake target
[2.435s] -- Found tf2_eigen: 0.25.17 (/opt/ros/humble/share/tf2_eigen/cmake)
[2.448s] -- Found moveit_core: 2.5.9 (/home/a/ws_nhk/install/moveit_core/share/moveit_core/cmake)
[2.502s] -- Found Boost: /usr/lib/x86_64-linux-gnu/cmake/Boost-1.74.0/BoostConfig.cmake (found version "1.74.0") found components: chrono date_time filesystem iostreams program_options regex serialization system thread 
[2.580s] -- Found parameter_traits: 0.5.0 (/opt/ros/humble/share/parameter_traits/cmake)
[2.605s] -- Found rclcpp_lifecycle: 16.0.16 (/opt/ros/humble/share/rclcpp_lifecycle/cmake)
[2.679s] -- Found Boost: /usr/lib/x86_64-linux-gnu/cmake/Boost-1.74.0/BoostConfig.cmake (found version "1.74.0") found components: filesystem 
[2.795s] -- library: /usr/lib/x86_64-linux-gnu/libcurl.so
[2.965s] -- Found moveit_ros_occupancy_map_monitor: 2.5.9 (/home/a/ws_nhk/install/moveit_ros_occupancy_map_monitor/share/moveit_ros_occupancy_map_monitor/cmake)
[3.022s] -- Found Boost: /usr/lib/x86_64-linux-gnu/cmake/Boost-1.74.0/BoostConfig.cmake (found version "1.74.0") found components: system filesystem date_time program_options thread chrono 
[3.228s] -- Found ament_cmake_gtest: 1.3.12 (/opt/ros/humble/share/ament_cmake_gtest/cmake)
[3.231s] -- Found ament_cmake_gmock: 1.3.12 (/opt/ros/humble/share/ament_cmake_gmock/cmake)
[3.232s] -- Found ros_testing: 0.4.0 (/opt/ros/humble/share/ros_testing/cmake)
[3.233s] -- Found launch_testing_ament_cmake: 1.0.13 (/opt/ros/humble/share/launch_testing_ament_cmake/cmake)
[3.234s] -- Found python_cmake_module: 0.10.0 (/opt/ros/humble/share/python_cmake_module/cmake)
[3.318s] -- Using PYTHON_EXECUTABLE: /usr/bin/python3
[3.318s] -- Using PYTHON_INCLUDE_DIRS: /usr/include/python3.10
[3.318s] -- Using PYTHON_LIBRARIES: /usr/lib/x86_64-linux-gnu/libpython3.10.so
[3.323s] -- Found gmock sources under '/opt/ros/humble/src/gmock_vendor': C++ tests using 'Google Mock' will be built
[3.334s] -- Found gtest sources under '/opt/ros/humble/src/gtest_vendor': C++ tests using 'Google Test' will be built
[3.463s] -- Found ament_lint_auto: 0.12.14 (/opt/ros/humble/share/ament_lint_auto/cmake)
[3.516s] -- Found launch_testing_ament_cmake: 1.0.13 (/opt/ros/humble/share/launch_testing_ament_cmake/cmake)
[3.517s] -- Found python_cmake_module: 0.10.0 (/opt/ros/humble/share/python_cmake_module/cmake)
[3.601s] -- Using PYTHON_EXECUTABLE: /usr/bin/python3
[3.601s] -- Using PYTHON_INCLUDE_DIRS: /usr/include/python3.10
[3.601s] -- Using PYTHON_LIBRARIES: /usr/lib/x86_64-linux-gnu/libpython3.10.so
[3.640s] -- Added test 'cppcheck' to perform static code analysis on C / C++ code
[3.642s] -- Configured cppcheck include dirs: /home/a/ws_nhk/src/moveit2/moveit_ros/planning/rdf_loader/include;/home/a/ws_nhk/src/moveit2/moveit_ros/planning/kinematics_plugin_loader/include;/home/a/ws_nhk/src/moveit2/moveit_ros/planning/robot_model_loader/include;/home/a/ws_nhk/src/moveit2/moveit_ros/planning/constraint_sampler_manager_loader/include;/home/a/ws_nhk/src/moveit2/moveit_ros/planning/planning_pipeline/include;/home/a/ws_nhk/src/moveit2/moveit_ros/planning/planning_scene_monitor/include;/home/a/ws_nhk/src/moveit2/moveit_ros/planning/trajectory_execution_manager/include;/home/a/ws_nhk/src/moveit2/moveit_ros/planning/plan_execution/include;/home/a/ws_nhk/src/moveit2/moveit_ros/planning/collision_plugin_loader/include;/home/a/ws_nhk/src/moveit2/moveit_ros/planning/moveit_cpp/include
[3.642s] -- Configured cppcheck exclude dirs and/or files: 
[3.648s] -- Added test 'lint_cmake' to check CMake code style
[3.651s] -- Added test 'pep257' to check Python code against some of the docstring style conventions in PEP 257
[3.655s] -- Added test 'xmllint' to check XML markup files
[3.662s] -- Configuring done
[4.634s] -- Generating done
[4.946s] -- Build files have been written to: /home/a/ws_nhk/build/moveit_ros_planning
[5.069s] [35m[1mConsolidate compiler generated dependencies of target gtest[0m
[5.069s] [35m[1mConsolidate compiler generated dependencies of target gmock_main[0m
[5.070s] [35m[1mConsolidate compiler generated dependencies of target gmock[0m
[5.076s] [35m[1mConsolidate compiler generated dependencies of target moveit_collision_plugin_loader[0m
[5.077s] [35m[1mConsolidate compiler generated dependencies of target gtest_main[0m
[5.080s] [35m[1mConsolidate compiler generated dependencies of target moveit_rdf_loader[0m
[5.081s] [35m[1mConsolidate compiler generated dependencies of target moveit_list_request_adapter_plugins[0m
[5.082s] [35m[1mConsolidate compiler generated dependencies of target moveit_planning_pipeline[0m
[5.107s] [  2%] Built target gtest
[5.113s] [  5%] Built target gmock_main
[5.125s] [ 10%] Built target gmock
[5.127s] [ 13%] Built target gtest_main
[5.132s] [35m[1mConsolidate compiler generated dependencies of target moveit_default_planning_request_adapter_plugins[0m
[5.153s] [ 14%] [32mBuilding CXX object collision_plugin_loader/CMakeFiles/moveit_collision_plugin_loader.dir/src/collision_plugin_loader.cpp.o[0m
[5.159s] [ 16%] [32mBuilding CXX object rdf_loader/CMakeFiles/moveit_rdf_loader.dir/src/rdf_loader.cpp.o[0m
[5.160s] [ 17%] [32mBuilding CXX object planning_request_adapter_plugins/CMakeFiles/moveit_list_request_adapter_plugins.dir/src/list.cpp.o[0m
[5.161s] [ 19%] [32mBuilding CXX object rdf_loader/CMakeFiles/moveit_rdf_loader.dir/src/synchronized_string_parameter.cpp.o[0m
[5.177s] [ 20%] [32mBuilding CXX object planning_pipeline/CMakeFiles/moveit_planning_pipeline.dir/src/planning_pipeline.cpp.o[0m
[5.348s] [ 22%] [32mBuilding CXX object planning_request_adapter_plugins/CMakeFiles/moveit_default_planning_request_adapter_plugins.dir/src/empty.cpp.o[0m
[5.361s] [ 23%] [32mBuilding CXX object planning_request_adapter_plugins/CMakeFiles/moveit_default_planning_request_adapter_plugins.dir/src/fix_start_state_collision.cpp.o[0m
[5.362s] [ 25%] [32mBuilding CXX object planning_request_adapter_plugins/CMakeFiles/moveit_default_planning_request_adapter_plugins.dir/src/fix_start_state_bounds.cpp.o[0m
[5.371s] [ 26%] [32mBuilding CXX object planning_request_adapter_plugins/CMakeFiles/moveit_default_planning_request_adapter_plugins.dir/src/fix_start_state_path_constraints.cpp.o[0m
[5.383s] [ 27%] [32mBuilding CXX object planning_request_adapter_plugins/CMakeFiles/moveit_default_planning_request_adapter_plugins.dir/src/add_time_parameterization.cpp.o[0m
[5.387s] [ 29%] [32mBuilding CXX object planning_request_adapter_plugins/CMakeFiles/moveit_default_planning_request_adapter_plugins.dir/src/fix_workspace_bounds.cpp.o[0m
[5.394s] [ 30%] [32mBuilding CXX object planning_request_adapter_plugins/CMakeFiles/moveit_default_planning_request_adapter_plugins.dir/src/add_ruckig_traj_smoothing.cpp.o[0m
[5.397s] [ 32%] [32mBuilding CXX object planning_request_adapter_plugins/CMakeFiles/moveit_default_planning_request_adapter_plugins.dir/src/add_iterative_spline_parameterization.cpp.o[0m
[5.420s] [ 33%] [32mBuilding CXX object planning_request_adapter_plugins/CMakeFiles/moveit_default_planning_request_adapter_plugins.dir/src/add_time_optimal_parameterization.cpp.o[0m
[5.425s] [ 35%] [32mBuilding CXX object planning_request_adapter_plugins/CMakeFiles/moveit_default_planning_request_adapter_plugins.dir/src/resolve_constraint_frames.cpp.o[0m
[55.938s] [ 36%] [32m[1mLinking CXX shared library libmoveit_collision_plugin_loader.so[0m
[56.711s] [ 36%] Built target moveit_collision_plugin_loader
[65.398s] [ 38%] [32m[1mLinking CXX shared library libmoveit_default_planning_request_adapter_plugins.so[0m
[66.000s] [ 38%] Built target moveit_default_planning_request_adapter_plugins
[70.851s] [ 39%] [32m[1mLinking CXX shared library libmoveit_rdf_loader.so[0m
[71.229s] [ 39%] Built target moveit_rdf_loader
[71.250s] [35m[1mConsolidate compiler generated dependencies of target moveit_kinematics_plugin_loader[0m
[71.253s] [35m[1mConsolidate compiler generated dependencies of target moveit_constraint_sampler_manager_loader[0m
[71.286s] [ 41%] [32mBuilding CXX object kinematics_plugin_loader/CMakeFiles/moveit_kinematics_plugin_loader.dir/src/kinematics_plugin_loader.cpp.o[0m
[71.293s] [ 42%] [32mBuilding CXX object constraint_sampler_manager_loader/CMakeFiles/moveit_constraint_sampler_manager_loader.dir/src/constraint_sampler_manager_loader.cpp.o[0m
[72.241s] [ 44%] [32m[1mLinking CXX executable moveit_list_request_adapter_plugins[0m
[72.626s] [ 44%] Built target moveit_list_request_adapter_plugins
[83.045s] [ 45%] [32m[1mLinking CXX shared library libmoveit_planning_pipeline.so[0m
[83.495s] [ 45%] Built target moveit_planning_pipeline
[90.373s] [ 47%] [32m[1mLinking CXX shared library libmoveit_kinematics_plugin_loader.so[0m
[90.646s] [ 47%] Built target moveit_kinematics_plugin_loader
[90.664s] [35m[1mConsolidate compiler generated dependencies of target moveit_robot_model_loader[0m
[90.694s] [ 48%] [32mBuilding CXX object robot_model_loader/CMakeFiles/moveit_robot_model_loader.dir/src/robot_model_loader.cpp.o[0m
[90.776s] [ 50%] [32m[1mLinking CXX shared library libmoveit_constraint_sampler_manager_loader.so[0m
[91.154s] [ 50%] Built target moveit_constraint_sampler_manager_loader
[97.053s] [ 51%] [32m[1mLinking CXX shared library libmoveit_robot_model_loader.so[0m
[97.226s] [ 51%] Built target moveit_robot_model_loader
[97.240s] [35m[1mConsolidate compiler generated dependencies of target moveit_print_planning_model_info[0m
[97.245s] [35m[1mConsolidate compiler generated dependencies of target moveit_planning_scene_monitor[0m
[97.258s] [ 52%] [32mBuilding CXX object planning_components_tools/CMakeFiles/moveit_print_planning_model_info.dir/src/print_planning_model_info.cpp.o[0m
[97.288s] [ 54%] [32mBuilding CXX object planning_scene_monitor/CMakeFiles/moveit_planning_scene_monitor.dir/src/planning_scene_monitor.cpp.o[0m
[97.288s] [ 55%] [32mBuilding CXX object planning_scene_monitor/CMakeFiles/moveit_planning_scene_monitor.dir/src/current_state_monitor.cpp.o[0m
[97.291s] [ 57%] [32mBuilding CXX object planning_scene_monitor/CMakeFiles/moveit_planning_scene_monitor.dir/src/current_state_monitor_middleware_handle.cpp.o[0m
[97.293s] [ 58%] [32mBuilding CXX object planning_scene_monitor/CMakeFiles/moveit_planning_scene_monitor.dir/src/trajectory_monitor.cpp.o[0m
[97.294s] [ 60%] [32mBuilding CXX object planning_scene_monitor/CMakeFiles/moveit_planning_scene_monitor.dir/src/trajectory_monitor_middleware_handle.cpp.o[0m
[112.902s] [ 61%] [32m[1mLinking CXX executable moveit_print_planning_model_info[0m
[113.779s] [ 61%] Built target moveit_print_planning_model_info
[147.002s] [ 63%] [32m[1mLinking CXX shared library libmoveit_planning_scene_monitor.so[0m
[147.341s] [ 63%] Built target moveit_planning_scene_monitor
[147.353s] [35m[1mConsolidate compiler generated dependencies of target moveit_display_random_state[0m
[147.353s] [35m[1mConsolidate compiler generated dependencies of target moveit_publish_scene_from_text[0m
[147.353s] [35m[1mConsolidate compiler generated dependencies of target moveit_print_planning_scene_info[0m
[147.353s] [35m[1mConsolidate compiler generated dependencies of target trajectory_monitor_tests[0m
[147.353s] [35m[1mConsolidate compiler generated dependencies of target demo_scene[0m
[147.354s] [35m[1mConsolidate compiler generated dependencies of target planning_scene_monitor_test[0m
[147.354s] [35m[1mConsolidate compiler generated dependencies of target current_state_monitor_tests[0m
[147.354s] [35m[1mConsolidate compiler generated dependencies of target moveit_trajectory_execution_manager[0m
[147.355s] [35m[1mConsolidate compiler generated dependencies of target moveit_visualize_robot_collision_volume[0m
[147.355s] [35m[1mConsolidate compiler generated dependencies of target moveit_evaluate_collision_checking_speed[0m
[147.373s] [ 66%] [32mBuilding CXX object planning_scene_monitor/CMakeFiles/planning_scene_monitor_test.dir/test/planning_scene_monitor_test.cpp.o[0m
[147.373s] [ 66%] [32mBuilding CXX object planning_components_tools/CMakeFiles/moveit_display_random_state.dir/src/display_random_state.cpp.o[0m
[147.374s] [ 67%] [32mBuilding CXX object planning_scene_monitor/CMakeFiles/current_state_monitor_tests.dir/test/current_state_monitor_tests.cpp.o[0m
[147.375s] [ 69%] [32mBuilding CXX object planning_scene_monitor/CMakeFiles/demo_scene.dir/demos/demo_scene.cpp.o[0m
[147.375s] [ 70%] [32mBuilding CXX object planning_components_tools/CMakeFiles/moveit_print_planning_scene_info.dir/src/print_planning_scene_info.cpp.o[0m
[147.376s] [ 72%] [32mBuilding CXX object planning_components_tools/CMakeFiles/moveit_visualize_robot_collision_volume.dir/src/visualize_robot_collision_volume.cpp.o[0m
[147.377s] [ 73%] [32mBuilding CXX object planning_components_tools/CMakeFiles/moveit_publish_scene_from_text.dir/src/publish_scene_from_text.cpp.o[0m
[147.380s] [ 76%] [32mBuilding CXX object trajectory_execution_manager/CMakeFiles/moveit_trajectory_execution_manager.dir/src/trajectory_execution_manager.cpp.o[0m
[147.380s] [ 76%] [32mBuilding CXX object planning_scene_monitor/CMakeFiles/trajectory_monitor_tests.dir/test/trajectory_monitor_tests.cpp.o[0m
[147.382s] [ 77%] [32mBuilding CXX object planning_components_tools/CMakeFiles/moveit_evaluate_collision_checking_speed.dir/src/evaluate_collision_checking_speed.cpp.o[0m
[189.707s] [ 79%] [32m[1mLinking CXX executable moveit_print_planning_scene_info[0m
[191.145s] [ 79%] Built target moveit_print_planning_scene_info
[193.422s] [ 80%] [32m[1mLinking CXX executable demo_scene[0m
[193.482s] [ 82%] [32m[1mLinking CXX executable moveit_evaluate_collision_checking_speed[0m
[194.066s] [ 82%] Built target demo_scene
[194.123s] [ 83%] [32m[1mLinking CXX executable moveit_display_random_state[0m
[194.487s] [ 83%] Built target moveit_evaluate_collision_checking_speed
[195.309s] [ 83%] Built target moveit_display_random_state
[195.518s] [ 85%] [32m[1mLinking CXX executable trajectory_monitor_tests[0m
[196.093s] [ 86%] [32m[1mLinking CXX executable planning_scene_monitor_test[0m
[196.800s] [ 86%] Built target trajectory_monitor_tests
[197.201s] [ 86%] Built target planning_scene_monitor_test
[197.414s] [ 88%] [32m[1mLinking CXX executable moveit_visualize_robot_collision_volume[0m
[197.998s] [ 89%] [32m[1mLinking CXX executable current_state_monitor_tests[0m
[198.427s] [ 89%] Built target moveit_visualize_robot_collision_volume
[199.030s] [ 89%] Built target current_state_monitor_tests
[204.193s] [ 91%] [32m[1mLinking CXX executable moveit_publish_scene_from_text[0m
[204.669s] [ 91%] Built target moveit_publish_scene_from_text
[215.532s] [ 92%] [32m[1mLinking CXX shared library libmoveit_trajectory_execution_manager.so[0m
[215.777s] [ 92%] Built target moveit_trajectory_execution_manager
[215.789s] [35m[1mConsolidate compiler generated dependencies of target moveit_plan_execution[0m
[215.792s] [35m[1mConsolidate compiler generated dependencies of target moveit_cpp[0m
[215.814s] [ 94%] [32mBuilding CXX object plan_execution/CMakeFiles/moveit_plan_execution.dir/src/plan_execution.cpp.o[0m
[215.819s] [ 95%] [32mBuilding CXX object moveit_cpp/CMakeFiles/moveit_cpp.dir/src/moveit_cpp.cpp.o[0m
[215.819s] [ 97%] [32mBuilding CXX object moveit_cpp/CMakeFiles/moveit_cpp.dir/src/planning_component.cpp.o[0m
[233.720s] [ 98%] [32m[1mLinking CXX shared library libmoveit_plan_execution.so[0m
[234.212s] [ 98%] Built target moveit_plan_execution
[239.884s] [100%] [32m[1mLinking CXX shared library libmoveit_cpp.so[0m
[240.148s] [100%] Built target moveit_cpp
[240.162s] Invoked command in '/home/a/ws_nhk/build/moveit_ros_planning' returned '0': AMENT_PREFIX_PATH=/home/a/ws_nhk/install/moveit_ros_occupancy_map_monitor:/home/a/ws_nhk/install/moveit_core:/home/a/ws_nhk/install/moveit_resources_panda_moveit_config:/home/a/ws_nhk/install/moveit_configs_utils:/home/a/ws_nhk/install/srdfdom:/home/a/ws_nhk/install/moveit_resources_pr2_description:/home/a/ws_nhk/install/moveit_resources_panda_description:/home/a/ws_nhk/install/moveit_common:/home/a/ws_nhk/install/launch_param_builder:${AMENT_PREFIX_PATH} CMAKE_PREFIX_PATH=/home/a/ws_nhk/install/moveit_ros_occupancy_map_monitor:/home/a/ws_nhk/install/moveit_core:/home/a/ws_nhk/install/moveit_resources_panda_moveit_config:/home/a/ws_nhk/install/srdfdom:/home/a/ws_nhk/install/moveit_resources_pr2_description:/home/a/ws_nhk/install/moveit_resources_panda_description:/home/a/ws_nhk/install/moveit_common:/home/a/install/field_description_test:/opt/ros/humble LD_LIBRARY_PATH=/home/a/ws_nhk/install/moveit_ros_occupancy_map_monitor/lib:/home/a/ws_nhk/install/moveit_core/lib:/home/a/ws_nhk/install/srdfdom/lib:${LD_LIBRARY_PATH} PATH=/home/a/ws_nhk/install/moveit_core/bin:${PATH} PYTHONPATH=/home/a/ws_nhk/install/moveit_configs_utils/lib/python3.10/site-packages:/home/a/ws_nhk/install/srdfdom/local/lib/python3.10/dist-packages:/home/a/ws_nhk/install/launch_param_builder/lib/python3.10/site-packages:${PYTHONPATH} /usr/bin/cmake --build /home/a/ws_nhk/build/moveit_ros_planning -- -j22 -l22
[240.165s] Invoking command in '/home/a/ws_nhk/build/moveit_ros_planning': AMENT_PREFIX_PATH=/home/a/ws_nhk/install/moveit_ros_occupancy_map_monitor:/home/a/ws_nhk/install/moveit_core:/home/a/ws_nhk/install/moveit_resources_panda_moveit_config:/home/a/ws_nhk/install/moveit_configs_utils:/home/a/ws_nhk/install/srdfdom:/home/a/ws_nhk/install/moveit_resources_pr2_description:/home/a/ws_nhk/install/moveit_resources_panda_description:/home/a/ws_nhk/install/moveit_common:/home/a/ws_nhk/install/launch_param_builder:${AMENT_PREFIX_PATH} CMAKE_PREFIX_PATH=/home/a/ws_nhk/install/moveit_ros_occupancy_map_monitor:/home/a/ws_nhk/install/moveit_core:/home/a/ws_nhk/install/moveit_resources_panda_moveit_config:/home/a/ws_nhk/install/srdfdom:/home/a/ws_nhk/install/moveit_resources_pr2_description:/home/a/ws_nhk/install/moveit_resources_panda_description:/home/a/ws_nhk/install/moveit_common:/home/a/install/field_description_test:/opt/ros/humble LD_LIBRARY_PATH=/home/a/ws_nhk/install/moveit_ros_occupancy_map_monitor/lib:/home/a/ws_nhk/install/moveit_core/lib:/home/a/ws_nhk/install/srdfdom/lib:${LD_LIBRARY_PATH} PATH=/home/a/ws_nhk/install/moveit_core/bin:${PATH} PYTHONPATH=/home/a/ws_nhk/install/moveit_configs_utils/lib/python3.10/site-packages:/home/a/ws_nhk/install/srdfdom/local/lib/python3.10/dist-packages:/home/a/ws_nhk/install/launch_param_builder/lib/python3.10/site-packages:${PYTHONPATH} /usr/bin/cmake --install /home/a/ws_nhk/build/moveit_ros_planning
[240.173s] -- Install configuration: "Release"
[240.173s] -- Up-to-date: /home/a/ws_nhk/install/moveit_ros_planning/include
[240.173s] -- Up-to-date: /home/a/ws_nhk/install/moveit_ros_planning/include/moveit
[240.173s] -- Up-to-date: /home/a/ws_nhk/install/moveit_ros_planning/include/moveit/rdf_loader
[240.173s] -- Up-to-date: /home/a/ws_nhk/install/moveit_ros_planning/include/moveit/rdf_loader/synchronized_string_parameter.h
[240.173s] -- Up-to-date: /home/a/ws_nhk/install/moveit_ros_planning/include/moveit/rdf_loader/rdf_loader.h
[240.173s] -- Up-to-date: /home/a/ws_nhk/install/moveit_ros_planning/share/moveit_ros_planning/rdf_loader/test/data
[240.173s] -- Up-to-date: /home/a/ws_nhk/install/moveit_ros_planning/share/moveit_ros_planning/rdf_loader/test/data/robin.srdf.xacro
[240.174s] -- Up-to-date: /home/a/ws_nhk/install/moveit_ros_planning/share/moveit_ros_planning/rdf_loader/test/data/gonzo.srdf
[240.174s] -- Up-to-date: /home/a/ws_nhk/install/moveit_ros_planning/share/moveit_ros_planning/rdf_loader/test/data/kermit.srdf
[240.174s] -- Up-to-date: /home/a/ws_nhk/install/moveit_ros_planning/share/moveit_ros_planning/rdf_loader/test/data/kermit.urdf
[240.174s] -- Up-to-date: /home/a/ws_nhk/install/moveit_ros_planning/share/moveit_ros_planning/rdf_loader/test/data/gonzo.urdf
[240.174s] -- Up-to-date: /home/a/ws_nhk/install/moveit_ros_planning/share/moveit_ros_planning/rdf_loader/test/launch
[240.174s] -- Up-to-date: /home/a/ws_nhk/install/moveit_ros_planning/share/moveit_ros_planning/rdf_loader/test/launch/test_rdf_integration.test.py
[240.174s] -- Up-to-date: /home/a/ws_nhk/install/moveit_ros_planning/include
[240.174s] -- Up-to-date: /home/a/ws_nhk/install/moveit_ros_planning/include/moveit
[240.174s] -- Up-to-date: /home/a/ws_nhk/install/moveit_ros_planning/include/moveit/collision_plugin_loader
[240.174s] -- Up-to-date: /home/a/ws_nhk/install/moveit_ros_planning/include/moveit/collision_plugin_loader/collision_plugin_loader.h
[240.174s] -- Up-to-date: /home/a/ws_nhk/install/moveit_ros_planning/include
[240.174s] -- Up-to-date: /home/a/ws_nhk/install/moveit_ros_planning/include/moveit
[240.174s] -- Up-to-date: /home/a/ws_nhk/install/moveit_ros_planning/include/moveit/kinematics_plugin_loader
[240.174s] -- Up-to-date: /home/a/ws_nhk/install/moveit_ros_planning/include/moveit/kinematics_plugin_loader/kinematics_plugin_loader.h
[240.174s] -- Up-to-date: /home/a/ws_nhk/install/moveit_ros_planning/include
[240.175s] -- Up-to-date: /home/a/ws_nhk/install/moveit_ros_planning/include/moveit
[240.175s] -- Up-to-date: /home/a/ws_nhk/install/moveit_ros_planning/include/moveit/robot_model_loader
[240.175s] -- Up-to-date: /home/a/ws_nhk/install/moveit_ros_planning/include/moveit/robot_model_loader/robot_model_loader.h
[240.175s] -- Up-to-date: /home/a/ws_nhk/install/moveit_ros_planning/include
[240.175s] -- Up-to-date: /home/a/ws_nhk/install/moveit_ros_planning/include/moveit
[240.175s] -- Up-to-date: /home/a/ws_nhk/install/moveit_ros_planning/include/moveit/constraint_sampler_manager_loader
[240.175s] -- Up-to-date: /home/a/ws_nhk/install/moveit_ros_planning/include/moveit/constraint_sampler_manager_loader/constraint_sampler_manager_loader.h
[240.175s] -- Up-to-date: /home/a/ws_nhk/install/moveit_ros_planning/include
[240.175s] -- Up-to-date: /home/a/ws_nhk/install/moveit_ros_planning/include/moveit
[240.175s] -- Up-to-date: /home/a/ws_nhk/install/moveit_ros_planning/include/moveit/planning_pipeline
[240.175s] -- Up-to-date: /home/a/ws_nhk/install/moveit_ros_planning/include/moveit/planning_pipeline/planning_pipeline.h
[240.175s] -- Up-to-date: /home/a/ws_nhk/install/moveit_ros_planning/include/moveit_planning_pipeline_export.h
[240.176s] -- Installing: /home/a/ws_nhk/install/moveit_ros_planning/lib/moveit_ros_planning/moveit_list_request_adapter_plugins
[240.177s] -- Set runtime path of "/home/a/ws_nhk/install/moveit_ros_planning/lib/moveit_ros_planning/moveit_list_request_adapter_plugins" to ""
[240.178s] -- Installing: /home/a/ws_nhk/install/moveit_ros_planning/lib/moveit_ros_planning/demo_scene
[240.178s] -- Set runtime path of "/home/a/ws_nhk/install/moveit_ros_planning/lib/moveit_ros_planning/demo_scene" to ""
[240.178s] -- Up-to-date: /home/a/ws_nhk/install/moveit_ros_planning/include
[240.179s] -- Up-to-date: /home/a/ws_nhk/install/moveit_ros_planning/include/moveit
[240.179s] -- Up-to-date: /home/a/ws_nhk/install/moveit_ros_planning/include/moveit/planning_scene_monitor
[240.179s] -- Up-to-date: /home/a/ws_nhk/install/moveit_ros_planning/include/moveit/planning_scene_monitor/planning_scene_monitor.h
[240.179s] -- Up-to-date: /home/a/ws_nhk/install/moveit_ros_planning/include/moveit/planning_scene_monitor/trajectory_monitor.h
[240.179s] -- Up-to-date: /home/a/ws_nhk/install/moveit_ros_planning/include/moveit/planning_scene_monitor/trajectory_monitor_middleware_handle.hpp
[240.179s] -- Up-to-date: /home/a/ws_nhk/install/moveit_ros_planning/include/moveit/planning_scene_monitor/current_state_monitor.h
[240.179s] -- Up-to-date: /home/a/ws_nhk/install/moveit_ros_planning/include/moveit/planning_scene_monitor/current_state_monitor_middleware_handle.hpp
[240.179s] -- Up-to-date: /home/a/ws_nhk/install/moveit_ros_planning/include/moveit_planning_scene_monitor_export.h
[240.180s] -- Installing: /home/a/ws_nhk/install/moveit_ros_planning/lib/moveit_ros_planning/moveit_print_planning_model_info
[240.180s] -- Set runtime path of "/home/a/ws_nhk/install/moveit_ros_planning/lib/moveit_ros_planning/moveit_print_planning_model_info" to ""
[240.180s] -- Installing: /home/a/ws_nhk/install/moveit_ros_planning/lib/moveit_ros_planning/moveit_print_planning_scene_info
[240.180s] -- Set runtime path of "/home/a/ws_nhk/install/moveit_ros_planning/lib/moveit_ros_planning/moveit_print_planning_scene_info" to ""
[240.181s] -- Installing: /home/a/ws_nhk/install/moveit_ros_planning/lib/moveit_ros_planning/moveit_display_random_state
[240.181s] -- Set runtime path of "/home/a/ws_nhk/install/moveit_ros_planning/lib/moveit_ros_planning/moveit_display_random_state" to ""
[240.182s] -- Installing: /home/a/ws_nhk/install/moveit_ros_planning/lib/moveit_ros_planning/moveit_visualize_robot_collision_volume
[240.182s] -- Set runtime path of "/home/a/ws_nhk/install/moveit_ros_planning/lib/moveit_ros_planning/moveit_visualize_robot_collision_volume" to ""
[240.182s] -- Installing: /home/a/ws_nhk/install/moveit_ros_planning/lib/moveit_ros_planning/moveit_evaluate_collision_checking_speed
[240.183s] -- Set runtime path of "/home/a/ws_nhk/install/moveit_ros_planning/lib/moveit_ros_planning/moveit_evaluate_collision_checking_speed" to ""
[240.183s] -- Installing: /home/a/ws_nhk/install/moveit_ros_planning/lib/moveit_ros_planning/moveit_publish_scene_from_text
[240.183s] -- Set runtime path of "/home/a/ws_nhk/install/moveit_ros_planning/lib/moveit_ros_planning/moveit_publish_scene_from_text" to ""
[240.183s] -- Up-to-date: /home/a/ws_nhk/install/moveit_ros_planning/include
[240.184s] -- Up-to-date: /home/a/ws_nhk/install/moveit_ros_planning/include/moveit
[240.184s] -- Up-to-date: /home/a/ws_nhk/install/moveit_ros_planning/include/moveit/trajectory_execution_manager
[240.184s] -- Up-to-date: /home/a/ws_nhk/install/moveit_ros_planning/include/moveit/trajectory_execution_manager/trajectory_execution_manager.h
[240.184s] -- Up-to-date: /home/a/ws_nhk/install/moveit_ros_planning/include/moveit_trajectory_execution_manager_export.h
[240.184s] -- Up-to-date: /home/a/ws_nhk/install/moveit_ros_planning/include
[240.184s] -- Up-to-date: /home/a/ws_nhk/install/moveit_ros_planning/include/moveit
[240.184s] -- Up-to-date: /home/a/ws_nhk/install/moveit_ros_planning/include/moveit/plan_execution
[240.184s] -- Up-to-date: /home/a/ws_nhk/install/moveit_ros_planning/include/moveit/plan_execution/plan_execution.h
[240.184s] -- Up-to-date: /home/a/ws_nhk/install/moveit_ros_planning/include/moveit/plan_execution/plan_representation.h
[240.184s] -- Up-to-date: /home/a/ws_nhk/install/moveit_ros_planning/include
[240.184s] -- Up-to-date: /home/a/ws_nhk/install/moveit_ros_planning/include/moveit
[240.184s] -- Up-to-date: /home/a/ws_nhk/install/moveit_ros_planning/include/moveit/moveit_cpp
[240.184s] -- Up-to-date: /home/a/ws_nhk/install/moveit_ros_planning/include/moveit/moveit_cpp/moveit_cpp.h
[240.184s] -- Up-to-date: /home/a/ws_nhk/install/moveit_ros_planning/include/moveit/moveit_cpp/planning_component.h
[240.185s] -- Installing: /home/a/ws_nhk/install/moveit_ros_planning/lib/libmoveit_rdf_loader.so.2.5.9
[240.185s] -- Set runtime path of "/home/a/ws_nhk/install/moveit_ros_planning/lib/libmoveit_rdf_loader.so.2.5.9" to ""
[240.186s] -- Up-to-date: /home/a/ws_nhk/install/moveit_ros_planning/lib/libmoveit_rdf_loader.so
[240.186s] -- Installing: /home/a/ws_nhk/install/moveit_ros_planning/lib/libmoveit_kinematics_plugin_loader.so.2.5.9
[240.186s] -- Set runtime path of "/home/a/ws_nhk/install/moveit_ros_planning/lib/libmoveit_kinematics_plugin_loader.so.2.5.9" to ""
[240.186s] -- Up-to-date: /home/a/ws_nhk/install/moveit_ros_planning/lib/libmoveit_kinematics_plugin_loader.so
[240.187s] -- Installing: /home/a/ws_nhk/install/moveit_ros_planning/lib/libmoveit_robot_model_loader.so.2.5.9
[240.187s] -- Set runtime path of "/home/a/ws_nhk/install/moveit_ros_planning/lib/libmoveit_robot_model_loader.so.2.5.9" to ""
[240.187s] -- Up-to-date: /home/a/ws_nhk/install/moveit_ros_planning/lib/libmoveit_robot_model_loader.so
[240.188s] -- Installing: /home/a/ws_nhk/install/moveit_ros_planning/lib/libmoveit_constraint_sampler_manager_loader.so.2.5.9
[240.188s] -- Set runtime path of "/home/a/ws_nhk/install/moveit_ros_planning/lib/libmoveit_constraint_sampler_manager_loader.so.2.5.9" to ""
[240.188s] -- Up-to-date: /home/a/ws_nhk/install/moveit_ros_planning/lib/libmoveit_constraint_sampler_manager_loader.so
[240.188s] -- Installing: /home/a/ws_nhk/install/moveit_ros_planning/lib/libmoveit_planning_pipeline.so.2.5.9
[240.189s] -- Set runtime path of "/home/a/ws_nhk/install/moveit_ros_planning/lib/libmoveit_planning_pipeline.so.2.5.9" to ""
[240.189s] -- Up-to-date: /home/a/ws_nhk/install/moveit_ros_planning/lib/libmoveit_planning_pipeline.so
[240.190s] -- Installing: /home/a/ws_nhk/install/moveit_ros_planning/lib/libmoveit_trajectory_execution_manager.so.2.5.9
[240.191s] -- Set runtime path of "/home/a/ws_nhk/install/moveit_ros_planning/lib/libmoveit_trajectory_execution_manager.so.2.5.9" to ""
[240.191s] -- Up-to-date: /home/a/ws_nhk/install/moveit_ros_planning/lib/libmoveit_trajectory_execution_manager.so
[240.191s] -- Installing: /home/a/ws_nhk/install/moveit_ros_planning/lib/libmoveit_plan_execution.so.2.5.9
[240.192s] -- Set runtime path of "/home/a/ws_nhk/install/moveit_ros_planning/lib/libmoveit_plan_execution.so.2.5.9" to ""
[240.192s] -- Up-to-date: /home/a/ws_nhk/install/moveit_ros_planning/lib/libmoveit_plan_execution.so
[240.192s] -- Installing: /home/a/ws_nhk/install/moveit_ros_planning/lib/libmoveit_planning_scene_monitor.so.2.5.9
[240.195s] -- Set runtime path of "/home/a/ws_nhk/install/moveit_ros_planning/lib/libmoveit_planning_scene_monitor.so.2.5.9" to ""
[240.195s] -- Up-to-date: /home/a/ws_nhk/install/moveit_ros_planning/lib/libmoveit_planning_scene_monitor.so
[240.195s] -- Installing: /home/a/ws_nhk/install/moveit_ros_planning/lib/libmoveit_collision_plugin_loader.so.2.5.9
[240.195s] -- Set runtime path of "/home/a/ws_nhk/install/moveit_ros_planning/lib/libmoveit_collision_plugin_loader.so.2.5.9" to ""
[240.195s] -- Up-to-date: /home/a/ws_nhk/install/moveit_ros_planning/lib/libmoveit_collision_plugin_loader.so
[240.196s] -- Installing: /home/a/ws_nhk/install/moveit_ros_planning/lib/libmoveit_default_planning_request_adapter_plugins.so.2.5.9
[240.196s] -- Set runtime path of "/home/a/ws_nhk/install/moveit_ros_planning/lib/libmoveit_default_planning_request_adapter_plugins.so.2.5.9" to ""
[240.196s] -- Up-to-date: /home/a/ws_nhk/install/moveit_ros_planning/lib/libmoveit_default_planning_request_adapter_plugins.so
[240.196s] -- Installing: /home/a/ws_nhk/install/moveit_ros_planning/lib/libmoveit_cpp.so.2.5.9
[240.197s] -- Set runtime path of "/home/a/ws_nhk/install/moveit_ros_planning/lib/libmoveit_cpp.so.2.5.9" to ""
[240.197s] -- Up-to-date: /home/a/ws_nhk/install/moveit_ros_planning/lib/libmoveit_cpp.so
[240.197s] -- Up-to-date: /home/a/ws_nhk/install/moveit_ros_planning/share/moveit_ros_planning/environment/library_path.sh
[240.197s] -- Installing: /home/a/ws_nhk/install/moveit_ros_planning/share/moveit_ros_planning/environment/library_path.dsv
[240.197s] -- Up-to-date: /home/a/ws_nhk/install/moveit_ros_planning/share/moveit_ros_planning/planning_request_adapters_plugin_description.xml
[240.197s] -- Up-to-date: /home/a/ws_nhk/install/moveit_ros_planning/share/ament_index/resource_index/package_run_dependencies/moveit_ros_planning
[240.197s] -- Installing: /home/a/ws_nhk/install/moveit_ros_planning/share/ament_index/resource_index/parent_prefix_path/moveit_ros_planning
[240.198s] -- Up-to-date: /home/a/ws_nhk/install/moveit_ros_planning/share/moveit_ros_planning/environment/ament_prefix_path.sh
[240.198s] -- Installing: /home/a/ws_nhk/install/moveit_ros_planning/share/moveit_ros_planning/environment/ament_prefix_path.dsv
[240.198s] -- Up-to-date: /home/a/ws_nhk/install/moveit_ros_planning/share/moveit_ros_planning/environment/path.sh
[240.198s] -- Installing: /home/a/ws_nhk/install/moveit_ros_planning/share/moveit_ros_planning/environment/path.dsv
[240.198s] -- Up-to-date: /home/a/ws_nhk/install/moveit_ros_planning/share/moveit_ros_planning/local_setup.bash
[240.198s] -- Up-to-date: /home/a/ws_nhk/install/moveit_ros_planning/share/moveit_ros_planning/local_setup.sh
[240.198s] -- Up-to-date: /home/a/ws_nhk/install/moveit_ros_planning/share/moveit_ros_planning/local_setup.zsh
[240.198s] -- Installing: /home/a/ws_nhk/install/moveit_ros_planning/share/moveit_ros_planning/local_setup.dsv
[240.198s] -- Installing: /home/a/ws_nhk/install/moveit_ros_planning/share/moveit_ros_planning/package.dsv
[240.198s] -- Up-to-date: /home/a/ws_nhk/install/moveit_ros_planning/share/ament_index/resource_index/packages/moveit_ros_planning
[240.198s] -- Up-to-date: /home/a/ws_nhk/install/moveit_ros_planning/share/ament_index/resource_index/moveit_core__pluginlib__plugin/moveit_ros_planning
[240.199s] -- Up-to-date: /home/a/ws_nhk/install/moveit_ros_planning/share/moveit_ros_planning/cmake/export_moveit_ros_planningExport.cmake
[240.199s] -- Up-to-date: /home/a/ws_nhk/install/moveit_ros_planning/share/moveit_ros_planning/cmake/export_moveit_ros_planningExport-release.cmake
[240.199s] -- Up-to-date: /home/a/ws_nhk/install/moveit_ros_planning/share/moveit_ros_planning/cmake/ConfigExtras.cmake
[240.199s] -- Up-to-date: /home/a/ws_nhk/install/moveit_ros_planning/share/moveit_ros_planning/cmake/ament_cmake_export_targets-extras.cmake
[240.199s] -- Up-to-date: /home/a/ws_nhk/install/moveit_ros_planning/share/moveit_ros_planning/cmake/ament_cmake_export_dependencies-extras.cmake
[240.199s] -- Up-to-date: /home/a/ws_nhk/install/moveit_ros_planning/share/moveit_ros_planning/cmake/moveit_ros_planningConfig.cmake
[240.199s] -- Up-to-date: /home/a/ws_nhk/install/moveit_ros_planning/share/moveit_ros_planning/cmake/moveit_ros_planningConfig-version.cmake
[240.200s] -- Up-to-date: /home/a/ws_nhk/install/moveit_ros_planning/share/moveit_ros_planning/package.xml
[240.202s] Invoked command in '/home/a/ws_nhk/build/moveit_ros_planning' returned '0': AMENT_PREFIX_PATH=/home/a/ws_nhk/install/moveit_ros_occupancy_map_monitor:/home/a/ws_nhk/install/moveit_core:/home/a/ws_nhk/install/moveit_resources_panda_moveit_config:/home/a/ws_nhk/install/moveit_configs_utils:/home/a/ws_nhk/install/srdfdom:/home/a/ws_nhk/install/moveit_resources_pr2_description:/home/a/ws_nhk/install/moveit_resources_panda_description:/home/a/ws_nhk/install/moveit_common:/home/a/ws_nhk/install/launch_param_builder:${AMENT_PREFIX_PATH} CMAKE_PREFIX_PATH=/home/a/ws_nhk/install/moveit_ros_occupancy_map_monitor:/home/a/ws_nhk/install/moveit_core:/home/a/ws_nhk/install/moveit_resources_panda_moveit_config:/home/a/ws_nhk/install/srdfdom:/home/a/ws_nhk/install/moveit_resources_pr2_description:/home/a/ws_nhk/install/moveit_resources_panda_description:/home/a/ws_nhk/install/moveit_common:/home/a/install/field_description_test:/opt/ros/humble LD_LIBRARY_PATH=/home/a/ws_nhk/install/moveit_ros_occupancy_map_monitor/lib:/home/a/ws_nhk/install/moveit_core/lib:/home/a/ws_nhk/install/srdfdom/lib:${LD_LIBRARY_PATH} PATH=/home/a/ws_nhk/install/moveit_core/bin:${PATH} PYTHONPATH=/home/a/ws_nhk/install/moveit_configs_utils/lib/python3.10/site-packages:/home/a/ws_nhk/install/srdfdom/local/lib/python3.10/dist-packages:/home/a/ws_nhk/install/launch_param_builder/lib/python3.10/site-packages:${PYTHONPATH} /usr/bin/cmake --install /home/a/ws_nhk/build/moveit_ros_planning
