[0.023s] Invoking command in '/home/a/ws_nhk/build/moveit_planners_ompl': AMENT_PREFIX_PATH=/home/a/ws_nhk/install/moveit_ros_planning:/home/a/ws_nhk/install/moveit_ros_occupancy_map_monitor:/home/a/ws_nhk/install/moveit_core:/home/a/ws_nhk/install/moveit_resources_panda_moveit_config:/home/a/ws_nhk/install/moveit_resources_fanuc_moveit_config:/home/a/ws_nhk/install/moveit_configs_utils:/home/a/ws_nhk/install/srdfdom:/home/a/ws_nhk/install/moveit_resources_pr2_description:/home/a/ws_nhk/install/moveit_resources_panda_description:/home/a/ws_nhk/install/moveit_resources_fanuc_description:/home/a/ws_nhk/install/moveit_common:/home/a/ws_nhk/install/launch_param_builder:${AMENT_PREFIX_PATH} CMAKE_PREFIX_PATH=/home/a/ws_nhk/install/moveit_ros_planning:/home/a/ws_nhk/install/moveit_ros_occupancy_map_monitor:/home/a/ws_nhk/install/moveit_core:/home/a/ws_nhk/install/moveit_resources_panda_moveit_config:/home/a/ws_nhk/install/moveit_resources_fanuc_moveit_config:/home/a/ws_nhk/install/srdfdom:/home/a/ws_nhk/install/moveit_resources_pr2_description:/home/a/ws_nhk/install/moveit_resources_panda_description:/home/a/ws_nhk/install/moveit_resources_fanuc_description:/home/a/ws_nhk/install/moveit_common:/home/a/install/field_description_test:/opt/ros/humble LD_LIBRARY_PATH=/home/a/ws_nhk/install/moveit_ros_planning/lib:/home/a/ws_nhk/install/moveit_ros_occupancy_map_monitor/lib:/home/a/ws_nhk/install/moveit_core/lib:/home/a/ws_nhk/install/srdfdom/lib:${LD_LIBRARY_PATH} PATH=/home/a/ws_nhk/install/moveit_core/bin:${PATH} PYTHONPATH=/home/a/ws_nhk/install/moveit_configs_utils/lib/python3.10/site-packages:/home/a/ws_nhk/install/srdfdom/local/lib/python3.10/dist-packages:/home/a/ws_nhk/install/launch_param_builder/lib/python3.10/site-packages:${PYTHONPATH} /usr/bin/cmake --build /home/a/ws_nhk/build/moveit_planners_ompl -- -j22 -l22
[0.055s] -- Found moveit_common: 2.5.9 (/home/a/ws_nhk/install/moveit_common/share/moveit_common/cmake)
[0.055s] -- Found ament_cmake: 1.3.12 (/opt/ros/humble/share/ament_cmake/cmake)
[0.290s] -- Found Boost: /usr/lib/x86_64-linux-gnu/cmake/Boost-1.74.0/BoostConfig.cmake (found version "1.74.0") found components: system filesystem date_time thread serialization 
[0.291s] -- Found moveit_core: 2.5.9 (/home/a/ws_nhk/install/moveit_core/share/moveit_core/cmake)
[0.303s] -- Found Boost: /usr/lib/x86_64-linux-gnu/cmake/Boost-1.74.0/BoostConfig.cmake (found version "1.74.0") found components: chrono date_time filesystem iostreams program_options regex serialization system thread 
[0.346s] -- Found parameter_traits: 0.5.0 (/opt/ros/humble/share/parameter_traits/cmake)
[0.373s] -- Found rosidl_generator_c: 3.1.7 (/opt/ros/humble/share/rosidl_generator_c/cmake)
[0.376s] -- Found rosidl_adapter: 3.1.7 (/opt/ros/humble/share/rosidl_adapter/cmake)
[0.383s] -- Found rosidl_generator_cpp: 3.1.7 (/opt/ros/humble/share/rosidl_generator_cpp/cmake)
[0.395s] -- Using all available rosidl_typesupport_c: rosidl_typesupport_fastrtps_c;rosidl_typesupport_introspection_c
[0.410s] -- Using all available rosidl_typesupport_cpp: rosidl_typesupport_fastrtps_cpp;rosidl_typesupport_introspection_cpp
[0.450s] -- Found rmw_implementation_cmake: 6.1.2 (/opt/ros/humble/share/rmw_implementation_cmake/cmake)
[0.452s] -- Found rmw_fastrtps_cpp: 6.2.9 (/opt/ros/humble/share/rmw_fastrtps_cpp/cmake)
[0.597s] -- Using RMW implementation 'rmw_fastrtps_cpp' as default
[0.666s] -- Found rclcpp_lifecycle: 16.0.16 (/opt/ros/humble/share/rclcpp_lifecycle/cmake)
[0.694s] -- Found Boost: /usr/lib/x86_64-linux-gnu/cmake/Boost-1.74.0/BoostConfig.cmake (found version "1.74.0") found components: filesystem 
[0.757s] -- library: /usr/lib/x86_64-linux-gnu/libcurl.so
[0.844s] -- Ensuring Eigen3 include directory is part of orocos-kdl CMake target
[1.120s] -- Found moveit_ros_planning: 2.5.9 (/home/a/ws_nhk/install/moveit_ros_planning/share/moveit_ros_planning/cmake)
[1.129s] -- Found Boost: /usr/lib/x86_64-linux-gnu/cmake/Boost-1.74.0/BoostConfig.cmake (found version "1.74.0") found components: system filesystem date_time program_options thread chrono 
[1.174s] -- Found Boost: /usr/lib/x86_64-linux-gnu/cmake/Boost-1.74.0/BoostConfig.cmake (found version "1.74.0") found components: serialization filesystem system 
[1.207s] -- Found ament_cmake_gtest: 1.3.12 (/opt/ros/humble/share/ament_cmake_gtest/cmake)
[1.210s] -- Found gtest sources under '/opt/ros/humble/src/gtest_vendor': C++ tests using 'Google Test' will be built
[1.278s] -- Found ament_lint_auto: 0.12.14 (/opt/ros/humble/share/ament_lint_auto/cmake)
[1.314s] -- Added test 'cppcheck' to perform static code analysis on C / C++ code
[1.314s] -- Configured cppcheck include dirs: /home/a/ws_nhk/src/moveit2/moveit_planners/ompl/ompl_interface/include
[1.314s] -- Configured cppcheck exclude dirs and/or files: 
[1.316s] -- Added test 'lint_cmake' to check CMake code style
[1.317s] -- Added test 'xmllint' to check XML markup files
[1.319s] -- Configuring done
[1.585s] -- Generating done
[1.725s] -- Build files have been written to: /home/a/ws_nhk/build/moveit_planners_ompl
[1.853s] [35m[1mConsolidate compiler generated dependencies of target gtest_main[0m
[1.854s] [35m[1mConsolidate compiler generated dependencies of target gtest[0m
[1.899s] [  4%] Built target gtest_main
[1.912s] [  9%] Built target gtest
[1.993s] [35m[1mConsolidate compiler generated dependencies of target moveit_ompl_interface[0m
[2.482s] [ 12%] [32mBuilding CXX object ompl_interface/CMakeFiles/moveit_ompl_interface.dir/src/ompl_interface.cpp.o[0m
[2.546s] [ 14%] [32mBuilding CXX object ompl_interface/CMakeFiles/moveit_ompl_interface.dir/src/planning_context_manager.cpp.o[0m
[2.587s] [ 17%] [32mBuilding CXX object ompl_interface/CMakeFiles/moveit_ompl_interface.dir/src/model_based_planning_context.cpp.o[0m
[2.615s] [ 19%] [32mBuilding CXX object ompl_interface/CMakeFiles/moveit_ompl_interface.dir/src/parameterization/model_based_state_space.cpp.o[0m
[2.621s] [ 21%] [32mBuilding CXX object ompl_interface/CMakeFiles/moveit_ompl_interface.dir/src/parameterization/joint_space/constrained_planning_state_space.cpp.o[0m
[2.627s] [ 24%] [32mBuilding CXX object ompl_interface/CMakeFiles/moveit_ompl_interface.dir/src/parameterization/model_based_state_space_factory.cpp.o[0m
[2.676s] [ 26%] [32mBuilding CXX object ompl_interface/CMakeFiles/moveit_ompl_interface.dir/src/parameterization/joint_space/constrained_planning_state_space_factory.cpp.o[0m
[2.677s] [ 29%] [32mBuilding CXX object ompl_interface/CMakeFiles/moveit_ompl_interface.dir/src/parameterization/joint_space/joint_model_state_space_factory.cpp.o[0m
[2.739s] [ 31%] [32mBuilding CXX object ompl_interface/CMakeFiles/moveit_ompl_interface.dir/src/parameterization/work_space/pose_model_state_space.cpp.o[0m
[2.750s] [ 34%] [32mBuilding CXX object ompl_interface/CMakeFiles/moveit_ompl_interface.dir/src/parameterization/work_space/pose_model_state_space_factory.cpp.o[0m
[2.765s] [ 36%] [32mBuilding CXX object ompl_interface/CMakeFiles/moveit_ompl_interface.dir/src/parameterization/joint_space/joint_model_state_space.cpp.o[0m
[2.800s] [ 39%] [32mBuilding CXX object ompl_interface/CMakeFiles/moveit_ompl_interface.dir/src/detail/threadsafe_state_storage.cpp.o[0m
[2.833s] [ 41%] [32mBuilding CXX object ompl_interface/CMakeFiles/moveit_ompl_interface.dir/src/detail/state_validity_checker.cpp.o[0m
[2.841s] [ 43%] [32mBuilding CXX object ompl_interface/CMakeFiles/moveit_ompl_interface.dir/src/detail/ompl_constraints.cpp.o[0m
[2.886s] [ 46%] [32mBuilding CXX object ompl_interface/CMakeFiles/moveit_ompl_interface.dir/src/detail/constraints_library.cpp.o[0m
[2.937s] [ 48%] [32mBuilding CXX object ompl_interface/CMakeFiles/moveit_ompl_interface.dir/src/detail/projection_evaluators.cpp.o[0m
[2.962s] [ 51%] [32mBuilding CXX object ompl_interface/CMakeFiles/moveit_ompl_interface.dir/src/detail/constrained_sampler.cpp.o[0m
[2.981s] [ 53%] [32mBuilding CXX object ompl_interface/CMakeFiles/moveit_ompl_interface.dir/src/detail/constrained_valid_state_sampler.cpp.o[0m
[3.061s] [ 56%] [32mBuilding CXX object ompl_interface/CMakeFiles/moveit_ompl_interface.dir/src/detail/constrained_goal_sampler.cpp.o[0m
[168.239s] [ 58%] [32m[1mLinking CXX shared library libmoveit_ompl_interface.so[0m
[170.011s] [ 60%] Built target moveit_ompl_interface
[170.056s] [35m[1mConsolidate compiler generated dependencies of target test_constrained_planning_state_space[0m
[170.056s] [35m[1mConsolidate compiler generated dependencies of target test_state_validity_checker[0m
[170.058s] [35m[1mConsolidate compiler generated dependencies of target test_threadsafe_state_storage[0m
[170.060s] [35m[1mConsolidate compiler generated dependencies of target test_state_space[0m
[170.061s] [35m[1mConsolidate compiler generated dependencies of target test_planning_context_manager[0m
[170.063s] [35m[1mConsolidate compiler generated dependencies of target moveit_ompl_planner_plugin[0m
[170.063s] [35m[1mConsolidate compiler generated dependencies of target moveit_generate_state_database[0m
[170.069s] [35m[1mConsolidate compiler generated dependencies of target test_constrained_state_validity_checker[0m
[170.127s] [ 63%] [32mBuilding CXX object ompl_interface/CMakeFiles/test_constrained_planning_state_space.dir/test/test_constrained_planning_state_space.cpp.o[0m
[170.132s] [ 65%] [32mBuilding CXX object ompl_interface/CMakeFiles/test_state_space.dir/test/test_state_space.cpp.o[0m
[170.137s] [ 68%] [32mBuilding CXX object ompl_interface/CMakeFiles/test_threadsafe_state_storage.dir/test/test_threadsafe_state_storage.cpp.o[0m
[170.152s] [ 70%] [32mBuilding CXX object ompl_interface/CMakeFiles/test_state_validity_checker.dir/test/test_state_validity_checker.cpp.o[0m
[170.167s] [ 75%] [32mBuilding CXX object ompl_interface/CMakeFiles/moveit_ompl_planner_plugin.dir/src/ompl_planner_manager.cpp.o[0m
[170.167s] [ 75%] [32mBuilding CXX object ompl_interface/CMakeFiles/test_planning_context_manager.dir/test/test_planning_context_manager.cpp.o[0m
[170.191s] [ 78%] [32mBuilding CXX object ompl_interface/CMakeFiles/test_constrained_state_validity_checker.dir/test/test_constrained_state_validity_checker.cpp.o[0m
[170.194s] [ 80%] [32mBuilding CXX object ompl_interface/CMakeFiles/moveit_generate_state_database.dir/scripts/generate_state_database.cpp.o[0m
[202.149s] [ 82%] [32m[1mLinking CXX executable test_threadsafe_state_storage[0m
[204.147s] [ 82%] Built target test_threadsafe_state_storage
[220.678s] [ 85%] [32m[1mLinking CXX executable test_state_space[0m
[223.515s] [ 85%] Built target test_state_space
[228.848s] [ 87%] [32m[1mLinking CXX executable test_state_validity_checker[0m
[229.441s] [ 90%] [32m[1mLinking CXX executable test_constrained_state_validity_checker[0m
[231.727s] [ 90%] Built target test_state_validity_checker
[232.516s] [ 90%] Built target test_constrained_state_validity_checker
[238.145s] [ 92%] [32m[1mLinking CXX shared library libmoveit_ompl_planner_plugin.so[0m
[239.520s] [ 95%] [32m[1mLinking CXX executable test_constrained_planning_state_space[0m
[239.855s] [ 95%] Built target moveit_ompl_planner_plugin
[242.100s] [ 95%] Built target test_constrained_planning_state_space
[251.818s] [ 97%] [32m[1mLinking CXX executable test_planning_context_manager[0m
[253.967s] [ 97%] Built target test_planning_context_manager
[256.872s] [100%] [32m[1mLinking CXX executable generate_state_database[0m
[258.711s] [100%] Built target moveit_generate_state_database
[258.763s] Invoked command in '/home/a/ws_nhk/build/moveit_planners_ompl' returned '0': AMENT_PREFIX_PATH=/home/a/ws_nhk/install/moveit_ros_planning:/home/a/ws_nhk/install/moveit_ros_occupancy_map_monitor:/home/a/ws_nhk/install/moveit_core:/home/a/ws_nhk/install/moveit_resources_panda_moveit_config:/home/a/ws_nhk/install/moveit_resources_fanuc_moveit_config:/home/a/ws_nhk/install/moveit_configs_utils:/home/a/ws_nhk/install/srdfdom:/home/a/ws_nhk/install/moveit_resources_pr2_description:/home/a/ws_nhk/install/moveit_resources_panda_description:/home/a/ws_nhk/install/moveit_resources_fanuc_description:/home/a/ws_nhk/install/moveit_common:/home/a/ws_nhk/install/launch_param_builder:${AMENT_PREFIX_PATH} CMAKE_PREFIX_PATH=/home/a/ws_nhk/install/moveit_ros_planning:/home/a/ws_nhk/install/moveit_ros_occupancy_map_monitor:/home/a/ws_nhk/install/moveit_core:/home/a/ws_nhk/install/moveit_resources_panda_moveit_config:/home/a/ws_nhk/install/moveit_resources_fanuc_moveit_config:/home/a/ws_nhk/install/srdfdom:/home/a/ws_nhk/install/moveit_resources_pr2_description:/home/a/ws_nhk/install/moveit_resources_panda_description:/home/a/ws_nhk/install/moveit_resources_fanuc_description:/home/a/ws_nhk/install/moveit_common:/home/a/install/field_description_test:/opt/ros/humble LD_LIBRARY_PATH=/home/a/ws_nhk/install/moveit_ros_planning/lib:/home/a/ws_nhk/install/moveit_ros_occupancy_map_monitor/lib:/home/a/ws_nhk/install/moveit_core/lib:/home/a/ws_nhk/install/srdfdom/lib:${LD_LIBRARY_PATH} PATH=/home/a/ws_nhk/install/moveit_core/bin:${PATH} PYTHONPATH=/home/a/ws_nhk/install/moveit_configs_utils/lib/python3.10/site-packages:/home/a/ws_nhk/install/srdfdom/local/lib/python3.10/dist-packages:/home/a/ws_nhk/install/launch_param_builder/lib/python3.10/site-packages:${PYTHONPATH} /usr/bin/cmake --build /home/a/ws_nhk/build/moveit_planners_ompl -- -j22 -l22
[258.772s] Invoking command in '/home/a/ws_nhk/build/moveit_planners_ompl': AMENT_PREFIX_PATH=/home/a/ws_nhk/install/moveit_ros_planning:/home/a/ws_nhk/install/moveit_ros_occupancy_map_monitor:/home/a/ws_nhk/install/moveit_core:/home/a/ws_nhk/install/moveit_resources_panda_moveit_config:/home/a/ws_nhk/install/moveit_resources_fanuc_moveit_config:/home/a/ws_nhk/install/moveit_configs_utils:/home/a/ws_nhk/install/srdfdom:/home/a/ws_nhk/install/moveit_resources_pr2_description:/home/a/ws_nhk/install/moveit_resources_panda_description:/home/a/ws_nhk/install/moveit_resources_fanuc_description:/home/a/ws_nhk/install/moveit_common:/home/a/ws_nhk/install/launch_param_builder:${AMENT_PREFIX_PATH} CMAKE_PREFIX_PATH=/home/a/ws_nhk/install/moveit_ros_planning:/home/a/ws_nhk/install/moveit_ros_occupancy_map_monitor:/home/a/ws_nhk/install/moveit_core:/home/a/ws_nhk/install/moveit_resources_panda_moveit_config:/home/a/ws_nhk/install/moveit_resources_fanuc_moveit_config:/home/a/ws_nhk/install/srdfdom:/home/a/ws_nhk/install/moveit_resources_pr2_description:/home/a/ws_nhk/install/moveit_resources_panda_description:/home/a/ws_nhk/install/moveit_resources_fanuc_description:/home/a/ws_nhk/install/moveit_common:/home/a/install/field_description_test:/opt/ros/humble LD_LIBRARY_PATH=/home/a/ws_nhk/install/moveit_ros_planning/lib:/home/a/ws_nhk/install/moveit_ros_occupancy_map_monitor/lib:/home/a/ws_nhk/install/moveit_core/lib:/home/a/ws_nhk/install/srdfdom/lib:${LD_LIBRARY_PATH} PATH=/home/a/ws_nhk/install/moveit_core/bin:${PATH} PYTHONPATH=/home/a/ws_nhk/install/moveit_configs_utils/lib/python3.10/site-packages:/home/a/ws_nhk/install/srdfdom/local/lib/python3.10/dist-packages:/home/a/ws_nhk/install/launch_param_builder/lib/python3.10/site-packages:${PYTHONPATH} /usr/bin/cmake --install /home/a/ws_nhk/build/moveit_planners_ompl
[258.808s] -- Install configuration: "Release"
[258.811s] -- Installing: /home/a/ws_nhk/install/moveit_planners_ompl/lib/moveit_planners_ompl/generate_state_database
[258.815s] -- Set runtime path of "/home/a/ws_nhk/install/moveit_planners_ompl/lib/moveit_planners_ompl/generate_state_database" to ""
[258.816s] -- Up-to-date: /home/a/ws_nhk/install/moveit_planners_ompl/include
[258.816s] -- Up-to-date: /home/a/ws_nhk/install/moveit_planners_ompl/include/moveit
[258.816s] -- Up-to-date: /home/a/ws_nhk/install/moveit_planners_ompl/include/moveit/ompl_interface
[258.817s] -- Up-to-date: /home/a/ws_nhk/install/moveit_planners_ompl/include/moveit/ompl_interface/ompl_interface.h
[258.817s] -- Up-to-date: /home/a/ws_nhk/install/moveit_planners_ompl/include/moveit/ompl_interface/model_based_planning_context.h
[258.817s] -- Up-to-date: /home/a/ws_nhk/install/moveit_planners_ompl/include/moveit/ompl_interface/planning_context_manager.h
[258.818s] -- Up-to-date: /home/a/ws_nhk/install/moveit_planners_ompl/include/moveit/ompl_interface/detail
[258.818s] -- Up-to-date: /home/a/ws_nhk/install/moveit_planners_ompl/include/moveit/ompl_interface/detail/projection_evaluators.h
[258.819s] -- Up-to-date: /home/a/ws_nhk/install/moveit_planners_ompl/include/moveit/ompl_interface/detail/ompl_constraints.h
[258.820s] -- Up-to-date: /home/a/ws_nhk/install/moveit_planners_ompl/include/moveit/ompl_interface/detail/constrained_sampler.h
[258.820s] -- Up-to-date: /home/a/ws_nhk/install/moveit_planners_ompl/include/moveit/ompl_interface/detail/constrained_valid_state_sampler.h
[258.820s] -- Up-to-date: /home/a/ws_nhk/install/moveit_planners_ompl/include/moveit/ompl_interface/detail/goal_union.h
[258.821s] -- Up-to-date: /home/a/ws_nhk/install/moveit_planners_ompl/include/moveit/ompl_interface/detail/constraint_approximations.h
[258.821s] -- Up-to-date: /home/a/ws_nhk/install/moveit_planners_ompl/include/moveit/ompl_interface/detail/threadsafe_state_storage.h
[258.821s] -- Up-to-date: /home/a/ws_nhk/install/moveit_planners_ompl/include/moveit/ompl_interface/detail/state_validity_checker.h
[258.822s] -- Up-to-date: /home/a/ws_nhk/install/moveit_planners_ompl/include/moveit/ompl_interface/detail/constrained_goal_sampler.h
[258.822s] -- Up-to-date: /home/a/ws_nhk/install/moveit_planners_ompl/include/moveit/ompl_interface/detail/constraints_library.h
[258.822s] -- Up-to-date: /home/a/ws_nhk/install/moveit_planners_ompl/include/moveit/ompl_interface/parameterization
[258.822s] -- Up-to-date: /home/a/ws_nhk/install/moveit_planners_ompl/include/moveit/ompl_interface/parameterization/joint_space
[258.823s] -- Up-to-date: /home/a/ws_nhk/install/moveit_planners_ompl/include/moveit/ompl_interface/parameterization/joint_space/constrained_planning_state_space_factory.h
[258.823s] -- Up-to-date: /home/a/ws_nhk/install/moveit_planners_ompl/include/moveit/ompl_interface/parameterization/joint_space/constrained_planning_state_space.h
[258.824s] -- Up-to-date: /home/a/ws_nhk/install/moveit_planners_ompl/include/moveit/ompl_interface/parameterization/joint_space/joint_model_state_space.h
[258.824s] -- Up-to-date: /home/a/ws_nhk/install/moveit_planners_ompl/include/moveit/ompl_interface/parameterization/joint_space/joint_model_state_space_factory.h
[258.825s] -- Up-to-date: /home/a/ws_nhk/install/moveit_planners_ompl/include/moveit/ompl_interface/parameterization/model_based_state_space.h
[258.825s] -- Up-to-date: /home/a/ws_nhk/install/moveit_planners_ompl/include/moveit/ompl_interface/parameterization/model_based_state_space_factory.h
[258.825s] -- Up-to-date: /home/a/ws_nhk/install/moveit_planners_ompl/include/moveit/ompl_interface/parameterization/work_space
[258.826s] -- Up-to-date: /home/a/ws_nhk/install/moveit_planners_ompl/include/moveit/ompl_interface/parameterization/work_space/pose_model_state_space_factory.h
[258.826s] -- Up-to-date: /home/a/ws_nhk/install/moveit_planners_ompl/include/moveit/ompl_interface/parameterization/work_space/pose_model_state_space.h
[258.826s] -- Installing: /home/a/ws_nhk/install/moveit_planners_ompl/lib/libmoveit_ompl_interface.so.2.5.9
[258.829s] -- Set runtime path of "/home/a/ws_nhk/install/moveit_planners_ompl/lib/libmoveit_ompl_interface.so.2.5.9" to ""
[258.830s] -- Up-to-date: /home/a/ws_nhk/install/moveit_planners_ompl/lib/libmoveit_ompl_interface.so
[258.831s] -- Installing: /home/a/ws_nhk/install/moveit_planners_ompl/lib/libmoveit_ompl_planner_plugin.so.2.5.9
[258.834s] -- Set runtime path of "/home/a/ws_nhk/install/moveit_planners_ompl/lib/libmoveit_ompl_planner_plugin.so.2.5.9" to ""
[258.834s] -- Up-to-date: /home/a/ws_nhk/install/moveit_planners_ompl/lib/libmoveit_ompl_planner_plugin.so
[258.835s] -- Up-to-date: /home/a/ws_nhk/install/moveit_planners_ompl/share/moveit_planners_ompl/environment/library_path.sh
[258.836s] -- Installing: /home/a/ws_nhk/install/moveit_planners_ompl/share/moveit_planners_ompl/environment/library_path.dsv
[258.836s] -- Up-to-date: /home/a/ws_nhk/install/moveit_planners_ompl/share/moveit_planners_ompl/ompl_interface_plugin_description.xml
[258.837s] -- Up-to-date: /home/a/ws_nhk/install/moveit_planners_ompl/share/ament_index/resource_index/package_run_dependencies/moveit_planners_ompl
[258.837s] -- Installing: /home/a/ws_nhk/install/moveit_planners_ompl/share/ament_index/resource_index/parent_prefix_path/moveit_planners_ompl
[258.838s] -- Up-to-date: /home/a/ws_nhk/install/moveit_planners_ompl/share/moveit_planners_ompl/environment/ament_prefix_path.sh
[258.838s] -- Installing: /home/a/ws_nhk/install/moveit_planners_ompl/share/moveit_planners_ompl/environment/ament_prefix_path.dsv
[258.839s] -- Up-to-date: /home/a/ws_nhk/install/moveit_planners_ompl/share/moveit_planners_ompl/environment/path.sh
[258.840s] -- Installing: /home/a/ws_nhk/install/moveit_planners_ompl/share/moveit_planners_ompl/environment/path.dsv
[258.840s] -- Up-to-date: /home/a/ws_nhk/install/moveit_planners_ompl/share/moveit_planners_ompl/local_setup.bash
[258.841s] -- Up-to-date: /home/a/ws_nhk/install/moveit_planners_ompl/share/moveit_planners_ompl/local_setup.sh
[258.841s] -- Up-to-date: /home/a/ws_nhk/install/moveit_planners_ompl/share/moveit_planners_ompl/local_setup.zsh
[258.841s] -- Installing: /home/a/ws_nhk/install/moveit_planners_ompl/share/moveit_planners_ompl/local_setup.dsv
[258.842s] -- Installing: /home/a/ws_nhk/install/moveit_planners_ompl/share/moveit_planners_ompl/package.dsv
[258.843s] -- Up-to-date: /home/a/ws_nhk/install/moveit_planners_ompl/share/ament_index/resource_index/packages/moveit_planners_ompl
[258.843s] -- Up-to-date: /home/a/ws_nhk/install/moveit_planners_ompl/share/ament_index/resource_index/moveit_core__pluginlib__plugin/moveit_planners_ompl
[258.844s] -- Up-to-date: /home/a/ws_nhk/install/moveit_planners_ompl/share/moveit_planners_ompl/cmake/export_moveit_planners_omplExport.cmake
[258.844s] -- Up-to-date: /home/a/ws_nhk/install/moveit_planners_ompl/share/moveit_planners_ompl/cmake/export_moveit_planners_omplExport-release.cmake
[258.845s] -- Up-to-date: /home/a/ws_nhk/install/moveit_planners_ompl/share/moveit_planners_ompl/cmake/ament_cmake_export_targets-extras.cmake
[258.845s] -- Up-to-date: /home/a/ws_nhk/install/moveit_planners_ompl/share/moveit_planners_ompl/cmake/ament_cmake_export_dependencies-extras.cmake
[258.845s] -- Up-to-date: /home/a/ws_nhk/install/moveit_planners_ompl/share/moveit_planners_ompl/cmake/moveit_planners_omplConfig.cmake
[258.846s] -- Up-to-date: /home/a/ws_nhk/install/moveit_planners_ompl/share/moveit_planners_ompl/cmake/moveit_planners_omplConfig-version.cmake
[258.846s] -- Up-to-date: /home/a/ws_nhk/install/moveit_planners_ompl/share/moveit_planners_ompl/package.xml
[258.855s] Invoked command in '/home/a/ws_nhk/build/moveit_planners_ompl' returned '0': AMENT_PREFIX_PATH=/home/a/ws_nhk/install/moveit_ros_planning:/home/a/ws_nhk/install/moveit_ros_occupancy_map_monitor:/home/a/ws_nhk/install/moveit_core:/home/a/ws_nhk/install/moveit_resources_panda_moveit_config:/home/a/ws_nhk/install/moveit_resources_fanuc_moveit_config:/home/a/ws_nhk/install/moveit_configs_utils:/home/a/ws_nhk/install/srdfdom:/home/a/ws_nhk/install/moveit_resources_pr2_description:/home/a/ws_nhk/install/moveit_resources_panda_description:/home/a/ws_nhk/install/moveit_resources_fanuc_description:/home/a/ws_nhk/install/moveit_common:/home/a/ws_nhk/install/launch_param_builder:${AMENT_PREFIX_PATH} CMAKE_PREFIX_PATH=/home/a/ws_nhk/install/moveit_ros_planning:/home/a/ws_nhk/install/moveit_ros_occupancy_map_monitor:/home/a/ws_nhk/install/moveit_core:/home/a/ws_nhk/install/moveit_resources_panda_moveit_config:/home/a/ws_nhk/install/moveit_resources_fanuc_moveit_config:/home/a/ws_nhk/install/srdfdom:/home/a/ws_nhk/install/moveit_resources_pr2_description:/home/a/ws_nhk/install/moveit_resources_panda_description:/home/a/ws_nhk/install/moveit_resources_fanuc_description:/home/a/ws_nhk/install/moveit_common:/home/a/install/field_description_test:/opt/ros/humble LD_LIBRARY_PATH=/home/a/ws_nhk/install/moveit_ros_planning/lib:/home/a/ws_nhk/install/moveit_ros_occupancy_map_monitor/lib:/home/a/ws_nhk/install/moveit_core/lib:/home/a/ws_nhk/install/srdfdom/lib:${LD_LIBRARY_PATH} PATH=/home/a/ws_nhk/install/moveit_core/bin:${PATH} PYTHONPATH=/home/a/ws_nhk/install/moveit_configs_utils/lib/python3.10/site-packages:/home/a/ws_nhk/install/srdfdom/local/lib/python3.10/dist-packages:/home/a/ws_nhk/install/launch_param_builder/lib/python3.10/site-packages:${PYTHONPATH} /usr/bin/cmake --install /home/a/ws_nhk/build/moveit_planners_ompl
