[35m[1mConsolidate compiler generated dependencies of target dynamixel_controller__rosidl_generator_c[0m
[  2%] Built target dynamixel_controller__cpp
[ 12%] Built target dynamixel_controller__rosidl_generator_c
[35m[1mConsolidate compiler generated dependencies of target dynamixel_controller__rosidl_typesupport_introspection_c[0m
[35m[1mConsolidate compiler generated dependencies of target dynamixel_controller__rosidl_typesupport_cpp[0m
[35m[1mConsolidate compiler generated dependencies of target dynamixel_controller__rosidl_typesupport_c[0m
[35m[1mConsolidate compiler generated dependencies of target dynamixel_controller__rosidl_typesupport_introspection_cpp[0m
[ 12%] Built target ament_cmake_python_copy_dynamixel_controller
[35m[1mConsolidate compiler generated dependencies of target dynamixel_controller__rosidl_typesupport_fastrtps_cpp[0m
[ 32%] Built target dynamixel_controller__rosidl_typesupport_introspection_c
[ 32%] Built target dynamixel_controller__rosidl_typesupport_cpp
[ 42%] Built target dynamixel_controller__rosidl_typesupport_c
[ 44%] [32m[1mLinking CXX shared library libdynamixel_controller__rosidl_typesupport_introspection_cpp.so[0m
[ 46%] [32mBuilding CXX object CMakeFiles/dynamixel_controller__rosidl_typesupport_fastrtps_cpp.dir/rosidl_typesupport_fastrtps_cpp/dynamixel_controller/msg/detail/dds_fastrtps/dynamixel_command__type_support.cpp.o[0m
[ 48%] [34m[1mGenerating C type support for eProsima Fast-RTPS[0m
[ 51%] [32mBuilding CXX object CMakeFiles/dynamixel_controller_node.dir/src/dynamixel_controller.cpp.o[0m
[ 59%] Built target dynamixel_controller__rosidl_typesupport_introspection_cpp
running egg_info
writing dynamixel_controller.egg-info/PKG-INFO
writing dependency_links to dynamixel_controller.egg-info/dependency_links.txt
writing top-level names to dynamixel_controller.egg-info/top_level.txt
reading manifest file 'dynamixel_controller.egg-info/SOURCES.txt'
writing manifest file 'dynamixel_controller.egg-info/SOURCES.txt'
[ 59%] Built target ament_cmake_python_build_dynamixel_controller_egg
[ 61%] [32m[1mLinking CXX shared library libdynamixel_controller__rosidl_typesupport_fastrtps_cpp.so[0m
[ 67%] Built target dynamixel_controller__rosidl_typesupport_fastrtps_cpp
[35m[1mConsolidate compiler generated dependencies of target dynamixel_controller__rosidl_typesupport_fastrtps_c[0m
[ 69%] [32mBuilding CXX object CMakeFiles/dynamixel_controller__rosidl_typesupport_fastrtps_c.dir/rosidl_typesupport_fastrtps_c/dynamixel_controller/msg/detail/dynamixel_command__type_support_c.cpp.o[0m
[ 71%] [32mBuilding CXX object CMakeFiles/dynamixel_controller__rosidl_typesupport_fastrtps_c.dir/rosidl_typesupport_fastrtps_c/dynamixel_controller/msg/detail/dynamixel_response__type_support_c.cpp.o[0m
[ 73%] [32mBuilding CXX object CMakeFiles/dynamixel_controller__rosidl_typesupport_fastrtps_c.dir/rosidl_typesupport_fastrtps_c/dynamixel_controller/msg/detail/dynamixel_controller__type_support_c.cpp.o[0m
[ 75%] [32m[1mLinking CXX shared library libdynamixel_controller__rosidl_typesupport_fastrtps_c.so[0m
[ 75%] Built target dynamixel_controller__rosidl_typesupport_fastrtps_c
[ 75%] Built target dynamixel_controller
[ 77%] [34m[1mGenerating Python code for ROS interfaces[0m
