[35m[1mConsolidate compiler generated dependencies of target dynamixel_controller__rosidl_generator_c[0m
[  2%] Built target dynamixel_controller__cpp
[ 12%] Built target dynamixel_controller__rosidl_generator_c
[35m[1mConsolidate compiler generated dependencies of target dynamixel_controller__rosidl_typesupport_introspection_c[0m
[35m[1mConsolidate compiler generated dependencies of target dynamixel_controller__rosidl_typesupport_cpp[0m
[35m[1mConsolidate compiler generated dependencies of target dynamixel_controller__rosidl_typesupport_c[0m
[35m[1mConsolidate compiler generated dependencies of target dynamixel_controller__rosidl_typesupport_introspection_cpp[0m
[ 12%] Built target ament_cmake_python_copy_dynamixel_controller
[35m[1mConsolidate compiler generated dependencies of target dynamixel_controller__rosidl_typesupport_fastrtps_cpp[0m
[ 32%] Built target dynamixel_controller__rosidl_typesupport_introspection_c
[ 32%] Built target dynamixel_controller__rosidl_typesupport_cpp
[ 42%] Built target dynamixel_controller__rosidl_typesupport_c
[ 44%] [32m[1mLinking CXX shared library libdynamixel_controller__rosidl_typesupport_introspection_cpp.so[0m
[ 46%] [32mBuilding CXX object CMakeFiles/dynamixel_controller__rosidl_typesupport_fastrtps_cpp.dir/rosidl_typesupport_fastrtps_cpp/dynamixel_controller/msg/detail/dds_fastrtps/dynamixel_command__type_support.cpp.o[0m
[ 48%] [34m[1mGenerating C type support for eProsima Fast-RTPS[0m
[ 51%] [32mBuilding CXX object CMakeFiles/dynamixel_controller_node.dir/src/dynamixel_controller.cpp.o[0m
[ 59%] Built target dynamixel_controller__rosidl_typesupport_introspection_cpp
running egg_info
writing dynamixel_controller.egg-info/PKG-INFO
writing dependency_links to dynamixel_controller.egg-info/dependency_links.txt
writing top-level names to dynamixel_controller.egg-info/top_level.txt
reading manifest file 'dynamixel_controller.egg-info/SOURCES.txt'
writing manifest file 'dynamixel_controller.egg-info/SOURCES.txt'
[ 59%] Built target ament_cmake_python_build_dynamixel_controller_egg
[ 61%] [32m[1mLinking CXX shared library libdynamixel_controller__rosidl_typesupport_fastrtps_cpp.so[0m
[ 67%] Built target dynamixel_controller__rosidl_typesupport_fastrtps_cpp
[35m[1mConsolidate compiler generated dependencies of target dynamixel_controller__rosidl_typesupport_fastrtps_c[0m
[ 69%] [32mBuilding CXX object CMakeFiles/dynamixel_controller__rosidl_typesupport_fastrtps_c.dir/rosidl_typesupport_fastrtps_c/dynamixel_controller/msg/detail/dynamixel_command__type_support_c.cpp.o[0m
[ 71%] [32mBuilding CXX object CMakeFiles/dynamixel_controller__rosidl_typesupport_fastrtps_c.dir/rosidl_typesupport_fastrtps_c/dynamixel_controller/msg/detail/dynamixel_response__type_support_c.cpp.o[0m
[ 73%] [32mBuilding CXX object CMakeFiles/dynamixel_controller__rosidl_typesupport_fastrtps_c.dir/rosidl_typesupport_fastrtps_c/dynamixel_controller/msg/detail/dynamixel_controller__type_support_c.cpp.o[0m
[ 75%] [32m[1mLinking CXX shared library libdynamixel_controller__rosidl_typesupport_fastrtps_c.so[0m
[ 75%] Built target dynamixel_controller__rosidl_typesupport_fastrtps_c
[ 75%] Built target dynamixel_controller
[ 77%] [34m[1mGenerating Python code for ROS interfaces[0m
Traceback (most recent call last):
  File "/opt/ros/humble/share/rosidl_generator_py/cmake/../../../lib/rosidl_generator_py/rosidl_generator_py", line 40, in <module>
    sys.exit(main())
  File "/opt/ros/humble/share/rosidl_generator_py/cmake/../../../lib/rosidl_generator_py/rosidl_generator_py", line 36, in main
    generate_py(args.generator_arguments_file, args.typesupport_impls.split(';'))
  File "/opt/ros/humble/local/lib/python3.10/dist-packages/rosidl_generator_py/generate_py_impl.py", line 78, in generate_py
gmake[2]: *** [CMakeFiles/dynamixel_controller_node.dir/build.make:76: CMakeFiles/dynamixel_controller_node.dir/src/dynamixel_controller.cpp.o] Interrupt
    idl_file = parse_idl_file(locator)
  File "/opt/ros/humble/local/lib/python3.10/dist-packages/rosidl_parser/parser.py", line 64, in parse_idl_file
    content = parse_idl_string(string, png_file=png_file)
  File "/opt/ros/humble/local/lib/python3.10/dist-packages/rosidl_parser/parser.py", line 72, in parse_idl_string
    tree = get_ast_from_idl_string(idl_string)
  File "/opt/ros/humble/local/lib/python3.10/dist-packages/rosidl_parser/parser.py", line 89, in get_ast_from_idl_string
    return _parser.parse(idl_string)
  File "/home/a/.local/lib/python3.10/site-packages/lark/lark.py", line 676, in parse
    return self.parser.parse(text, start=start, on_error=on_error)
  File "/home/a/.local/lib/python3.10/site-packages/lark/parser_frontends.py", line 123, in parse
    return self.parser.parse(stream, chosen_start, **kw)
  File "/home/a/.local/lib/python3.10/site-packages/lark/parsers/earley.py", line 280, in parse
    to_scan = self._parse(lexer, columns, to_scan, start_symbol)
  File "/home/a/.local/lib/python3.10/site-packages/lark/parsers/xearley.py", line 151, in _parse
    self.predict_and_complete(i, to_scan, columns, transitives, node_cache)
  File "/home/a/.local/lib/python3.10/site-packages/lark/parsers/earley.py", line 152, in predict_and_complete
    new_item = Item(rule, 0, i)
  File "/home/a/.local/lib/python3.10/site-packages/lark/parsers/earley_common.py", line 23, in __init__
    self._hash = hash((self.s, self.start, self.rule))
  File "/home/a/.local/lib/python3.10/site-packages/lark/grammar.py", line 127, in __hash__
    def __hash__(self):
KeyboardInterrupt
gmake[2]: *** [dynamixel_controller__py/CMakeFiles/dynamixel_controller__py.dir/build.make:129: rosidl_generator_py/dynamixel_controller/_dynamixel_controller_s.ep.rosidl_typesupport_fastrtps_c.c] Interrupt
gmake[1]: *** [CMakeFiles/Makefile2:619: dynamixel_controller__py/CMakeFiles/dynamixel_controller__py.dir/all] Interrupt
gmake: *** [Makefile:146: all] Interrupt
