[0.046s] Invoking command in '/home/a/ws_nhk/build/moveit_ros_warehouse': AMENT_PREFIX_PATH=/home/a/ws_nhk/install/moveit_ros_planning:/home/a/ws_nhk/install/moveit_ros_occupancy_map_monitor:/home/a/ws_nhk/install/moveit_core:/home/a/ws_nhk/install/moveit_resources_panda_moveit_config:/home/a/ws_nhk/install/moveit_configs_utils:/home/a/ws_nhk/install/srdfdom:/home/a/ws_nhk/install/moveit_resources_pr2_description:/home/a/ws_nhk/install/moveit_resources_panda_description:/home/a/ws_nhk/install/moveit_common:/home/a/ws_nhk/install/launch_param_builder:${AMENT_PREFIX_PATH} CMAKE_PREFIX_PATH=/home/a/ws_nhk/install/moveit_ros_planning:/home/a/ws_nhk/install/moveit_ros_occupancy_map_monitor:/home/a/ws_nhk/install/moveit_core:/home/a/ws_nhk/install/moveit_resources_panda_moveit_config:/home/a/ws_nhk/install/srdfdom:/home/a/ws_nhk/install/moveit_resources_pr2_description:/home/a/ws_nhk/install/moveit_resources_panda_description:/home/a/ws_nhk/install/moveit_common:/home/a/install/field_description_test:/opt/ros/humble LD_LIBRARY_PATH=/home/a/ws_nhk/install/moveit_ros_planning/lib:/home/a/ws_nhk/install/moveit_ros_occupancy_map_monitor/lib:/home/a/ws_nhk/install/moveit_core/lib:/home/a/ws_nhk/install/srdfdom/lib:${LD_LIBRARY_PATH} PATH=/home/a/ws_nhk/install/moveit_core/bin:${PATH} PYTHONPATH=/home/a/ws_nhk/install/moveit_configs_utils/lib/python3.10/site-packages:/home/a/ws_nhk/install/srdfdom/local/lib/python3.10/dist-packages:/home/a/ws_nhk/install/launch_param_builder/lib/python3.10/site-packages:${PYTHONPATH} /usr/bin/cmake --build /home/a/ws_nhk/build/moveit_ros_warehouse -- -j22 -l22
[0.161s] [35m[1mConsolidate compiler generated dependencies of target moveit_warehouse[0m
[0.242s] [ 40%] Built target moveit_warehouse
[0.278s] [35m[1mConsolidate compiler generated dependencies of target moveit_warehouse_services[0m
[0.289s] [35m[1mConsolidate compiler generated dependencies of target moveit_warehouse_save_as_text[0m
[0.292s] [35m[1mConsolidate compiler generated dependencies of target moveit_warehouse_broadcast[0m
[0.293s] [35m[1mConsolidate compiler generated dependencies of target moveit_init_demo_warehouse[0m
[0.297s] [35m[1mConsolidate compiler generated dependencies of target moveit_warehouse_import_from_text[0m
[0.299s] [35m[1mConsolidate compiler generated dependencies of target moveit_save_to_warehouse[0m
[0.319s] [ 50%] Built target moveit_warehouse_services
[0.345s] [ 60%] Built target moveit_warehouse_broadcast
[0.354s] [ 70%] Built target moveit_warehouse_import_from_text
[0.360s] [ 80%] Built target moveit_init_demo_warehouse
[0.362s] [ 90%] Built target moveit_save_to_warehouse
[0.363s] [100%] Built target moveit_warehouse_save_as_text
[0.387s] Invoked command in '/home/a/ws_nhk/build/moveit_ros_warehouse' returned '0': AMENT_PREFIX_PATH=/home/a/ws_nhk/install/moveit_ros_planning:/home/a/ws_nhk/install/moveit_ros_occupancy_map_monitor:/home/a/ws_nhk/install/moveit_core:/home/a/ws_nhk/install/moveit_resources_panda_moveit_config:/home/a/ws_nhk/install/moveit_configs_utils:/home/a/ws_nhk/install/srdfdom:/home/a/ws_nhk/install/moveit_resources_pr2_description:/home/a/ws_nhk/install/moveit_resources_panda_description:/home/a/ws_nhk/install/moveit_common:/home/a/ws_nhk/install/launch_param_builder:${AMENT_PREFIX_PATH} CMAKE_PREFIX_PATH=/home/a/ws_nhk/install/moveit_ros_planning:/home/a/ws_nhk/install/moveit_ros_occupancy_map_monitor:/home/a/ws_nhk/install/moveit_core:/home/a/ws_nhk/install/moveit_resources_panda_moveit_config:/home/a/ws_nhk/install/srdfdom:/home/a/ws_nhk/install/moveit_resources_pr2_description:/home/a/ws_nhk/install/moveit_resources_panda_description:/home/a/ws_nhk/install/moveit_common:/home/a/install/field_description_test:/opt/ros/humble LD_LIBRARY_PATH=/home/a/ws_nhk/install/moveit_ros_planning/lib:/home/a/ws_nhk/install/moveit_ros_occupancy_map_monitor/lib:/home/a/ws_nhk/install/moveit_core/lib:/home/a/ws_nhk/install/srdfdom/lib:${LD_LIBRARY_PATH} PATH=/home/a/ws_nhk/install/moveit_core/bin:${PATH} PYTHONPATH=/home/a/ws_nhk/install/moveit_configs_utils/lib/python3.10/site-packages:/home/a/ws_nhk/install/srdfdom/local/lib/python3.10/dist-packages:/home/a/ws_nhk/install/launch_param_builder/lib/python3.10/site-packages:${PYTHONPATH} /usr/bin/cmake --build /home/a/ws_nhk/build/moveit_ros_warehouse -- -j22 -l22
[0.392s] Invoking command in '/home/a/ws_nhk/build/moveit_ros_warehouse': AMENT_PREFIX_PATH=/home/a/ws_nhk/install/moveit_ros_planning:/home/a/ws_nhk/install/moveit_ros_occupancy_map_monitor:/home/a/ws_nhk/install/moveit_core:/home/a/ws_nhk/install/moveit_resources_panda_moveit_config:/home/a/ws_nhk/install/moveit_configs_utils:/home/a/ws_nhk/install/srdfdom:/home/a/ws_nhk/install/moveit_resources_pr2_description:/home/a/ws_nhk/install/moveit_resources_panda_description:/home/a/ws_nhk/install/moveit_common:/home/a/ws_nhk/install/launch_param_builder:${AMENT_PREFIX_PATH} CMAKE_PREFIX_PATH=/home/a/ws_nhk/install/moveit_ros_planning:/home/a/ws_nhk/install/moveit_ros_occupancy_map_monitor:/home/a/ws_nhk/install/moveit_core:/home/a/ws_nhk/install/moveit_resources_panda_moveit_config:/home/a/ws_nhk/install/srdfdom:/home/a/ws_nhk/install/moveit_resources_pr2_description:/home/a/ws_nhk/install/moveit_resources_panda_description:/home/a/ws_nhk/install/moveit_common:/home/a/install/field_description_test:/opt/ros/humble LD_LIBRARY_PATH=/home/a/ws_nhk/install/moveit_ros_planning/lib:/home/a/ws_nhk/install/moveit_ros_occupancy_map_monitor/lib:/home/a/ws_nhk/install/moveit_core/lib:/home/a/ws_nhk/install/srdfdom/lib:${LD_LIBRARY_PATH} PATH=/home/a/ws_nhk/install/moveit_core/bin:${PATH} PYTHONPATH=/home/a/ws_nhk/install/moveit_configs_utils/lib/python3.10/site-packages:/home/a/ws_nhk/install/srdfdom/local/lib/python3.10/dist-packages:/home/a/ws_nhk/install/launch_param_builder/lib/python3.10/site-packages:${PYTHONPATH} /usr/bin/cmake --install /home/a/ws_nhk/build/moveit_ros_warehouse
[0.409s] -- Install configuration: "Release"
[0.412s] -- Up-to-date: /home/a/ws_nhk/install/moveit_ros_warehouse/lib/moveit_ros_warehouse/moveit_save_to_warehouse
[0.414s] -- Up-to-date: /home/a/ws_nhk/install/moveit_ros_warehouse/lib/moveit_ros_warehouse/moveit_warehouse_broadcast
[0.415s] -- Up-to-date: /home/a/ws_nhk/install/moveit_ros_warehouse/lib/moveit_ros_warehouse/moveit_warehouse_import_from_text
[0.418s] -- Up-to-date: /home/a/ws_nhk/install/moveit_ros_warehouse/lib/moveit_ros_warehouse/moveit_warehouse_save_as_text
[0.418s] -- Up-to-date: /home/a/ws_nhk/install/moveit_ros_warehouse/lib/moveit_ros_warehouse/moveit_init_demo_warehouse
[0.419s] -- Up-to-date: /home/a/ws_nhk/install/moveit_ros_warehouse/lib/moveit_ros_warehouse/moveit_warehouse_services
[0.419s] -- Up-to-date: /home/a/ws_nhk/install/moveit_ros_warehouse/include
[0.419s] -- Up-to-date: /home/a/ws_nhk/install/moveit_ros_warehouse/include/moveit
[0.419s] -- Up-to-date: /home/a/ws_nhk/install/moveit_ros_warehouse/include/moveit/warehouse
[0.419s] -- Up-to-date: /home/a/ws_nhk/install/moveit_ros_warehouse/include/moveit/warehouse/warehouse_connector.h
[0.420s] -- Up-to-date: /home/a/ws_nhk/install/moveit_ros_warehouse/include/moveit/warehouse/planning_scene_storage.h
[0.421s] -- Up-to-date: /home/a/ws_nhk/install/moveit_ros_warehouse/include/moveit/warehouse/constraints_storage.h
[0.422s] -- Up-to-date: /home/a/ws_nhk/install/moveit_ros_warehouse/include/moveit/warehouse/trajectory_constraints_storage.h
[0.422s] -- Up-to-date: /home/a/ws_nhk/install/moveit_ros_warehouse/include/moveit/warehouse/moveit_message_storage.h
[0.422s] -- Up-to-date: /home/a/ws_nhk/install/moveit_ros_warehouse/include/moveit/warehouse/state_storage.h
[0.425s] -- Up-to-date: /home/a/ws_nhk/install/moveit_ros_warehouse/include/moveit/warehouse/planning_scene_world_storage.h
[0.425s] -- Up-to-date: /home/a/ws_nhk/install/moveit_ros_warehouse/include/moveit_warehouse_export.h
[0.425s] -- Up-to-date: /home/a/ws_nhk/install/moveit_ros_warehouse/lib/libmoveit_warehouse.so.2.5.9
[0.427s] -- Up-to-date: /home/a/ws_nhk/install/moveit_ros_warehouse/lib/libmoveit_warehouse.so
[0.427s] -- Up-to-date: /home/a/ws_nhk/install/moveit_ros_warehouse/share/moveit_ros_warehouse/environment/library_path.sh
[0.427s] -- Up-to-date: /home/a/ws_nhk/install/moveit_ros_warehouse/share/moveit_ros_warehouse/environment/library_path.dsv
[0.427s] -- Up-to-date: /home/a/ws_nhk/install/moveit_ros_warehouse/share/ament_index/resource_index/package_run_dependencies/moveit_ros_warehouse
[0.427s] -- Up-to-date: /home/a/ws_nhk/install/moveit_ros_warehouse/share/ament_index/resource_index/parent_prefix_path/moveit_ros_warehouse
[0.427s] -- Up-to-date: /home/a/ws_nhk/install/moveit_ros_warehouse/share/moveit_ros_warehouse/environment/ament_prefix_path.sh
[0.428s] -- Up-to-date: /home/a/ws_nhk/install/moveit_ros_warehouse/share/moveit_ros_warehouse/environment/ament_prefix_path.dsv
[0.428s] -- Up-to-date: /home/a/ws_nhk/install/moveit_ros_warehouse/share/moveit_ros_warehouse/environment/path.sh
[0.428s] -- Up-to-date: /home/a/ws_nhk/install/moveit_ros_warehouse/share/moveit_ros_warehouse/environment/path.dsv
[0.428s] -- Up-to-date: /home/a/ws_nhk/install/moveit_ros_warehouse/share/moveit_ros_warehouse/local_setup.bash
[0.428s] -- Up-to-date: /home/a/ws_nhk/install/moveit_ros_warehouse/share/moveit_ros_warehouse/local_setup.sh
[0.428s] -- Up-to-date: /home/a/ws_nhk/install/moveit_ros_warehouse/share/moveit_ros_warehouse/local_setup.zsh
[0.428s] -- Up-to-date: /home/a/ws_nhk/install/moveit_ros_warehouse/share/moveit_ros_warehouse/local_setup.dsv
[0.429s] -- Installing: /home/a/ws_nhk/install/moveit_ros_warehouse/share/moveit_ros_warehouse/package.dsv
[0.429s] -- Up-to-date: /home/a/ws_nhk/install/moveit_ros_warehouse/share/ament_index/resource_index/packages/moveit_ros_warehouse
[0.429s] -- Up-to-date: /home/a/ws_nhk/install/moveit_ros_warehouse/share/moveit_ros_warehouse/cmake/export_moveit_ros_warehouseExport.cmake
[0.429s] -- Up-to-date: /home/a/ws_nhk/install/moveit_ros_warehouse/share/moveit_ros_warehouse/cmake/export_moveit_ros_warehouseExport-release.cmake
[0.429s] -- Up-to-date: /home/a/ws_nhk/install/moveit_ros_warehouse/share/moveit_ros_warehouse/cmake/ConfigExtras.cmake
[0.429s] -- Up-to-date: /home/a/ws_nhk/install/moveit_ros_warehouse/share/moveit_ros_warehouse/cmake/ament_cmake_export_targets-extras.cmake
[0.429s] -- Up-to-date: /home/a/ws_nhk/install/moveit_ros_warehouse/share/moveit_ros_warehouse/cmake/ament_cmake_export_dependencies-extras.cmake
[0.430s] -- Up-to-date: /home/a/ws_nhk/install/moveit_ros_warehouse/share/moveit_ros_warehouse/cmake/moveit_ros_warehouseConfig.cmake
[0.430s] -- Up-to-date: /home/a/ws_nhk/install/moveit_ros_warehouse/share/moveit_ros_warehouse/cmake/moveit_ros_warehouseConfig-version.cmake
[0.430s] -- Up-to-date: /home/a/ws_nhk/install/moveit_ros_warehouse/share/moveit_ros_warehouse/package.xml
[0.528s] Invoked command in '/home/a/ws_nhk/build/moveit_ros_warehouse' returned '0': AMENT_PREFIX_PATH=/home/a/ws_nhk/install/moveit_ros_planning:/home/a/ws_nhk/install/moveit_ros_occupancy_map_monitor:/home/a/ws_nhk/install/moveit_core:/home/a/ws_nhk/install/moveit_resources_panda_moveit_config:/home/a/ws_nhk/install/moveit_configs_utils:/home/a/ws_nhk/install/srdfdom:/home/a/ws_nhk/install/moveit_resources_pr2_description:/home/a/ws_nhk/install/moveit_resources_panda_description:/home/a/ws_nhk/install/moveit_common:/home/a/ws_nhk/install/launch_param_builder:${AMENT_PREFIX_PATH} CMAKE_PREFIX_PATH=/home/a/ws_nhk/install/moveit_ros_planning:/home/a/ws_nhk/install/moveit_ros_occupancy_map_monitor:/home/a/ws_nhk/install/moveit_core:/home/a/ws_nhk/install/moveit_resources_panda_moveit_config:/home/a/ws_nhk/install/srdfdom:/home/a/ws_nhk/install/moveit_resources_pr2_description:/home/a/ws_nhk/install/moveit_resources_panda_description:/home/a/ws_nhk/install/moveit_common:/home/a/install/field_description_test:/opt/ros/humble LD_LIBRARY_PATH=/home/a/ws_nhk/install/moveit_ros_planning/lib:/home/a/ws_nhk/install/moveit_ros_occupancy_map_monitor/lib:/home/a/ws_nhk/install/moveit_core/lib:/home/a/ws_nhk/install/srdfdom/lib:${LD_LIBRARY_PATH} PATH=/home/a/ws_nhk/install/moveit_core/bin:${PATH} PYTHONPATH=/home/a/ws_nhk/install/moveit_configs_utils/lib/python3.10/site-packages:/home/a/ws_nhk/install/srdfdom/local/lib/python3.10/dist-packages:/home/a/ws_nhk/install/launch_param_builder/lib/python3.10/site-packages:${PYTHONPATH} /usr/bin/cmake --install /home/a/ws_nhk/build/moveit_ros_warehouse
