-- Found ament_cmake: 1.3.12 (/opt/ros/humble/share/ament_cmake/cmake)
-- Found rclcpp: 16.0.17 (/opt/ros/humble/share/rclcpp/cmake)
-- Found rosidl_generator_c: 3.1.8 (/opt/ros/humble/share/rosidl_generator_c/cmake)
-- Found rosidl_adapter: 3.1.8 (/opt/ros/humble/share/rosidl_adapter/cmake)
-- Found rosidl_generator_cpp: 3.1.8 (/opt/ros/humble/share/rosidl_generator_cpp/cmake)
-- Using all available rosidl_typesupport_c: rosidl_typesupport_fastrtps_c;rosidl_typesupport_introspection_c
-- Using all available rosidl_typesupport_cpp: rosidl_typesupport_fastrtps_cpp;rosidl_typesupport_introspection_cpp
-- Found rmw_implementation_cmake: 6.1.2 (/opt/ros/humble/share/rmw_implementation_cmake/cmake)
-- Found rmw_fastrtps_cpp: 6.2.9 (/opt/ros/humble/share/rmw_fastrtps_cpp/cmake)
-- Using RMW implementation 'rmw_fastrtps_cpp' as default
-- Found rosidl_default_generators: 1.2.0 (/opt/ros/humble/share/rosidl_default_generators/cmake)
-- Found dynamixel_sdk: 3.7.60 (/home/a/ws_nhk/install/dynamixel_sdk/share/dynamixel_sdk/cmake)
-- Found ament_cmake_ros: 0.10.0 (/opt/ros/humble/share/ament_cmake_ros/cmake)
-- Using all available rosidl_typesupport_c: rosidl_typesupport_fastrtps_c;rosidl_typesupport_introspection_c
-- Using all available rosidl_typesupport_cpp: rosidl_typesupport_fastrtps_cpp;rosidl_typesupport_introspection_cpp
-- Found python_cmake_module: 0.10.0 (/opt/ros/humble/share/python_cmake_module/cmake)
-- Using PYTHON_EXECUTABLE: /usr/bin/python3
-- Using PYTHON_INCLUDE_DIRS: /usr/include/python3.10
-- Using PYTHON_LIBRARIES: /usr/lib/x86_64-linux-gnu/libpython3.10.so
-- Configuring done
-- Generating done
-- Build files have been written to: /home/a/ws_nhk/build/dynamixel_controller
[  2%] [34m[1mGenerating C code for ROS interfaces[0m
[  4%] [34m[1mGenerating C++ code for ROS interfaces[0m
[  4%] Built target ament_cmake_python_copy_dynamixel_controller
running egg_info
writing dynamixel_controller.egg-info/PKG-INFO
writing dependency_links to dynamixel_controller.egg-info/dependency_links.txt
writing top-level names to dynamixel_controller.egg-info/top_level.txt
reading manifest file 'dynamixel_controller.egg-info/SOURCES.txt'
writing manifest file 'dynamixel_controller.egg-info/SOURCES.txt'
[  4%] Built target ament_cmake_python_build_dynamixel_controller_egg
[35m[1mConsolidate compiler generated dependencies of target dynamixel_controller__rosidl_generator_c[0m
[  6%] [32mBuilding C object CMakeFiles/dynamixel_controller__rosidl_generator_c.dir/rosidl_generator_c/dynamixel_controller/msg/detail/dynamixel_controller__functions.c.o[0m
[  8%] [32mBuilding C object CMakeFiles/dynamixel_controller__rosidl_generator_c.dir/rosidl_generator_c/dynamixel_controller/msg/detail/dynamixel_response__functions.c.o[0m
[ 10%] [32mBuilding C object CMakeFiles/dynamixel_controller__rosidl_generator_c.dir/rosidl_generator_c/dynamixel_controller/msg/detail/dynamixel_command__functions.c.o[0m
[ 10%] Built target dynamixel_controller__cpp
[ 12%] [32m[1mLinking C shared library libdynamixel_controller__rosidl_generator_c.so[0m
[ 14%] [34m[1mGenerating C++ type support for eProsima Fast-RTPS[0m
[ 16%] [34m[1mGenerating C++ type support dispatch for ROS interfaces[0m
[ 18%] [34m[1mGenerating C++ introspection for ROS interfaces[0m
[ 18%] Built target dynamixel_controller__rosidl_generator_c
[ 20%] [34m[1mGenerating C type support for eProsima Fast-RTPS[0m
[ 22%] [34m[1mGenerating C introspection for ROS interfaces[0m
[ 24%] [34m[1mGenerating C type support dispatch for ROS interfaces[0m
[35m[1mConsolidate compiler generated dependencies of target dynamixel_controller__rosidl_typesupport_c[0m
[ 26%] [32mBuilding CXX object CMakeFiles/dynamixel_controller__rosidl_typesupport_c.dir/rosidl_typesupport_c/dynamixel_controller/msg/dynamixel_controller__type_support.cpp.o[0m
[ 28%] [32mBuilding CXX object CMakeFiles/dynamixel_controller__rosidl_typesupport_c.dir/rosidl_typesupport_c/dynamixel_controller/msg/dynamixel_response__type_support.cpp.o[0m
[35m[1mConsolidate compiler generated dependencies of target dynamixel_controller__rosidl_typesupport_fastrtps_cpp[0m
[ 30%] [32mBuilding CXX object CMakeFiles/dynamixel_controller__rosidl_typesupport_c.dir/rosidl_typesupport_c/dynamixel_controller/msg/dynamixel_command__type_support.cpp.o[0m
[ 32%] [32mBuilding CXX object CMakeFiles/dynamixel_controller__rosidl_typesupport_fastrtps_cpp.dir/rosidl_typesupport_fastrtps_cpp/dynamixel_controller/msg/detail/dds_fastrtps/dynamixel_command__type_support.cpp.o[0m
[ 34%] [32mBuilding CXX object CMakeFiles/dynamixel_controller__rosidl_typesupport_fastrtps_cpp.dir/rosidl_typesupport_fastrtps_cpp/dynamixel_controller/msg/detail/dds_fastrtps/dynamixel_controller__type_support.cpp.o[0m
[ 36%] [32mBuilding CXX object CMakeFiles/dynamixel_controller__rosidl_typesupport_fastrtps_cpp.dir/rosidl_typesupport_fastrtps_cpp/dynamixel_controller/msg/detail/dds_fastrtps/dynamixel_response__type_support.cpp.o[0m
[ 38%] [32m[1mLinking CXX shared library libdynamixel_controller__rosidl_typesupport_c.so[0m
[ 38%] Built target dynamixel_controller__rosidl_typesupport_c
[35m[1mConsolidate compiler generated dependencies of target dynamixel_controller__rosidl_typesupport_introspection_cpp[0m
[ 40%] [32mBuilding CXX object CMakeFiles/dynamixel_controller__rosidl_typesupport_introspection_cpp.dir/rosidl_typesupport_introspection_cpp/dynamixel_controller/msg/detail/dynamixel_response__type_support.cpp.o[0m
[ 42%] [32mBuilding CXX object CMakeFiles/dynamixel_controller__rosidl_typesupport_introspection_cpp.dir/rosidl_typesupport_introspection_cpp/dynamixel_controller/msg/detail/dynamixel_controller__type_support.cpp.o[0m
[ 44%] [32mBuilding CXX object CMakeFiles/dynamixel_controller__rosidl_typesupport_introspection_cpp.dir/rosidl_typesupport_introspection_cpp/dynamixel_controller/msg/detail/dynamixel_command__type_support.cpp.o[0m
[35m[1mConsolidate compiler generated dependencies of target dynamixel_controller__rosidl_typesupport_cpp[0m
[35m[1mConsolidate compiler generated dependencies of target dynamixel_controller__rosidl_typesupport_introspection_c[0m
[ 46%] [32mBuilding CXX object CMakeFiles/dynamixel_controller__rosidl_typesupport_cpp.dir/rosidl_typesupport_cpp/dynamixel_controller/msg/dynamixel_controller__type_support.cpp.o[0m
[ 48%] [32mBuilding C object CMakeFiles/dynamixel_controller__rosidl_typesupport_introspection_c.dir/rosidl_typesupport_introspection_c/dynamixel_controller/msg/detail/dynamixel_controller__type_support.c.o[0m
[ 51%] [32mBuilding C object CMakeFiles/dynamixel_controller__rosidl_typesupport_introspection_c.dir/rosidl_typesupport_introspection_c/dynamixel_controller/msg/detail/dynamixel_response__type_support.c.o[0m
[ 53%] [32mBuilding CXX object CMakeFiles/dynamixel_controller__rosidl_typesupport_cpp.dir/rosidl_typesupport_cpp/dynamixel_controller/msg/dynamixel_response__type_support.cpp.o[0m
[ 55%] [32mBuilding CXX object CMakeFiles/dynamixel_controller__rosidl_typesupport_cpp.dir/rosidl_typesupport_cpp/dynamixel_controller/msg/dynamixel_command__type_support.cpp.o[0m
[ 57%] [32mBuilding C object CMakeFiles/dynamixel_controller__rosidl_typesupport_introspection_c.dir/rosidl_typesupport_introspection_c/dynamixel_controller/msg/detail/dynamixel_command__type_support.c.o[0m
[ 59%] [32m[1mLinking C shared library libdynamixel_controller__rosidl_typesupport_introspection_c.so[0m
[ 59%] Built target dynamixel_controller__rosidl_typesupport_introspection_c
[ 61%] [32m[1mLinking CXX shared library libdynamixel_controller__rosidl_typesupport_cpp.so[0m
[ 61%] Built target dynamixel_controller__rosidl_typesupport_cpp
[35m[1mConsolidate compiler generated dependencies of target dynamixel_controller_node[0m
