[0.184s] Invoking command in '/home/a/ws_nhk/build/moveit_task_constructor_core': AMENT_PREFIX_PATH=/home/a/ws_nhk/install/moveit_planners:/home/a/ws_nhk/install/pilz_industrial_motion_planner:/home/a/ws_nhk/install/moveit_resources_prbt_pg70_support:/home/a/ws_nhk/install/moveit_ros_planning_interface:/home/a/ws_nhk/install/moveit_resources_prbt_moveit_config:/home/a/ws_nhk/install/moveit_ros_move_group:/home/a/ws_nhk/install/moveit_ros_warehouse:/home/a/ws_nhk/install/moveit_planners_ompl:/home/a/ws_nhk/install/moveit_kinematics:/home/a/ws_nhk/install/trac_ik:/home/a/ws_nhk/install/moveit_ros_planning:/home/a/ws_nhk/install/moveit_planners_chomp:/home/a/ws_nhk/install/trac_ik_kinematics_plugin:/home/a/ws_nhk/install/pilz_industrial_motion_planner_testutils:/home/a/ws_nhk/install/moveit_simple_controller_manager:/home/a/ws_nhk/install/moveit_ros_occupancy_map_monitor:/home/a/ws_nhk/install/moveit_resources_prbt_ikfast_manipulator_plugin:/home/a/ws_nhk/install/chomp_motion_planner:/home/a/ws_nhk/install/moveit_core:/home/a/ws_nhk/install/rviz_marker_tools:/home/a/ws_nhk/install/moveit_resources_panda_moveit_config:/home/a/ws_nhk/install/moveit_resources_fanuc_moveit_config:/home/a/ws_nhk/install/moveit_configs_utils:/home/a/ws_nhk/install/trac_ik_lib:/home/a/ws_nhk/install/srdfdom:/home/a/ws_nhk/install/moveit_task_constructor_msgs:/home/a/ws_nhk/install/moveit_resources_prbt_support:/home/a/ws_nhk/install/moveit_resources_pr2_description:/home/a/ws_nhk/install/moveit_resources_panda_description:/home/a/ws_nhk/install/moveit_resources_fanuc_description:/home/a/ws_nhk/install/moveit_common:/home/a/ws_nhk/install/launch_param_builder:${AMENT_PREFIX_PATH} CMAKE_PREFIX_PATH=/home/a/ws_nhk/install/moveit_planners:/home/a/ws_nhk/install/pilz_industrial_motion_planner:/home/a/ws_nhk/install/moveit_resources_prbt_pg70_support:/home/a/ws_nhk/install/moveit_ros_planning_interface:/home/a/ws_nhk/install/moveit_resources_prbt_moveit_config:/home/a/ws_nhk/install/moveit_ros_move_group:/home/a/ws_nhk/install/moveit_ros_warehouse:/home/a/ws_nhk/install/moveit_planners_ompl:/home/a/ws_nhk/install/moveit_kinematics:/home/a/ws_nhk/install/trac_ik:/home/a/ws_nhk/install/moveit_ros_planning:/home/a/ws_nhk/install/moveit_planners_chomp:/home/a/ws_nhk/install/trac_ik_kinematics_plugin:/home/a/ws_nhk/install/pilz_industrial_motion_planner_testutils:/home/a/ws_nhk/install/moveit_simple_controller_manager:/home/a/ws_nhk/install/moveit_ros_occupancy_map_monitor:/home/a/ws_nhk/install/moveit_resources_prbt_ikfast_manipulator_plugin:/home/a/ws_nhk/install/chomp_motion_planner:/home/a/ws_nhk/install/moveit_core:/home/a/ws_nhk/install/rviz_marker_tools:/home/a/ws_nhk/install/moveit_resources_panda_moveit_config:/home/a/ws_nhk/install/moveit_resources_fanuc_moveit_config:/home/a/ws_nhk/install/trac_ik_lib:/home/a/ws_nhk/install/srdfdom:/home/a/ws_nhk/install/moveit_task_constructor_msgs:/home/a/ws_nhk/install/moveit_resources_prbt_support:/home/a/ws_nhk/install/moveit_resources_pr2_description:/home/a/ws_nhk/install/moveit_resources_panda_description:/home/a/ws_nhk/install/moveit_resources_fanuc_description:/home/a/ws_nhk/install/moveit_common:/home/a/install/field_description_test:/opt/ros/humble LD_LIBRARY_PATH=/home/a/ws_nhk/install/pilz_industrial_motion_planner/lib:/home/a/ws_nhk/install/moveit_ros_planning_interface/lib:/home/a/ws_nhk/install/moveit_ros_move_group/lib:/home/a/ws_nhk/install/moveit_ros_warehouse/lib:/home/a/ws_nhk/install/moveit_planners_ompl/lib:/home/a/ws_nhk/install/moveit_kinematics/lib:/home/a/ws_nhk/install/moveit_ros_planning/lib:/home/a/ws_nhk/install/moveit_planners_chomp/lib:/home/a/ws_nhk/install/trac_ik_kinematics_plugin/lib:/home/a/ws_nhk/install/pilz_industrial_motion_planner_testutils/lib:/home/a/ws_nhk/install/moveit_simple_controller_manager/lib:/home/a/ws_nhk/install/moveit_ros_occupancy_map_monitor/lib:/home/a/ws_nhk/install/moveit_resources_prbt_ikfast_manipulator_plugin/lib:/home/a/ws_nhk/install/chomp_motion_planner/lib:/home/a/ws_nhk/install/moveit_core/lib:/home/a/ws_nhk/install/rviz_marker_tools/lib:/home/a/ws_nhk/install/trac_ik_lib/lib:/home/a/ws_nhk/install/srdfdom/lib:/home/a/ws_nhk/install/moveit_task_constructor_msgs/lib:${LD_LIBRARY_PATH} PATH=/home/a/ws_nhk/install/moveit_core/bin:${PATH} PYTHONPATH=/home/a/ws_nhk/install/moveit_configs_utils/lib/python3.10/site-packages:/home/a/ws_nhk/install/srdfdom/local/lib/python3.10/dist-packages:/home/a/ws_nhk/install/moveit_task_constructor_msgs/local/lib/python3.10/dist-packages:/home/a/ws_nhk/install/launch_param_builder/lib/python3.10/site-packages:${PYTHONPATH} /usr/bin/cmake --build /home/a/ws_nhk/build/moveit_task_constructor_core -- -j22 -l22
[0.340s] [  4%] Built target gtest_main
[0.341s] [  4%] Built target gmock_main
[0.345s] [  7%] Built target gtest
[0.349s] [ 10%] Built target gmock
[0.353s] [ 10%] Built target ament_cmake_python_copy_moveit
[0.416s] [35m[1mConsolidate compiler generated dependencies of target moveit_task_constructor_core[0m
[0.574s] [ 29%] Built target moveit_task_constructor_core
[0.626s] [35m[1mConsolidate compiler generated dependencies of target gtest_utils[0m
[0.695s] [ 34%] Built target gtest_utils
[0.721s] [35m[1mConsolidate compiler generated dependencies of target moveit_task_constructor_core_stages[0m
[0.895s] [ 55%] Built target moveit_task_constructor_core_stages
[0.939s] [35m[1mConsolidate compiler generated dependencies of target moveit_task_constructor_core_stage_plugins[0m
[0.940s] [35m[1mConsolidate compiler generated dependencies of target moveit_task_constructor_core-test-properties[0m
[0.944s] [35m[1mConsolidate compiler generated dependencies of target moveit_task_constructor_core-test-cost-queue[0m
[0.952s] [35m[1mConsolidate compiler generated dependencies of target moveit_task_constructor_core-test-serial[0m
[0.953s] [35m[1mConsolidate compiler generated dependencies of target pick_ur5[0m
[0.953s] [35m[1mConsolidate compiler generated dependencies of target moveit_task_constructor_core-test-pruning[0m
[0.956s] [35m[1mConsolidate compiler generated dependencies of target moveit_task_constructor_core-test-mockups[0m
[0.962s] [35m[1mConsolidate compiler generated dependencies of target moveit_task_constructor_core-test-stage[0m
[0.963s] [35m[1mConsolidate compiler generated dependencies of target pick_pr2[0m
[0.963s] [35m[1mConsolidate compiler generated dependencies of target moveit_task_constructor_core-test-move-relative[0m
[0.963s] [35m[1mConsolidate compiler generated dependencies of target moveit_task_constructor_core-test-move-to[0m
[0.963s] [35m[1mConsolidate compiler generated dependencies of target moveit_task_constructor_core-test-cost-terms[0m
[0.963s] [35m[1mConsolidate compiler generated dependencies of target pick_pa10[0m
[0.964s] [35m[1mConsolidate compiler generated dependencies of target moveit_task_constructor_core-test-container[0m
[0.965s] [35m[1mConsolidate compiler generated dependencies of target moveit_task_constructor_core-test-interface-state[0m
[0.969s] [35m[1mConsolidate compiler generated dependencies of target moveit_task_constructor_core-test-fallback[0m
[0.993s] [35m[1mConsolidate compiler generated dependencies of target pymoveit_mtc[0m
[0.994s] [ 57%] Built target moveit_task_constructor_core-test-properties
[1.002s] [ 60%] Built target moveit_task_constructor_core_stage_plugins
[1.009s] [ 62%] Built target moveit_task_constructor_core-test-cost-queue
[1.024s] [ 64%] Built target moveit_task_constructor_core-test-serial
[1.024s] [ 67%] Built target moveit_task_constructor_core-test-pruning
[1.026s] [ 69%] Built target pick_pr2
[1.028s] [ 71%] Built target pick_ur5
[1.030s] running egg_info
[1.031s] [ 74%] Built target moveit_task_constructor_core-test-move-relative
[1.032s] [ 76%] Built target moveit_task_constructor_core-test-stage
[1.032s] writing moveit.egg-info/PKG-INFO
[1.033s] writing dependency_links to moveit.egg-info/dependency_links.txt
[1.033s] writing top-level names to moveit.egg-info/top_level.txt
[1.040s] [ 80%] Built target pick_pa10
[1.040s] [ 81%] Built target moveit_task_constructor_core-test-move-to
[1.041s] reading manifest file 'moveit.egg-info/SOURCES.txt'
[1.042s] writing manifest file 'moveit.egg-info/SOURCES.txt'
[1.047s] [ 83%] Built target moveit_task_constructor_core-test-mockups
[1.047s] [ 85%] Built target moveit_task_constructor_core-test-fallback
[1.051s] [ 88%] Built target moveit_task_constructor_core-test-cost-terms
[1.053s] [ 90%] Built target moveit_task_constructor_core-test-container
[1.055s] [ 92%] Built target moveit_task_constructor_core-test-interface-state
[1.100s] [100%] Built target pymoveit_mtc
[1.109s] [100%] Built target ament_cmake_python_build_moveit_egg
[1.138s] Invoked command in '/home/a/ws_nhk/build/moveit_task_constructor_core' returned '0': AMENT_PREFIX_PATH=/home/a/ws_nhk/install/moveit_planners:/home/a/ws_nhk/install/pilz_industrial_motion_planner:/home/a/ws_nhk/install/moveit_resources_prbt_pg70_support:/home/a/ws_nhk/install/moveit_ros_planning_interface:/home/a/ws_nhk/install/moveit_resources_prbt_moveit_config:/home/a/ws_nhk/install/moveit_ros_move_group:/home/a/ws_nhk/install/moveit_ros_warehouse:/home/a/ws_nhk/install/moveit_planners_ompl:/home/a/ws_nhk/install/moveit_kinematics:/home/a/ws_nhk/install/trac_ik:/home/a/ws_nhk/install/moveit_ros_planning:/home/a/ws_nhk/install/moveit_planners_chomp:/home/a/ws_nhk/install/trac_ik_kinematics_plugin:/home/a/ws_nhk/install/pilz_industrial_motion_planner_testutils:/home/a/ws_nhk/install/moveit_simple_controller_manager:/home/a/ws_nhk/install/moveit_ros_occupancy_map_monitor:/home/a/ws_nhk/install/moveit_resources_prbt_ikfast_manipulator_plugin:/home/a/ws_nhk/install/chomp_motion_planner:/home/a/ws_nhk/install/moveit_core:/home/a/ws_nhk/install/rviz_marker_tools:/home/a/ws_nhk/install/moveit_resources_panda_moveit_config:/home/a/ws_nhk/install/moveit_resources_fanuc_moveit_config:/home/a/ws_nhk/install/moveit_configs_utils:/home/a/ws_nhk/install/trac_ik_lib:/home/a/ws_nhk/install/srdfdom:/home/a/ws_nhk/install/moveit_task_constructor_msgs:/home/a/ws_nhk/install/moveit_resources_prbt_support:/home/a/ws_nhk/install/moveit_resources_pr2_description:/home/a/ws_nhk/install/moveit_resources_panda_description:/home/a/ws_nhk/install/moveit_resources_fanuc_description:/home/a/ws_nhk/install/moveit_common:/home/a/ws_nhk/install/launch_param_builder:${AMENT_PREFIX_PATH} CMAKE_PREFIX_PATH=/home/a/ws_nhk/install/moveit_planners:/home/a/ws_nhk/install/pilz_industrial_motion_planner:/home/a/ws_nhk/install/moveit_resources_prbt_pg70_support:/home/a/ws_nhk/install/moveit_ros_planning_interface:/home/a/ws_nhk/install/moveit_resources_prbt_moveit_config:/home/a/ws_nhk/install/moveit_ros_move_group:/home/a/ws_nhk/install/moveit_ros_warehouse:/home/a/ws_nhk/install/moveit_planners_ompl:/home/a/ws_nhk/install/moveit_kinematics:/home/a/ws_nhk/install/trac_ik:/home/a/ws_nhk/install/moveit_ros_planning:/home/a/ws_nhk/install/moveit_planners_chomp:/home/a/ws_nhk/install/trac_ik_kinematics_plugin:/home/a/ws_nhk/install/pilz_industrial_motion_planner_testutils:/home/a/ws_nhk/install/moveit_simple_controller_manager:/home/a/ws_nhk/install/moveit_ros_occupancy_map_monitor:/home/a/ws_nhk/install/moveit_resources_prbt_ikfast_manipulator_plugin:/home/a/ws_nhk/install/chomp_motion_planner:/home/a/ws_nhk/install/moveit_core:/home/a/ws_nhk/install/rviz_marker_tools:/home/a/ws_nhk/install/moveit_resources_panda_moveit_config:/home/a/ws_nhk/install/moveit_resources_fanuc_moveit_config:/home/a/ws_nhk/install/trac_ik_lib:/home/a/ws_nhk/install/srdfdom:/home/a/ws_nhk/install/moveit_task_constructor_msgs:/home/a/ws_nhk/install/moveit_resources_prbt_support:/home/a/ws_nhk/install/moveit_resources_pr2_description:/home/a/ws_nhk/install/moveit_resources_panda_description:/home/a/ws_nhk/install/moveit_resources_fanuc_description:/home/a/ws_nhk/install/moveit_common:/home/a/install/field_description_test:/opt/ros/humble LD_LIBRARY_PATH=/home/a/ws_nhk/install/pilz_industrial_motion_planner/lib:/home/a/ws_nhk/install/moveit_ros_planning_interface/lib:/home/a/ws_nhk/install/moveit_ros_move_group/lib:/home/a/ws_nhk/install/moveit_ros_warehouse/lib:/home/a/ws_nhk/install/moveit_planners_ompl/lib:/home/a/ws_nhk/install/moveit_kinematics/lib:/home/a/ws_nhk/install/moveit_ros_planning/lib:/home/a/ws_nhk/install/moveit_planners_chomp/lib:/home/a/ws_nhk/install/trac_ik_kinematics_plugin/lib:/home/a/ws_nhk/install/pilz_industrial_motion_planner_testutils/lib:/home/a/ws_nhk/install/moveit_simple_controller_manager/lib:/home/a/ws_nhk/install/moveit_ros_occupancy_map_monitor/lib:/home/a/ws_nhk/install/moveit_resources_prbt_ikfast_manipulator_plugin/lib:/home/a/ws_nhk/install/chomp_motion_planner/lib:/home/a/ws_nhk/install/moveit_core/lib:/home/a/ws_nhk/install/rviz_marker_tools/lib:/home/a/ws_nhk/install/trac_ik_lib/lib:/home/a/ws_nhk/install/srdfdom/lib:/home/a/ws_nhk/install/moveit_task_constructor_msgs/lib:${LD_LIBRARY_PATH} PATH=/home/a/ws_nhk/install/moveit_core/bin:${PATH} PYTHONPATH=/home/a/ws_nhk/install/moveit_configs_utils/lib/python3.10/site-packages:/home/a/ws_nhk/install/srdfdom/local/lib/python3.10/dist-packages:/home/a/ws_nhk/install/moveit_task_constructor_msgs/local/lib/python3.10/dist-packages:/home/a/ws_nhk/install/launch_param_builder/lib/python3.10/site-packages:${PYTHONPATH} /usr/bin/cmake --build /home/a/ws_nhk/build/moveit_task_constructor_core -- -j22 -l22
[1.143s] Invoking command in '/home/a/ws_nhk/build/moveit_task_constructor_core': AMENT_PREFIX_PATH=/home/a/ws_nhk/install/moveit_planners:/home/a/ws_nhk/install/pilz_industrial_motion_planner:/home/a/ws_nhk/install/moveit_resources_prbt_pg70_support:/home/a/ws_nhk/install/moveit_ros_planning_interface:/home/a/ws_nhk/install/moveit_resources_prbt_moveit_config:/home/a/ws_nhk/install/moveit_ros_move_group:/home/a/ws_nhk/install/moveit_ros_warehouse:/home/a/ws_nhk/install/moveit_planners_ompl:/home/a/ws_nhk/install/moveit_kinematics:/home/a/ws_nhk/install/trac_ik:/home/a/ws_nhk/install/moveit_ros_planning:/home/a/ws_nhk/install/moveit_planners_chomp:/home/a/ws_nhk/install/trac_ik_kinematics_plugin:/home/a/ws_nhk/install/pilz_industrial_motion_planner_testutils:/home/a/ws_nhk/install/moveit_simple_controller_manager:/home/a/ws_nhk/install/moveit_ros_occupancy_map_monitor:/home/a/ws_nhk/install/moveit_resources_prbt_ikfast_manipulator_plugin:/home/a/ws_nhk/install/chomp_motion_planner:/home/a/ws_nhk/install/moveit_core:/home/a/ws_nhk/install/rviz_marker_tools:/home/a/ws_nhk/install/moveit_resources_panda_moveit_config:/home/a/ws_nhk/install/moveit_resources_fanuc_moveit_config:/home/a/ws_nhk/install/moveit_configs_utils:/home/a/ws_nhk/install/trac_ik_lib:/home/a/ws_nhk/install/srdfdom:/home/a/ws_nhk/install/moveit_task_constructor_msgs:/home/a/ws_nhk/install/moveit_resources_prbt_support:/home/a/ws_nhk/install/moveit_resources_pr2_description:/home/a/ws_nhk/install/moveit_resources_panda_description:/home/a/ws_nhk/install/moveit_resources_fanuc_description:/home/a/ws_nhk/install/moveit_common:/home/a/ws_nhk/install/launch_param_builder:${AMENT_PREFIX_PATH} CMAKE_PREFIX_PATH=/home/a/ws_nhk/install/moveit_planners:/home/a/ws_nhk/install/pilz_industrial_motion_planner:/home/a/ws_nhk/install/moveit_resources_prbt_pg70_support:/home/a/ws_nhk/install/moveit_ros_planning_interface:/home/a/ws_nhk/install/moveit_resources_prbt_moveit_config:/home/a/ws_nhk/install/moveit_ros_move_group:/home/a/ws_nhk/install/moveit_ros_warehouse:/home/a/ws_nhk/install/moveit_planners_ompl:/home/a/ws_nhk/install/moveit_kinematics:/home/a/ws_nhk/install/trac_ik:/home/a/ws_nhk/install/moveit_ros_planning:/home/a/ws_nhk/install/moveit_planners_chomp:/home/a/ws_nhk/install/trac_ik_kinematics_plugin:/home/a/ws_nhk/install/pilz_industrial_motion_planner_testutils:/home/a/ws_nhk/install/moveit_simple_controller_manager:/home/a/ws_nhk/install/moveit_ros_occupancy_map_monitor:/home/a/ws_nhk/install/moveit_resources_prbt_ikfast_manipulator_plugin:/home/a/ws_nhk/install/chomp_motion_planner:/home/a/ws_nhk/install/moveit_core:/home/a/ws_nhk/install/rviz_marker_tools:/home/a/ws_nhk/install/moveit_resources_panda_moveit_config:/home/a/ws_nhk/install/moveit_resources_fanuc_moveit_config:/home/a/ws_nhk/install/trac_ik_lib:/home/a/ws_nhk/install/srdfdom:/home/a/ws_nhk/install/moveit_task_constructor_msgs:/home/a/ws_nhk/install/moveit_resources_prbt_support:/home/a/ws_nhk/install/moveit_resources_pr2_description:/home/a/ws_nhk/install/moveit_resources_panda_description:/home/a/ws_nhk/install/moveit_resources_fanuc_description:/home/a/ws_nhk/install/moveit_common:/home/a/install/field_description_test:/opt/ros/humble LD_LIBRARY_PATH=/home/a/ws_nhk/install/pilz_industrial_motion_planner/lib:/home/a/ws_nhk/install/moveit_ros_planning_interface/lib:/home/a/ws_nhk/install/moveit_ros_move_group/lib:/home/a/ws_nhk/install/moveit_ros_warehouse/lib:/home/a/ws_nhk/install/moveit_planners_ompl/lib:/home/a/ws_nhk/install/moveit_kinematics/lib:/home/a/ws_nhk/install/moveit_ros_planning/lib:/home/a/ws_nhk/install/moveit_planners_chomp/lib:/home/a/ws_nhk/install/trac_ik_kinematics_plugin/lib:/home/a/ws_nhk/install/pilz_industrial_motion_planner_testutils/lib:/home/a/ws_nhk/install/moveit_simple_controller_manager/lib:/home/a/ws_nhk/install/moveit_ros_occupancy_map_monitor/lib:/home/a/ws_nhk/install/moveit_resources_prbt_ikfast_manipulator_plugin/lib:/home/a/ws_nhk/install/chomp_motion_planner/lib:/home/a/ws_nhk/install/moveit_core/lib:/home/a/ws_nhk/install/rviz_marker_tools/lib:/home/a/ws_nhk/install/trac_ik_lib/lib:/home/a/ws_nhk/install/srdfdom/lib:/home/a/ws_nhk/install/moveit_task_constructor_msgs/lib:${LD_LIBRARY_PATH} PATH=/home/a/ws_nhk/install/moveit_core/bin:${PATH} PYTHONPATH=/home/a/ws_nhk/install/moveit_configs_utils/lib/python3.10/site-packages:/home/a/ws_nhk/install/srdfdom/local/lib/python3.10/dist-packages:/home/a/ws_nhk/install/moveit_task_constructor_msgs/local/lib/python3.10/dist-packages:/home/a/ws_nhk/install/launch_param_builder/lib/python3.10/site-packages:${PYTHONPATH} /usr/bin/cmake --install /home/a/ws_nhk/build/moveit_task_constructor_core
[1.164s] -- Install configuration: "Release"
[1.166s] -- Up-to-date: /home/a/ws_nhk/install/moveit_task_constructor_core/lib/libmoveit_task_constructor_core_stages.so
[1.166s] -- Up-to-date: /home/a/ws_nhk/install/moveit_task_constructor_core/lib/libmoveit_task_constructor_core_stage_plugins.so
[1.167s] -- Up-to-date: /home/a/ws_nhk/install/moveit_task_constructor_core/lib/libmoveit_task_constructor_core.so
[1.168s] -- Up-to-date: /home/a/ws_nhk/install/moveit_task_constructor_core/share/moveit_task_constructor_core/environment/pythonpath.sh
[1.168s] -- Up-to-date: /home/a/ws_nhk/install/moveit_task_constructor_core/share/moveit_task_constructor_core/environment/pythonpath.dsv
[1.169s] -- Up-to-date: /home/a/ws_nhk/install/moveit_task_constructor_core/local/lib/python3.10/dist-packages/moveit-0.1.3-py3.10.egg-info
[1.169s] -- Installing: /home/a/ws_nhk/install/moveit_task_constructor_core/local/lib/python3.10/dist-packages/moveit-0.1.3-py3.10.egg-info/top_level.txt
[1.169s] -- Installing: /home/a/ws_nhk/install/moveit_task_constructor_core/local/lib/python3.10/dist-packages/moveit-0.1.3-py3.10.egg-info/SOURCES.txt
[1.170s] -- Installing: /home/a/ws_nhk/install/moveit_task_constructor_core/local/lib/python3.10/dist-packages/moveit-0.1.3-py3.10.egg-info/PKG-INFO
[1.170s] -- Installing: /home/a/ws_nhk/install/moveit_task_constructor_core/local/lib/python3.10/dist-packages/moveit-0.1.3-py3.10.egg-info/dependency_links.txt
[1.170s] -- Up-to-date: /home/a/ws_nhk/install/moveit_task_constructor_core/local/lib/python3.10/dist-packages/moveit
[1.171s] -- Up-to-date: /home/a/ws_nhk/install/moveit_task_constructor_core/local/lib/python3.10/dist-packages/moveit/__init__.py
[1.171s] -- Up-to-date: /home/a/ws_nhk/install/moveit_task_constructor_core/local/lib/python3.10/dist-packages/moveit/task_constructor
[1.171s] -- Up-to-date: /home/a/ws_nhk/install/moveit_task_constructor_core/local/lib/python3.10/dist-packages/moveit/task_constructor/__init__.py
[1.171s] -- Up-to-date: /home/a/ws_nhk/install/moveit_task_constructor_core/local/lib/python3.10/dist-packages/moveit/task_constructor/stages.py
[1.171s] -- Up-to-date: /home/a/ws_nhk/install/moveit_task_constructor_core/local/lib/python3.10/dist-packages/moveit/task_constructor/core.py
[1.255s] Listing '/home/a/ws_nhk/install/moveit_task_constructor_core/local/lib/python3.10/dist-packages/moveit'...
[1.256s] Listing '/home/a/ws_nhk/install/moveit_task_constructor_core/local/lib/python3.10/dist-packages/moveit/task_constructor'...
[1.267s] -- Up-to-date: /home/a/ws_nhk/install/moveit_task_constructor_core/include/moveit/python/pybind11
[1.267s] -- Up-to-date: /home/a/ws_nhk/install/moveit_task_constructor_core/include/moveit/python/pybind11/buffer_info.h
[1.267s] -- Up-to-date: /home/a/ws_nhk/install/moveit_task_constructor_core/include/moveit/python/pybind11/typing.h
[1.267s] -- Up-to-date: /home/a/ws_nhk/install/moveit_task_constructor_core/include/moveit/python/pybind11/gil.h
[1.268s] -- Up-to-date: /home/a/ws_nhk/install/moveit_task_constructor_core/include/moveit/python/pybind11/gil_safe_call_once.h
[1.268s] -- Up-to-date: /home/a/ws_nhk/install/moveit_task_constructor_core/include/moveit/python/pybind11/pytypes.h
[1.268s] -- Up-to-date: /home/a/ws_nhk/install/moveit_task_constructor_core/include/moveit/python/pybind11/stl.h
[1.268s] -- Up-to-date: /home/a/ws_nhk/install/moveit_task_constructor_core/include/moveit/python/pybind11/attr.h
[1.268s] -- Up-to-date: /home/a/ws_nhk/install/moveit_task_constructor_core/include/moveit/python/pybind11/trampoline_self_life_support.h
[1.269s] -- Up-to-date: /home/a/ws_nhk/install/moveit_task_constructor_core/include/moveit/python/pybind11/numpy.h
[1.269s] -- Up-to-date: /home/a/ws_nhk/install/moveit_task_constructor_core/include/moveit/python/pybind11/eigen.h
[1.269s] -- Up-to-date: /home/a/ws_nhk/install/moveit_task_constructor_core/include/moveit/python/pybind11/cast.h
[1.269s] -- Up-to-date: /home/a/ws_nhk/install/moveit_task_constructor_core/include/moveit/python/pybind11/pybind11.h
[1.269s] -- Up-to-date: /home/a/ws_nhk/install/moveit_task_constructor_core/include/moveit/python/pybind11/stl
[1.269s] -- Up-to-date: /home/a/ws_nhk/install/moveit_task_constructor_core/include/moveit/python/pybind11/stl/filesystem.h
[1.269s] -- Up-to-date: /home/a/ws_nhk/install/moveit_task_constructor_core/include/moveit/python/pybind11/eigen
[1.269s] -- Up-to-date: /home/a/ws_nhk/install/moveit_task_constructor_core/include/moveit/python/pybind11/eigen/tensor.h
[1.270s] -- Up-to-date: /home/a/ws_nhk/install/moveit_task_constructor_core/include/moveit/python/pybind11/eigen/matrix.h
[1.270s] -- Up-to-date: /home/a/ws_nhk/install/moveit_task_constructor_core/include/moveit/python/pybind11/eigen/common.h
[1.270s] -- Up-to-date: /home/a/ws_nhk/install/moveit_task_constructor_core/include/moveit/python/pybind11/eval.h
[1.270s] -- Up-to-date: /home/a/ws_nhk/install/moveit_task_constructor_core/include/moveit/python/pybind11/embed.h
[1.270s] -- Up-to-date: /home/a/ws_nhk/install/moveit_task_constructor_core/include/moveit/python/pybind11/operators.h
[1.270s] -- Up-to-date: /home/a/ws_nhk/install/moveit_task_constructor_core/include/moveit/python/pybind11/chrono.h
[1.270s] -- Up-to-date: /home/a/ws_nhk/install/moveit_task_constructor_core/include/moveit/python/pybind11/options.h
[1.271s] -- Up-to-date: /home/a/ws_nhk/install/moveit_task_constructor_core/include/moveit/python/pybind11/stl_bind.h
[1.271s] -- Up-to-date: /home/a/ws_nhk/install/moveit_task_constructor_core/include/moveit/python/pybind11/detail
[1.271s] -- Up-to-date: /home/a/ws_nhk/install/moveit_task_constructor_core/include/moveit/python/pybind11/detail/internals.h
[1.271s] -- Up-to-date: /home/a/ws_nhk/install/moveit_task_constructor_core/include/moveit/python/pybind11/detail/typeid.h
[1.271s] -- Up-to-date: /home/a/ws_nhk/install/moveit_task_constructor_core/include/moveit/python/pybind11/detail/dynamic_raw_ptr_cast_if_possible.h
[1.271s] -- Up-to-date: /home/a/ws_nhk/install/moveit_task_constructor_core/include/moveit/python/pybind11/detail/smart_holder_sfinae_hooks_only.h
[1.271s] -- Up-to-date: /home/a/ws_nhk/install/moveit_task_constructor_core/include/moveit/python/pybind11/detail/smart_holder_poc.h
[1.272s] -- Up-to-date: /home/a/ws_nhk/install/moveit_task_constructor_core/include/moveit/python/pybind11/detail/type_caster_base.h
[1.272s] -- Up-to-date: /home/a/ws_nhk/install/moveit_task_constructor_core/include/moveit/python/pybind11/detail/descr.h
[1.272s] -- Up-to-date: /home/a/ws_nhk/install/moveit_task_constructor_core/include/moveit/python/pybind11/detail/class.h
[1.272s] -- Up-to-date: /home/a/ws_nhk/install/moveit_task_constructor_core/include/moveit/python/pybind11/detail/smart_holder_type_casters.h
[1.272s] -- Up-to-date: /home/a/ws_nhk/install/moveit_task_constructor_core/include/moveit/python/pybind11/detail/type_caster_odr_guard.h
[1.272s] -- Up-to-date: /home/a/ws_nhk/install/moveit_task_constructor_core/include/moveit/python/pybind11/detail/common.h
[1.272s] -- Up-to-date: /home/a/ws_nhk/install/moveit_task_constructor_core/include/moveit/python/pybind11/detail/init.h
[1.272s] -- Up-to-date: /home/a/ws_nhk/install/moveit_task_constructor_core/include/moveit/python/pybind11/complex.h
[1.272s] -- Up-to-date: /home/a/ws_nhk/install/moveit_task_constructor_core/include/moveit/python/pybind11/functional.h
[1.273s] -- Up-to-date: /home/a/ws_nhk/install/moveit_task_constructor_core/include/moveit/python/pybind11/type_caster_pyobject_ptr.h
[1.273s] -- Up-to-date: /home/a/ws_nhk/install/moveit_task_constructor_core/include/moveit/python/pybind11/iostream.h
[1.273s] -- Up-to-date: /home/a/ws_nhk/install/moveit_task_constructor_core/include/moveit/python/pybind11/common.h
[1.273s] -- Up-to-date: /home/a/ws_nhk/install/moveit_task_constructor_core/include/moveit/python/pybind11/smart_holder.h
[1.273s] -- Up-to-date: /home/a/ws_nhk/install/moveit_task_constructor_core/share/moveit_task_constructor_core/cmake/pybind11Config.cmake
[1.273s] -- Up-to-date: /home/a/ws_nhk/install/moveit_task_constructor_core/share/moveit_task_constructor_core/cmake/pybind11ConfigVersion.cmake
[1.273s] -- Up-to-date: /home/a/ws_nhk/install/moveit_task_constructor_core/share/moveit_task_constructor_core/cmake/FindPythonLibsNew.cmake
[1.273s] -- Up-to-date: /home/a/ws_nhk/install/moveit_task_constructor_core/share/moveit_task_constructor_core/cmake/pybind11Common.cmake
[1.274s] -- Up-to-date: /home/a/ws_nhk/install/moveit_task_constructor_core/share/moveit_task_constructor_core/cmake/pybind11Tools.cmake
[1.274s] -- Up-to-date: /home/a/ws_nhk/install/moveit_task_constructor_core/share/moveit_task_constructor_core/cmake/pybind11NewTools.cmake
[1.274s] -- Up-to-date: /home/a/ws_nhk/install/moveit_task_constructor_core/share/moveit_task_constructor_core/cmake/pybind11Targets.cmake
[1.274s] -- Up-to-date: /home/a/ws_nhk/install/moveit_task_constructor_core/share/pkgconfig/pybind11.pc
[1.274s] -- Up-to-date: /home/a/ws_nhk/install/moveit_task_constructor_core/local/lib/python3.10/dist-packages/pymoveit_mtc.cpython-310-x86_64-linux-gnu.so
[1.274s] -- Up-to-date: /home/a/ws_nhk/install/moveit_task_constructor_core/include
[1.274s] -- Up-to-date: /home/a/ws_nhk/install/moveit_task_constructor_core/include/moveit
[1.275s] -- Up-to-date: /home/a/ws_nhk/install/moveit_task_constructor_core/include/moveit/python
[1.275s] -- Up-to-date: /home/a/ws_nhk/install/moveit_task_constructor_core/include/moveit/python/task_constructor
[1.275s] -- Up-to-date: /home/a/ws_nhk/install/moveit_task_constructor_core/include/moveit/python/task_constructor/properties.h
[1.275s] -- Up-to-date: /home/a/ws_nhk/install/moveit_task_constructor_core/include/moveit/task_constructor
[1.275s] -- Up-to-date: /home/a/ws_nhk/install/moveit_task_constructor_core/include/moveit/task_constructor/solvers.h
[1.275s] -- Up-to-date: /home/a/ws_nhk/install/moveit_task_constructor_core/include/moveit/task_constructor/stages
[1.275s] -- Up-to-date: /home/a/ws_nhk/install/moveit_task_constructor_core/include/moveit/task_constructor/stages/generate_place_pose.h
[1.276s] -- Up-to-date: /home/a/ws_nhk/install/moveit_task_constructor_core/include/moveit/task_constructor/stages/move_to.h
[1.276s] -- Up-to-date: /home/a/ws_nhk/install/moveit_task_constructor_core/include/moveit/task_constructor/stages/fixed_cartesian_poses.h
[1.276s] -- Up-to-date: /home/a/ws_nhk/install/moveit_task_constructor_core/include/moveit/task_constructor/stages/generate_pose.h
[1.276s] -- Up-to-date: /home/a/ws_nhk/install/moveit_task_constructor_core/include/moveit/task_constructor/stages/generate_grasp_pose.h
[1.276s] -- Up-to-date: /home/a/ws_nhk/install/moveit_task_constructor_core/include/moveit/task_constructor/stages/passthrough.h
[1.277s] -- Up-to-date: /home/a/ws_nhk/install/moveit_task_constructor_core/include/moveit/task_constructor/stages/fixed_state.h
[1.277s] -- Up-to-date: /home/a/ws_nhk/install/moveit_task_constructor_core/include/moveit/task_constructor/stages/simple_grasp.h
[1.277s] -- Up-to-date: /home/a/ws_nhk/install/moveit_task_constructor_core/include/moveit/task_constructor/stages/modify_planning_scene.h
[1.277s] -- Up-to-date: /home/a/ws_nhk/install/moveit_task_constructor_core/include/moveit/task_constructor/stages/compute_ik.h
[1.277s] -- Up-to-date: /home/a/ws_nhk/install/moveit_task_constructor_core/include/moveit/task_constructor/stages/pick.h
[1.277s] -- Up-to-date: /home/a/ws_nhk/install/moveit_task_constructor_core/include/moveit/task_constructor/stages/connect.h
[1.277s] -- Up-to-date: /home/a/ws_nhk/install/moveit_task_constructor_core/include/moveit/task_constructor/stages/predicate_filter.h
[1.278s] -- Up-to-date: /home/a/ws_nhk/install/moveit_task_constructor_core/include/moveit/task_constructor/stages/generate_random_pose.h
[1.278s] -- Up-to-date: /home/a/ws_nhk/install/moveit_task_constructor_core/include/moveit/task_constructor/stages/fix_collision_objects.h
[1.278s] -- Up-to-date: /home/a/ws_nhk/install/moveit_task_constructor_core/include/moveit/task_constructor/stages/noop.h
[1.278s] -- Up-to-date: /home/a/ws_nhk/install/moveit_task_constructor_core/include/moveit/task_constructor/stages/move_relative.h
[1.278s] -- Up-to-date: /home/a/ws_nhk/install/moveit_task_constructor_core/include/moveit/task_constructor/stages/current_state.h
[1.278s] -- Up-to-date: /home/a/ws_nhk/install/moveit_task_constructor_core/include/moveit/task_constructor/marker_tools.h
[1.278s] -- Up-to-date: /home/a/ws_nhk/install/moveit_task_constructor_core/include/moveit/task_constructor/cost_terms.h
[1.278s] -- Up-to-date: /home/a/ws_nhk/install/moveit_task_constructor_core/include/moveit/task_constructor/stage.h
[1.278s] -- Up-to-date: /home/a/ws_nhk/install/moveit_task_constructor_core/include/moveit/task_constructor/container.h
[1.279s] -- Up-to-date: /home/a/ws_nhk/install/moveit_task_constructor_core/include/moveit/task_constructor/utils.h
[1.279s] -- Up-to-date: /home/a/ws_nhk/install/moveit_task_constructor_core/include/moveit/task_constructor/solvers
[1.279s] -- Up-to-date: /home/a/ws_nhk/install/moveit_task_constructor_core/include/moveit/task_constructor/solvers/pipeline_planner.h
[1.279s] -- Up-to-date: /home/a/ws_nhk/install/moveit_task_constructor_core/include/moveit/task_constructor/solvers/cartesian_path.h
[1.279s] -- Up-to-date: /home/a/ws_nhk/install/moveit_task_constructor_core/include/moveit/task_constructor/solvers/multi_planner.h
[1.279s] -- Up-to-date: /home/a/ws_nhk/install/moveit_task_constructor_core/include/moveit/task_constructor/solvers/joint_interpolation.h
[1.279s] -- Up-to-date: /home/a/ws_nhk/install/moveit_task_constructor_core/include/moveit/task_constructor/solvers/planner_interface.h
[1.280s] -- Up-to-date: /home/a/ws_nhk/install/moveit_task_constructor_core/include/moveit/task_constructor/storage.h
[1.280s] -- Up-to-date: /home/a/ws_nhk/install/moveit_task_constructor_core/include/moveit/task_constructor/introspection.h
[1.280s] -- Up-to-date: /home/a/ws_nhk/install/moveit_task_constructor_core/include/moveit/task_constructor/moveit_compat.h
[1.280s] -- Up-to-date: /home/a/ws_nhk/install/moveit_task_constructor_core/include/moveit/task_constructor/task.h
[1.280s] -- Up-to-date: /home/a/ws_nhk/install/moveit_task_constructor_core/include/moveit/task_constructor/trajectory_execution_info.h
[1.280s] -- Up-to-date: /home/a/ws_nhk/install/moveit_task_constructor_core/include/moveit/task_constructor/stages.h
[1.280s] -- Up-to-date: /home/a/ws_nhk/install/moveit_task_constructor_core/include/moveit/task_constructor/properties.h
[1.281s] -- Up-to-date: /home/a/ws_nhk/install/moveit_task_constructor_core/include/moveit/task_constructor/cost_queue.h
[1.281s] -- Up-to-date: /home/a/ws_nhk/install/moveit_task_constructor_core/include/moveit/task_constructor/merge.h
[1.281s] -- Up-to-date: /home/a/ws_nhk/install/moveit_task_constructor_core/include/moveit/task_constructor/type_traits.h
[1.281s] -- Up-to-date: /home/a/ws_nhk/install/moveit_task_constructor_core/share/moveit_task_constructor_core/motion_planning_stages_plugin_description.xml
[1.281s] -- Up-to-date: /home/a/ws_nhk/install/moveit_task_constructor_core/share/moveit_task_constructor_core/environment/library_path.sh
[1.281s] -- Up-to-date: /home/a/ws_nhk/install/moveit_task_constructor_core/share/moveit_task_constructor_core/environment/library_path.dsv
[1.281s] -- Up-to-date: /home/a/ws_nhk/install/moveit_task_constructor_core/share/ament_index/resource_index/package_run_dependencies/moveit_task_constructor_core
[1.281s] -- Up-to-date: /home/a/ws_nhk/install/moveit_task_constructor_core/share/ament_index/resource_index/parent_prefix_path/moveit_task_constructor_core
[1.282s] -- Up-to-date: /home/a/ws_nhk/install/moveit_task_constructor_core/share/moveit_task_constructor_core/environment/ament_prefix_path.sh
[1.282s] -- Up-to-date: /home/a/ws_nhk/install/moveit_task_constructor_core/share/moveit_task_constructor_core/environment/ament_prefix_path.dsv
[1.282s] -- Up-to-date: /home/a/ws_nhk/install/moveit_task_constructor_core/share/moveit_task_constructor_core/environment/path.sh
[1.282s] -- Up-to-date: /home/a/ws_nhk/install/moveit_task_constructor_core/share/moveit_task_constructor_core/environment/path.dsv
[1.282s] -- Up-to-date: /home/a/ws_nhk/install/moveit_task_constructor_core/share/moveit_task_constructor_core/local_setup.bash
[1.282s] -- Up-to-date: /home/a/ws_nhk/install/moveit_task_constructor_core/share/moveit_task_constructor_core/local_setup.sh
[1.282s] -- Up-to-date: /home/a/ws_nhk/install/moveit_task_constructor_core/share/moveit_task_constructor_core/local_setup.zsh
[1.282s] -- Up-to-date: /home/a/ws_nhk/install/moveit_task_constructor_core/share/moveit_task_constructor_core/local_setup.dsv
[1.283s] -- Installing: /home/a/ws_nhk/install/moveit_task_constructor_core/share/moveit_task_constructor_core/package.dsv
[1.283s] -- Up-to-date: /home/a/ws_nhk/install/moveit_task_constructor_core/share/ament_index/resource_index/packages/moveit_task_constructor_core
[1.286s] -- Up-to-date: /home/a/ws_nhk/install/moveit_task_constructor_core/share/ament_index/resource_index/moveit_task_constructor_core__pluginlib__plugin/moveit_task_constructor_core
[1.287s] -- Up-to-date: /home/a/ws_nhk/install/moveit_task_constructor_core/share/moveit_task_constructor_core/cmake/moveit_task_constructor_coreTargetsExport.cmake
[1.287s] -- Up-to-date: /home/a/ws_nhk/install/moveit_task_constructor_core/share/moveit_task_constructor_core/cmake/moveit_task_constructor_coreTargetsExport-release.cmake
[1.287s] -- Up-to-date: /home/a/ws_nhk/install/moveit_task_constructor_core/share/moveit_task_constructor_core/cmake/ament_cmake_export_targets-extras.cmake
[1.287s] -- Up-to-date: /home/a/ws_nhk/install/moveit_task_constructor_core/share/moveit_task_constructor_core/cmake/ament_cmake_export_dependencies-extras.cmake
[1.287s] -- Up-to-date: /home/a/ws_nhk/install/moveit_task_constructor_core/share/moveit_task_constructor_core/cmake/moveit_task_constructor_coreConfig.cmake
[1.287s] -- Up-to-date: /home/a/ws_nhk/install/moveit_task_constructor_core/share/moveit_task_constructor_core/cmake/moveit_task_constructor_coreConfig-version.cmake
[1.288s] -- Up-to-date: /home/a/ws_nhk/install/moveit_task_constructor_core/share/moveit_task_constructor_core/package.xml
[1.294s] Invoked command in '/home/a/ws_nhk/build/moveit_task_constructor_core' returned '0': AMENT_PREFIX_PATH=/home/a/ws_nhk/install/moveit_planners:/home/a/ws_nhk/install/pilz_industrial_motion_planner:/home/a/ws_nhk/install/moveit_resources_prbt_pg70_support:/home/a/ws_nhk/install/moveit_ros_planning_interface:/home/a/ws_nhk/install/moveit_resources_prbt_moveit_config:/home/a/ws_nhk/install/moveit_ros_move_group:/home/a/ws_nhk/install/moveit_ros_warehouse:/home/a/ws_nhk/install/moveit_planners_ompl:/home/a/ws_nhk/install/moveit_kinematics:/home/a/ws_nhk/install/trac_ik:/home/a/ws_nhk/install/moveit_ros_planning:/home/a/ws_nhk/install/moveit_planners_chomp:/home/a/ws_nhk/install/trac_ik_kinematics_plugin:/home/a/ws_nhk/install/pilz_industrial_motion_planner_testutils:/home/a/ws_nhk/install/moveit_simple_controller_manager:/home/a/ws_nhk/install/moveit_ros_occupancy_map_monitor:/home/a/ws_nhk/install/moveit_resources_prbt_ikfast_manipulator_plugin:/home/a/ws_nhk/install/chomp_motion_planner:/home/a/ws_nhk/install/moveit_core:/home/a/ws_nhk/install/rviz_marker_tools:/home/a/ws_nhk/install/moveit_resources_panda_moveit_config:/home/a/ws_nhk/install/moveit_resources_fanuc_moveit_config:/home/a/ws_nhk/install/moveit_configs_utils:/home/a/ws_nhk/install/trac_ik_lib:/home/a/ws_nhk/install/srdfdom:/home/a/ws_nhk/install/moveit_task_constructor_msgs:/home/a/ws_nhk/install/moveit_resources_prbt_support:/home/a/ws_nhk/install/moveit_resources_pr2_description:/home/a/ws_nhk/install/moveit_resources_panda_description:/home/a/ws_nhk/install/moveit_resources_fanuc_description:/home/a/ws_nhk/install/moveit_common:/home/a/ws_nhk/install/launch_param_builder:${AMENT_PREFIX_PATH} CMAKE_PREFIX_PATH=/home/a/ws_nhk/install/moveit_planners:/home/a/ws_nhk/install/pilz_industrial_motion_planner:/home/a/ws_nhk/install/moveit_resources_prbt_pg70_support:/home/a/ws_nhk/install/moveit_ros_planning_interface:/home/a/ws_nhk/install/moveit_resources_prbt_moveit_config:/home/a/ws_nhk/install/moveit_ros_move_group:/home/a/ws_nhk/install/moveit_ros_warehouse:/home/a/ws_nhk/install/moveit_planners_ompl:/home/a/ws_nhk/install/moveit_kinematics:/home/a/ws_nhk/install/trac_ik:/home/a/ws_nhk/install/moveit_ros_planning:/home/a/ws_nhk/install/moveit_planners_chomp:/home/a/ws_nhk/install/trac_ik_kinematics_plugin:/home/a/ws_nhk/install/pilz_industrial_motion_planner_testutils:/home/a/ws_nhk/install/moveit_simple_controller_manager:/home/a/ws_nhk/install/moveit_ros_occupancy_map_monitor:/home/a/ws_nhk/install/moveit_resources_prbt_ikfast_manipulator_plugin:/home/a/ws_nhk/install/chomp_motion_planner:/home/a/ws_nhk/install/moveit_core:/home/a/ws_nhk/install/rviz_marker_tools:/home/a/ws_nhk/install/moveit_resources_panda_moveit_config:/home/a/ws_nhk/install/moveit_resources_fanuc_moveit_config:/home/a/ws_nhk/install/trac_ik_lib:/home/a/ws_nhk/install/srdfdom:/home/a/ws_nhk/install/moveit_task_constructor_msgs:/home/a/ws_nhk/install/moveit_resources_prbt_support:/home/a/ws_nhk/install/moveit_resources_pr2_description:/home/a/ws_nhk/install/moveit_resources_panda_description:/home/a/ws_nhk/install/moveit_resources_fanuc_description:/home/a/ws_nhk/install/moveit_common:/home/a/install/field_description_test:/opt/ros/humble LD_LIBRARY_PATH=/home/a/ws_nhk/install/pilz_industrial_motion_planner/lib:/home/a/ws_nhk/install/moveit_ros_planning_interface/lib:/home/a/ws_nhk/install/moveit_ros_move_group/lib:/home/a/ws_nhk/install/moveit_ros_warehouse/lib:/home/a/ws_nhk/install/moveit_planners_ompl/lib:/home/a/ws_nhk/install/moveit_kinematics/lib:/home/a/ws_nhk/install/moveit_ros_planning/lib:/home/a/ws_nhk/install/moveit_planners_chomp/lib:/home/a/ws_nhk/install/trac_ik_kinematics_plugin/lib:/home/a/ws_nhk/install/pilz_industrial_motion_planner_testutils/lib:/home/a/ws_nhk/install/moveit_simple_controller_manager/lib:/home/a/ws_nhk/install/moveit_ros_occupancy_map_monitor/lib:/home/a/ws_nhk/install/moveit_resources_prbt_ikfast_manipulator_plugin/lib:/home/a/ws_nhk/install/chomp_motion_planner/lib:/home/a/ws_nhk/install/moveit_core/lib:/home/a/ws_nhk/install/rviz_marker_tools/lib:/home/a/ws_nhk/install/trac_ik_lib/lib:/home/a/ws_nhk/install/srdfdom/lib:/home/a/ws_nhk/install/moveit_task_constructor_msgs/lib:${LD_LIBRARY_PATH} PATH=/home/a/ws_nhk/install/moveit_core/bin:${PATH} PYTHONPATH=/home/a/ws_nhk/install/moveit_configs_utils/lib/python3.10/site-packages:/home/a/ws_nhk/install/srdfdom/local/lib/python3.10/dist-packages:/home/a/ws_nhk/install/moveit_task_constructor_msgs/local/lib/python3.10/dist-packages:/home/a/ws_nhk/install/launch_param_builder/lib/python3.10/site-packages:${PYTHONPATH} /usr/bin/cmake --install /home/a/ws_nhk/build/moveit_task_constructor_core
