[0.583s] Invoking command in '/home/a/ws_nhk/build/moveit_resources_fanuc_description': CMAKE_PREFIX_PATH=${CMAKE_PREFIX_PATH}:/home/a/ws_nhk/install/moveit_configs_utils:/home/a/ws_nhk/install/launch_param_builder:/home/a/ws_nhk/install/dynamixel_controller_gui:/home/a/ws_nhk/install/dynamixel_controller_client:/opt/ros/humble /usr/bin/cmake --build /home/a/ws_nhk/build/moveit_resources_fanuc_description -- -j22 -l22
[1.578s] Invoked command in '/home/a/ws_nhk/build/moveit_resources_fanuc_description' returned '0': CMAKE_PREFIX_PATH=${CMAKE_PREFIX_PATH}:/home/a/ws_nhk/install/moveit_configs_utils:/home/a/ws_nhk/install/launch_param_builder:/home/a/ws_nhk/install/dynamixel_controller_gui:/home/a/ws_nhk/install/dynamixel_controller_client:/opt/ros/humble /usr/bin/cmake --build /home/a/ws_nhk/build/moveit_resources_fanuc_description -- -j22 -l22
[1.582s] Invoking command in '/home/a/ws_nhk/build/moveit_resources_fanuc_description': CMAKE_PREFIX_PATH=${CMAKE_PREFIX_PATH}:/home/a/ws_nhk/install/moveit_configs_utils:/home/a/ws_nhk/install/launch_param_builder:/home/a/ws_nhk/install/dynamixel_controller_gui:/home/a/ws_nhk/install/dynamixel_controller_client:/opt/ros/humble /usr/bin/cmake --install /home/a/ws_nhk/build/moveit_resources_fanuc_description
[1.706s] -- Install configuration: "Release"
[1.706s] -- Up-to-date: /home/a/ws_nhk/install/moveit_resources_fanuc_description/share/ament_index/resource_index/package_run_dependencies/moveit_resources_fanuc_description
[1.706s] -- Up-to-date: /home/a/ws_nhk/install/moveit_resources_fanuc_description/share/ament_index/resource_index/parent_prefix_path/moveit_resources_fanuc_description
[1.706s] -- Up-to-date: /home/a/ws_nhk/install/moveit_resources_fanuc_description/share/moveit_resources_fanuc_description/environment/ament_prefix_path.sh
[1.707s] -- Up-to-date: /home/a/ws_nhk/install/moveit_resources_fanuc_description/share/moveit_resources_fanuc_description/environment/ament_prefix_path.dsv
[1.707s] -- Up-to-date: /home/a/ws_nhk/install/moveit_resources_fanuc_description/share/moveit_resources_fanuc_description/environment/path.sh
[1.707s] -- Up-to-date: /home/a/ws_nhk/install/moveit_resources_fanuc_description/share/moveit_resources_fanuc_description/environment/path.dsv
[1.707s] -- Up-to-date: /home/a/ws_nhk/install/moveit_resources_fanuc_description/share/moveit_resources_fanuc_description/local_setup.bash
[1.707s] -- Up-to-date: /home/a/ws_nhk/install/moveit_resources_fanuc_description/share/moveit_resources_fanuc_description/local_setup.sh
[1.708s] -- Up-to-date: /home/a/ws_nhk/install/moveit_resources_fanuc_description/share/moveit_resources_fanuc_description/local_setup.zsh
[1.708s] -- Up-to-date: /home/a/ws_nhk/install/moveit_resources_fanuc_description/share/moveit_resources_fanuc_description/local_setup.dsv
[1.708s] -- Installing: /home/a/ws_nhk/install/moveit_resources_fanuc_description/share/moveit_resources_fanuc_description/package.dsv
[1.708s] -- Up-to-date: /home/a/ws_nhk/install/moveit_resources_fanuc_description/share/ament_index/resource_index/packages/moveit_resources_fanuc_description
[1.708s] -- Up-to-date: /home/a/ws_nhk/install/moveit_resources_fanuc_description/share/moveit_resources_fanuc_description/cmake/moveit_resources_fanuc_descriptionConfig.cmake
[1.708s] -- Up-to-date: /home/a/ws_nhk/install/moveit_resources_fanuc_description/share/moveit_resources_fanuc_description/cmake/moveit_resources_fanuc_descriptionConfig-version.cmake
[1.709s] -- Up-to-date: /home/a/ws_nhk/install/moveit_resources_fanuc_description/share/moveit_resources_fanuc_description/package.xml
[1.709s] -- Up-to-date: /home/a/ws_nhk/install/moveit_resources_fanuc_description/share/moveit_resources_fanuc_description/meshes
[1.709s] -- Up-to-date: /home/a/ws_nhk/install/moveit_resources_fanuc_description/share/moveit_resources_fanuc_description/meshes/collision
[1.709s] -- Up-to-date: /home/a/ws_nhk/install/moveit_resources_fanuc_description/share/moveit_resources_fanuc_description/meshes/collision/link_6.stl
[1.709s] -- Up-to-date: /home/a/ws_nhk/install/moveit_resources_fanuc_description/share/moveit_resources_fanuc_description/meshes/collision/base_link.stl
[1.710s] -- Up-to-date: /home/a/ws_nhk/install/moveit_resources_fanuc_description/share/moveit_resources_fanuc_description/meshes/collision/link_5.stl
[1.710s] -- Up-to-date: /home/a/ws_nhk/install/moveit_resources_fanuc_description/share/moveit_resources_fanuc_description/meshes/collision/link_3.stl
[1.710s] -- Up-to-date: /home/a/ws_nhk/install/moveit_resources_fanuc_description/share/moveit_resources_fanuc_description/meshes/collision/link_4.stl
[1.710s] -- Up-to-date: /home/a/ws_nhk/install/moveit_resources_fanuc_description/share/moveit_resources_fanuc_description/meshes/collision/link_2.stl
[1.710s] -- Up-to-date: /home/a/ws_nhk/install/moveit_resources_fanuc_description/share/moveit_resources_fanuc_description/meshes/collision/link_1.stl
[1.710s] -- Up-to-date: /home/a/ws_nhk/install/moveit_resources_fanuc_description/share/moveit_resources_fanuc_description/meshes/visual
[1.711s] -- Up-to-date: /home/a/ws_nhk/install/moveit_resources_fanuc_description/share/moveit_resources_fanuc_description/meshes/visual/link_6.stl
[1.711s] -- Up-to-date: /home/a/ws_nhk/install/moveit_resources_fanuc_description/share/moveit_resources_fanuc_description/meshes/visual/base_link.stl
[1.712s] -- Up-to-date: /home/a/ws_nhk/install/moveit_resources_fanuc_description/share/moveit_resources_fanuc_description/meshes/visual/link_5.stl
[1.713s] -- Up-to-date: /home/a/ws_nhk/install/moveit_resources_fanuc_description/share/moveit_resources_fanuc_description/meshes/visual/link_3.stl
[1.715s] -- Up-to-date: /home/a/ws_nhk/install/moveit_resources_fanuc_description/share/moveit_resources_fanuc_description/meshes/visual/link_4.stl
[1.716s] -- Up-to-date: /home/a/ws_nhk/install/moveit_resources_fanuc_description/share/moveit_resources_fanuc_description/meshes/visual/link_2.stl
[1.717s] -- Up-to-date: /home/a/ws_nhk/install/moveit_resources_fanuc_description/share/moveit_resources_fanuc_description/meshes/visual/link_1.stl
[1.718s] -- Up-to-date: /home/a/ws_nhk/install/moveit_resources_fanuc_description/share/moveit_resources_fanuc_description/urdf
[1.718s] -- Up-to-date: /home/a/ws_nhk/install/moveit_resources_fanuc_description/share/moveit_resources_fanuc_description/urdf/fanuc.urdf
[1.923s] Invoked command in '/home/a/ws_nhk/build/moveit_resources_fanuc_description' returned '0': CMAKE_PREFIX_PATH=${CMAKE_PREFIX_PATH}:/home/a/ws_nhk/install/moveit_configs_utils:/home/a/ws_nhk/install/launch_param_builder:/home/a/ws_nhk/install/dynamixel_controller_gui:/home/a/ws_nhk/install/dynamixel_controller_client:/opt/ros/humble /usr/bin/cmake --install /home/a/ws_nhk/build/moveit_resources_fanuc_description
