[0.285s] Invoking command in '/home/a/ws_nhk/build/arm_v20_description': CMAKE_PREFIX_PATH=${CMAKE_PREFIX_PATH}:/opt/ros/humble /usr/bin/cmake --build /home/a/ws_nhk/build/arm_v20_description -- -j22 -l22
[1.112s] Invoked command in '/home/a/ws_nhk/build/arm_v20_description' returned '0': CMAKE_PREFIX_PATH=${CMAKE_PREFIX_PATH}:/opt/ros/humble /usr/bin/cmake --build /home/a/ws_nhk/build/arm_v20_description -- -j22 -l22
[1.114s] Invoking command in '/home/a/ws_nhk/build/arm_v20_description': CMAKE_PREFIX_PATH=${CMAKE_PREFIX_PATH}:/opt/ros/humble /usr/bin/cmake --install /home/a/ws_nhk/build/arm_v20_description
[1.204s] -- Install configuration: ""
[1.204s] -- Up-to-date: /home/a/ws_nhk/install/arm_v20_description/share/arm_v20_description/meshes
[1.204s] -- Up-to-date: /home/a/ws_nhk/install/arm_v20_description/share/arm_v20_description/meshes/link5_1.stl
[1.204s] -- Up-to-date: /home/a/ws_nhk/install/arm_v20_description/share/arm_v20_description/meshes/base_link.stl
[1.205s] -- Up-to-date: /home/a/ws_nhk/install/arm_v20_description/share/arm_v20_description/meshes/link1_1.stl
[1.205s] -- Up-to-date: /home/a/ws_nhk/install/arm_v20_description/share/arm_v20_description/meshes/link4_1.stl
[1.205s] -- Up-to-date: /home/a/ws_nhk/install/arm_v20_description/share/arm_v20_description/meshes/endeffector_1.stl
[1.205s] -- Up-to-date: /home/a/ws_nhk/install/arm_v20_description/share/arm_v20_description/meshes/link2_1.stl
[1.205s] -- Up-to-date: /home/a/ws_nhk/install/arm_v20_description/share/arm_v20_description/meshes/link3_1.stl
[1.205s] -- Up-to-date: /home/a/ws_nhk/install/arm_v20_description/share/arm_v20_description/urdf
[1.205s] -- Up-to-date: /home/a/ws_nhk/install/arm_v20_description/share/arm_v20_description/urdf/arm_v20.trans
[1.206s] -- Up-to-date: /home/a/ws_nhk/install/arm_v20_description/share/arm_v20_description/urdf/materials.xacro
[1.206s] -- Up-to-date: /home/a/ws_nhk/install/arm_v20_description/share/arm_v20_description/urdf/materials.urdf
[1.206s] -- Up-to-date: /home/a/ws_nhk/install/arm_v20_description/share/arm_v20_description/urdf/arm_v20.xacro
[1.206s] -- Up-to-date: /home/a/ws_nhk/install/arm_v20_description/share/arm_v20_description/urdf/arm_v20.urdf
[1.207s] -- Up-to-date: /home/a/ws_nhk/install/arm_v20_description/share/arm_v20_description/launch
[1.207s] -- Up-to-date: /home/a/ws_nhk/install/arm_v20_description/share/arm_v20_description/launch/robot_description.launch.py
[1.207s] -- Up-to-date: /home/a/ws_nhk/install/arm_v20_description/share/ament_index/resource_index/package_run_dependencies/arm_v20_description
[1.207s] -- Up-to-date: /home/a/ws_nhk/install/arm_v20_description/share/ament_index/resource_index/parent_prefix_path/arm_v20_description
[1.207s] -- Up-to-date: /home/a/ws_nhk/install/arm_v20_description/share/arm_v20_description/environment/ament_prefix_path.sh
[1.208s] -- Up-to-date: /home/a/ws_nhk/install/arm_v20_description/share/arm_v20_description/environment/ament_prefix_path.dsv
[1.208s] -- Up-to-date: /home/a/ws_nhk/install/arm_v20_description/share/arm_v20_description/environment/path.sh
[1.208s] -- Up-to-date: /home/a/ws_nhk/install/arm_v20_description/share/arm_v20_description/environment/path.dsv
[1.208s] -- Up-to-date: /home/a/ws_nhk/install/arm_v20_description/share/arm_v20_description/local_setup.bash
[1.208s] -- Up-to-date: /home/a/ws_nhk/install/arm_v20_description/share/arm_v20_description/local_setup.sh
[1.208s] -- Up-to-date: /home/a/ws_nhk/install/arm_v20_description/share/arm_v20_description/local_setup.zsh
[1.208s] -- Up-to-date: /home/a/ws_nhk/install/arm_v20_description/share/arm_v20_description/local_setup.dsv
[1.209s] -- Up-to-date: /home/a/ws_nhk/install/arm_v20_description/share/arm_v20_description/package.dsv
[1.209s] -- Up-to-date: /home/a/ws_nhk/install/arm_v20_description/share/ament_index/resource_index/packages/arm_v20_description
[1.209s] -- Up-to-date: /home/a/ws_nhk/install/arm_v20_description/share/arm_v20_description/cmake/arm_v20_descriptionConfig.cmake
[1.209s] -- Up-to-date: /home/a/ws_nhk/install/arm_v20_description/share/arm_v20_description/cmake/arm_v20_descriptionConfig-version.cmake
[1.209s] -- Up-to-date: /home/a/ws_nhk/install/arm_v20_description/share/arm_v20_description/package.xml
[1.380s] Invoked command in '/home/a/ws_nhk/build/arm_v20_description' returned '0': CMAKE_PREFIX_PATH=${CMAKE_PREFIX_PATH}:/opt/ros/humble /usr/bin/cmake --install /home/a/ws_nhk/build/arm_v20_description
