[0.016s] Invoking command in '/home/a/ws_nhk/build/moveit_ros_planning': AMENT_PREFIX_PATH=/home/a/ws_nhk/install/moveit_ros_occupancy_map_monitor:/home/a/ws_nhk/install/moveit_core:/home/a/ws_nhk/install/moveit_resources_panda_moveit_config:/home/a/ws_nhk/install/moveit_configs_utils:/home/a/ws_nhk/install/srdfdom:/home/a/ws_nhk/install/moveit_resources_pr2_description:/home/a/ws_nhk/install/moveit_resources_panda_description:/home/a/ws_nhk/install/moveit_common:/home/a/ws_nhk/install/launch_param_builder:${AMENT_PREFIX_PATH} CMAKE_PREFIX_PATH=/home/a/ws_nhk/install/moveit_ros_occupancy_map_monitor:/home/a/ws_nhk/install/moveit_core:/home/a/ws_nhk/install/moveit_resources_panda_moveit_config:/home/a/ws_nhk/install/srdfdom:/home/a/ws_nhk/install/moveit_resources_pr2_description:/home/a/ws_nhk/install/moveit_resources_panda_description:/home/a/ws_nhk/install/moveit_common:/home/a/install/field_description_test:/opt/ros/humble LD_LIBRARY_PATH=/home/a/ws_nhk/install/moveit_ros_occupancy_map_monitor/lib:/home/a/ws_nhk/install/moveit_core/lib:/home/a/ws_nhk/install/srdfdom/lib:${LD_LIBRARY_PATH} PATH=/home/a/ws_nhk/install/moveit_core/bin:${PATH} PYTHONPATH=/home/a/ws_nhk/install/moveit_configs_utils/lib/python3.10/site-packages:/home/a/ws_nhk/install/srdfdom/local/lib/python3.10/dist-packages:/home/a/ws_nhk/install/launch_param_builder/lib/python3.10/site-packages:${PYTHONPATH} /usr/bin/cmake /home/a/ws_nhk/src/moveit2/moveit_ros/planning -DCMAKE_BUILD_TYPE=Release -DCMAKE_INSTALL_PREFIX=/home/a/ws_nhk/install/moveit_ros_planning
[0.024s] -- Found moveit_common: 2.5.9 (/home/a/ws_nhk/install/moveit_common/share/moveit_common/cmake)
[0.025s] -- Found ament_cmake: 1.3.12 (/opt/ros/humble/share/ament_cmake/cmake)
[0.143s] -- Found moveit_msgs: 2.2.1 (/opt/ros/humble/share/moveit_msgs/cmake)
[0.157s] -- Found rosidl_generator_c: 3.1.7 (/opt/ros/humble/share/rosidl_generator_c/cmake)
[0.158s] -- Found rosidl_adapter: 3.1.7 (/opt/ros/humble/share/rosidl_adapter/cmake)
[0.161s] -- Found rosidl_generator_cpp: 3.1.7 (/opt/ros/humble/share/rosidl_generator_cpp/cmake)
[0.169s] -- Using all available rosidl_typesupport_c: rosidl_typesupport_fastrtps_c;rosidl_typesupport_introspection_c
[0.176s] -- Using all available rosidl_typesupport_cpp: rosidl_typesupport_fastrtps_cpp;rosidl_typesupport_introspection_cpp
[0.274s] -- Found pluginlib: 5.1.2 (/opt/ros/humble/share/pluginlib/cmake)
[0.287s] -- Found rclcpp: 16.0.16 (/opt/ros/humble/share/rclcpp/cmake)
[0.301s] -- Found rmw_implementation_cmake: 6.1.2 (/opt/ros/humble/share/rmw_implementation_cmake/cmake)
[0.302s] -- Found rmw_fastrtps_cpp: 6.2.9 (/opt/ros/humble/share/rmw_fastrtps_cpp/cmake)
[0.313s] -- Found TinyXML2 via Config file: TinyXML2_DIR-NOTFOUND
[0.320s] -- Found TinyXML2 via Config file: TinyXML2_DIR-NOTFOUND
[0.331s] -- Found TinyXML2 via Config file: TinyXML2_DIR-NOTFOUND
[0.340s] -- Found TinyXML2 via Config file: TinyXML2_DIR-NOTFOUND
[0.347s] -- Using RMW implementation 'rmw_fastrtps_cpp' as default
[0.369s] -- Found message_filters: 4.3.11 (/opt/ros/humble/share/message_filters/cmake)
[0.370s] -- Found srdfdom: 2.0.8 (/home/a/ws_nhk/install/srdfdom/share/srdfdom/cmake)
[0.374s] -- Found tf2: 0.25.17 (/opt/ros/humble/share/tf2/cmake)
[0.376s] -- Found tf2_geometry_msgs: 0.25.17 (/opt/ros/humble/share/tf2_geometry_msgs/cmake)
[0.378s] -- Found eigen3_cmake_module: 0.1.1 (/opt/ros/humble/share/eigen3_cmake_module/cmake)
[0.379s] -- Ensuring Eigen3 include directory is part of orocos-kdl CMake target
[0.411s] -- Found tf2_eigen: 0.25.17 (/opt/ros/humble/share/tf2_eigen/cmake)
[0.413s] -- Found moveit_core: 2.5.9 (/home/a/ws_nhk/install/moveit_core/share/moveit_core/cmake)
[0.422s] -- Found Boost: /usr/lib/x86_64-linux-gnu/cmake/Boost-1.74.0/BoostConfig.cmake (found version "1.74.0") found components: chrono date_time filesystem iostreams program_options regex serialization system thread 
[0.435s] -- Found parameter_traits: 0.5.0 (/opt/ros/humble/share/parameter_traits/cmake)
[0.439s] -- Found rclcpp_lifecycle: 16.0.16 (/opt/ros/humble/share/rclcpp_lifecycle/cmake)
[0.452s] -- Found Boost: /usr/lib/x86_64-linux-gnu/cmake/Boost-1.74.0/BoostConfig.cmake (found version "1.74.0") found components: filesystem 
[0.478s] -- library: /usr/lib/x86_64-linux-gnu/libcurl.so
[0.507s] -- Found moveit_ros_occupancy_map_monitor: 2.5.9 (/home/a/ws_nhk/install/moveit_ros_occupancy_map_monitor/share/moveit_ros_occupancy_map_monitor/cmake)
[0.516s] -- Found Boost: /usr/lib/x86_64-linux-gnu/cmake/Boost-1.74.0/BoostConfig.cmake (found version "1.74.0") found components: system filesystem date_time program_options thread chrono 
[0.549s] -- Found ament_cmake_gtest: 1.3.12 (/opt/ros/humble/share/ament_cmake_gtest/cmake)
[0.549s] -- Found ament_cmake_gmock: 1.3.12 (/opt/ros/humble/share/ament_cmake_gmock/cmake)
[0.550s] -- Found ros_testing: 0.4.0 (/opt/ros/humble/share/ros_testing/cmake)
[0.550s] -- Found launch_testing_ament_cmake: 1.0.13 (/opt/ros/humble/share/launch_testing_ament_cmake/cmake)
[0.550s] -- Found python_cmake_module: 0.10.0 (/opt/ros/humble/share/python_cmake_module/cmake)
[0.572s] -- Using PYTHON_EXECUTABLE: /usr/bin/python3
[0.572s] -- Using PYTHON_INCLUDE_DIRS: /usr/include/python3.10
[0.572s] -- Using PYTHON_LIBRARIES: /usr/lib/x86_64-linux-gnu/libpython3.10.so
[0.573s] -- Found gmock sources under '/opt/ros/humble/src/gmock_vendor': C++ tests using 'Google Mock' will be built
[0.575s] -- Found gtest sources under '/opt/ros/humble/src/gtest_vendor': C++ tests using 'Google Test' will be built
[0.595s] -- Found ament_lint_auto: 0.12.14 (/opt/ros/humble/share/ament_lint_auto/cmake)
[0.603s] -- Found launch_testing_ament_cmake: 1.0.13 (/opt/ros/humble/share/launch_testing_ament_cmake/cmake)
[0.603s] -- Found python_cmake_module: 0.10.0 (/opt/ros/humble/share/python_cmake_module/cmake)
[0.621s] -- Using PYTHON_EXECUTABLE: /usr/bin/python3
[0.621s] -- Using PYTHON_INCLUDE_DIRS: /usr/include/python3.10
[0.621s] -- Using PYTHON_LIBRARIES: /usr/lib/x86_64-linux-gnu/libpython3.10.so
[0.631s] -- Added test 'cppcheck' to perform static code analysis on C / C++ code
[0.631s] -- Configured cppcheck include dirs: /home/a/ws_nhk/src/moveit2/moveit_ros/planning/rdf_loader/include;/home/a/ws_nhk/src/moveit2/moveit_ros/planning/kinematics_plugin_loader/include;/home/a/ws_nhk/src/moveit2/moveit_ros/planning/robot_model_loader/include;/home/a/ws_nhk/src/moveit2/moveit_ros/planning/constraint_sampler_manager_loader/include;/home/a/ws_nhk/src/moveit2/moveit_ros/planning/planning_pipeline/include;/home/a/ws_nhk/src/moveit2/moveit_ros/planning/planning_scene_monitor/include;/home/a/ws_nhk/src/moveit2/moveit_ros/planning/trajectory_execution_manager/include;/home/a/ws_nhk/src/moveit2/moveit_ros/planning/plan_execution/include;/home/a/ws_nhk/src/moveit2/moveit_ros/planning/collision_plugin_loader/include;/home/a/ws_nhk/src/moveit2/moveit_ros/planning/moveit_cpp/include
[0.631s] -- Configured cppcheck exclude dirs and/or files: 
[0.632s] -- Added test 'lint_cmake' to check CMake code style
[0.632s] -- Added test 'pep257' to check Python code against some of the docstring style conventions in PEP 257
[0.633s] -- Added test 'xmllint' to check XML markup files
[0.634s] -- Configuring done
[0.794s] -- Generating done
[0.843s] -- Build files have been written to: /home/a/ws_nhk/build/moveit_ros_planning
[0.857s] Invoked command in '/home/a/ws_nhk/build/moveit_ros_planning' returned '0': AMENT_PREFIX_PATH=/home/a/ws_nhk/install/moveit_ros_occupancy_map_monitor:/home/a/ws_nhk/install/moveit_core:/home/a/ws_nhk/install/moveit_resources_panda_moveit_config:/home/a/ws_nhk/install/moveit_configs_utils:/home/a/ws_nhk/install/srdfdom:/home/a/ws_nhk/install/moveit_resources_pr2_description:/home/a/ws_nhk/install/moveit_resources_panda_description:/home/a/ws_nhk/install/moveit_common:/home/a/ws_nhk/install/launch_param_builder:${AMENT_PREFIX_PATH} CMAKE_PREFIX_PATH=/home/a/ws_nhk/install/moveit_ros_occupancy_map_monitor:/home/a/ws_nhk/install/moveit_core:/home/a/ws_nhk/install/moveit_resources_panda_moveit_config:/home/a/ws_nhk/install/srdfdom:/home/a/ws_nhk/install/moveit_resources_pr2_description:/home/a/ws_nhk/install/moveit_resources_panda_description:/home/a/ws_nhk/install/moveit_common:/home/a/install/field_description_test:/opt/ros/humble LD_LIBRARY_PATH=/home/a/ws_nhk/install/moveit_ros_occupancy_map_monitor/lib:/home/a/ws_nhk/install/moveit_core/lib:/home/a/ws_nhk/install/srdfdom/lib:${LD_LIBRARY_PATH} PATH=/home/a/ws_nhk/install/moveit_core/bin:${PATH} PYTHONPATH=/home/a/ws_nhk/install/moveit_configs_utils/lib/python3.10/site-packages:/home/a/ws_nhk/install/srdfdom/local/lib/python3.10/dist-packages:/home/a/ws_nhk/install/launch_param_builder/lib/python3.10/site-packages:${PYTHONPATH} /usr/bin/cmake /home/a/ws_nhk/src/moveit2/moveit_ros/planning -DCMAKE_BUILD_TYPE=Release -DCMAKE_INSTALL_PREFIX=/home/a/ws_nhk/install/moveit_ros_planning
[0.860s] Invoking command in '/home/a/ws_nhk/build/moveit_ros_planning': AMENT_PREFIX_PATH=/home/a/ws_nhk/install/moveit_ros_occupancy_map_monitor:/home/a/ws_nhk/install/moveit_core:/home/a/ws_nhk/install/moveit_resources_panda_moveit_config:/home/a/ws_nhk/install/moveit_configs_utils:/home/a/ws_nhk/install/srdfdom:/home/a/ws_nhk/install/moveit_resources_pr2_description:/home/a/ws_nhk/install/moveit_resources_panda_description:/home/a/ws_nhk/install/moveit_common:/home/a/ws_nhk/install/launch_param_builder:${AMENT_PREFIX_PATH} CMAKE_PREFIX_PATH=/home/a/ws_nhk/install/moveit_ros_occupancy_map_monitor:/home/a/ws_nhk/install/moveit_core:/home/a/ws_nhk/install/moveit_resources_panda_moveit_config:/home/a/ws_nhk/install/srdfdom:/home/a/ws_nhk/install/moveit_resources_pr2_description:/home/a/ws_nhk/install/moveit_resources_panda_description:/home/a/ws_nhk/install/moveit_common:/home/a/install/field_description_test:/opt/ros/humble LD_LIBRARY_PATH=/home/a/ws_nhk/install/moveit_ros_occupancy_map_monitor/lib:/home/a/ws_nhk/install/moveit_core/lib:/home/a/ws_nhk/install/srdfdom/lib:${LD_LIBRARY_PATH} PATH=/home/a/ws_nhk/install/moveit_core/bin:${PATH} PYTHONPATH=/home/a/ws_nhk/install/moveit_configs_utils/lib/python3.10/site-packages:/home/a/ws_nhk/install/srdfdom/local/lib/python3.10/dist-packages:/home/a/ws_nhk/install/launch_param_builder/lib/python3.10/site-packages:${PYTHONPATH} /usr/bin/cmake --build /home/a/ws_nhk/build/moveit_ros_planning -- -j22 -l22
[0.894s] [35m[1mConsolidate compiler generated dependencies of target gtest[0m
[0.894s] [35m[1mConsolidate compiler generated dependencies of target gtest_main[0m
[0.894s] [35m[1mConsolidate compiler generated dependencies of target gmock[0m
[0.894s] [35m[1mConsolidate compiler generated dependencies of target moveit_rdf_loader[0m
[0.895s] [35m[1mConsolidate compiler generated dependencies of target moveit_collision_plugin_loader[0m
[0.895s] [35m[1mConsolidate compiler generated dependencies of target gmock_main[0m
[0.896s] [35m[1mConsolidate compiler generated dependencies of target moveit_planning_pipeline[0m
[0.897s] [35m[1mConsolidate compiler generated dependencies of target moveit_list_request_adapter_plugins[0m
[0.903s] [  5%] Built target gtest_main
[0.903s] [  5%] Built target gmock_main
[0.904s] [ 10%] Built target moveit_rdf_loader
[0.904s] [ 14%] Built target gmock
[0.904s] [ 17%] Built target gtest
[0.905s] [35m[1mConsolidate compiler generated dependencies of target moveit_default_planning_request_adapter_plugins[0m
[0.909s] [ 20%] Built target moveit_collision_plugin_loader
[0.910s] [ 23%] Built target moveit_list_request_adapter_plugins
[0.910s] [35m[1mConsolidate compiler generated dependencies of target moveit_constraint_sampler_manager_loader[0m
[0.914s] [ 26%] Built target moveit_planning_pipeline
[0.914s] [35m[1mConsolidate compiler generated dependencies of target moveit_kinematics_plugin_loader[0m
[0.923s] [ 29%] Built target moveit_constraint_sampler_manager_loader
[0.928s] [ 32%] Built target moveit_kinematics_plugin_loader
[0.938s] [35m[1mConsolidate compiler generated dependencies of target moveit_robot_model_loader[0m
[0.947s] [ 48%] Built target moveit_default_planning_request_adapter_plugins
[0.950s] [ 51%] Built target moveit_robot_model_loader
[0.961s] [35m[1mConsolidate compiler generated dependencies of target moveit_print_planning_model_info[0m
[0.967s] [35m[1mConsolidate compiler generated dependencies of target moveit_planning_scene_monitor[0m
[0.972s] [ 54%] Built target moveit_print_planning_model_info
[1.000s] [ 63%] Built target moveit_planning_scene_monitor
[1.008s] [35m[1mConsolidate compiler generated dependencies of target trajectory_monitor_tests[0m
[1.008s] [35m[1mConsolidate compiler generated dependencies of target current_state_monitor_tests[0m
[1.009s] [35m[1mConsolidate compiler generated dependencies of target planning_scene_monitor_test[0m
[1.009s] [35m[1mConsolidate compiler generated dependencies of target moveit_print_planning_scene_info[0m
[1.010s] [35m[1mConsolidate compiler generated dependencies of target moveit_evaluate_collision_checking_speed[0m
[1.010s] [35m[1mConsolidate compiler generated dependencies of target moveit_trajectory_execution_manager[0m
[1.011s] [35m[1mConsolidate compiler generated dependencies of target demo_scene[0m
[1.011s] [35m[1mConsolidate compiler generated dependencies of target moveit_visualize_robot_collision_volume[0m
[1.011s] [35m[1mConsolidate compiler generated dependencies of target moveit_publish_scene_from_text[0m
[1.012s] [35m[1mConsolidate compiler generated dependencies of target moveit_display_random_state[0m
[1.023s] [ 69%] Built target moveit_trajectory_execution_manager
[1.024s] [ 69%] Built target current_state_monitor_tests
[1.025s] [ 72%] Built target moveit_print_planning_scene_info
[1.025s] [ 75%] Built target trajectory_monitor_tests
[1.025s] [ 77%] Built target moveit_evaluate_collision_checking_speed
[1.028s] [ 80%] Built target demo_scene
[1.028s] [ 83%] Built target moveit_publish_scene_from_text
[1.029s] [ 86%] Built target moveit_display_random_state
[1.029s] [ 89%] Built target planning_scene_monitor_test
[1.029s] [ 92%] Built target moveit_visualize_robot_collision_volume
[1.032s] [35m[1mConsolidate compiler generated dependencies of target moveit_plan_execution[0m
[1.033s] [35m[1mConsolidate compiler generated dependencies of target moveit_cpp[0m
[1.048s] [ 95%] Built target moveit_plan_execution
[1.051s] [100%] Built target moveit_cpp
[1.059s] Invoked command in '/home/a/ws_nhk/build/moveit_ros_planning' returned '0': AMENT_PREFIX_PATH=/home/a/ws_nhk/install/moveit_ros_occupancy_map_monitor:/home/a/ws_nhk/install/moveit_core:/home/a/ws_nhk/install/moveit_resources_panda_moveit_config:/home/a/ws_nhk/install/moveit_configs_utils:/home/a/ws_nhk/install/srdfdom:/home/a/ws_nhk/install/moveit_resources_pr2_description:/home/a/ws_nhk/install/moveit_resources_panda_description:/home/a/ws_nhk/install/moveit_common:/home/a/ws_nhk/install/launch_param_builder:${AMENT_PREFIX_PATH} CMAKE_PREFIX_PATH=/home/a/ws_nhk/install/moveit_ros_occupancy_map_monitor:/home/a/ws_nhk/install/moveit_core:/home/a/ws_nhk/install/moveit_resources_panda_moveit_config:/home/a/ws_nhk/install/srdfdom:/home/a/ws_nhk/install/moveit_resources_pr2_description:/home/a/ws_nhk/install/moveit_resources_panda_description:/home/a/ws_nhk/install/moveit_common:/home/a/install/field_description_test:/opt/ros/humble LD_LIBRARY_PATH=/home/a/ws_nhk/install/moveit_ros_occupancy_map_monitor/lib:/home/a/ws_nhk/install/moveit_core/lib:/home/a/ws_nhk/install/srdfdom/lib:${LD_LIBRARY_PATH} PATH=/home/a/ws_nhk/install/moveit_core/bin:${PATH} PYTHONPATH=/home/a/ws_nhk/install/moveit_configs_utils/lib/python3.10/site-packages:/home/a/ws_nhk/install/srdfdom/local/lib/python3.10/dist-packages:/home/a/ws_nhk/install/launch_param_builder/lib/python3.10/site-packages:${PYTHONPATH} /usr/bin/cmake --build /home/a/ws_nhk/build/moveit_ros_planning -- -j22 -l22
[1.061s] Invoking command in '/home/a/ws_nhk/build/moveit_ros_planning': AMENT_PREFIX_PATH=/home/a/ws_nhk/install/moveit_ros_occupancy_map_monitor:/home/a/ws_nhk/install/moveit_core:/home/a/ws_nhk/install/moveit_resources_panda_moveit_config:/home/a/ws_nhk/install/moveit_configs_utils:/home/a/ws_nhk/install/srdfdom:/home/a/ws_nhk/install/moveit_resources_pr2_description:/home/a/ws_nhk/install/moveit_resources_panda_description:/home/a/ws_nhk/install/moveit_common:/home/a/ws_nhk/install/launch_param_builder:${AMENT_PREFIX_PATH} CMAKE_PREFIX_PATH=/home/a/ws_nhk/install/moveit_ros_occupancy_map_monitor:/home/a/ws_nhk/install/moveit_core:/home/a/ws_nhk/install/moveit_resources_panda_moveit_config:/home/a/ws_nhk/install/srdfdom:/home/a/ws_nhk/install/moveit_resources_pr2_description:/home/a/ws_nhk/install/moveit_resources_panda_description:/home/a/ws_nhk/install/moveit_common:/home/a/install/field_description_test:/opt/ros/humble LD_LIBRARY_PATH=/home/a/ws_nhk/install/moveit_ros_occupancy_map_monitor/lib:/home/a/ws_nhk/install/moveit_core/lib:/home/a/ws_nhk/install/srdfdom/lib:${LD_LIBRARY_PATH} PATH=/home/a/ws_nhk/install/moveit_core/bin:${PATH} PYTHONPATH=/home/a/ws_nhk/install/moveit_configs_utils/lib/python3.10/site-packages:/home/a/ws_nhk/install/srdfdom/local/lib/python3.10/dist-packages:/home/a/ws_nhk/install/launch_param_builder/lib/python3.10/site-packages:${PYTHONPATH} /usr/bin/cmake --install /home/a/ws_nhk/build/moveit_ros_planning
[1.066s] -- Install configuration: "Release"
[1.066s] -- Up-to-date: /home/a/ws_nhk/install/moveit_ros_planning/include
[1.066s] -- Up-to-date: /home/a/ws_nhk/install/moveit_ros_planning/include/moveit
[1.066s] -- Up-to-date: /home/a/ws_nhk/install/moveit_ros_planning/include/moveit/rdf_loader
[1.066s] -- Up-to-date: /home/a/ws_nhk/install/moveit_ros_planning/include/moveit/rdf_loader/synchronized_string_parameter.h
[1.066s] -- Up-to-date: /home/a/ws_nhk/install/moveit_ros_planning/include/moveit/rdf_loader/rdf_loader.h
[1.067s] -- Up-to-date: /home/a/ws_nhk/install/moveit_ros_planning/share/moveit_ros_planning/rdf_loader/test/data
[1.067s] -- Up-to-date: /home/a/ws_nhk/install/moveit_ros_planning/share/moveit_ros_planning/rdf_loader/test/data/robin.srdf.xacro
[1.067s] -- Up-to-date: /home/a/ws_nhk/install/moveit_ros_planning/share/moveit_ros_planning/rdf_loader/test/data/gonzo.srdf
[1.067s] -- Up-to-date: /home/a/ws_nhk/install/moveit_ros_planning/share/moveit_ros_planning/rdf_loader/test/data/kermit.srdf
[1.067s] -- Up-to-date: /home/a/ws_nhk/install/moveit_ros_planning/share/moveit_ros_planning/rdf_loader/test/data/kermit.urdf
[1.067s] -- Up-to-date: /home/a/ws_nhk/install/moveit_ros_planning/share/moveit_ros_planning/rdf_loader/test/data/gonzo.urdf
[1.067s] -- Up-to-date: /home/a/ws_nhk/install/moveit_ros_planning/share/moveit_ros_planning/rdf_loader/test/launch
[1.067s] -- Up-to-date: /home/a/ws_nhk/install/moveit_ros_planning/share/moveit_ros_planning/rdf_loader/test/launch/test_rdf_integration.test.py
[1.067s] -- Up-to-date: /home/a/ws_nhk/install/moveit_ros_planning/include
[1.067s] -- Up-to-date: /home/a/ws_nhk/install/moveit_ros_planning/include/moveit
[1.067s] -- Up-to-date: /home/a/ws_nhk/install/moveit_ros_planning/include/moveit/collision_plugin_loader
[1.067s] -- Up-to-date: /home/a/ws_nhk/install/moveit_ros_planning/include/moveit/collision_plugin_loader/collision_plugin_loader.h
[1.067s] -- Up-to-date: /home/a/ws_nhk/install/moveit_ros_planning/include
[1.067s] -- Up-to-date: /home/a/ws_nhk/install/moveit_ros_planning/include/moveit
[1.067s] -- Up-to-date: /home/a/ws_nhk/install/moveit_ros_planning/include/moveit/kinematics_plugin_loader
[1.067s] -- Up-to-date: /home/a/ws_nhk/install/moveit_ros_planning/include/moveit/kinematics_plugin_loader/kinematics_plugin_loader.h
[1.067s] -- Up-to-date: /home/a/ws_nhk/install/moveit_ros_planning/include
[1.067s] -- Up-to-date: /home/a/ws_nhk/install/moveit_ros_planning/include/moveit
[1.067s] -- Up-to-date: /home/a/ws_nhk/install/moveit_ros_planning/include/moveit/robot_model_loader
[1.067s] -- Up-to-date: /home/a/ws_nhk/install/moveit_ros_planning/include/moveit/robot_model_loader/robot_model_loader.h
[1.067s] -- Up-to-date: /home/a/ws_nhk/install/moveit_ros_planning/include
[1.067s] -- Up-to-date: /home/a/ws_nhk/install/moveit_ros_planning/include/moveit
[1.068s] -- Up-to-date: /home/a/ws_nhk/install/moveit_ros_planning/include/moveit/constraint_sampler_manager_loader
[1.068s] -- Up-to-date: /home/a/ws_nhk/install/moveit_ros_planning/include/moveit/constraint_sampler_manager_loader/constraint_sampler_manager_loader.h
[1.068s] -- Up-to-date: /home/a/ws_nhk/install/moveit_ros_planning/include
[1.068s] -- Up-to-date: /home/a/ws_nhk/install/moveit_ros_planning/include/moveit
[1.068s] -- Up-to-date: /home/a/ws_nhk/install/moveit_ros_planning/include/moveit/planning_pipeline
[1.068s] -- Up-to-date: /home/a/ws_nhk/install/moveit_ros_planning/include/moveit/planning_pipeline/planning_pipeline.h
[1.068s] -- Up-to-date: /home/a/ws_nhk/install/moveit_ros_planning/include/moveit_planning_pipeline_export.h
[1.068s] -- Up-to-date: /home/a/ws_nhk/install/moveit_ros_planning/lib/moveit_ros_planning/moveit_list_request_adapter_plugins
[1.068s] -- Up-to-date: /home/a/ws_nhk/install/moveit_ros_planning/lib/moveit_ros_planning/demo_scene
[1.068s] -- Up-to-date: /home/a/ws_nhk/install/moveit_ros_planning/include
[1.068s] -- Up-to-date: /home/a/ws_nhk/install/moveit_ros_planning/include/moveit
[1.069s] -- Up-to-date: /home/a/ws_nhk/install/moveit_ros_planning/include/moveit/planning_scene_monitor
[1.069s] -- Up-to-date: /home/a/ws_nhk/install/moveit_ros_planning/include/moveit/planning_scene_monitor/planning_scene_monitor.h
[1.069s] -- Up-to-date: /home/a/ws_nhk/install/moveit_ros_planning/include/moveit/planning_scene_monitor/trajectory_monitor.h
[1.069s] -- Up-to-date: /home/a/ws_nhk/install/moveit_ros_planning/include/moveit/planning_scene_monitor/trajectory_monitor_middleware_handle.hpp
[1.069s] -- Up-to-date: /home/a/ws_nhk/install/moveit_ros_planning/include/moveit/planning_scene_monitor/current_state_monitor.h
[1.069s] -- Up-to-date: /home/a/ws_nhk/install/moveit_ros_planning/include/moveit/planning_scene_monitor/current_state_monitor_middleware_handle.hpp
[1.069s] -- Up-to-date: /home/a/ws_nhk/install/moveit_ros_planning/include/moveit_planning_scene_monitor_export.h
[1.069s] -- Up-to-date: /home/a/ws_nhk/install/moveit_ros_planning/lib/moveit_ros_planning/moveit_print_planning_model_info
[1.069s] -- Up-to-date: /home/a/ws_nhk/install/moveit_ros_planning/lib/moveit_ros_planning/moveit_print_planning_scene_info
[1.070s] -- Up-to-date: /home/a/ws_nhk/install/moveit_ros_planning/lib/moveit_ros_planning/moveit_display_random_state
[1.070s] -- Up-to-date: /home/a/ws_nhk/install/moveit_ros_planning/lib/moveit_ros_planning/moveit_visualize_robot_collision_volume
[1.070s] -- Up-to-date: /home/a/ws_nhk/install/moveit_ros_planning/lib/moveit_ros_planning/moveit_evaluate_collision_checking_speed
[1.071s] -- Up-to-date: /home/a/ws_nhk/install/moveit_ros_planning/lib/moveit_ros_planning/moveit_publish_scene_from_text
[1.071s] -- Up-to-date: /home/a/ws_nhk/install/moveit_ros_planning/include
[1.071s] -- Up-to-date: /home/a/ws_nhk/install/moveit_ros_planning/include/moveit
[1.071s] -- Up-to-date: /home/a/ws_nhk/install/moveit_ros_planning/include/moveit/trajectory_execution_manager
[1.071s] -- Up-to-date: /home/a/ws_nhk/install/moveit_ros_planning/include/moveit/trajectory_execution_manager/trajectory_execution_manager.h
[1.071s] -- Up-to-date: /home/a/ws_nhk/install/moveit_ros_planning/include/moveit_trajectory_execution_manager_export.h
[1.071s] -- Up-to-date: /home/a/ws_nhk/install/moveit_ros_planning/include
[1.071s] -- Up-to-date: /home/a/ws_nhk/install/moveit_ros_planning/include/moveit
[1.071s] -- Up-to-date: /home/a/ws_nhk/install/moveit_ros_planning/include/moveit/plan_execution
[1.071s] -- Up-to-date: /home/a/ws_nhk/install/moveit_ros_planning/include/moveit/plan_execution/plan_execution.h
[1.071s] -- Up-to-date: /home/a/ws_nhk/install/moveit_ros_planning/include/moveit/plan_execution/plan_representation.h
[1.071s] -- Up-to-date: /home/a/ws_nhk/install/moveit_ros_planning/include
[1.071s] -- Up-to-date: /home/a/ws_nhk/install/moveit_ros_planning/include/moveit
[1.071s] -- Up-to-date: /home/a/ws_nhk/install/moveit_ros_planning/include/moveit/moveit_cpp
[1.071s] -- Up-to-date: /home/a/ws_nhk/install/moveit_ros_planning/include/moveit/moveit_cpp/moveit_cpp.h
[1.071s] -- Up-to-date: /home/a/ws_nhk/install/moveit_ros_planning/include/moveit/moveit_cpp/planning_component.h
[1.072s] -- Up-to-date: /home/a/ws_nhk/install/moveit_ros_planning/lib/libmoveit_rdf_loader.so.2.5.9
[1.072s] -- Up-to-date: /home/a/ws_nhk/install/moveit_ros_planning/lib/libmoveit_rdf_loader.so
[1.072s] -- Up-to-date: /home/a/ws_nhk/install/moveit_ros_planning/lib/libmoveit_kinematics_plugin_loader.so.2.5.9
[1.072s] -- Up-to-date: /home/a/ws_nhk/install/moveit_ros_planning/lib/libmoveit_kinematics_plugin_loader.so
[1.072s] -- Up-to-date: /home/a/ws_nhk/install/moveit_ros_planning/lib/libmoveit_robot_model_loader.so.2.5.9
[1.072s] -- Up-to-date: /home/a/ws_nhk/install/moveit_ros_planning/lib/libmoveit_robot_model_loader.so
[1.073s] -- Up-to-date: /home/a/ws_nhk/install/moveit_ros_planning/lib/libmoveit_constraint_sampler_manager_loader.so.2.5.9
[1.073s] -- Up-to-date: /home/a/ws_nhk/install/moveit_ros_planning/lib/libmoveit_constraint_sampler_manager_loader.so
[1.073s] -- Up-to-date: /home/a/ws_nhk/install/moveit_ros_planning/lib/libmoveit_planning_pipeline.so.2.5.9
[1.073s] -- Up-to-date: /home/a/ws_nhk/install/moveit_ros_planning/lib/libmoveit_planning_pipeline.so
[1.073s] -- Up-to-date: /home/a/ws_nhk/install/moveit_ros_planning/lib/libmoveit_trajectory_execution_manager.so.2.5.9
[1.074s] -- Up-to-date: /home/a/ws_nhk/install/moveit_ros_planning/lib/libmoveit_trajectory_execution_manager.so
[1.074s] -- Up-to-date: /home/a/ws_nhk/install/moveit_ros_planning/lib/libmoveit_plan_execution.so.2.5.9
[1.074s] -- Up-to-date: /home/a/ws_nhk/install/moveit_ros_planning/lib/libmoveit_plan_execution.so
[1.074s] -- Up-to-date: /home/a/ws_nhk/install/moveit_ros_planning/lib/libmoveit_planning_scene_monitor.so.2.5.9
[1.074s] -- Up-to-date: /home/a/ws_nhk/install/moveit_ros_planning/lib/libmoveit_planning_scene_monitor.so
[1.075s] -- Up-to-date: /home/a/ws_nhk/install/moveit_ros_planning/lib/libmoveit_collision_plugin_loader.so.2.5.9
[1.075s] -- Up-to-date: /home/a/ws_nhk/install/moveit_ros_planning/lib/libmoveit_collision_plugin_loader.so
[1.075s] -- Up-to-date: /home/a/ws_nhk/install/moveit_ros_planning/lib/libmoveit_default_planning_request_adapter_plugins.so.2.5.9
[1.075s] -- Up-to-date: /home/a/ws_nhk/install/moveit_ros_planning/lib/libmoveit_default_planning_request_adapter_plugins.so
[1.075s] -- Up-to-date: /home/a/ws_nhk/install/moveit_ros_planning/lib/libmoveit_cpp.so.2.5.9
[1.075s] -- Up-to-date: /home/a/ws_nhk/install/moveit_ros_planning/lib/libmoveit_cpp.so
[1.075s] -- Up-to-date: /home/a/ws_nhk/install/moveit_ros_planning/share/moveit_ros_planning/environment/library_path.sh
[1.075s] -- Installing: /home/a/ws_nhk/install/moveit_ros_planning/share/moveit_ros_planning/environment/library_path.dsv
[1.076s] -- Up-to-date: /home/a/ws_nhk/install/moveit_ros_planning/share/moveit_ros_planning/planning_request_adapters_plugin_description.xml
[1.076s] -- Up-to-date: /home/a/ws_nhk/install/moveit_ros_planning/share/ament_index/resource_index/package_run_dependencies/moveit_ros_planning
[1.076s] -- Up-to-date: /home/a/ws_nhk/install/moveit_ros_planning/share/ament_index/resource_index/parent_prefix_path/moveit_ros_planning
[1.076s] -- Up-to-date: /home/a/ws_nhk/install/moveit_ros_planning/share/moveit_ros_planning/environment/ament_prefix_path.sh
[1.076s] -- Installing: /home/a/ws_nhk/install/moveit_ros_planning/share/moveit_ros_planning/environment/ament_prefix_path.dsv
[1.076s] -- Up-to-date: /home/a/ws_nhk/install/moveit_ros_planning/share/moveit_ros_planning/environment/path.sh
[1.076s] -- Installing: /home/a/ws_nhk/install/moveit_ros_planning/share/moveit_ros_planning/environment/path.dsv
[1.076s] -- Up-to-date: /home/a/ws_nhk/install/moveit_ros_planning/share/moveit_ros_planning/local_setup.bash
[1.076s] -- Up-to-date: /home/a/ws_nhk/install/moveit_ros_planning/share/moveit_ros_planning/local_setup.sh
[1.076s] -- Up-to-date: /home/a/ws_nhk/install/moveit_ros_planning/share/moveit_ros_planning/local_setup.zsh
[1.076s] -- Installing: /home/a/ws_nhk/install/moveit_ros_planning/share/moveit_ros_planning/local_setup.dsv
[1.076s] -- Installing: /home/a/ws_nhk/install/moveit_ros_planning/share/moveit_ros_planning/package.dsv
[1.076s] -- Up-to-date: /home/a/ws_nhk/install/moveit_ros_planning/share/ament_index/resource_index/packages/moveit_ros_planning
[1.076s] -- Up-to-date: /home/a/ws_nhk/install/moveit_ros_planning/share/ament_index/resource_index/moveit_core__pluginlib__plugin/moveit_ros_planning
[1.077s] -- Up-to-date: /home/a/ws_nhk/install/moveit_ros_planning/share/moveit_ros_planning/cmake/export_moveit_ros_planningExport.cmake
[1.077s] -- Up-to-date: /home/a/ws_nhk/install/moveit_ros_planning/share/moveit_ros_planning/cmake/export_moveit_ros_planningExport-release.cmake
[1.077s] -- Up-to-date: /home/a/ws_nhk/install/moveit_ros_planning/share/moveit_ros_planning/cmake/ConfigExtras.cmake
[1.077s] -- Up-to-date: /home/a/ws_nhk/install/moveit_ros_planning/share/moveit_ros_planning/cmake/ament_cmake_export_targets-extras.cmake
[1.077s] -- Up-to-date: /home/a/ws_nhk/install/moveit_ros_planning/share/moveit_ros_planning/cmake/ament_cmake_export_dependencies-extras.cmake
[1.077s] -- Up-to-date: /home/a/ws_nhk/install/moveit_ros_planning/share/moveit_ros_planning/cmake/moveit_ros_planningConfig.cmake
[1.077s] -- Up-to-date: /home/a/ws_nhk/install/moveit_ros_planning/share/moveit_ros_planning/cmake/moveit_ros_planningConfig-version.cmake
[1.077s] -- Up-to-date: /home/a/ws_nhk/install/moveit_ros_planning/share/moveit_ros_planning/package.xml
[1.078s] Invoked command in '/home/a/ws_nhk/build/moveit_ros_planning' returned '0': AMENT_PREFIX_PATH=/home/a/ws_nhk/install/moveit_ros_occupancy_map_monitor:/home/a/ws_nhk/install/moveit_core:/home/a/ws_nhk/install/moveit_resources_panda_moveit_config:/home/a/ws_nhk/install/moveit_configs_utils:/home/a/ws_nhk/install/srdfdom:/home/a/ws_nhk/install/moveit_resources_pr2_description:/home/a/ws_nhk/install/moveit_resources_panda_description:/home/a/ws_nhk/install/moveit_common:/home/a/ws_nhk/install/launch_param_builder:${AMENT_PREFIX_PATH} CMAKE_PREFIX_PATH=/home/a/ws_nhk/install/moveit_ros_occupancy_map_monitor:/home/a/ws_nhk/install/moveit_core:/home/a/ws_nhk/install/moveit_resources_panda_moveit_config:/home/a/ws_nhk/install/srdfdom:/home/a/ws_nhk/install/moveit_resources_pr2_description:/home/a/ws_nhk/install/moveit_resources_panda_description:/home/a/ws_nhk/install/moveit_common:/home/a/install/field_description_test:/opt/ros/humble LD_LIBRARY_PATH=/home/a/ws_nhk/install/moveit_ros_occupancy_map_monitor/lib:/home/a/ws_nhk/install/moveit_core/lib:/home/a/ws_nhk/install/srdfdom/lib:${LD_LIBRARY_PATH} PATH=/home/a/ws_nhk/install/moveit_core/bin:${PATH} PYTHONPATH=/home/a/ws_nhk/install/moveit_configs_utils/lib/python3.10/site-packages:/home/a/ws_nhk/install/srdfdom/local/lib/python3.10/dist-packages:/home/a/ws_nhk/install/launch_param_builder/lib/python3.10/site-packages:${PYTHONPATH} /usr/bin/cmake --install /home/a/ws_nhk/build/moveit_ros_planning
