-- Found ament_cmake: 1.3.12 (/opt/ros/humble/share/ament_cmake/cmake)
-- Found rclcpp: 16.0.17 (/opt/ros/humble/share/rclcpp/cmake)
-- Found rosidl_generator_c: 3.1.8 (/opt/ros/humble/share/rosidl_generator_c/cmake)
-- Found rosidl_adapter: 3.1.8 (/opt/ros/humble/share/rosidl_adapter/cmake)
-- Found rosidl_generator_cpp: 3.1.8 (/opt/ros/humble/share/rosidl_generator_cpp/cmake)
-- Using all available rosidl_typesupport_c: rosidl_typesupport_fastrtps_c;rosidl_typesupport_introspection_c
-- Using all available rosidl_typesupport_cpp: rosidl_typesupport_fastrtps_cpp;rosidl_typesupport_introspection_cpp
-- Found rmw_implementation_cmake: 6.1.2 (/opt/ros/humble/share/rmw_implementation_cmake/cmake)
-- Found rmw_fastrtps_cpp: 6.2.9 (/opt/ros/humble/share/rmw_fastrtps_cpp/cmake)
-- Using RMW implementation 'rmw_fastrtps_cpp' as default
-- Found stm32_mavlink_msgs: 1.0.0 (/home/a/ws_nhk/install/stm32_mavlink_msgs/share/stm32_mavlink_msgs/cmake)
-- Found diagnostic_msgs: 4.9.0 (/opt/ros/humble/share/diagnostic_msgs/cmake)
-- Found ament_lint_auto: 0.12.14 (/opt/ros/humble/share/ament_lint_auto/cmake)
-- Added test 'cppcheck' to perform static code analysis on C / C++ code
-- Configured cppcheck include dirs: $<BUILD_INTERFACE:/home/a/ws_nhk/src/MAVLink_ros2/rs485_motor_interface/include>
-- Configured cppcheck exclude dirs and/or files: 
-- Added test 'flake8' to check Python code syntax and style conventions
-- Added test 'lint_cmake' to check CMake code style
-- Added test 'pep257' to check Python code against some of the docstring style conventions in PEP 257
-- Added test 'uncrustify' to check C / C++ code style
-- Configured uncrustify additional arguments: 
-- Added test 'xmllint' to check XML markup files
-- Configuring done
-- Generating done
-- Build files have been written to: /home/a/ws_nhk/build/rs485_motor_interface
[35m[1mConsolidate compiler generated dependencies of target rs485_motor_node[0m
[100%] Built target rs485_motor_node
-- Install configuration: "Release"
-- Up-to-date: /home/a/ws_nhk/install/rs485_motor_interface/lib/rs485_motor_interface/rs485_motor_node
-- Up-to-date: /home/a/ws_nhk/install/rs485_motor_interface/share/rs485_motor_interface/config
-- Up-to-date: /home/a/ws_nhk/install/rs485_motor_interface/share/rs485_motor_interface/config/motor_config.yaml
-- Up-to-date: /home/a/ws_nhk/install/rs485_motor_interface/share/rs485_motor_interface/launch
-- Up-to-date: /home/a/ws_nhk/install/rs485_motor_interface/share/rs485_motor_interface/launch/rs485_interface.launch.py
-- Up-to-date: /home/a/ws_nhk/install/rs485_motor_interface/share/ament_index/resource_index/package_run_dependencies/rs485_motor_interface
-- Installing: /home/a/ws_nhk/install/rs485_motor_interface/share/ament_index/resource_index/parent_prefix_path/rs485_motor_interface
-- Up-to-date: /home/a/ws_nhk/install/rs485_motor_interface/share/rs485_motor_interface/environment/ament_prefix_path.sh
-- Installing: /home/a/ws_nhk/install/rs485_motor_interface/share/rs485_motor_interface/environment/ament_prefix_path.dsv
-- Up-to-date: /home/a/ws_nhk/install/rs485_motor_interface/share/rs485_motor_interface/environment/path.sh
-- Installing: /home/a/ws_nhk/install/rs485_motor_interface/share/rs485_motor_interface/environment/path.dsv
-- Up-to-date: /home/a/ws_nhk/install/rs485_motor_interface/share/rs485_motor_interface/local_setup.bash
-- Up-to-date: /home/a/ws_nhk/install/rs485_motor_interface/share/rs485_motor_interface/local_setup.sh
-- Up-to-date: /home/a/ws_nhk/install/rs485_motor_interface/share/rs485_motor_interface/local_setup.zsh
-- Installing: /home/a/ws_nhk/install/rs485_motor_interface/share/rs485_motor_interface/local_setup.dsv
-- Installing: /home/a/ws_nhk/install/rs485_motor_interface/share/rs485_motor_interface/package.dsv
-- Up-to-date: /home/a/ws_nhk/install/rs485_motor_interface/share/ament_index/resource_index/packages/rs485_motor_interface
-- Up-to-date: /home/a/ws_nhk/install/rs485_motor_interface/share/rs485_motor_interface/cmake/rs485_motor_interfaceConfig.cmake
-- Up-to-date: /home/a/ws_nhk/install/rs485_motor_interface/share/rs485_motor_interface/cmake/rs485_motor_interfaceConfig-version.cmake
-- Up-to-date: /home/a/ws_nhk/install/rs485_motor_interface/share/rs485_motor_interface/package.xml
