[0.022s] Invoking command in '/home/a/ws_nhk/build/moveit_planners_ompl': AMENT_PREFIX_PATH=/home/a/ws_nhk/install/moveit_ros_planning:/home/a/ws_nhk/install/moveit_ros_occupancy_map_monitor:/home/a/ws_nhk/install/moveit_core:/home/a/ws_nhk/install/moveit_resources_panda_moveit_config:/home/a/ws_nhk/install/moveit_resources_fanuc_moveit_config:/home/a/ws_nhk/install/moveit_configs_utils:/home/a/ws_nhk/install/srdfdom:/home/a/ws_nhk/install/moveit_resources_pr2_description:/home/a/ws_nhk/install/moveit_resources_panda_description:/home/a/ws_nhk/install/moveit_resources_fanuc_description:/home/a/ws_nhk/install/moveit_common:/home/a/ws_nhk/install/launch_param_builder:${AMENT_PREFIX_PATH} CMAKE_PREFIX_PATH=/home/a/ws_nhk/install/moveit_ros_planning:/home/a/ws_nhk/install/moveit_ros_occupancy_map_monitor:/home/a/ws_nhk/install/moveit_core:/home/a/ws_nhk/install/moveit_resources_panda_moveit_config:/home/a/ws_nhk/install/moveit_resources_fanuc_moveit_config:/home/a/ws_nhk/install/srdfdom:/home/a/ws_nhk/install/moveit_resources_pr2_description:/home/a/ws_nhk/install/moveit_resources_panda_description:/home/a/ws_nhk/install/moveit_resources_fanuc_description:/home/a/ws_nhk/install/moveit_common:/home/a/install/field_description_test:/opt/ros/humble LD_LIBRARY_PATH=/home/a/ws_nhk/install/moveit_ros_planning/lib:/home/a/ws_nhk/install/moveit_ros_occupancy_map_monitor/lib:/home/a/ws_nhk/install/moveit_core/lib:/home/a/ws_nhk/install/srdfdom/lib:${LD_LIBRARY_PATH} PATH=/home/a/ws_nhk/install/moveit_core/bin:${PATH} PYTHONPATH=/home/a/ws_nhk/install/moveit_configs_utils/lib/python3.10/site-packages:/home/a/ws_nhk/install/srdfdom/local/lib/python3.10/dist-packages:/home/a/ws_nhk/install/launch_param_builder/lib/python3.10/site-packages:${PYTHONPATH} /usr/bin/cmake /home/a/ws_nhk/src/moveit2/moveit_planners/ompl -DCMAKE_BUILD_TYPE=Release -DCMAKE_INSTALL_PREFIX=/home/a/ws_nhk/install/moveit_planners_ompl
[0.034s] -- Found moveit_common: 2.5.9 (/home/a/ws_nhk/install/moveit_common/share/moveit_common/cmake)
[0.035s] -- Found ament_cmake: 1.3.12 (/opt/ros/humble/share/ament_cmake/cmake)
[0.196s] -- Found Boost: /usr/lib/x86_64-linux-gnu/cmake/Boost-1.74.0/BoostConfig.cmake (found version "1.74.0") found components: system filesystem date_time thread serialization 
[0.197s] -- Found moveit_core: 2.5.9 (/home/a/ws_nhk/install/moveit_core/share/moveit_core/cmake)
[0.204s] -- Found Boost: /usr/lib/x86_64-linux-gnu/cmake/Boost-1.74.0/BoostConfig.cmake (found version "1.74.0") found components: chrono date_time filesystem iostreams program_options regex serialization system thread 
[0.229s] -- Found parameter_traits: 0.5.0 (/opt/ros/humble/share/parameter_traits/cmake)
[0.246s] -- Found rosidl_generator_c: 3.1.7 (/opt/ros/humble/share/rosidl_generator_c/cmake)
[0.248s] -- Found rosidl_adapter: 3.1.7 (/opt/ros/humble/share/rosidl_adapter/cmake)
[0.252s] -- Found rosidl_generator_cpp: 3.1.7 (/opt/ros/humble/share/rosidl_generator_cpp/cmake)
[0.260s] -- Using all available rosidl_typesupport_c: rosidl_typesupport_fastrtps_c;rosidl_typesupport_introspection_c
[0.269s] -- Using all available rosidl_typesupport_cpp: rosidl_typesupport_fastrtps_cpp;rosidl_typesupport_introspection_cpp
[0.293s] -- Found rmw_implementation_cmake: 6.1.2 (/opt/ros/humble/share/rmw_implementation_cmake/cmake)
[0.294s] -- Found rmw_fastrtps_cpp: 6.2.9 (/opt/ros/humble/share/rmw_fastrtps_cpp/cmake)
[0.395s] -- Using RMW implementation 'rmw_fastrtps_cpp' as default
[0.435s] -- Found rclcpp_lifecycle: 16.0.16 (/opt/ros/humble/share/rclcpp_lifecycle/cmake)
[0.451s] -- Found Boost: /usr/lib/x86_64-linux-gnu/cmake/Boost-1.74.0/BoostConfig.cmake (found version "1.74.0") found components: filesystem 
[0.486s] -- library: /usr/lib/x86_64-linux-gnu/libcurl.so
[0.526s] -- Ensuring Eigen3 include directory is part of orocos-kdl CMake target
[0.673s] -- Found moveit_ros_planning: 2.5.9 (/home/a/ws_nhk/install/moveit_ros_planning/share/moveit_ros_planning/cmake)
[0.677s] -- Found Boost: /usr/lib/x86_64-linux-gnu/cmake/Boost-1.74.0/BoostConfig.cmake (found version "1.74.0") found components: system filesystem date_time program_options thread chrono 
[0.702s] -- Found Boost: /usr/lib/x86_64-linux-gnu/cmake/Boost-1.74.0/BoostConfig.cmake (found version "1.74.0") found components: serialization filesystem system 
[0.718s] -- Found ament_cmake_gtest: 1.3.12 (/opt/ros/humble/share/ament_cmake_gtest/cmake)
[0.719s] -- Found gtest sources under '/opt/ros/humble/src/gtest_vendor': C++ tests using 'Google Test' will be built
[0.750s] -- Found ament_lint_auto: 0.12.14 (/opt/ros/humble/share/ament_lint_auto/cmake)
[0.769s] -- Added test 'cppcheck' to perform static code analysis on C / C++ code
[0.769s] -- Configured cppcheck include dirs: /home/a/ws_nhk/src/moveit2/moveit_planners/ompl/ompl_interface/include
[0.769s] -- Configured cppcheck exclude dirs and/or files: 
[0.770s] -- Added test 'lint_cmake' to check CMake code style
[0.770s] -- Added test 'xmllint' to check XML markup files
[0.771s] -- Configuring done
[0.865s] -- Generating done
[0.896s] -- Build files have been written to: /home/a/ws_nhk/build/moveit_planners_ompl
[0.907s] Invoked command in '/home/a/ws_nhk/build/moveit_planners_ompl' returned '0': AMENT_PREFIX_PATH=/home/a/ws_nhk/install/moveit_ros_planning:/home/a/ws_nhk/install/moveit_ros_occupancy_map_monitor:/home/a/ws_nhk/install/moveit_core:/home/a/ws_nhk/install/moveit_resources_panda_moveit_config:/home/a/ws_nhk/install/moveit_resources_fanuc_moveit_config:/home/a/ws_nhk/install/moveit_configs_utils:/home/a/ws_nhk/install/srdfdom:/home/a/ws_nhk/install/moveit_resources_pr2_description:/home/a/ws_nhk/install/moveit_resources_panda_description:/home/a/ws_nhk/install/moveit_resources_fanuc_description:/home/a/ws_nhk/install/moveit_common:/home/a/ws_nhk/install/launch_param_builder:${AMENT_PREFIX_PATH} CMAKE_PREFIX_PATH=/home/a/ws_nhk/install/moveit_ros_planning:/home/a/ws_nhk/install/moveit_ros_occupancy_map_monitor:/home/a/ws_nhk/install/moveit_core:/home/a/ws_nhk/install/moveit_resources_panda_moveit_config:/home/a/ws_nhk/install/moveit_resources_fanuc_moveit_config:/home/a/ws_nhk/install/srdfdom:/home/a/ws_nhk/install/moveit_resources_pr2_description:/home/a/ws_nhk/install/moveit_resources_panda_description:/home/a/ws_nhk/install/moveit_resources_fanuc_description:/home/a/ws_nhk/install/moveit_common:/home/a/install/field_description_test:/opt/ros/humble LD_LIBRARY_PATH=/home/a/ws_nhk/install/moveit_ros_planning/lib:/home/a/ws_nhk/install/moveit_ros_occupancy_map_monitor/lib:/home/a/ws_nhk/install/moveit_core/lib:/home/a/ws_nhk/install/srdfdom/lib:${LD_LIBRARY_PATH} PATH=/home/a/ws_nhk/install/moveit_core/bin:${PATH} PYTHONPATH=/home/a/ws_nhk/install/moveit_configs_utils/lib/python3.10/site-packages:/home/a/ws_nhk/install/srdfdom/local/lib/python3.10/dist-packages:/home/a/ws_nhk/install/launch_param_builder/lib/python3.10/site-packages:${PYTHONPATH} /usr/bin/cmake /home/a/ws_nhk/src/moveit2/moveit_planners/ompl -DCMAKE_BUILD_TYPE=Release -DCMAKE_INSTALL_PREFIX=/home/a/ws_nhk/install/moveit_planners_ompl
[0.909s] Invoking command in '/home/a/ws_nhk/build/moveit_planners_ompl': AMENT_PREFIX_PATH=/home/a/ws_nhk/install/moveit_ros_planning:/home/a/ws_nhk/install/moveit_ros_occupancy_map_monitor:/home/a/ws_nhk/install/moveit_core:/home/a/ws_nhk/install/moveit_resources_panda_moveit_config:/home/a/ws_nhk/install/moveit_resources_fanuc_moveit_config:/home/a/ws_nhk/install/moveit_configs_utils:/home/a/ws_nhk/install/srdfdom:/home/a/ws_nhk/install/moveit_resources_pr2_description:/home/a/ws_nhk/install/moveit_resources_panda_description:/home/a/ws_nhk/install/moveit_resources_fanuc_description:/home/a/ws_nhk/install/moveit_common:/home/a/ws_nhk/install/launch_param_builder:${AMENT_PREFIX_PATH} CMAKE_PREFIX_PATH=/home/a/ws_nhk/install/moveit_ros_planning:/home/a/ws_nhk/install/moveit_ros_occupancy_map_monitor:/home/a/ws_nhk/install/moveit_core:/home/a/ws_nhk/install/moveit_resources_panda_moveit_config:/home/a/ws_nhk/install/moveit_resources_fanuc_moveit_config:/home/a/ws_nhk/install/srdfdom:/home/a/ws_nhk/install/moveit_resources_pr2_description:/home/a/ws_nhk/install/moveit_resources_panda_description:/home/a/ws_nhk/install/moveit_resources_fanuc_description:/home/a/ws_nhk/install/moveit_common:/home/a/install/field_description_test:/opt/ros/humble LD_LIBRARY_PATH=/home/a/ws_nhk/install/moveit_ros_planning/lib:/home/a/ws_nhk/install/moveit_ros_occupancy_map_monitor/lib:/home/a/ws_nhk/install/moveit_core/lib:/home/a/ws_nhk/install/srdfdom/lib:${LD_LIBRARY_PATH} PATH=/home/a/ws_nhk/install/moveit_core/bin:${PATH} PYTHONPATH=/home/a/ws_nhk/install/moveit_configs_utils/lib/python3.10/site-packages:/home/a/ws_nhk/install/srdfdom/local/lib/python3.10/dist-packages:/home/a/ws_nhk/install/launch_param_builder/lib/python3.10/site-packages:${PYTHONPATH} /usr/bin/cmake --build /home/a/ws_nhk/build/moveit_planners_ompl -- -j22 -l22
[0.949s] [35m[1mConsolidate compiler generated dependencies of target gtest[0m
[0.950s] [35m[1mConsolidate compiler generated dependencies of target gtest_main[0m
[0.962s] [  4%] Built target gtest_main
[0.963s] [  9%] Built target gtest
[0.980s] [35m[1mConsolidate compiler generated dependencies of target moveit_ompl_interface[0m
[1.059s] [ 60%] Built target moveit_ompl_interface
[1.070s] [35m[1mConsolidate compiler generated dependencies of target test_threadsafe_state_storage[0m
[1.070s] [35m[1mConsolidate compiler generated dependencies of target test_constrained_planning_state_space[0m
[1.070s] [35m[1mConsolidate compiler generated dependencies of target test_planning_context_manager[0m
[1.071s] [35m[1mConsolidate compiler generated dependencies of target test_state_validity_checker[0m
[1.073s] [35m[1mConsolidate compiler generated dependencies of target test_state_space[0m
[1.073s] [35m[1mConsolidate compiler generated dependencies of target moveit_ompl_planner_plugin[0m
[1.073s] [35m[1mConsolidate compiler generated dependencies of target test_constrained_state_validity_checker[0m
[1.074s] [35m[1mConsolidate compiler generated dependencies of target moveit_generate_state_database[0m
[1.085s] [ 65%] Built target test_threadsafe_state_storage
[1.086s] [ 70%] Built target test_constrained_planning_state_space
[1.090s] [ 75%] Built target test_state_validity_checker
[1.091s] [ 80%] Built target test_planning_context_manager
[1.096s] [ 85%] Built target moveit_ompl_planner_plugin
[1.096s] [ 90%] Built target test_state_space
[1.096s] [ 95%] Built target test_constrained_state_validity_checker
[1.101s] [100%] Built target moveit_generate_state_database
[1.110s] Invoked command in '/home/a/ws_nhk/build/moveit_planners_ompl' returned '0': AMENT_PREFIX_PATH=/home/a/ws_nhk/install/moveit_ros_planning:/home/a/ws_nhk/install/moveit_ros_occupancy_map_monitor:/home/a/ws_nhk/install/moveit_core:/home/a/ws_nhk/install/moveit_resources_panda_moveit_config:/home/a/ws_nhk/install/moveit_resources_fanuc_moveit_config:/home/a/ws_nhk/install/moveit_configs_utils:/home/a/ws_nhk/install/srdfdom:/home/a/ws_nhk/install/moveit_resources_pr2_description:/home/a/ws_nhk/install/moveit_resources_panda_description:/home/a/ws_nhk/install/moveit_resources_fanuc_description:/home/a/ws_nhk/install/moveit_common:/home/a/ws_nhk/install/launch_param_builder:${AMENT_PREFIX_PATH} CMAKE_PREFIX_PATH=/home/a/ws_nhk/install/moveit_ros_planning:/home/a/ws_nhk/install/moveit_ros_occupancy_map_monitor:/home/a/ws_nhk/install/moveit_core:/home/a/ws_nhk/install/moveit_resources_panda_moveit_config:/home/a/ws_nhk/install/moveit_resources_fanuc_moveit_config:/home/a/ws_nhk/install/srdfdom:/home/a/ws_nhk/install/moveit_resources_pr2_description:/home/a/ws_nhk/install/moveit_resources_panda_description:/home/a/ws_nhk/install/moveit_resources_fanuc_description:/home/a/ws_nhk/install/moveit_common:/home/a/install/field_description_test:/opt/ros/humble LD_LIBRARY_PATH=/home/a/ws_nhk/install/moveit_ros_planning/lib:/home/a/ws_nhk/install/moveit_ros_occupancy_map_monitor/lib:/home/a/ws_nhk/install/moveit_core/lib:/home/a/ws_nhk/install/srdfdom/lib:${LD_LIBRARY_PATH} PATH=/home/a/ws_nhk/install/moveit_core/bin:${PATH} PYTHONPATH=/home/a/ws_nhk/install/moveit_configs_utils/lib/python3.10/site-packages:/home/a/ws_nhk/install/srdfdom/local/lib/python3.10/dist-packages:/home/a/ws_nhk/install/launch_param_builder/lib/python3.10/site-packages:${PYTHONPATH} /usr/bin/cmake --build /home/a/ws_nhk/build/moveit_planners_ompl -- -j22 -l22
[1.113s] Invoking command in '/home/a/ws_nhk/build/moveit_planners_ompl': AMENT_PREFIX_PATH=/home/a/ws_nhk/install/moveit_ros_planning:/home/a/ws_nhk/install/moveit_ros_occupancy_map_monitor:/home/a/ws_nhk/install/moveit_core:/home/a/ws_nhk/install/moveit_resources_panda_moveit_config:/home/a/ws_nhk/install/moveit_resources_fanuc_moveit_config:/home/a/ws_nhk/install/moveit_configs_utils:/home/a/ws_nhk/install/srdfdom:/home/a/ws_nhk/install/moveit_resources_pr2_description:/home/a/ws_nhk/install/moveit_resources_panda_description:/home/a/ws_nhk/install/moveit_resources_fanuc_description:/home/a/ws_nhk/install/moveit_common:/home/a/ws_nhk/install/launch_param_builder:${AMENT_PREFIX_PATH} CMAKE_PREFIX_PATH=/home/a/ws_nhk/install/moveit_ros_planning:/home/a/ws_nhk/install/moveit_ros_occupancy_map_monitor:/home/a/ws_nhk/install/moveit_core:/home/a/ws_nhk/install/moveit_resources_panda_moveit_config:/home/a/ws_nhk/install/moveit_resources_fanuc_moveit_config:/home/a/ws_nhk/install/srdfdom:/home/a/ws_nhk/install/moveit_resources_pr2_description:/home/a/ws_nhk/install/moveit_resources_panda_description:/home/a/ws_nhk/install/moveit_resources_fanuc_description:/home/a/ws_nhk/install/moveit_common:/home/a/install/field_description_test:/opt/ros/humble LD_LIBRARY_PATH=/home/a/ws_nhk/install/moveit_ros_planning/lib:/home/a/ws_nhk/install/moveit_ros_occupancy_map_monitor/lib:/home/a/ws_nhk/install/moveit_core/lib:/home/a/ws_nhk/install/srdfdom/lib:${LD_LIBRARY_PATH} PATH=/home/a/ws_nhk/install/moveit_core/bin:${PATH} PYTHONPATH=/home/a/ws_nhk/install/moveit_configs_utils/lib/python3.10/site-packages:/home/a/ws_nhk/install/srdfdom/local/lib/python3.10/dist-packages:/home/a/ws_nhk/install/launch_param_builder/lib/python3.10/site-packages:${PYTHONPATH} /usr/bin/cmake --install /home/a/ws_nhk/build/moveit_planners_ompl
[1.120s] -- Install configuration: "Release"
[1.121s] -- Up-to-date: /home/a/ws_nhk/install/moveit_planners_ompl/lib/moveit_planners_ompl/generate_state_database
[1.121s] -- Up-to-date: /home/a/ws_nhk/install/moveit_planners_ompl/include
[1.121s] -- Up-to-date: /home/a/ws_nhk/install/moveit_planners_ompl/include/moveit
[1.121s] -- Up-to-date: /home/a/ws_nhk/install/moveit_planners_ompl/include/moveit/ompl_interface
[1.121s] -- Up-to-date: /home/a/ws_nhk/install/moveit_planners_ompl/include/moveit/ompl_interface/ompl_interface.h
[1.121s] -- Up-to-date: /home/a/ws_nhk/install/moveit_planners_ompl/include/moveit/ompl_interface/model_based_planning_context.h
[1.121s] -- Up-to-date: /home/a/ws_nhk/install/moveit_planners_ompl/include/moveit/ompl_interface/planning_context_manager.h
[1.121s] -- Up-to-date: /home/a/ws_nhk/install/moveit_planners_ompl/include/moveit/ompl_interface/detail
[1.121s] -- Up-to-date: /home/a/ws_nhk/install/moveit_planners_ompl/include/moveit/ompl_interface/detail/projection_evaluators.h
[1.121s] -- Up-to-date: /home/a/ws_nhk/install/moveit_planners_ompl/include/moveit/ompl_interface/detail/ompl_constraints.h
[1.121s] -- Up-to-date: /home/a/ws_nhk/install/moveit_planners_ompl/include/moveit/ompl_interface/detail/constrained_sampler.h
[1.122s] -- Up-to-date: /home/a/ws_nhk/install/moveit_planners_ompl/include/moveit/ompl_interface/detail/constrained_valid_state_sampler.h
[1.122s] -- Up-to-date: /home/a/ws_nhk/install/moveit_planners_ompl/include/moveit/ompl_interface/detail/goal_union.h
[1.122s] -- Up-to-date: /home/a/ws_nhk/install/moveit_planners_ompl/include/moveit/ompl_interface/detail/constraint_approximations.h
[1.122s] -- Up-to-date: /home/a/ws_nhk/install/moveit_planners_ompl/include/moveit/ompl_interface/detail/threadsafe_state_storage.h
[1.122s] -- Up-to-date: /home/a/ws_nhk/install/moveit_planners_ompl/include/moveit/ompl_interface/detail/state_validity_checker.h
[1.122s] -- Up-to-date: /home/a/ws_nhk/install/moveit_planners_ompl/include/moveit/ompl_interface/detail/constrained_goal_sampler.h
[1.122s] -- Up-to-date: /home/a/ws_nhk/install/moveit_planners_ompl/include/moveit/ompl_interface/detail/constraints_library.h
[1.122s] -- Up-to-date: /home/a/ws_nhk/install/moveit_planners_ompl/include/moveit/ompl_interface/parameterization
[1.122s] -- Up-to-date: /home/a/ws_nhk/install/moveit_planners_ompl/include/moveit/ompl_interface/parameterization/joint_space
[1.122s] -- Up-to-date: /home/a/ws_nhk/install/moveit_planners_ompl/include/moveit/ompl_interface/parameterization/joint_space/constrained_planning_state_space_factory.h
[1.122s] -- Up-to-date: /home/a/ws_nhk/install/moveit_planners_ompl/include/moveit/ompl_interface/parameterization/joint_space/constrained_planning_state_space.h
[1.122s] -- Up-to-date: /home/a/ws_nhk/install/moveit_planners_ompl/include/moveit/ompl_interface/parameterization/joint_space/joint_model_state_space.h
[1.122s] -- Up-to-date: /home/a/ws_nhk/install/moveit_planners_ompl/include/moveit/ompl_interface/parameterization/joint_space/joint_model_state_space_factory.h
[1.122s] -- Up-to-date: /home/a/ws_nhk/install/moveit_planners_ompl/include/moveit/ompl_interface/parameterization/model_based_state_space.h
[1.122s] -- Up-to-date: /home/a/ws_nhk/install/moveit_planners_ompl/include/moveit/ompl_interface/parameterization/model_based_state_space_factory.h
[1.122s] -- Up-to-date: /home/a/ws_nhk/install/moveit_planners_ompl/include/moveit/ompl_interface/parameterization/work_space
[1.122s] -- Up-to-date: /home/a/ws_nhk/install/moveit_planners_ompl/include/moveit/ompl_interface/parameterization/work_space/pose_model_state_space_factory.h
[1.122s] -- Up-to-date: /home/a/ws_nhk/install/moveit_planners_ompl/include/moveit/ompl_interface/parameterization/work_space/pose_model_state_space.h
[1.123s] -- Up-to-date: /home/a/ws_nhk/install/moveit_planners_ompl/lib/libmoveit_ompl_interface.so.2.5.9
[1.123s] -- Up-to-date: /home/a/ws_nhk/install/moveit_planners_ompl/lib/libmoveit_ompl_interface.so
[1.123s] -- Up-to-date: /home/a/ws_nhk/install/moveit_planners_ompl/lib/libmoveit_ompl_planner_plugin.so.2.5.9
[1.123s] -- Up-to-date: /home/a/ws_nhk/install/moveit_planners_ompl/lib/libmoveit_ompl_planner_plugin.so
[1.123s] -- Up-to-date: /home/a/ws_nhk/install/moveit_planners_ompl/share/moveit_planners_ompl/environment/library_path.sh
[1.124s] -- Installing: /home/a/ws_nhk/install/moveit_planners_ompl/share/moveit_planners_ompl/environment/library_path.dsv
[1.124s] -- Up-to-date: /home/a/ws_nhk/install/moveit_planners_ompl/share/moveit_planners_ompl/ompl_interface_plugin_description.xml
[1.124s] -- Up-to-date: /home/a/ws_nhk/install/moveit_planners_ompl/share/ament_index/resource_index/package_run_dependencies/moveit_planners_ompl
[1.124s] -- Up-to-date: /home/a/ws_nhk/install/moveit_planners_ompl/share/ament_index/resource_index/parent_prefix_path/moveit_planners_ompl
[1.124s] -- Up-to-date: /home/a/ws_nhk/install/moveit_planners_ompl/share/moveit_planners_ompl/environment/ament_prefix_path.sh
[1.124s] -- Installing: /home/a/ws_nhk/install/moveit_planners_ompl/share/moveit_planners_ompl/environment/ament_prefix_path.dsv
[1.124s] -- Up-to-date: /home/a/ws_nhk/install/moveit_planners_ompl/share/moveit_planners_ompl/environment/path.sh
[1.124s] -- Installing: /home/a/ws_nhk/install/moveit_planners_ompl/share/moveit_planners_ompl/environment/path.dsv
[1.124s] -- Up-to-date: /home/a/ws_nhk/install/moveit_planners_ompl/share/moveit_planners_ompl/local_setup.bash
[1.124s] -- Up-to-date: /home/a/ws_nhk/install/moveit_planners_ompl/share/moveit_planners_ompl/local_setup.sh
[1.124s] -- Up-to-date: /home/a/ws_nhk/install/moveit_planners_ompl/share/moveit_planners_ompl/local_setup.zsh
[1.125s] -- Installing: /home/a/ws_nhk/install/moveit_planners_ompl/share/moveit_planners_ompl/local_setup.dsv
[1.125s] -- Installing: /home/a/ws_nhk/install/moveit_planners_ompl/share/moveit_planners_ompl/package.dsv
[1.125s] -- Up-to-date: /home/a/ws_nhk/install/moveit_planners_ompl/share/ament_index/resource_index/packages/moveit_planners_ompl
[1.125s] -- Up-to-date: /home/a/ws_nhk/install/moveit_planners_ompl/share/ament_index/resource_index/moveit_core__pluginlib__plugin/moveit_planners_ompl
[1.126s] -- Up-to-date: /home/a/ws_nhk/install/moveit_planners_ompl/share/moveit_planners_ompl/cmake/export_moveit_planners_omplExport.cmake
[1.126s] -- Up-to-date: /home/a/ws_nhk/install/moveit_planners_ompl/share/moveit_planners_ompl/cmake/export_moveit_planners_omplExport-release.cmake
[1.126s] -- Up-to-date: /home/a/ws_nhk/install/moveit_planners_ompl/share/moveit_planners_ompl/cmake/ament_cmake_export_targets-extras.cmake
[1.126s] -- Up-to-date: /home/a/ws_nhk/install/moveit_planners_ompl/share/moveit_planners_ompl/cmake/ament_cmake_export_dependencies-extras.cmake
[1.126s] -- Up-to-date: /home/a/ws_nhk/install/moveit_planners_ompl/share/moveit_planners_ompl/cmake/moveit_planners_omplConfig.cmake
[1.126s] -- Up-to-date: /home/a/ws_nhk/install/moveit_planners_ompl/share/moveit_planners_ompl/cmake/moveit_planners_omplConfig-version.cmake
[1.126s] -- Up-to-date: /home/a/ws_nhk/install/moveit_planners_ompl/share/moveit_planners_ompl/package.xml
[1.127s] Invoked command in '/home/a/ws_nhk/build/moveit_planners_ompl' returned '0': AMENT_PREFIX_PATH=/home/a/ws_nhk/install/moveit_ros_planning:/home/a/ws_nhk/install/moveit_ros_occupancy_map_monitor:/home/a/ws_nhk/install/moveit_core:/home/a/ws_nhk/install/moveit_resources_panda_moveit_config:/home/a/ws_nhk/install/moveit_resources_fanuc_moveit_config:/home/a/ws_nhk/install/moveit_configs_utils:/home/a/ws_nhk/install/srdfdom:/home/a/ws_nhk/install/moveit_resources_pr2_description:/home/a/ws_nhk/install/moveit_resources_panda_description:/home/a/ws_nhk/install/moveit_resources_fanuc_description:/home/a/ws_nhk/install/moveit_common:/home/a/ws_nhk/install/launch_param_builder:${AMENT_PREFIX_PATH} CMAKE_PREFIX_PATH=/home/a/ws_nhk/install/moveit_ros_planning:/home/a/ws_nhk/install/moveit_ros_occupancy_map_monitor:/home/a/ws_nhk/install/moveit_core:/home/a/ws_nhk/install/moveit_resources_panda_moveit_config:/home/a/ws_nhk/install/moveit_resources_fanuc_moveit_config:/home/a/ws_nhk/install/srdfdom:/home/a/ws_nhk/install/moveit_resources_pr2_description:/home/a/ws_nhk/install/moveit_resources_panda_description:/home/a/ws_nhk/install/moveit_resources_fanuc_description:/home/a/ws_nhk/install/moveit_common:/home/a/install/field_description_test:/opt/ros/humble LD_LIBRARY_PATH=/home/a/ws_nhk/install/moveit_ros_planning/lib:/home/a/ws_nhk/install/moveit_ros_occupancy_map_monitor/lib:/home/a/ws_nhk/install/moveit_core/lib:/home/a/ws_nhk/install/srdfdom/lib:${LD_LIBRARY_PATH} PATH=/home/a/ws_nhk/install/moveit_core/bin:${PATH} PYTHONPATH=/home/a/ws_nhk/install/moveit_configs_utils/lib/python3.10/site-packages:/home/a/ws_nhk/install/srdfdom/local/lib/python3.10/dist-packages:/home/a/ws_nhk/install/launch_param_builder/lib/python3.10/site-packages:${PYTHONPATH} /usr/bin/cmake --install /home/a/ws_nhk/build/moveit_planners_ompl
