[0.032s] Invoking command in '/home/a/ws_nhk/build/chomp_motion_planner': AMENT_PREFIX_PATH=/home/a/ws_nhk/install/moveit_core:/home/a/ws_nhk/install/moveit_resources_panda_moveit_config:/home/a/ws_nhk/install/srdfdom:/home/a/ws_nhk/install/moveit_resources_pr2_description:/home/a/ws_nhk/install/moveit_resources_panda_description:/home/a/ws_nhk/install/moveit_common:${AMENT_PREFIX_PATH} CMAKE_PREFIX_PATH=/home/a/ws_nhk/install/moveit_core:/home/a/ws_nhk/install/moveit_resources_panda_moveit_config:/home/a/ws_nhk/install/srdfdom:/home/a/ws_nhk/install/moveit_resources_pr2_description:/home/a/ws_nhk/install/moveit_resources_panda_description:/home/a/ws_nhk/install/moveit_common:/home/a/install/field_description_test:/opt/ros/humble LD_LIBRARY_PATH=/home/a/ws_nhk/install/moveit_core/lib:/home/a/ws_nhk/install/srdfdom/lib:${LD_LIBRARY_PATH} PATH=/home/a/ws_nhk/install/moveit_core/bin:${PATH} PYTHONPATH=/home/a/ws_nhk/install/srdfdom/local/lib/python3.10/dist-packages:${PYTHONPATH} /usr/bin/cmake --build /home/a/ws_nhk/build/chomp_motion_planner -- -j22 -l22
[0.153s] [ 16%] [32mBuilding CXX object CMakeFiles/chomp_motion_planner.dir/src/chomp_parameters.cpp.o[0m
[0.838s] [ 33%] [32m[1mLinking CXX shared library libchomp_motion_planner.so[0m
[1.219s] [100%] Built target chomp_motion_planner
[1.249s] Invoked command in '/home/a/ws_nhk/build/chomp_motion_planner' returned '0': AMENT_PREFIX_PATH=/home/a/ws_nhk/install/moveit_core:/home/a/ws_nhk/install/moveit_resources_panda_moveit_config:/home/a/ws_nhk/install/srdfdom:/home/a/ws_nhk/install/moveit_resources_pr2_description:/home/a/ws_nhk/install/moveit_resources_panda_description:/home/a/ws_nhk/install/moveit_common:${AMENT_PREFIX_PATH} CMAKE_PREFIX_PATH=/home/a/ws_nhk/install/moveit_core:/home/a/ws_nhk/install/moveit_resources_panda_moveit_config:/home/a/ws_nhk/install/srdfdom:/home/a/ws_nhk/install/moveit_resources_pr2_description:/home/a/ws_nhk/install/moveit_resources_panda_description:/home/a/ws_nhk/install/moveit_common:/home/a/install/field_description_test:/opt/ros/humble LD_LIBRARY_PATH=/home/a/ws_nhk/install/moveit_core/lib:/home/a/ws_nhk/install/srdfdom/lib:${LD_LIBRARY_PATH} PATH=/home/a/ws_nhk/install/moveit_core/bin:${PATH} PYTHONPATH=/home/a/ws_nhk/install/srdfdom/local/lib/python3.10/dist-packages:${PYTHONPATH} /usr/bin/cmake --build /home/a/ws_nhk/build/chomp_motion_planner -- -j22 -l22
[1.253s] Invoking command in '/home/a/ws_nhk/build/chomp_motion_planner': AMENT_PREFIX_PATH=/home/a/ws_nhk/install/moveit_core:/home/a/ws_nhk/install/moveit_resources_panda_moveit_config:/home/a/ws_nhk/install/srdfdom:/home/a/ws_nhk/install/moveit_resources_pr2_description:/home/a/ws_nhk/install/moveit_resources_panda_description:/home/a/ws_nhk/install/moveit_common:${AMENT_PREFIX_PATH} CMAKE_PREFIX_PATH=/home/a/ws_nhk/install/moveit_core:/home/a/ws_nhk/install/moveit_resources_panda_moveit_config:/home/a/ws_nhk/install/srdfdom:/home/a/ws_nhk/install/moveit_resources_pr2_description:/home/a/ws_nhk/install/moveit_resources_panda_description:/home/a/ws_nhk/install/moveit_common:/home/a/install/field_description_test:/opt/ros/humble LD_LIBRARY_PATH=/home/a/ws_nhk/install/moveit_core/lib:/home/a/ws_nhk/install/srdfdom/lib:${LD_LIBRARY_PATH} PATH=/home/a/ws_nhk/install/moveit_core/bin:${PATH} PYTHONPATH=/home/a/ws_nhk/install/srdfdom/local/lib/python3.10/dist-packages:${PYTHONPATH} /usr/bin/cmake --install /home/a/ws_nhk/build/chomp_motion_planner
[1.275s] -- Install configuration: "Release"
[1.275s] -- Installing: /home/a/ws_nhk/install/chomp_motion_planner/lib/libchomp_motion_planner.so.2.5.9
[1.277s] -- Set runtime path of "/home/a/ws_nhk/install/chomp_motion_planner/lib/libchomp_motion_planner.so.2.5.9" to ""
[1.278s] -- Up-to-date: /home/a/ws_nhk/install/chomp_motion_planner/lib/libchomp_motion_planner.so
[1.278s] -- Up-to-date: /home/a/ws_nhk/install/chomp_motion_planner/include
[1.278s] -- Up-to-date: /home/a/ws_nhk/install/chomp_motion_planner/include/chomp_motion_planner
[1.278s] -- Up-to-date: /home/a/ws_nhk/install/chomp_motion_planner/include/chomp_motion_planner/multivariate_gaussian.h
[1.278s] -- Up-to-date: /home/a/ws_nhk/install/chomp_motion_planner/include/chomp_motion_planner/chomp_utils.h
[1.278s] -- Up-to-date: /home/a/ws_nhk/install/chomp_motion_planner/include/chomp_motion_planner/chomp_parameters.h
[1.278s] -- Up-to-date: /home/a/ws_nhk/install/chomp_motion_planner/include/chomp_motion_planner/chomp_optimizer.h
[1.279s] -- Up-to-date: /home/a/ws_nhk/install/chomp_motion_planner/include/chomp_motion_planner/chomp_cost.h
[1.279s] -- Up-to-date: /home/a/ws_nhk/install/chomp_motion_planner/include/chomp_motion_planner/chomp_trajectory.h
[1.279s] -- Up-to-date: /home/a/ws_nhk/install/chomp_motion_planner/include/chomp_motion_planner/chomp_planner.h
[1.279s] -- Up-to-date: /home/a/ws_nhk/install/chomp_motion_planner/share/chomp_motion_planner/environment/library_path.sh
[1.279s] -- Up-to-date: /home/a/ws_nhk/install/chomp_motion_planner/share/chomp_motion_planner/environment/library_path.dsv
[1.279s] -- Up-to-date: /home/a/ws_nhk/install/chomp_motion_planner/share/ament_index/resource_index/package_run_dependencies/chomp_motion_planner
[1.279s] -- Up-to-date: /home/a/ws_nhk/install/chomp_motion_planner/share/ament_index/resource_index/parent_prefix_path/chomp_motion_planner
[1.279s] -- Up-to-date: /home/a/ws_nhk/install/chomp_motion_planner/share/chomp_motion_planner/environment/ament_prefix_path.sh
[1.279s] -- Up-to-date: /home/a/ws_nhk/install/chomp_motion_planner/share/chomp_motion_planner/environment/ament_prefix_path.dsv
[1.280s] -- Up-to-date: /home/a/ws_nhk/install/chomp_motion_planner/share/chomp_motion_planner/environment/path.sh
[1.280s] -- Up-to-date: /home/a/ws_nhk/install/chomp_motion_planner/share/chomp_motion_planner/environment/path.dsv
[1.280s] -- Up-to-date: /home/a/ws_nhk/install/chomp_motion_planner/share/chomp_motion_planner/local_setup.bash
[1.280s] -- Up-to-date: /home/a/ws_nhk/install/chomp_motion_planner/share/chomp_motion_planner/local_setup.sh
[1.280s] -- Up-to-date: /home/a/ws_nhk/install/chomp_motion_planner/share/chomp_motion_planner/local_setup.zsh
[1.280s] -- Up-to-date: /home/a/ws_nhk/install/chomp_motion_planner/share/chomp_motion_planner/local_setup.dsv
[1.280s] -- Installing: /home/a/ws_nhk/install/chomp_motion_planner/share/chomp_motion_planner/package.dsv
[1.281s] -- Up-to-date: /home/a/ws_nhk/install/chomp_motion_planner/share/ament_index/resource_index/packages/chomp_motion_planner
[1.281s] -- Up-to-date: /home/a/ws_nhk/install/chomp_motion_planner/share/chomp_motion_planner/cmake/chomp_motion_plannerTargetsExport.cmake
[1.281s] -- Up-to-date: /home/a/ws_nhk/install/chomp_motion_planner/share/chomp_motion_planner/cmake/chomp_motion_plannerTargetsExport-release.cmake
[1.281s] -- Up-to-date: /home/a/ws_nhk/install/chomp_motion_planner/share/chomp_motion_planner/cmake/ament_cmake_export_targets-extras.cmake
[1.281s] -- Up-to-date: /home/a/ws_nhk/install/chomp_motion_planner/share/chomp_motion_planner/cmake/chomp_motion_plannerConfig.cmake
[1.281s] -- Up-to-date: /home/a/ws_nhk/install/chomp_motion_planner/share/chomp_motion_planner/cmake/chomp_motion_plannerConfig-version.cmake
[1.281s] -- Up-to-date: /home/a/ws_nhk/install/chomp_motion_planner/share/chomp_motion_planner/package.xml
[1.287s] Invoked command in '/home/a/ws_nhk/build/chomp_motion_planner' returned '0': AMENT_PREFIX_PATH=/home/a/ws_nhk/install/moveit_core:/home/a/ws_nhk/install/moveit_resources_panda_moveit_config:/home/a/ws_nhk/install/srdfdom:/home/a/ws_nhk/install/moveit_resources_pr2_description:/home/a/ws_nhk/install/moveit_resources_panda_description:/home/a/ws_nhk/install/moveit_common:${AMENT_PREFIX_PATH} CMAKE_PREFIX_PATH=/home/a/ws_nhk/install/moveit_core:/home/a/ws_nhk/install/moveit_resources_panda_moveit_config:/home/a/ws_nhk/install/srdfdom:/home/a/ws_nhk/install/moveit_resources_pr2_description:/home/a/ws_nhk/install/moveit_resources_panda_description:/home/a/ws_nhk/install/moveit_common:/home/a/install/field_description_test:/opt/ros/humble LD_LIBRARY_PATH=/home/a/ws_nhk/install/moveit_core/lib:/home/a/ws_nhk/install/srdfdom/lib:${LD_LIBRARY_PATH} PATH=/home/a/ws_nhk/install/moveit_core/bin:${PATH} PYTHONPATH=/home/a/ws_nhk/install/srdfdom/local/lib/python3.10/dist-packages:${PYTHONPATH} /usr/bin/cmake --install /home/a/ws_nhk/build/chomp_motion_planner
