[0.435s] Invoking command in '/home/a/ws_nhk/build/r2_odrive': PYTHONPATH=/home/a/ws_nhk/build/r2_odrive/prefix_override:/usr/lib/python3/dist-packages/colcon_core/task/python/colcon_distutils_commands:/home/a/ws_nhk/install/r2_odrive/lib/python3.10/site-packages:${PYTHONPATH} /usr/bin/python3 -W ignore:setup.py install is deprecated -W ignore:easy_install command is deprecated setup.py develop --editable --build-directory /home/a/ws_nhk/build/r2_odrive/build --no-deps symlink_data --force
[0.613s] running develop
[0.739s] running egg_info
[0.739s] writing r2_odrive.egg-info/PKG-INFO
[0.740s] writing dependency_links to r2_odrive.egg-info/dependency_links.txt
[0.740s] writing entry points to r2_odrive.egg-info/entry_points.txt
[0.740s] writing requirements to r2_odrive.egg-info/requires.txt
[0.740s] writing top-level names to r2_odrive.egg-info/top_level.txt
[0.741s] reading manifest file 'r2_odrive.egg-info/SOURCES.txt'
[0.742s] writing manifest file 'r2_odrive.egg-info/SOURCES.txt'
[0.743s] running build_ext
[0.743s] Creating /home/a/ws_nhk/install/r2_odrive/lib/python3.10/site-packages/r2-odrive.egg-link (link to .)
[0.743s] Installing odrive_controller_node script to /home/a/ws_nhk/install/r2_odrive/lib/r2_odrive
[0.743s] 
[0.743s] Installed /home/a/ws_nhk/build/r2_odrive
[0.743s] running symlink_data
[0.743s] symbolically linking /home/a/ws_nhk/build/r2_odrive/resource/r2_odrive -> /home/a/ws_nhk/install/r2_odrive/share/ament_index/resource_index/packages
[0.744s] symbolically linking /home/a/ws_nhk/build/r2_odrive/package.xml -> /home/a/ws_nhk/install/r2_odrive/share/r2_odrive
[0.744s] symbolically linking /home/a/ws_nhk/build/r2_odrive/launch/odrive_controller.launch.py -> /home/a/ws_nhk/install/r2_odrive/share/r2_odrive/launch
[0.744s] symbolically linking /home/a/ws_nhk/build/r2_odrive/config/odrive_config.yaml -> /home/a/ws_nhk/install/r2_odrive/share/r2_odrive/config
[0.760s] Invoked command in '/home/a/ws_nhk/build/r2_odrive' returned '0': PYTHONPATH=/home/a/ws_nhk/build/r2_odrive/prefix_override:/usr/lib/python3/dist-packages/colcon_core/task/python/colcon_distutils_commands:/home/a/ws_nhk/install/r2_odrive/lib/python3.10/site-packages:${PYTHONPATH} /usr/bin/python3 -W ignore:setup.py install is deprecated -W ignore:easy_install command is deprecated setup.py develop --editable --build-directory /home/a/ws_nhk/build/r2_odrive/build --no-deps symlink_data --force
