[0.150s] Invoking command in '/home/a/ws_nhk/build/moveit_ros_benchmarks': AMENT_PREFIX_PATH=/home/a/ws_nhk/install/moveit_ros_warehouse:/home/a/ws_nhk/install/moveit_ros_planning:/home/a/ws_nhk/install/moveit_ros_occupancy_map_monitor:/home/a/ws_nhk/install/moveit_core:/home/a/ws_nhk/install/moveit_resources_panda_moveit_config:/home/a/ws_nhk/install/moveit_configs_utils:/home/a/ws_nhk/install/srdfdom:/home/a/ws_nhk/install/moveit_resources_pr2_description:/home/a/ws_nhk/install/moveit_resources_panda_description:/home/a/ws_nhk/install/moveit_common:/home/a/ws_nhk/install/launch_param_builder:${AMENT_PREFIX_PATH} CMAKE_PREFIX_PATH=/home/a/ws_nhk/install/moveit_ros_warehouse:/home/a/ws_nhk/install/moveit_ros_planning:/home/a/ws_nhk/install/moveit_ros_occupancy_map_monitor:/home/a/ws_nhk/install/moveit_core:/home/a/ws_nhk/install/moveit_resources_panda_moveit_config:/home/a/ws_nhk/install/srdfdom:/home/a/ws_nhk/install/moveit_resources_pr2_description:/home/a/ws_nhk/install/moveit_resources_panda_description:/home/a/ws_nhk/install/moveit_common:/home/a/install/field_description_test:/opt/ros/humble LD_LIBRARY_PATH=/home/a/ws_nhk/install/moveit_ros_warehouse/lib:/home/a/ws_nhk/install/moveit_ros_planning/lib:/home/a/ws_nhk/install/moveit_ros_occupancy_map_monitor/lib:/home/a/ws_nhk/install/moveit_core/lib:/home/a/ws_nhk/install/srdfdom/lib:${LD_LIBRARY_PATH} PATH=/home/a/ws_nhk/install/moveit_core/bin:${PATH} PYTHONPATH=/home/a/ws_nhk/install/moveit_configs_utils/lib/python3.10/site-packages:/home/a/ws_nhk/install/srdfdom/local/lib/python3.10/dist-packages:/home/a/ws_nhk/install/launch_param_builder/lib/python3.10/site-packages:${PYTHONPATH} /usr/bin/cmake --build /home/a/ws_nhk/build/moveit_ros_benchmarks -- -j22 -l22
[0.282s] [35m[1mConsolidate compiler generated dependencies of target moveit_ros_benchmarks[0m
[0.354s] [ 42%] Built target moveit_ros_benchmarks
[0.405s] [35m[1mConsolidate compiler generated dependencies of target moveit_run_benchmark[0m
[0.407s] [35m[1mConsolidate compiler generated dependencies of target moveit_combine_predefined_poses_benchmark[0m
[0.470s] [100%] Built target moveit_combine_predefined_poses_benchmark
[0.470s] [100%] Built target moveit_run_benchmark
[0.496s] Invoked command in '/home/a/ws_nhk/build/moveit_ros_benchmarks' returned '0': AMENT_PREFIX_PATH=/home/a/ws_nhk/install/moveit_ros_warehouse:/home/a/ws_nhk/install/moveit_ros_planning:/home/a/ws_nhk/install/moveit_ros_occupancy_map_monitor:/home/a/ws_nhk/install/moveit_core:/home/a/ws_nhk/install/moveit_resources_panda_moveit_config:/home/a/ws_nhk/install/moveit_configs_utils:/home/a/ws_nhk/install/srdfdom:/home/a/ws_nhk/install/moveit_resources_pr2_description:/home/a/ws_nhk/install/moveit_resources_panda_description:/home/a/ws_nhk/install/moveit_common:/home/a/ws_nhk/install/launch_param_builder:${AMENT_PREFIX_PATH} CMAKE_PREFIX_PATH=/home/a/ws_nhk/install/moveit_ros_warehouse:/home/a/ws_nhk/install/moveit_ros_planning:/home/a/ws_nhk/install/moveit_ros_occupancy_map_monitor:/home/a/ws_nhk/install/moveit_core:/home/a/ws_nhk/install/moveit_resources_panda_moveit_config:/home/a/ws_nhk/install/srdfdom:/home/a/ws_nhk/install/moveit_resources_pr2_description:/home/a/ws_nhk/install/moveit_resources_panda_description:/home/a/ws_nhk/install/moveit_common:/home/a/install/field_description_test:/opt/ros/humble LD_LIBRARY_PATH=/home/a/ws_nhk/install/moveit_ros_warehouse/lib:/home/a/ws_nhk/install/moveit_ros_planning/lib:/home/a/ws_nhk/install/moveit_ros_occupancy_map_monitor/lib:/home/a/ws_nhk/install/moveit_core/lib:/home/a/ws_nhk/install/srdfdom/lib:${LD_LIBRARY_PATH} PATH=/home/a/ws_nhk/install/moveit_core/bin:${PATH} PYTHONPATH=/home/a/ws_nhk/install/moveit_configs_utils/lib/python3.10/site-packages:/home/a/ws_nhk/install/srdfdom/local/lib/python3.10/dist-packages:/home/a/ws_nhk/install/launch_param_builder/lib/python3.10/site-packages:${PYTHONPATH} /usr/bin/cmake --build /home/a/ws_nhk/build/moveit_ros_benchmarks -- -j22 -l22
[0.503s] Invoking command in '/home/a/ws_nhk/build/moveit_ros_benchmarks': AMENT_PREFIX_PATH=/home/a/ws_nhk/install/moveit_ros_warehouse:/home/a/ws_nhk/install/moveit_ros_planning:/home/a/ws_nhk/install/moveit_ros_occupancy_map_monitor:/home/a/ws_nhk/install/moveit_core:/home/a/ws_nhk/install/moveit_resources_panda_moveit_config:/home/a/ws_nhk/install/moveit_configs_utils:/home/a/ws_nhk/install/srdfdom:/home/a/ws_nhk/install/moveit_resources_pr2_description:/home/a/ws_nhk/install/moveit_resources_panda_description:/home/a/ws_nhk/install/moveit_common:/home/a/ws_nhk/install/launch_param_builder:${AMENT_PREFIX_PATH} CMAKE_PREFIX_PATH=/home/a/ws_nhk/install/moveit_ros_warehouse:/home/a/ws_nhk/install/moveit_ros_planning:/home/a/ws_nhk/install/moveit_ros_occupancy_map_monitor:/home/a/ws_nhk/install/moveit_core:/home/a/ws_nhk/install/moveit_resources_panda_moveit_config:/home/a/ws_nhk/install/srdfdom:/home/a/ws_nhk/install/moveit_resources_pr2_description:/home/a/ws_nhk/install/moveit_resources_panda_description:/home/a/ws_nhk/install/moveit_common:/home/a/install/field_description_test:/opt/ros/humble LD_LIBRARY_PATH=/home/a/ws_nhk/install/moveit_ros_warehouse/lib:/home/a/ws_nhk/install/moveit_ros_planning/lib:/home/a/ws_nhk/install/moveit_ros_occupancy_map_monitor/lib:/home/a/ws_nhk/install/moveit_core/lib:/home/a/ws_nhk/install/srdfdom/lib:${LD_LIBRARY_PATH} PATH=/home/a/ws_nhk/install/moveit_core/bin:${PATH} PYTHONPATH=/home/a/ws_nhk/install/moveit_configs_utils/lib/python3.10/site-packages:/home/a/ws_nhk/install/srdfdom/local/lib/python3.10/dist-packages:/home/a/ws_nhk/install/launch_param_builder/lib/python3.10/site-packages:${PYTHONPATH} /usr/bin/cmake --install /home/a/ws_nhk/build/moveit_ros_benchmarks
[0.521s] -- Install configuration: "Release"
[0.522s] -- Up-to-date: /home/a/ws_nhk/install/moveit_ros_benchmarks/lib/libmoveit_ros_benchmarks.so.2.5.9
[0.522s] -- Up-to-date: /home/a/ws_nhk/install/moveit_ros_benchmarks/lib/libmoveit_ros_benchmarks.so
[0.523s] -- Up-to-date: /home/a/ws_nhk/install/moveit_ros_benchmarks/share/moveit_ros_benchmarks/environment/library_path.sh
[0.523s] -- Up-to-date: /home/a/ws_nhk/install/moveit_ros_benchmarks/share/moveit_ros_benchmarks/environment/library_path.dsv
[0.523s] -- Up-to-date: /home/a/ws_nhk/install/moveit_ros_benchmarks/lib/moveit_ros_benchmarks/moveit_run_benchmark
[0.524s] -- Up-to-date: /home/a/ws_nhk/install/moveit_ros_benchmarks/lib/moveit_ros_benchmarks/moveit_combine_predefined_poses_benchmark
[0.524s] -- Up-to-date: /home/a/ws_nhk/install/moveit_ros_benchmarks/include
[0.525s] -- Up-to-date: /home/a/ws_nhk/install/moveit_ros_benchmarks/include/moveit
[0.525s] -- Up-to-date: /home/a/ws_nhk/install/moveit_ros_benchmarks/include/moveit/benchmarks
[0.525s] -- Up-to-date: /home/a/ws_nhk/install/moveit_ros_benchmarks/include/moveit/benchmarks/BenchmarkOptions.h
[0.525s] -- Up-to-date: /home/a/ws_nhk/install/moveit_ros_benchmarks/include/moveit/benchmarks/BenchmarkExecutor.h
[0.525s] -- Up-to-date: /home/a/ws_nhk/install/moveit_ros_benchmarks/lib/moveit_ros_benchmarks/moveit_benchmark_statistics.py
[0.525s] -- Up-to-date: /home/a/ws_nhk/install/moveit_ros_benchmarks/share/moveit_ros_benchmarks
[0.525s] -- Up-to-date: /home/a/ws_nhk/install/moveit_ros_benchmarks/share/moveit_ros_benchmarks/demo_fanuc.launch
[0.526s] -- Up-to-date: /home/a/ws_nhk/install/moveit_ros_benchmarks/share/moveit_ros_benchmarks/demo1.yaml
[0.526s] -- Up-to-date: /home/a/ws_nhk/install/moveit_ros_benchmarks/share/moveit_ros_benchmarks/demo_panda_predefined_poses.launch.py
[0.526s] -- Up-to-date: /home/a/ws_nhk/install/moveit_ros_benchmarks/share/moveit_ros_benchmarks/demo_panda_all_planners.yaml
[0.526s] -- Up-to-date: /home/a/ws_nhk/install/moveit_ros_benchmarks/share/moveit_ros_benchmarks/demo_panda_predefined_poses.yaml
[0.526s] -- Up-to-date: /home/a/ws_nhk/install/moveit_ros_benchmarks/share/moveit_ros_benchmarks/demo_panda.launch.py
[0.526s] -- Up-to-date: /home/a/ws_nhk/install/moveit_ros_benchmarks/share/moveit_ros_benchmarks/demo2.yaml
[0.526s] -- Up-to-date: /home/a/ws_nhk/install/moveit_ros_benchmarks/share/moveit_ros_benchmarks/demo_panda_all_planners_obstacles.launch
[0.526s] -- Up-to-date: /home/a/ws_nhk/install/moveit_ros_benchmarks/share/moveit_ros_benchmarks/demo_obstacles.yaml
[0.527s] -- Up-to-date: /home/a/ws_nhk/install/moveit_ros_benchmarks/share/moveit_ros_benchmarks/demo_panda_all_planners.launch
[0.527s] -- Up-to-date: /home/a/ws_nhk/install/moveit_ros_benchmarks/share/ament_index/resource_index/package_run_dependencies/moveit_ros_benchmarks
[0.527s] -- Up-to-date: /home/a/ws_nhk/install/moveit_ros_benchmarks/share/ament_index/resource_index/parent_prefix_path/moveit_ros_benchmarks
[0.527s] -- Up-to-date: /home/a/ws_nhk/install/moveit_ros_benchmarks/share/moveit_ros_benchmarks/environment/ament_prefix_path.sh
[0.527s] -- Up-to-date: /home/a/ws_nhk/install/moveit_ros_benchmarks/share/moveit_ros_benchmarks/environment/ament_prefix_path.dsv
[0.527s] -- Up-to-date: /home/a/ws_nhk/install/moveit_ros_benchmarks/share/moveit_ros_benchmarks/environment/path.sh
[0.527s] -- Up-to-date: /home/a/ws_nhk/install/moveit_ros_benchmarks/share/moveit_ros_benchmarks/environment/path.dsv
[0.527s] -- Up-to-date: /home/a/ws_nhk/install/moveit_ros_benchmarks/share/moveit_ros_benchmarks/local_setup.bash
[0.528s] -- Up-to-date: /home/a/ws_nhk/install/moveit_ros_benchmarks/share/moveit_ros_benchmarks/local_setup.sh
[0.528s] -- Up-to-date: /home/a/ws_nhk/install/moveit_ros_benchmarks/share/moveit_ros_benchmarks/local_setup.zsh
[0.528s] -- Up-to-date: /home/a/ws_nhk/install/moveit_ros_benchmarks/share/moveit_ros_benchmarks/local_setup.dsv
[0.528s] -- Installing: /home/a/ws_nhk/install/moveit_ros_benchmarks/share/moveit_ros_benchmarks/package.dsv
[0.528s] -- Up-to-date: /home/a/ws_nhk/install/moveit_ros_benchmarks/share/ament_index/resource_index/packages/moveit_ros_benchmarks
[0.528s] -- Up-to-date: /home/a/ws_nhk/install/moveit_ros_benchmarks/share/moveit_ros_benchmarks/cmake/export_moveit_ros_benchmarksExport.cmake
[0.528s] -- Up-to-date: /home/a/ws_nhk/install/moveit_ros_benchmarks/share/moveit_ros_benchmarks/cmake/export_moveit_ros_benchmarksExport-release.cmake
[0.528s] -- Up-to-date: /home/a/ws_nhk/install/moveit_ros_benchmarks/share/moveit_ros_benchmarks/cmake/ConfigExtras.cmake
[0.529s] -- Up-to-date: /home/a/ws_nhk/install/moveit_ros_benchmarks/share/moveit_ros_benchmarks/cmake/ament_cmake_export_targets-extras.cmake
[0.529s] -- Up-to-date: /home/a/ws_nhk/install/moveit_ros_benchmarks/share/moveit_ros_benchmarks/cmake/ament_cmake_export_dependencies-extras.cmake
[0.529s] -- Up-to-date: /home/a/ws_nhk/install/moveit_ros_benchmarks/share/moveit_ros_benchmarks/cmake/moveit_ros_benchmarksConfig.cmake
[0.529s] -- Up-to-date: /home/a/ws_nhk/install/moveit_ros_benchmarks/share/moveit_ros_benchmarks/cmake/moveit_ros_benchmarksConfig-version.cmake
[0.529s] -- Up-to-date: /home/a/ws_nhk/install/moveit_ros_benchmarks/share/moveit_ros_benchmarks/package.xml
[0.532s] Invoked command in '/home/a/ws_nhk/build/moveit_ros_benchmarks' returned '0': AMENT_PREFIX_PATH=/home/a/ws_nhk/install/moveit_ros_warehouse:/home/a/ws_nhk/install/moveit_ros_planning:/home/a/ws_nhk/install/moveit_ros_occupancy_map_monitor:/home/a/ws_nhk/install/moveit_core:/home/a/ws_nhk/install/moveit_resources_panda_moveit_config:/home/a/ws_nhk/install/moveit_configs_utils:/home/a/ws_nhk/install/srdfdom:/home/a/ws_nhk/install/moveit_resources_pr2_description:/home/a/ws_nhk/install/moveit_resources_panda_description:/home/a/ws_nhk/install/moveit_common:/home/a/ws_nhk/install/launch_param_builder:${AMENT_PREFIX_PATH} CMAKE_PREFIX_PATH=/home/a/ws_nhk/install/moveit_ros_warehouse:/home/a/ws_nhk/install/moveit_ros_planning:/home/a/ws_nhk/install/moveit_ros_occupancy_map_monitor:/home/a/ws_nhk/install/moveit_core:/home/a/ws_nhk/install/moveit_resources_panda_moveit_config:/home/a/ws_nhk/install/srdfdom:/home/a/ws_nhk/install/moveit_resources_pr2_description:/home/a/ws_nhk/install/moveit_resources_panda_description:/home/a/ws_nhk/install/moveit_common:/home/a/install/field_description_test:/opt/ros/humble LD_LIBRARY_PATH=/home/a/ws_nhk/install/moveit_ros_warehouse/lib:/home/a/ws_nhk/install/moveit_ros_planning/lib:/home/a/ws_nhk/install/moveit_ros_occupancy_map_monitor/lib:/home/a/ws_nhk/install/moveit_core/lib:/home/a/ws_nhk/install/srdfdom/lib:${LD_LIBRARY_PATH} PATH=/home/a/ws_nhk/install/moveit_core/bin:${PATH} PYTHONPATH=/home/a/ws_nhk/install/moveit_configs_utils/lib/python3.10/site-packages:/home/a/ws_nhk/install/srdfdom/local/lib/python3.10/dist-packages:/home/a/ws_nhk/install/launch_param_builder/lib/python3.10/site-packages:${PYTHONPATH} /usr/bin/cmake --install /home/a/ws_nhk/build/moveit_ros_benchmarks
