/home/a/ws_nhk/install/rogidrive/lib/python3.10/site-packages/rogidrive/rogidrive_tester.py
/home/a/ws_nhk/install/rogidrive/lib/python3.10/site-packages/rogidrive/__init__.py
/home/a/ws_nhk/install/rogidrive/lib/python3.10/site-packages/rogidrive/rogidrive.py
/home/a/ws_nhk/install/rogidrive/lib/python3.10/site-packages/rogidrive/__pycache__/rogidrive_tester.cpython-310.pyc
/home/a/ws_nhk/install/rogidrive/lib/python3.10/site-packages/rogidrive/__pycache__/__init__.cpython-310.pyc
/home/a/ws_nhk/install/rogidrive/lib/python3.10/site-packages/rogidrive/__pycache__/rogidrive.cpython-310.pyc
/home/a/ws_nhk/install/rogidrive/share/ament_index/resource_index/packages/rogidrive
/home/a/ws_nhk/install/rogidrive/share/rogidrive/package.xml
/home/a/ws_nhk/install/rogidrive/share/rogidrive/launch/rogidrive.launch.py
/home/a/ws_nhk/install/rogidrive/share/rogidrive/config/test.json
/home/a/ws_nhk/install/rogidrive/share/rogidrive/config/r1.json
/home/a/ws_nhk/install/rogidrive/share/rogidrive/config/r2.json
/home/a/ws_nhk/install/rogidrive/lib/python3.10/site-packages/rogidrive-0.0.0-py3.10.egg-info/top_level.txt
/home/a/ws_nhk/install/rogidrive/lib/python3.10/site-packages/rogidrive-0.0.0-py3.10.egg-info/SOURCES.txt
/home/a/ws_nhk/install/rogidrive/lib/python3.10/site-packages/rogidrive-0.0.0-py3.10.egg-info/zip-safe
/home/a/ws_nhk/install/rogidrive/lib/python3.10/site-packages/rogidrive-0.0.0-py3.10.egg-info/PKG-INFO
/home/a/ws_nhk/install/rogidrive/lib/python3.10/site-packages/rogidrive-0.0.0-py3.10.egg-info/dependency_links.txt
/home/a/ws_nhk/install/rogidrive/lib/python3.10/site-packages/rogidrive-0.0.0-py3.10.egg-info/entry_points.txt
/home/a/ws_nhk/install/rogidrive/lib/python3.10/site-packages/rogidrive-0.0.0-py3.10.egg-info/requires.txt
/home/a/ws_nhk/install/rogidrive/lib/rogidrive/rogidrive
/home/a/ws_nhk/install/rogidrive/lib/rogidrive/rogidrive_tester
