[0.440s] Invoking command in '/home/a/ws_nhk/build/nhk_bt': CMAKE_PREFIX_PATH=${CMAKE_PREFIX_PATH}:/home/a/ws_nhk/install/moveit_configs_utils:/home/a/ws_nhk/install/launch_param_builder:/home/a/ws_nhk/install/dynamixel_controller_gui:/home/a/ws_nhk/install/dynamixel_controller_client:/opt/ros/humble /usr/bin/cmake --build /home/a/ws_nhk/build/nhk_bt -- -j22 -l22
[0.515s] [ 50%] [32mBuilding CXX object CMakeFiles/remote_control_bt_node.dir/src/remote_control_bt_node.cpp.o[0m
[19.257s] [100%] [32m[1mLinking CXX executable remote_control_bt_node[0m
[19.609s] [100%] Built target remote_control_bt_node
[19.625s] Invoked command in '/home/a/ws_nhk/build/nhk_bt' returned '0': CMAKE_PREFIX_PATH=${CMAKE_PREFIX_PATH}:/home/a/ws_nhk/install/moveit_configs_utils:/home/a/ws_nhk/install/launch_param_builder:/home/a/ws_nhk/install/dynamixel_controller_gui:/home/a/ws_nhk/install/dynamixel_controller_client:/opt/ros/humble /usr/bin/cmake --build /home/a/ws_nhk/build/nhk_bt -- -j22 -l22
[19.626s] Invoking command in '/home/a/ws_nhk/build/nhk_bt': CMAKE_PREFIX_PATH=${CMAKE_PREFIX_PATH}:/home/a/ws_nhk/install/moveit_configs_utils:/home/a/ws_nhk/install/launch_param_builder:/home/a/ws_nhk/install/dynamixel_controller_gui:/home/a/ws_nhk/install/dynamixel_controller_client:/opt/ros/humble /usr/bin/cmake --install /home/a/ws_nhk/build/nhk_bt
[19.637s] -- Install configuration: ""
[19.637s] -- Installing: /home/a/ws_nhk/install/nhk_bt/lib/nhk_bt/remote_control_bt_node
[19.639s] -- Set runtime path of "/home/a/ws_nhk/install/nhk_bt/lib/nhk_bt/remote_control_bt_node" to ""
[19.639s] -- Up-to-date: /home/a/ws_nhk/install/nhk_bt/share/nhk_bt/config
[19.640s] -- Up-to-date: /home/a/ws_nhk/install/nhk_bt/share/nhk_bt/config/remote_control_sequence.xml
[19.640s] -- Up-to-date: /home/a/ws_nhk/install/nhk_bt/share/nhk_bt/launch
[19.640s] -- Up-to-date: /home/a/ws_nhk/install/nhk_bt/share/nhk_bt/launch/remote_control_bt.launch.py
[19.640s] -- Up-to-date: /home/a/ws_nhk/install/nhk_bt/include
[19.640s] -- Up-to-date: /home/a/ws_nhk/install/nhk_bt/include/nhk_bt
[19.640s] -- Up-to-date: /home/a/ws_nhk/install/nhk_bt/include/nhk_bt/remote_control_nodes.hpp
[19.640s] -- Up-to-date: /home/a/ws_nhk/install/nhk_bt/share/ament_index/resource_index/package_run_dependencies/nhk_bt
[19.640s] -- Up-to-date: /home/a/ws_nhk/install/nhk_bt/share/ament_index/resource_index/parent_prefix_path/nhk_bt
[19.640s] -- Up-to-date: /home/a/ws_nhk/install/nhk_bt/share/nhk_bt/environment/ament_prefix_path.sh
[19.640s] -- Up-to-date: /home/a/ws_nhk/install/nhk_bt/share/nhk_bt/environment/ament_prefix_path.dsv
[19.640s] -- Up-to-date: /home/a/ws_nhk/install/nhk_bt/share/nhk_bt/environment/path.sh
[19.640s] -- Up-to-date: /home/a/ws_nhk/install/nhk_bt/share/nhk_bt/environment/path.dsv
[19.640s] -- Up-to-date: /home/a/ws_nhk/install/nhk_bt/share/nhk_bt/local_setup.bash
[19.640s] -- Up-to-date: /home/a/ws_nhk/install/nhk_bt/share/nhk_bt/local_setup.sh
[19.640s] -- Up-to-date: /home/a/ws_nhk/install/nhk_bt/share/nhk_bt/local_setup.zsh
[19.640s] -- Up-to-date: /home/a/ws_nhk/install/nhk_bt/share/nhk_bt/local_setup.dsv
[19.641s] -- Installing: /home/a/ws_nhk/install/nhk_bt/share/nhk_bt/package.dsv
[19.641s] -- Up-to-date: /home/a/ws_nhk/install/nhk_bt/share/ament_index/resource_index/packages/nhk_bt
[19.641s] -- Up-to-date: /home/a/ws_nhk/install/nhk_bt/share/nhk_bt/cmake/nhk_btConfig.cmake
[19.641s] -- Up-to-date: /home/a/ws_nhk/install/nhk_bt/share/nhk_bt/cmake/nhk_btConfig-version.cmake
[19.641s] -- Up-to-date: /home/a/ws_nhk/install/nhk_bt/share/nhk_bt/package.xml
[19.642s] Invoked command in '/home/a/ws_nhk/build/nhk_bt' returned '0': CMAKE_PREFIX_PATH=${CMAKE_PREFIX_PATH}:/home/a/ws_nhk/install/moveit_configs_utils:/home/a/ws_nhk/install/launch_param_builder:/home/a/ws_nhk/install/dynamixel_controller_gui:/home/a/ws_nhk/install/dynamixel_controller_client:/opt/ros/humble /usr/bin/cmake --install /home/a/ws_nhk/build/nhk_bt
