[0.039s] Invoking command in '/home/a/ws_nhk/build/srdfdom': CMAKE_PREFIX_PATH=${CMAKE_PREFIX_PATH}:/opt/ros/humble /usr/bin/cmake --build /home/a/ws_nhk/build/srdfdom -- -j22 -l22
[0.636s] -- Found ament_cmake: 1.3.12 (/opt/ros/humble/share/ament_cmake/cmake)
[0.636s] -- Found urdf: 2.6.1 (/opt/ros/humble/share/urdf/cmake)
[0.636s] -- Found TinyXML2 via Config file: TinyXML2_DIR-NOTFOUND
[0.636s] -- Found ament_cmake_gtest: 1.3.12 (/opt/ros/humble/share/ament_cmake_gtest/cmake)
[0.636s] -- Found ament_cmake_pytest: 1.3.12 (/opt/ros/humble/share/ament_cmake_pytest/cmake)
[0.636s] -- Found gtest sources under '/opt/ros/humble/src/gtest_vendor': C++ tests using 'Google Test' will be built
[0.637s] -- Found ament_lint_auto: 0.12.14 (/opt/ros/humble/share/ament_lint_auto/cmake)
[0.637s] -- Configuring done
[0.637s] -- Generating done
[0.637s] -- Build files have been written to: /home/a/ws_nhk/build/srdfdom
[0.637s] [35m[1mConsolidate compiler generated dependencies of target gtest_main[0m
[0.637s] [35m[1mConsolidate compiler generated dependencies of target srdfdom[0m
[0.637s] [35m[1mConsolidate compiler generated dependencies of target gtest[0m
[0.637s] [ 18%] Built target gtest_main
[0.637s] [ 36%] Built target gtest
[0.637s] [ 45%] [32mBuilding CXX object CMakeFiles/srdfdom.dir/src/model.cpp.o[0m
[0.637s] [ 54%] [32mBuilding CXX object CMakeFiles/srdfdom.dir/src/srdf_writer.cpp.o[0m
[0.637s] [ 54%] Built target ament_cmake_python_copy_srdfdom
[0.838s] running egg_info
[0.839s] writing srdfdom.egg-info/PKG-INFO
[0.839s] writing dependency_links to srdfdom.egg-info/dependency_links.txt
[0.839s] writing top-level names to srdfdom.egg-info/top_level.txt
[0.843s] reading manifest file 'srdfdom.egg-info/SOURCES.txt'
[0.843s] writing manifest file 'srdfdom.egg-info/SOURCES.txt'
[0.891s] [ 54%] Built target ament_cmake_python_build_srdfdom_egg
[18.325s] [ 63%] [32m[1mLinking CXX shared library libsrdfdom.so[0m
[19.123s] [ 63%] Built target srdfdom
[19.213s] [35m[1mConsolidate compiler generated dependencies of target test_cpp_nl_NL.UTF-8[0m
[19.238s] [35m[1mConsolidate compiler generated dependencies of target test_cpp_C[0m
[19.365s] [ 72%] [32mBuilding CXX object CMakeFiles/test_cpp_nl_NL.UTF-8.dir/test/test_parser.cpp.o[0m
[19.396s] [ 81%] [32mBuilding CXX object CMakeFiles/test_cpp_C.dir/test/test_parser.cpp.o[0m
[51.671s] [ 90%] [32m[1mLinking CXX executable test_cpp_C[0m
[51.706s] [100%] [32m[1mLinking CXX executable test_cpp_nl_NL.UTF-8[0m
[52.456s] [100%] Built target test_cpp_nl_NL.UTF-8
[52.459s] [100%] Built target test_cpp_C
[52.538s] Invoked command in '/home/a/ws_nhk/build/srdfdom' returned '0': CMAKE_PREFIX_PATH=${CMAKE_PREFIX_PATH}:/opt/ros/humble /usr/bin/cmake --build /home/a/ws_nhk/build/srdfdom -- -j22 -l22
[52.554s] Invoking command in '/home/a/ws_nhk/build/srdfdom': CMAKE_PREFIX_PATH=${CMAKE_PREFIX_PATH}:/opt/ros/humble /usr/bin/cmake --install /home/a/ws_nhk/build/srdfdom
[52.603s] -- Install configuration: "Release"
[52.606s] -- Installing: /home/a/ws_nhk/install/srdfdom/lib/libsrdfdom.so.2.0.8
[52.612s] -- Set runtime path of "/home/a/ws_nhk/install/srdfdom/lib/libsrdfdom.so.2.0.8" to ""
[52.613s] -- Up-to-date: /home/a/ws_nhk/install/srdfdom/lib/libsrdfdom.so
[52.614s] -- Up-to-date: /home/a/ws_nhk/install/srdfdom/include/srdfdom
[52.615s] -- Up-to-date: /home/a/ws_nhk/install/srdfdom/include/srdfdom/srdfdom
[52.619s] -- Up-to-date: /home/a/ws_nhk/install/srdfdom/include/srdfdom/srdfdom/srdf_writer.h
[52.620s] -- Up-to-date: /home/a/ws_nhk/install/srdfdom/include/srdfdom/srdfdom/model.h
[52.621s] -- Up-to-date: /home/a/ws_nhk/install/srdfdom/include/srdfdom/srdfdom/visibility_control.h
[52.622s] -- Up-to-date: /home/a/ws_nhk/install/srdfdom/lib/srdfdom/display_srdf
[52.623s] -- Up-to-date: /home/a/ws_nhk/install/srdfdom/share/srdfdom/environment/pythonpath.sh
[52.623s] -- Installing: /home/a/ws_nhk/install/srdfdom/share/srdfdom/environment/pythonpath.dsv
[52.624s] -- Up-to-date: /home/a/ws_nhk/install/srdfdom/local/lib/python3.10/dist-packages/srdfdom-2.0.8-py3.10.egg-info
[52.625s] -- Installing: /home/a/ws_nhk/install/srdfdom/local/lib/python3.10/dist-packages/srdfdom-2.0.8-py3.10.egg-info/top_level.txt
[52.625s] -- Installing: /home/a/ws_nhk/install/srdfdom/local/lib/python3.10/dist-packages/srdfdom-2.0.8-py3.10.egg-info/SOURCES.txt
[52.626s] -- Installing: /home/a/ws_nhk/install/srdfdom/local/lib/python3.10/dist-packages/srdfdom-2.0.8-py3.10.egg-info/PKG-INFO
[52.626s] -- Installing: /home/a/ws_nhk/install/srdfdom/local/lib/python3.10/dist-packages/srdfdom-2.0.8-py3.10.egg-info/dependency_links.txt
[52.627s] -- Up-to-date: /home/a/ws_nhk/install/srdfdom/local/lib/python3.10/dist-packages/srdfdom
[52.627s] -- Up-to-date: /home/a/ws_nhk/install/srdfdom/local/lib/python3.10/dist-packages/srdfdom/srdf.py
[52.628s] -- Up-to-date: /home/a/ws_nhk/install/srdfdom/local/lib/python3.10/dist-packages/srdfdom/__init__.py
[52.909s] Listing '/home/a/ws_nhk/install/srdfdom/local/lib/python3.10/dist-packages/srdfdom'...
[52.948s] -- Up-to-date: /home/a/ws_nhk/install/srdfdom/share/srdfdom/environment/library_path.sh
[52.949s] -- Installing: /home/a/ws_nhk/install/srdfdom/share/srdfdom/environment/library_path.dsv
[52.950s] -- Up-to-date: /home/a/ws_nhk/install/srdfdom/share/ament_index/resource_index/package_run_dependencies/srdfdom
[52.951s] -- Installing: /home/a/ws_nhk/install/srdfdom/share/ament_index/resource_index/parent_prefix_path/srdfdom
[52.953s] -- Up-to-date: /home/a/ws_nhk/install/srdfdom/share/srdfdom/environment/ament_prefix_path.sh
[52.953s] -- Installing: /home/a/ws_nhk/install/srdfdom/share/srdfdom/environment/ament_prefix_path.dsv
[52.955s] -- Up-to-date: /home/a/ws_nhk/install/srdfdom/share/srdfdom/environment/path.sh
[52.955s] -- Installing: /home/a/ws_nhk/install/srdfdom/share/srdfdom/environment/path.dsv
[52.956s] -- Up-to-date: /home/a/ws_nhk/install/srdfdom/share/srdfdom/local_setup.bash
[52.957s] -- Up-to-date: /home/a/ws_nhk/install/srdfdom/share/srdfdom/local_setup.sh
[52.958s] -- Up-to-date: /home/a/ws_nhk/install/srdfdom/share/srdfdom/local_setup.zsh
[52.959s] -- Installing: /home/a/ws_nhk/install/srdfdom/share/srdfdom/local_setup.dsv
[52.959s] -- Installing: /home/a/ws_nhk/install/srdfdom/share/srdfdom/package.dsv
[52.960s] -- Up-to-date: /home/a/ws_nhk/install/srdfdom/share/ament_index/resource_index/packages/srdfdom
[52.961s] -- Up-to-date: /home/a/ws_nhk/install/srdfdom/share/srdfdom/cmake/srdfdomTargetsExport.cmake
[52.961s] -- Up-to-date: /home/a/ws_nhk/install/srdfdom/share/srdfdom/cmake/srdfdomTargetsExport-release.cmake
[52.962s] -- Up-to-date: /home/a/ws_nhk/install/srdfdom/share/srdfdom/cmake/ament_cmake_export_targets-extras.cmake
[52.963s] -- Up-to-date: /home/a/ws_nhk/install/srdfdom/share/srdfdom/cmake/ament_cmake_export_dependencies-extras.cmake
[52.963s] -- Up-to-date: /home/a/ws_nhk/install/srdfdom/share/srdfdom/cmake/srdfdomConfig.cmake
[52.964s] -- Up-to-date: /home/a/ws_nhk/install/srdfdom/share/srdfdom/cmake/srdfdomConfig-version.cmake
[52.964s] -- Up-to-date: /home/a/ws_nhk/install/srdfdom/share/srdfdom/package.xml
[52.979s] Invoked command in '/home/a/ws_nhk/build/srdfdom' returned '0': CMAKE_PREFIX_PATH=${CMAKE_PREFIX_PATH}:/opt/ros/humble /usr/bin/cmake --install /home/a/ws_nhk/build/srdfdom
