[0.035s] Invoking command in '/home/a/ws_nhk/build/moveit_kinematics': AMENT_PREFIX_PATH=/home/a/ws_nhk/install/trac_ik:/home/a/ws_nhk/install/moveit_ros_planning:/home/a/ws_nhk/install/trac_ik_kinematics_plugin:/home/a/ws_nhk/install/moveit_ros_occupancy_map_monitor:/home/a/ws_nhk/install/moveit_core:/home/a/ws_nhk/install/moveit_resources_panda_moveit_config:/home/a/ws_nhk/install/moveit_resources_fanuc_moveit_config:/home/a/ws_nhk/install/moveit_configs_utils:/home/a/ws_nhk/install/trac_ik_lib:/home/a/ws_nhk/install/srdfdom:/home/a/ws_nhk/install/moveit_resources_pr2_description:/home/a/ws_nhk/install/moveit_resources_panda_description:/home/a/ws_nhk/install/moveit_resources_fanuc_description:/home/a/ws_nhk/install/moveit_common:/home/a/ws_nhk/install/launch_param_builder:${AMENT_PREFIX_PATH} CMAKE_PREFIX_PATH=/home/a/ws_nhk/install/trac_ik:/home/a/ws_nhk/install/moveit_ros_planning:/home/a/ws_nhk/install/trac_ik_kinematics_plugin:/home/a/ws_nhk/install/moveit_ros_occupancy_map_monitor:/home/a/ws_nhk/install/moveit_core:/home/a/ws_nhk/install/moveit_resources_panda_moveit_config:/home/a/ws_nhk/install/moveit_resources_fanuc_moveit_config:/home/a/ws_nhk/install/trac_ik_lib:/home/a/ws_nhk/install/srdfdom:/home/a/ws_nhk/install/moveit_resources_pr2_description:/home/a/ws_nhk/install/moveit_resources_panda_description:/home/a/ws_nhk/install/moveit_resources_fanuc_description:/home/a/ws_nhk/install/moveit_common:/home/a/install/field_description_test:/opt/ros/humble LD_LIBRARY_PATH=/home/a/ws_nhk/install/moveit_ros_planning/lib:/home/a/ws_nhk/install/trac_ik_kinematics_plugin/lib:/home/a/ws_nhk/install/moveit_ros_occupancy_map_monitor/lib:/home/a/ws_nhk/install/moveit_core/lib:/home/a/ws_nhk/install/trac_ik_lib/lib:/home/a/ws_nhk/install/srdfdom/lib:${LD_LIBRARY_PATH} PATH=/home/a/ws_nhk/install/moveit_core/bin:${PATH} PYTHONPATH=/home/a/ws_nhk/install/moveit_configs_utils/lib/python3.10/site-packages:/home/a/ws_nhk/install/srdfdom/local/lib/python3.10/dist-packages:/home/a/ws_nhk/install/launch_param_builder/lib/python3.10/site-packages:${PYTHONPATH} /usr/bin/cmake /home/a/ws_nhk/src/moveit2/moveit_kinematics -DCMAKE_BUILD_TYPE=Release -DCMAKE_INSTALL_PREFIX=/home/a/ws_nhk/install/moveit_kinematics
[0.048s] -- Found moveit_common: 2.5.9 (/home/a/ws_nhk/install/moveit_common/share/moveit_common/cmake)
[0.048s] -- Found ament_cmake: 1.3.12 (/opt/ros/humble/share/ament_cmake/cmake)
[0.157s] -- Override CMake install command with custom implementation using symlinks instead of copying resources
[0.231s] -- Found tf2_kdl: 0.25.17 (/opt/ros/humble/share/tf2_kdl/cmake)
[0.254s] -- Found rosidl_generator_c: 3.1.7 (/opt/ros/humble/share/rosidl_generator_c/cmake)
[0.256s] -- Found rosidl_adapter: 3.1.7 (/opt/ros/humble/share/rosidl_adapter/cmake)
[0.261s] -- Found rosidl_generator_cpp: 3.1.7 (/opt/ros/humble/share/rosidl_generator_cpp/cmake)
[0.270s] -- Using all available rosidl_typesupport_c: rosidl_typesupport_fastrtps_c;rosidl_typesupport_introspection_c
[0.281s] -- Using all available rosidl_typesupport_cpp: rosidl_typesupport_fastrtps_cpp;rosidl_typesupport_introspection_cpp
[0.315s] -- Found eigen3_cmake_module: 0.1.1 (/opt/ros/humble/share/eigen3_cmake_module/cmake)
[0.316s] -- Ensuring Eigen3 include directory is part of orocos-kdl CMake target
[0.360s] -- Found rmw_implementation_cmake: 6.1.2 (/opt/ros/humble/share/rmw_implementation_cmake/cmake)
[0.362s] -- Found rmw_fastrtps_cpp: 6.2.9 (/opt/ros/humble/share/rmw_fastrtps_cpp/cmake)
[0.466s] -- Using RMW implementation 'rmw_fastrtps_cpp' as default
[0.545s] -- Found kdl_parser: 2.6.4 (/opt/ros/humble/share/kdl_parser/cmake)
[0.547s] -- Found random_numbers: 2.0.1 (/opt/ros/humble/share/random_numbers/cmake)
[0.551s] -- Found pluginlib: 5.1.2 (/opt/ros/humble/share/pluginlib/cmake)
[0.563s] -- Found moveit_core: 2.5.9 (/home/a/ws_nhk/install/moveit_core/share/moveit_core/cmake)
[0.575s] -- Found Boost: /usr/lib/x86_64-linux-gnu/cmake/Boost-1.74.0/BoostConfig.cmake (found version "1.74.0") found components: chrono date_time filesystem iostreams program_options regex serialization system thread 
[0.595s] -- Found parameter_traits: 0.5.0 (/opt/ros/humble/share/parameter_traits/cmake)
[0.600s] -- Found rclcpp_lifecycle: 16.0.16 (/opt/ros/humble/share/rclcpp_lifecycle/cmake)
[0.617s] -- Found Boost: /usr/lib/x86_64-linux-gnu/cmake/Boost-1.74.0/BoostConfig.cmake (found version "1.74.0") found components: filesystem 
[0.647s] -- library: /usr/lib/x86_64-linux-gnu/libcurl.so
[0.777s] -- Found moveit_ros_planning: 2.5.9 (/home/a/ws_nhk/install/moveit_ros_planning/share/moveit_ros_planning/cmake)
[0.781s] -- Found Boost: /usr/lib/x86_64-linux-gnu/cmake/Boost-1.74.0/BoostConfig.cmake (found version "1.74.0") found components: system filesystem date_time program_options thread chrono 
[0.799s] -- Found trac_ik: 2.2.0 (/home/a/ws_nhk/install/trac_ik/share/trac_ik/cmake)
[0.799s] -- Found trac_ik_lib: 2.2.0 (/home/a/ws_nhk/install/trac_ik_lib/share/trac_ik_lib/cmake)
[0.802s] -- Found trac_ik_kinematics_plugin: 2.2.0 (/home/a/ws_nhk/install/trac_ik_kinematics_plugin/share/trac_ik_kinematics_plugin/cmake)
[0.812s] -- Found Boost: /usr/lib/x86_64-linux-gnu/cmake/Boost-1.74.0/BoostConfig.cmake (found version "1.74.0") found components: program_options system 
[0.846s] -- Found ament_cmake_gtest: 1.3.12 (/opt/ros/humble/share/ament_cmake_gtest/cmake)
[0.846s] -- Found ros_testing: 0.4.0 (/opt/ros/humble/share/ros_testing/cmake)
[0.847s] -- Found launch_testing_ament_cmake: 1.0.13 (/opt/ros/humble/share/launch_testing_ament_cmake/cmake)
[0.847s] -- Found python_cmake_module: 0.10.0 (/opt/ros/humble/share/python_cmake_module/cmake)
[0.867s] -- Using PYTHON_EXECUTABLE: /usr/bin/python3
[0.867s] -- Using PYTHON_INCLUDE_DIRS: /usr/include/python3.10
[0.867s] -- Using PYTHON_LIBRARIES: /usr/lib/x86_64-linux-gnu/libpython3.10.so
[0.869s] -- Found moveit_resources_fanuc_description: 2.0.7 (/home/a/ws_nhk/install/moveit_resources_fanuc_description/share/moveit_resources_fanuc_description/cmake)
[0.869s] -- Found moveit_resources_fanuc_moveit_config: 2.0.7 (/home/a/ws_nhk/install/moveit_resources_fanuc_moveit_config/share/moveit_resources_fanuc_moveit_config/cmake)
[0.869s] -- Found moveit_resources_panda_description: 2.0.7 (/home/a/ws_nhk/install/moveit_resources_panda_description/share/moveit_resources_panda_description/cmake)
[0.870s] -- Found moveit_resources_panda_moveit_config: 2.0.7 (/home/a/ws_nhk/install/moveit_resources_panda_moveit_config/share/moveit_resources_panda_moveit_config/cmake)
[0.870s] -- Found gtest sources under '/opt/ros/humble/src/gtest_vendor': C++ tests using 'Google Test' will be built
[0.881s] -- Found ament_lint_auto: 0.12.14 (/opt/ros/humble/share/ament_lint_auto/cmake)
[0.884s] -- Found launch_testing_ament_cmake: 1.0.13 (/opt/ros/humble/share/launch_testing_ament_cmake/cmake)
[0.884s] -- Found python_cmake_module: 0.10.0 (/opt/ros/humble/share/python_cmake_module/cmake)
[0.902s] -- Using PYTHON_EXECUTABLE: /usr/bin/python3
[0.902s] -- Using PYTHON_INCLUDE_DIRS: /usr/include/python3.10
[0.902s] -- Using PYTHON_LIBRARIES: /usr/lib/x86_64-linux-gnu/libpython3.10.so
[0.925s] -- Added test 'cppcheck' to perform static code analysis on C / C++ code
[0.926s] -- Configured cppcheck include dirs: /home/a/ws_nhk/src/moveit2/moveit_kinematics/kdl_kinematics_plugin/include;/home/a/ws_nhk/src/moveit2/moveit_kinematics/lma_kinematics_plugin/include;/home/a/ws_nhk/src/moveit2/moveit_kinematics/srv_kinematics_plugin/include;/home/a/ws_nhk/src/moveit2/moveit_kinematics/cached_ik_kinematics_plugin/include
[0.926s] -- Configured cppcheck exclude dirs and/or files: 
[0.926s] -- Added test 'lint_cmake' to check CMake code style
[0.928s] -- Configuring done
[1.022s] -- Generating done
[1.045s] -- Build files have been written to: /home/a/ws_nhk/build/moveit_kinematics
[1.056s] Invoked command in '/home/a/ws_nhk/build/moveit_kinematics' returned '0': AMENT_PREFIX_PATH=/home/a/ws_nhk/install/trac_ik:/home/a/ws_nhk/install/moveit_ros_planning:/home/a/ws_nhk/install/trac_ik_kinematics_plugin:/home/a/ws_nhk/install/moveit_ros_occupancy_map_monitor:/home/a/ws_nhk/install/moveit_core:/home/a/ws_nhk/install/moveit_resources_panda_moveit_config:/home/a/ws_nhk/install/moveit_resources_fanuc_moveit_config:/home/a/ws_nhk/install/moveit_configs_utils:/home/a/ws_nhk/install/trac_ik_lib:/home/a/ws_nhk/install/srdfdom:/home/a/ws_nhk/install/moveit_resources_pr2_description:/home/a/ws_nhk/install/moveit_resources_panda_description:/home/a/ws_nhk/install/moveit_resources_fanuc_description:/home/a/ws_nhk/install/moveit_common:/home/a/ws_nhk/install/launch_param_builder:${AMENT_PREFIX_PATH} CMAKE_PREFIX_PATH=/home/a/ws_nhk/install/trac_ik:/home/a/ws_nhk/install/moveit_ros_planning:/home/a/ws_nhk/install/trac_ik_kinematics_plugin:/home/a/ws_nhk/install/moveit_ros_occupancy_map_monitor:/home/a/ws_nhk/install/moveit_core:/home/a/ws_nhk/install/moveit_resources_panda_moveit_config:/home/a/ws_nhk/install/moveit_resources_fanuc_moveit_config:/home/a/ws_nhk/install/trac_ik_lib:/home/a/ws_nhk/install/srdfdom:/home/a/ws_nhk/install/moveit_resources_pr2_description:/home/a/ws_nhk/install/moveit_resources_panda_description:/home/a/ws_nhk/install/moveit_resources_fanuc_description:/home/a/ws_nhk/install/moveit_common:/home/a/install/field_description_test:/opt/ros/humble LD_LIBRARY_PATH=/home/a/ws_nhk/install/moveit_ros_planning/lib:/home/a/ws_nhk/install/trac_ik_kinematics_plugin/lib:/home/a/ws_nhk/install/moveit_ros_occupancy_map_monitor/lib:/home/a/ws_nhk/install/moveit_core/lib:/home/a/ws_nhk/install/trac_ik_lib/lib:/home/a/ws_nhk/install/srdfdom/lib:${LD_LIBRARY_PATH} PATH=/home/a/ws_nhk/install/moveit_core/bin:${PATH} PYTHONPATH=/home/a/ws_nhk/install/moveit_configs_utils/lib/python3.10/site-packages:/home/a/ws_nhk/install/srdfdom/local/lib/python3.10/dist-packages:/home/a/ws_nhk/install/launch_param_builder/lib/python3.10/site-packages:${PYTHONPATH} /usr/bin/cmake /home/a/ws_nhk/src/moveit2/moveit_kinematics -DCMAKE_BUILD_TYPE=Release -DCMAKE_INSTALL_PREFIX=/home/a/ws_nhk/install/moveit_kinematics
[1.058s] Invoking command in '/home/a/ws_nhk/build/moveit_kinematics': AMENT_PREFIX_PATH=/home/a/ws_nhk/install/trac_ik:/home/a/ws_nhk/install/moveit_ros_planning:/home/a/ws_nhk/install/trac_ik_kinematics_plugin:/home/a/ws_nhk/install/moveit_ros_occupancy_map_monitor:/home/a/ws_nhk/install/moveit_core:/home/a/ws_nhk/install/moveit_resources_panda_moveit_config:/home/a/ws_nhk/install/moveit_resources_fanuc_moveit_config:/home/a/ws_nhk/install/moveit_configs_utils:/home/a/ws_nhk/install/trac_ik_lib:/home/a/ws_nhk/install/srdfdom:/home/a/ws_nhk/install/moveit_resources_pr2_description:/home/a/ws_nhk/install/moveit_resources_panda_description:/home/a/ws_nhk/install/moveit_resources_fanuc_description:/home/a/ws_nhk/install/moveit_common:/home/a/ws_nhk/install/launch_param_builder:${AMENT_PREFIX_PATH} CMAKE_PREFIX_PATH=/home/a/ws_nhk/install/trac_ik:/home/a/ws_nhk/install/moveit_ros_planning:/home/a/ws_nhk/install/trac_ik_kinematics_plugin:/home/a/ws_nhk/install/moveit_ros_occupancy_map_monitor:/home/a/ws_nhk/install/moveit_core:/home/a/ws_nhk/install/moveit_resources_panda_moveit_config:/home/a/ws_nhk/install/moveit_resources_fanuc_moveit_config:/home/a/ws_nhk/install/trac_ik_lib:/home/a/ws_nhk/install/srdfdom:/home/a/ws_nhk/install/moveit_resources_pr2_description:/home/a/ws_nhk/install/moveit_resources_panda_description:/home/a/ws_nhk/install/moveit_resources_fanuc_description:/home/a/ws_nhk/install/moveit_common:/home/a/install/field_description_test:/opt/ros/humble LD_LIBRARY_PATH=/home/a/ws_nhk/install/moveit_ros_planning/lib:/home/a/ws_nhk/install/trac_ik_kinematics_plugin/lib:/home/a/ws_nhk/install/moveit_ros_occupancy_map_monitor/lib:/home/a/ws_nhk/install/moveit_core/lib:/home/a/ws_nhk/install/trac_ik_lib/lib:/home/a/ws_nhk/install/srdfdom/lib:${LD_LIBRARY_PATH} PATH=/home/a/ws_nhk/install/moveit_core/bin:${PATH} PYTHONPATH=/home/a/ws_nhk/install/moveit_configs_utils/lib/python3.10/site-packages:/home/a/ws_nhk/install/srdfdom/local/lib/python3.10/dist-packages:/home/a/ws_nhk/install/launch_param_builder/lib/python3.10/site-packages:${PYTHONPATH} /usr/bin/cmake --build /home/a/ws_nhk/build/moveit_kinematics -- -j22 -l22
[1.098s] [35m[1mConsolidate compiler generated dependencies of target gtest_main[0m
[1.098s] [35m[1mConsolidate compiler generated dependencies of target gtest[0m
[1.098s] [35m[1mConsolidate compiler generated dependencies of target moveit_lma_kinematics_plugin[0m
[1.098s] [35m[1mConsolidate compiler generated dependencies of target moveit_srv_kinematics_plugin[0m
[1.099s] [35m[1mConsolidate compiler generated dependencies of target benchmark_ik[0m
[1.100s] [35m[1mConsolidate compiler generated dependencies of target moveit_cached_ik_kinematics_base[0m
[1.101s] [35m[1mConsolidate compiler generated dependencies of target moveit_kdl_kinematics_plugin[0m
[1.110s] [ 10%] Built target gtest_main
[1.110s] [ 21%] Built target gtest
[1.112s] [ 42%] Built target moveit_lma_kinematics_plugin
[1.113s] [ 42%] Built target moveit_srv_kinematics_plugin
[1.116s] [ 47%] [32m[1mLinking CXX shared library libmoveit_cached_ik_kinematics_base.so[0m
[1.120s] [ 63%] Built target moveit_kdl_kinematics_plugin
[1.122s] [ 73%] Built target benchmark_ik
[1.130s] [35m[1mConsolidate compiler generated dependencies of target test_kinematics_plugin[0m
[1.145s] [ 84%] Built target test_kinematics_plugin
[1.281s] [ 89%] Built target moveit_cached_ik_kinematics_base
[1.295s] [35m[1mConsolidate compiler generated dependencies of target moveit_cached_ik_kinematics_plugin[0m
[1.316s] [ 94%] [32m[1mLinking CXX shared library libmoveit_cached_ik_kinematics_plugin.so[0m
[1.589s] [100%] Built target moveit_cached_ik_kinematics_plugin
[1.600s] Invoked command in '/home/a/ws_nhk/build/moveit_kinematics' returned '0': AMENT_PREFIX_PATH=/home/a/ws_nhk/install/trac_ik:/home/a/ws_nhk/install/moveit_ros_planning:/home/a/ws_nhk/install/trac_ik_kinematics_plugin:/home/a/ws_nhk/install/moveit_ros_occupancy_map_monitor:/home/a/ws_nhk/install/moveit_core:/home/a/ws_nhk/install/moveit_resources_panda_moveit_config:/home/a/ws_nhk/install/moveit_resources_fanuc_moveit_config:/home/a/ws_nhk/install/moveit_configs_utils:/home/a/ws_nhk/install/trac_ik_lib:/home/a/ws_nhk/install/srdfdom:/home/a/ws_nhk/install/moveit_resources_pr2_description:/home/a/ws_nhk/install/moveit_resources_panda_description:/home/a/ws_nhk/install/moveit_resources_fanuc_description:/home/a/ws_nhk/install/moveit_common:/home/a/ws_nhk/install/launch_param_builder:${AMENT_PREFIX_PATH} CMAKE_PREFIX_PATH=/home/a/ws_nhk/install/trac_ik:/home/a/ws_nhk/install/moveit_ros_planning:/home/a/ws_nhk/install/trac_ik_kinematics_plugin:/home/a/ws_nhk/install/moveit_ros_occupancy_map_monitor:/home/a/ws_nhk/install/moveit_core:/home/a/ws_nhk/install/moveit_resources_panda_moveit_config:/home/a/ws_nhk/install/moveit_resources_fanuc_moveit_config:/home/a/ws_nhk/install/trac_ik_lib:/home/a/ws_nhk/install/srdfdom:/home/a/ws_nhk/install/moveit_resources_pr2_description:/home/a/ws_nhk/install/moveit_resources_panda_description:/home/a/ws_nhk/install/moveit_resources_fanuc_description:/home/a/ws_nhk/install/moveit_common:/home/a/install/field_description_test:/opt/ros/humble LD_LIBRARY_PATH=/home/a/ws_nhk/install/moveit_ros_planning/lib:/home/a/ws_nhk/install/trac_ik_kinematics_plugin/lib:/home/a/ws_nhk/install/moveit_ros_occupancy_map_monitor/lib:/home/a/ws_nhk/install/moveit_core/lib:/home/a/ws_nhk/install/trac_ik_lib/lib:/home/a/ws_nhk/install/srdfdom/lib:${LD_LIBRARY_PATH} PATH=/home/a/ws_nhk/install/moveit_core/bin:${PATH} PYTHONPATH=/home/a/ws_nhk/install/moveit_configs_utils/lib/python3.10/site-packages:/home/a/ws_nhk/install/srdfdom/local/lib/python3.10/dist-packages:/home/a/ws_nhk/install/launch_param_builder/lib/python3.10/site-packages:${PYTHONPATH} /usr/bin/cmake --build /home/a/ws_nhk/build/moveit_kinematics -- -j22 -l22
[1.602s] Invoking command in '/home/a/ws_nhk/build/moveit_kinematics': AMENT_PREFIX_PATH=/home/a/ws_nhk/install/trac_ik:/home/a/ws_nhk/install/moveit_ros_planning:/home/a/ws_nhk/install/trac_ik_kinematics_plugin:/home/a/ws_nhk/install/moveit_ros_occupancy_map_monitor:/home/a/ws_nhk/install/moveit_core:/home/a/ws_nhk/install/moveit_resources_panda_moveit_config:/home/a/ws_nhk/install/moveit_resources_fanuc_moveit_config:/home/a/ws_nhk/install/moveit_configs_utils:/home/a/ws_nhk/install/trac_ik_lib:/home/a/ws_nhk/install/srdfdom:/home/a/ws_nhk/install/moveit_resources_pr2_description:/home/a/ws_nhk/install/moveit_resources_panda_description:/home/a/ws_nhk/install/moveit_resources_fanuc_description:/home/a/ws_nhk/install/moveit_common:/home/a/ws_nhk/install/launch_param_builder:${AMENT_PREFIX_PATH} CMAKE_PREFIX_PATH=/home/a/ws_nhk/install/trac_ik:/home/a/ws_nhk/install/moveit_ros_planning:/home/a/ws_nhk/install/trac_ik_kinematics_plugin:/home/a/ws_nhk/install/moveit_ros_occupancy_map_monitor:/home/a/ws_nhk/install/moveit_core:/home/a/ws_nhk/install/moveit_resources_panda_moveit_config:/home/a/ws_nhk/install/moveit_resources_fanuc_moveit_config:/home/a/ws_nhk/install/trac_ik_lib:/home/a/ws_nhk/install/srdfdom:/home/a/ws_nhk/install/moveit_resources_pr2_description:/home/a/ws_nhk/install/moveit_resources_panda_description:/home/a/ws_nhk/install/moveit_resources_fanuc_description:/home/a/ws_nhk/install/moveit_common:/home/a/install/field_description_test:/opt/ros/humble LD_LIBRARY_PATH=/home/a/ws_nhk/install/moveit_ros_planning/lib:/home/a/ws_nhk/install/trac_ik_kinematics_plugin/lib:/home/a/ws_nhk/install/moveit_ros_occupancy_map_monitor/lib:/home/a/ws_nhk/install/moveit_core/lib:/home/a/ws_nhk/install/trac_ik_lib/lib:/home/a/ws_nhk/install/srdfdom/lib:${LD_LIBRARY_PATH} PATH=/home/a/ws_nhk/install/moveit_core/bin:${PATH} PYTHONPATH=/home/a/ws_nhk/install/moveit_configs_utils/lib/python3.10/site-packages:/home/a/ws_nhk/install/srdfdom/local/lib/python3.10/dist-packages:/home/a/ws_nhk/install/launch_param_builder/lib/python3.10/site-packages:${PYTHONPATH} /usr/bin/cmake --install /home/a/ws_nhk/build/moveit_kinematics
[1.609s] -- Install configuration: "Release"
[1.609s] -- Execute custom install script
[1.610s] -- Up-to-date symlink: /home/a/ws_nhk/install/moveit_kinematics/share/moveit_kinematics//kdl_kinematics_plugin_description.xml
[1.610s] -- Up-to-date symlink: /home/a/ws_nhk/install/moveit_kinematics/share/moveit_kinematics//lma_kinematics_plugin_description.xml
[1.610s] -- Up-to-date symlink: /home/a/ws_nhk/install/moveit_kinematics/share/moveit_kinematics//srv_kinematics_plugin_description.xml
[1.610s] -- Up-to-date symlink: /home/a/ws_nhk/install/moveit_kinematics/share/moveit_kinematics//cached_ik_kinematics_plugin_description.xml
[1.611s] -- Up-to-date symlink: /home/a/ws_nhk/install/moveit_kinematics/include/moveit/cached_ik_kinematics_plugin/cached_ik_kinematics_plugin-inl.h
[1.611s] -- Up-to-date symlink: /home/a/ws_nhk/install/moveit_kinematics/include/moveit/cached_ik_kinematics_plugin/cached_ik_kinematics_plugin.h
[1.611s] -- Up-to-date symlink: /home/a/ws_nhk/install/moveit_kinematics/include/moveit/cached_ik_kinematics_plugin/detail/GreedyKCenters.h
[1.611s] -- Up-to-date symlink: /home/a/ws_nhk/install/moveit_kinematics/include/moveit/cached_ik_kinematics_plugin/detail/NearestNeighbors.h
[1.612s] -- Up-to-date symlink: /home/a/ws_nhk/install/moveit_kinematics/include/moveit/cached_ik_kinematics_plugin/detail/NearestNeighborsGNAT.h
[1.612s] -- Up-to-date symlink: /home/a/ws_nhk/install/moveit_kinematics/share/moveit_kinematics/launch/measure_ik_call_cost.launch
[1.612s] -- Up-to-date symlink: /home/a/ws_nhk/install/moveit_kinematics/lib/moveit_kinematics/auto_create_ikfast_moveit_plugin.sh
[1.612s] -- Up-to-date symlink: /home/a/ws_nhk/install/moveit_kinematics/lib/moveit_kinematics/create_ikfast_moveit_plugin.py
[1.612s] -- Up-to-date symlink: /home/a/ws_nhk/install/moveit_kinematics/lib/moveit_kinematics/round_collada_numbers.py
[1.612s] -- Up-to-date symlink: /home/a/ws_nhk/install/moveit_kinematics/share/moveit_kinematics/ikfast_kinematics_plugin/templates/CMakeLists.txt
[1.612s] -- Up-to-date symlink: /home/a/ws_nhk/install/moveit_kinematics/share/moveit_kinematics/ikfast_kinematics_plugin/templates/ikfast.h
[1.613s] -- Up-to-date symlink: /home/a/ws_nhk/install/moveit_kinematics/share/moveit_kinematics/ikfast_kinematics_plugin/templates/ikfast61_moveit_plugin_template.cpp
[1.613s] -- Up-to-date symlink: /home/a/ws_nhk/install/moveit_kinematics/include/moveit/kdl_kinematics_plugin/chainiksolver_vel_mimic_svd.hpp
[1.613s] -- Up-to-date symlink: /home/a/ws_nhk/install/moveit_kinematics/include/moveit/kdl_kinematics_plugin/joint_mimic.hpp
[1.613s] -- Up-to-date symlink: /home/a/ws_nhk/install/moveit_kinematics/include/moveit/kdl_kinematics_plugin/kdl_kinematics_plugin.h
[1.613s] -- Up-to-date symlink: /home/a/ws_nhk/install/moveit_kinematics/include/moveit/lma_kinematics_plugin/lma_kinematics_plugin.h
[1.614s] -- Up-to-date symlink: /home/a/ws_nhk/install/moveit_kinematics/include/moveit/srv_kinematics_plugin/srv_kinematics_plugin.h
[1.614s] -- Up-to-date symlink: /home/a/ws_nhk/install/moveit_kinematics/share/moveit_kinematics/config/fanuc-kdl-singular-test.yaml
[1.614s] -- Up-to-date symlink: /home/a/ws_nhk/install/moveit_kinematics/share/moveit_kinematics/config/fanuc-kdl-test.yaml
[1.614s] -- Up-to-date symlink: /home/a/ws_nhk/install/moveit_kinematics/share/moveit_kinematics/config/fanuc-lma-singular-test.yaml
[1.614s] -- Up-to-date symlink: /home/a/ws_nhk/install/moveit_kinematics/share/moveit_kinematics/config/fanuc-lma-test.yaml
[1.614s] -- Up-to-date symlink: /home/a/ws_nhk/install/moveit_kinematics/share/moveit_kinematics/config/panda-kdl-singular-test.yaml
[1.614s] -- Up-to-date symlink: /home/a/ws_nhk/install/moveit_kinematics/share/moveit_kinematics/config/panda-kdl-test.yaml
[1.614s] -- Up-to-date symlink: /home/a/ws_nhk/install/moveit_kinematics/share/moveit_kinematics/config/panda-lma-singular-test.yaml
[1.614s] -- Up-to-date symlink: /home/a/ws_nhk/install/moveit_kinematics/share/moveit_kinematics/config/panda-lma-test.yaml
[1.615s] -- Up-to-date symlink: /home/a/ws_nhk/install/moveit_kinematics/share/moveit_kinematics/launch/fanuc-kdl-singular.test.py
[1.615s] -- Up-to-date symlink: /home/a/ws_nhk/install/moveit_kinematics/share/moveit_kinematics/launch/fanuc-kdl.test.py
[1.615s] -- Up-to-date symlink: /home/a/ws_nhk/install/moveit_kinematics/share/moveit_kinematics/launch/fanuc-lma-singular.test.py
[1.615s] -- Up-to-date symlink: /home/a/ws_nhk/install/moveit_kinematics/share/moveit_kinematics/launch/fanuc-lma.test.py
[1.615s] -- Up-to-date symlink: /home/a/ws_nhk/install/moveit_kinematics/share/moveit_kinematics/launch/panda-kdl-singular.test.py
[1.615s] -- Up-to-date symlink: /home/a/ws_nhk/install/moveit_kinematics/share/moveit_kinematics/launch/panda-kdl.test.py
[1.615s] -- Up-to-date symlink: /home/a/ws_nhk/install/moveit_kinematics/share/moveit_kinematics/launch/panda-lma-singular.test.py
[1.615s] -- Up-to-date symlink: /home/a/ws_nhk/install/moveit_kinematics/share/moveit_kinematics/launch/panda-lma.test.py
[1.615s] -- Up-to-date symlink: /home/a/ws_nhk/install/moveit_kinematics/lib/moveit_kinematics/benchmark_ik
[1.616s] -- Up-to-date symlink: /home/a/ws_nhk/install/moveit_kinematics/lib/moveit_kinematics/test_kinematics_plugin
[1.616s] -- Up-to-date symlink: /home/a/ws_nhk/install/moveit_kinematics/share/moveit_kinematics/environment/library_path.sh
[1.616s] -- Up-to-date symlink: /home/a/ws_nhk/install/moveit_kinematics/share/moveit_kinematics/environment/library_path.dsv
[1.616s] -- Up-to-date symlink: /home/a/ws_nhk/install/moveit_kinematics/share/ament_index/resource_index/package_run_dependencies/moveit_kinematics
[1.616s] -- Up-to-date symlink: /home/a/ws_nhk/install/moveit_kinematics/share/ament_index/resource_index/parent_prefix_path/moveit_kinematics
[1.616s] -- Up-to-date symlink: /home/a/ws_nhk/install/moveit_kinematics/share/moveit_kinematics/environment/ament_prefix_path.sh
[1.616s] -- Up-to-date symlink: /home/a/ws_nhk/install/moveit_kinematics/share/moveit_kinematics/environment/ament_prefix_path.dsv
[1.617s] -- Up-to-date symlink: /home/a/ws_nhk/install/moveit_kinematics/share/moveit_kinematics/environment/path.sh
[1.617s] -- Up-to-date symlink: /home/a/ws_nhk/install/moveit_kinematics/share/moveit_kinematics/environment/path.dsv
[1.617s] -- Up-to-date symlink: /home/a/ws_nhk/install/moveit_kinematics/share/moveit_kinematics/local_setup.bash
[1.617s] -- Up-to-date symlink: /home/a/ws_nhk/install/moveit_kinematics/share/moveit_kinematics/local_setup.sh
[1.617s] -- Up-to-date symlink: /home/a/ws_nhk/install/moveit_kinematics/share/moveit_kinematics/local_setup.zsh
[1.617s] -- Up-to-date symlink: /home/a/ws_nhk/install/moveit_kinematics/share/moveit_kinematics/local_setup.dsv
[1.618s] -- Symlinking: /home/a/ws_nhk/install/moveit_kinematics/share/moveit_kinematics/package.dsv
[1.625s] -- Up-to-date symlink: /home/a/ws_nhk/install/moveit_kinematics/share/ament_index/resource_index/packages/moveit_kinematics
[1.626s] -- Up-to-date symlink: /home/a/ws_nhk/install/moveit_kinematics/share/ament_index/resource_index/moveit_core__pluginlib__plugin/moveit_kinematics
[1.626s] -- Up-to-date symlink: /home/a/ws_nhk/install/moveit_kinematics/share/moveit_kinematics/cmake/ConfigExtras.cmake
[1.626s] -- Up-to-date symlink: /home/a/ws_nhk/install/moveit_kinematics/share/moveit_kinematics/cmake/ament_cmake_export_targets-extras.cmake
[1.626s] -- Up-to-date symlink: /home/a/ws_nhk/install/moveit_kinematics/share/moveit_kinematics/cmake/ament_cmake_export_dependencies-extras.cmake
[1.626s] -- Up-to-date symlink: /home/a/ws_nhk/install/moveit_kinematics/share/moveit_kinematics/cmake/moveit_kinematicsConfig.cmake
[1.627s] -- Up-to-date symlink: /home/a/ws_nhk/install/moveit_kinematics/share/moveit_kinematics/cmake/moveit_kinematicsConfig-version.cmake
[1.627s] -- Up-to-date symlink: /home/a/ws_nhk/install/moveit_kinematics/share/moveit_kinematics/package.xml
[1.627s] -- Installing: /home/a/ws_nhk/install/moveit_kinematics/lib/libmoveit_cached_ik_kinematics_base.so.2.5.9
[1.628s] -- Set runtime path of "/home/a/ws_nhk/install/moveit_kinematics/lib/libmoveit_cached_ik_kinematics_base.so.2.5.9" to ""
[1.628s] -- Up-to-date: /home/a/ws_nhk/install/moveit_kinematics/lib/libmoveit_cached_ik_kinematics_base.so
[1.628s] -- Installing: /home/a/ws_nhk/install/moveit_kinematics/lib/libmoveit_cached_ik_kinematics_plugin.so.2.5.9
[1.628s] -- Set runtime path of "/home/a/ws_nhk/install/moveit_kinematics/lib/libmoveit_cached_ik_kinematics_plugin.so.2.5.9" to ""
[1.628s] -- Up-to-date: /home/a/ws_nhk/install/moveit_kinematics/lib/libmoveit_cached_ik_kinematics_plugin.so
[1.629s] -- Up-to-date: /home/a/ws_nhk/install/moveit_kinematics/lib/libmoveit_kdl_kinematics_plugin.so
[1.629s] -- Up-to-date: /home/a/ws_nhk/install/moveit_kinematics/lib/libmoveit_lma_kinematics_plugin.so.2.5.9
[1.629s] -- Up-to-date: /home/a/ws_nhk/install/moveit_kinematics/lib/libmoveit_lma_kinematics_plugin.so
[1.629s] -- Up-to-date: /home/a/ws_nhk/install/moveit_kinematics/lib/libmoveit_srv_kinematics_plugin.so.2.5.9
[1.629s] -- Up-to-date: /home/a/ws_nhk/install/moveit_kinematics/lib/libmoveit_srv_kinematics_plugin.so
[1.630s] -- Up-to-date: /home/a/ws_nhk/install/moveit_kinematics/share/moveit_kinematics/cmake/export_moveit_kinematicsExport.cmake
[1.630s] -- Up-to-date: /home/a/ws_nhk/install/moveit_kinematics/share/moveit_kinematics/cmake/export_moveit_kinematicsExport-release.cmake
[1.631s] Invoked command in '/home/a/ws_nhk/build/moveit_kinematics' returned '0': AMENT_PREFIX_PATH=/home/a/ws_nhk/install/trac_ik:/home/a/ws_nhk/install/moveit_ros_planning:/home/a/ws_nhk/install/trac_ik_kinematics_plugin:/home/a/ws_nhk/install/moveit_ros_occupancy_map_monitor:/home/a/ws_nhk/install/moveit_core:/home/a/ws_nhk/install/moveit_resources_panda_moveit_config:/home/a/ws_nhk/install/moveit_resources_fanuc_moveit_config:/home/a/ws_nhk/install/moveit_configs_utils:/home/a/ws_nhk/install/trac_ik_lib:/home/a/ws_nhk/install/srdfdom:/home/a/ws_nhk/install/moveit_resources_pr2_description:/home/a/ws_nhk/install/moveit_resources_panda_description:/home/a/ws_nhk/install/moveit_resources_fanuc_description:/home/a/ws_nhk/install/moveit_common:/home/a/ws_nhk/install/launch_param_builder:${AMENT_PREFIX_PATH} CMAKE_PREFIX_PATH=/home/a/ws_nhk/install/trac_ik:/home/a/ws_nhk/install/moveit_ros_planning:/home/a/ws_nhk/install/trac_ik_kinematics_plugin:/home/a/ws_nhk/install/moveit_ros_occupancy_map_monitor:/home/a/ws_nhk/install/moveit_core:/home/a/ws_nhk/install/moveit_resources_panda_moveit_config:/home/a/ws_nhk/install/moveit_resources_fanuc_moveit_config:/home/a/ws_nhk/install/trac_ik_lib:/home/a/ws_nhk/install/srdfdom:/home/a/ws_nhk/install/moveit_resources_pr2_description:/home/a/ws_nhk/install/moveit_resources_panda_description:/home/a/ws_nhk/install/moveit_resources_fanuc_description:/home/a/ws_nhk/install/moveit_common:/home/a/install/field_description_test:/opt/ros/humble LD_LIBRARY_PATH=/home/a/ws_nhk/install/moveit_ros_planning/lib:/home/a/ws_nhk/install/trac_ik_kinematics_plugin/lib:/home/a/ws_nhk/install/moveit_ros_occupancy_map_monitor/lib:/home/a/ws_nhk/install/moveit_core/lib:/home/a/ws_nhk/install/trac_ik_lib/lib:/home/a/ws_nhk/install/srdfdom/lib:${LD_LIBRARY_PATH} PATH=/home/a/ws_nhk/install/moveit_core/bin:${PATH} PYTHONPATH=/home/a/ws_nhk/install/moveit_configs_utils/lib/python3.10/site-packages:/home/a/ws_nhk/install/srdfdom/local/lib/python3.10/dist-packages:/home/a/ws_nhk/install/launch_param_builder/lib/python3.10/site-packages:${PYTHONPATH} /usr/bin/cmake --install /home/a/ws_nhk/build/moveit_kinematics
