[0.113s] Invoking command in '/home/a/ws_nhk/build/moveit_ros_control_interface': AMENT_PREFIX_PATH=/home/a/ws_nhk/install/moveit_simple_controller_manager:/home/a/ws_nhk/install/moveit_core:/home/a/ws_nhk/install/moveit_resources_panda_moveit_config:/home/a/ws_nhk/install/srdfdom:/home/a/ws_nhk/install/moveit_resources_pr2_description:/home/a/ws_nhk/install/moveit_resources_panda_description:/home/a/ws_nhk/install/moveit_common:${AMENT_PREFIX_PATH} CMAKE_PREFIX_PATH=/home/a/ws_nhk/install/moveit_simple_controller_manager:/home/a/ws_nhk/install/moveit_core:/home/a/ws_nhk/install/moveit_resources_panda_moveit_config:/home/a/ws_nhk/install/srdfdom:/home/a/ws_nhk/install/moveit_resources_pr2_description:/home/a/ws_nhk/install/moveit_resources_panda_description:/home/a/ws_nhk/install/moveit_common:/home/a/install/field_description_test:/opt/ros/humble LD_LIBRARY_PATH=/home/a/ws_nhk/install/moveit_simple_controller_manager/lib:/home/a/ws_nhk/install/moveit_core/lib:/home/a/ws_nhk/install/srdfdom/lib:${LD_LIBRARY_PATH} PATH=/home/a/ws_nhk/install/moveit_core/bin:${PATH} PYTHONPATH=/home/a/ws_nhk/install/srdfdom/local/lib/python3.10/dist-packages:${PYTHONPATH} /usr/bin/cmake --build /home/a/ws_nhk/build/moveit_ros_control_interface -- -j22 -l22
[0.249s] -- Found ament_cmake: 1.3.12 (/opt/ros/humble/share/ament_cmake/cmake)
[1.069s] -- Found rclcpp_action: 16.0.16 (/opt/ros/humble/share/rclcpp_action/cmake)
[1.255s] -- Found rosidl_generator_c: 3.1.7 (/opt/ros/humble/share/rosidl_generator_c/cmake)
[1.266s] -- Found rosidl_adapter: 3.1.7 (/opt/ros/humble/share/rosidl_adapter/cmake)
[1.294s] -- Found rosidl_generator_cpp: 3.1.7 (/opt/ros/humble/share/rosidl_generator_cpp/cmake)
[1.345s] -- Using all available rosidl_typesupport_c: rosidl_typesupport_fastrtps_c;rosidl_typesupport_introspection_c
[1.405s] -- Using all available rosidl_typesupport_cpp: rosidl_typesupport_fastrtps_cpp;rosidl_typesupport_introspection_cpp
[1.692s] -- Found rmw_implementation_cmake: 6.1.2 (/opt/ros/humble/share/rmw_implementation_cmake/cmake)
[1.700s] -- Found rmw_fastrtps_cpp: 6.2.9 (/opt/ros/humble/share/rmw_fastrtps_cpp/cmake)
[2.294s] -- Using RMW implementation 'rmw_fastrtps_cpp' as default
[2.673s] -- Found controller_manager_msgs: 2.52.2 (/opt/ros/humble/share/controller_manager_msgs/cmake)
[2.826s] -- Found moveit_core: 2.5.9 (/home/a/ws_nhk/install/moveit_core/share/moveit_core/cmake)
[2.905s] -- Found Boost: /usr/lib/x86_64-linux-gnu/cmake/Boost-1.74.0/BoostConfig.cmake (found version "1.74.0") found components: chrono date_time filesystem iostreams program_options regex serialization system thread 
[3.018s] -- Found parameter_traits: 0.5.0 (/opt/ros/humble/share/parameter_traits/cmake)
[3.052s] -- Found rclcpp_lifecycle: 16.0.16 (/opt/ros/humble/share/rclcpp_lifecycle/cmake)
[3.111s] -- Found Boost: /usr/lib/x86_64-linux-gnu/cmake/Boost-1.74.0/BoostConfig.cmake (found version "1.74.0") found components: filesystem 
[3.346s] -- library: /usr/lib/x86_64-linux-gnu/libcurl.so
[3.731s] -- Ensuring Eigen3 include directory is part of orocos-kdl CMake target
[4.505s] -- Found moveit_simple_controller_manager: 2.5.9 (/home/a/ws_nhk/install/moveit_simple_controller_manager/share/moveit_simple_controller_manager/cmake)
[4.528s] -- Found Boost: /usr/lib/x86_64-linux-gnu/cmake/Boost-1.74.0/BoostConfig.cmake (found version "1.74.0") found components: thread 
[4.749s] -- Found moveit_common: 2.5.9 (/home/a/ws_nhk/install/moveit_common/share/moveit_common/cmake)
[5.145s] -- Found Boost: /usr/lib/x86_64-linux-gnu/cmake/Boost-1.74.0/BoostConfig.cmake (found version "1.74.0") found components: system thread 
[5.269s] -- Found ament_cmake_gtest: 1.3.12 (/opt/ros/humble/share/ament_cmake_gtest/cmake)
[5.273s] -- Found gtest sources under '/opt/ros/humble/src/gtest_vendor': C++ tests using 'Google Test' will be built
[5.323s] -- Configuring done
[5.739s] -- Generating done
[5.870s] -- Build files have been written to: /home/a/ws_nhk/build/moveit_ros_control_interface
[6.034s] [35m[1mConsolidate compiler generated dependencies of target gtest_main[0m
[6.034s] [35m[1mConsolidate compiler generated dependencies of target gtest[0m
[6.035s] [35m[1mConsolidate compiler generated dependencies of target moveit_ros_control_interface_trajectory_plugin[0m
[6.037s] [35m[1mConsolidate compiler generated dependencies of target moveit_ros_control_interface_gripper_plugin[0m
[6.037s] [35m[1mConsolidate compiler generated dependencies of target moveit_ros_control_interface_plugin[0m
[6.038s] [35m[1mConsolidate compiler generated dependencies of target moveit_ros_control_interface_empty_plugin[0m
[6.095s] [ 14%] Built target gtest
[6.114s] [ 28%] Built target gtest_main
[6.129s] [ 35%] [32mBuilding CXX object CMakeFiles/moveit_ros_control_interface_trajectory_plugin.dir/src/joint_trajectory_controller_plugin.cpp.o[0m
[6.143s] [ 42%] [32mBuilding CXX object CMakeFiles/moveit_ros_control_interface_gripper_plugin.dir/src/gripper_controller_plugin.cpp.o[0m
[6.144s] [ 50%] [32mBuilding CXX object CMakeFiles/moveit_ros_control_interface_empty_plugin.dir/src/empty_controller_plugin.cpp.o[0m
[6.192s] [ 57%] [32mBuilding CXX object CMakeFiles/moveit_ros_control_interface_plugin.dir/src/controller_manager_plugin.cpp.o[0m
[19.700s] [ 64%] [32m[1mLinking CXX shared library libmoveit_ros_control_interface_empty_plugin.so[0m
[20.670s] [ 64%] Built target moveit_ros_control_interface_empty_plugin
[27.017s] [ 71%] [32m[1mLinking CXX shared library libmoveit_ros_control_interface_trajectory_plugin.so[0m
[27.749s] [ 71%] Built target moveit_ros_control_interface_trajectory_plugin
[29.066s] [ 78%] [32m[1mLinking CXX shared library libmoveit_ros_control_interface_gripper_plugin.so[0m
[29.818s] [ 78%] Built target moveit_ros_control_interface_gripper_plugin
[48.910s] [ 85%] [32m[1mLinking CXX shared library libmoveit_ros_control_interface_plugin.so[0m
[49.495s] [ 85%] Built target moveit_ros_control_interface_plugin
[49.529s] [35m[1mConsolidate compiler generated dependencies of target test_controller_manager_plugin[0m
[49.584s] [ 92%] [32mBuilding CXX object test/CMakeFiles/test_controller_manager_plugin.dir/test_controller_manager_plugin.cpp.o[0m
[114.329s] [100%] [32m[1mLinking CXX executable test_controller_manager_plugin[0m
[115.778s] [100%] Built target test_controller_manager_plugin
[115.831s] Invoked command in '/home/a/ws_nhk/build/moveit_ros_control_interface' returned '0': AMENT_PREFIX_PATH=/home/a/ws_nhk/install/moveit_simple_controller_manager:/home/a/ws_nhk/install/moveit_core:/home/a/ws_nhk/install/moveit_resources_panda_moveit_config:/home/a/ws_nhk/install/srdfdom:/home/a/ws_nhk/install/moveit_resources_pr2_description:/home/a/ws_nhk/install/moveit_resources_panda_description:/home/a/ws_nhk/install/moveit_common:${AMENT_PREFIX_PATH} CMAKE_PREFIX_PATH=/home/a/ws_nhk/install/moveit_simple_controller_manager:/home/a/ws_nhk/install/moveit_core:/home/a/ws_nhk/install/moveit_resources_panda_moveit_config:/home/a/ws_nhk/install/srdfdom:/home/a/ws_nhk/install/moveit_resources_pr2_description:/home/a/ws_nhk/install/moveit_resources_panda_description:/home/a/ws_nhk/install/moveit_common:/home/a/install/field_description_test:/opt/ros/humble LD_LIBRARY_PATH=/home/a/ws_nhk/install/moveit_simple_controller_manager/lib:/home/a/ws_nhk/install/moveit_core/lib:/home/a/ws_nhk/install/srdfdom/lib:${LD_LIBRARY_PATH} PATH=/home/a/ws_nhk/install/moveit_core/bin:${PATH} PYTHONPATH=/home/a/ws_nhk/install/srdfdom/local/lib/python3.10/dist-packages:${PYTHONPATH} /usr/bin/cmake --build /home/a/ws_nhk/build/moveit_ros_control_interface -- -j22 -l22
[115.840s] Invoking command in '/home/a/ws_nhk/build/moveit_ros_control_interface': AMENT_PREFIX_PATH=/home/a/ws_nhk/install/moveit_simple_controller_manager:/home/a/ws_nhk/install/moveit_core:/home/a/ws_nhk/install/moveit_resources_panda_moveit_config:/home/a/ws_nhk/install/srdfdom:/home/a/ws_nhk/install/moveit_resources_pr2_description:/home/a/ws_nhk/install/moveit_resources_panda_description:/home/a/ws_nhk/install/moveit_common:${AMENT_PREFIX_PATH} CMAKE_PREFIX_PATH=/home/a/ws_nhk/install/moveit_simple_controller_manager:/home/a/ws_nhk/install/moveit_core:/home/a/ws_nhk/install/moveit_resources_panda_moveit_config:/home/a/ws_nhk/install/srdfdom:/home/a/ws_nhk/install/moveit_resources_pr2_description:/home/a/ws_nhk/install/moveit_resources_panda_description:/home/a/ws_nhk/install/moveit_common:/home/a/install/field_description_test:/opt/ros/humble LD_LIBRARY_PATH=/home/a/ws_nhk/install/moveit_simple_controller_manager/lib:/home/a/ws_nhk/install/moveit_core/lib:/home/a/ws_nhk/install/srdfdom/lib:${LD_LIBRARY_PATH} PATH=/home/a/ws_nhk/install/moveit_core/bin:${PATH} PYTHONPATH=/home/a/ws_nhk/install/srdfdom/local/lib/python3.10/dist-packages:${PYTHONPATH} /usr/bin/cmake --install /home/a/ws_nhk/build/moveit_ros_control_interface
[115.869s] -- Install configuration: "Release"
[115.872s] -- Installing: /home/a/ws_nhk/install/moveit_ros_control_interface/lib/libmoveit_ros_control_interface_plugin.so.2.5.9
[115.875s] -- Set runtime path of "/home/a/ws_nhk/install/moveit_ros_control_interface/lib/libmoveit_ros_control_interface_plugin.so.2.5.9" to ""
[115.875s] -- Up-to-date: /home/a/ws_nhk/install/moveit_ros_control_interface/lib/libmoveit_ros_control_interface_plugin.so
[115.876s] -- Installing: /home/a/ws_nhk/install/moveit_ros_control_interface/lib/libmoveit_ros_control_interface_trajectory_plugin.so.2.5.9
[115.878s] -- Set runtime path of "/home/a/ws_nhk/install/moveit_ros_control_interface/lib/libmoveit_ros_control_interface_trajectory_plugin.so.2.5.9" to ""
[115.878s] -- Up-to-date: /home/a/ws_nhk/install/moveit_ros_control_interface/lib/libmoveit_ros_control_interface_trajectory_plugin.so
[115.879s] -- Installing: /home/a/ws_nhk/install/moveit_ros_control_interface/lib/libmoveit_ros_control_interface_gripper_plugin.so.2.5.9
[115.881s] -- Set runtime path of "/home/a/ws_nhk/install/moveit_ros_control_interface/lib/libmoveit_ros_control_interface_gripper_plugin.so.2.5.9" to ""
[115.882s] -- Up-to-date: /home/a/ws_nhk/install/moveit_ros_control_interface/lib/libmoveit_ros_control_interface_gripper_plugin.so
[115.882s] -- Installing: /home/a/ws_nhk/install/moveit_ros_control_interface/lib/libmoveit_ros_control_interface_empty_plugin.so.2.5.9
[115.884s] -- Set runtime path of "/home/a/ws_nhk/install/moveit_ros_control_interface/lib/libmoveit_ros_control_interface_empty_plugin.so.2.5.9" to ""
[115.884s] -- Up-to-date: /home/a/ws_nhk/install/moveit_ros_control_interface/lib/libmoveit_ros_control_interface_empty_plugin.so
[115.885s] -- Up-to-date: /home/a/ws_nhk/install/moveit_ros_control_interface/include
[115.885s] -- Up-to-date: /home/a/ws_nhk/install/moveit_ros_control_interface/include/moveit_ros_control_interface
[115.886s] -- Up-to-date: /home/a/ws_nhk/install/moveit_ros_control_interface/include/moveit_ros_control_interface/ControllerHandle.h
[115.886s] -- Up-to-date: /home/a/ws_nhk/install/moveit_ros_control_interface/share/moveit_ros_control_interface/moveit_core_plugins.xml
[115.886s] -- Up-to-date: /home/a/ws_nhk/install/moveit_ros_control_interface/share/moveit_ros_control_interface/moveit_ros_control_interface_plugins.xml
[115.887s] -- Up-to-date: /home/a/ws_nhk/install/moveit_ros_control_interface/share/moveit_ros_control_interface/environment/library_path.sh
[115.887s] -- Installing: /home/a/ws_nhk/install/moveit_ros_control_interface/share/moveit_ros_control_interface/environment/library_path.dsv
[115.888s] -- Up-to-date: /home/a/ws_nhk/install/moveit_ros_control_interface/share/ament_index/resource_index/package_run_dependencies/moveit_ros_control_interface
[115.888s] -- Installing: /home/a/ws_nhk/install/moveit_ros_control_interface/share/ament_index/resource_index/parent_prefix_path/moveit_ros_control_interface
[115.888s] -- Up-to-date: /home/a/ws_nhk/install/moveit_ros_control_interface/share/moveit_ros_control_interface/environment/ament_prefix_path.sh
[115.889s] -- Installing: /home/a/ws_nhk/install/moveit_ros_control_interface/share/moveit_ros_control_interface/environment/ament_prefix_path.dsv
[115.889s] -- Up-to-date: /home/a/ws_nhk/install/moveit_ros_control_interface/share/moveit_ros_control_interface/environment/path.sh
[115.890s] -- Installing: /home/a/ws_nhk/install/moveit_ros_control_interface/share/moveit_ros_control_interface/environment/path.dsv
[115.890s] -- Up-to-date: /home/a/ws_nhk/install/moveit_ros_control_interface/share/moveit_ros_control_interface/local_setup.bash
[115.891s] -- Up-to-date: /home/a/ws_nhk/install/moveit_ros_control_interface/share/moveit_ros_control_interface/local_setup.sh
[115.891s] -- Up-to-date: /home/a/ws_nhk/install/moveit_ros_control_interface/share/moveit_ros_control_interface/local_setup.zsh
[115.892s] -- Installing: /home/a/ws_nhk/install/moveit_ros_control_interface/share/moveit_ros_control_interface/local_setup.dsv
[115.892s] -- Installing: /home/a/ws_nhk/install/moveit_ros_control_interface/share/moveit_ros_control_interface/package.dsv
[115.892s] -- Up-to-date: /home/a/ws_nhk/install/moveit_ros_control_interface/share/ament_index/resource_index/packages/moveit_ros_control_interface
[115.893s] -- Up-to-date: /home/a/ws_nhk/install/moveit_ros_control_interface/share/ament_index/resource_index/moveit_core__pluginlib__plugin/moveit_ros_control_interface
[115.893s] -- Up-to-date: /home/a/ws_nhk/install/moveit_ros_control_interface/share/ament_index/resource_index/moveit_ros_control_interface__pluginlib__plugin/moveit_ros_control_interface
[115.893s] -- Up-to-date: /home/a/ws_nhk/install/moveit_ros_control_interface/share/moveit_ros_control_interface/cmake/export_moveit_ros_control_interfaceExport.cmake
[115.894s] -- Up-to-date: /home/a/ws_nhk/install/moveit_ros_control_interface/share/moveit_ros_control_interface/cmake/export_moveit_ros_control_interfaceExport-release.cmake
[115.894s] -- Up-to-date: /home/a/ws_nhk/install/moveit_ros_control_interface/share/moveit_ros_control_interface/cmake/ConfigExtras.cmake
[115.894s] -- Up-to-date: /home/a/ws_nhk/install/moveit_ros_control_interface/share/moveit_ros_control_interface/cmake/ament_cmake_export_targets-extras.cmake
[115.894s] -- Up-to-date: /home/a/ws_nhk/install/moveit_ros_control_interface/share/moveit_ros_control_interface/cmake/ament_cmake_export_dependencies-extras.cmake
[115.895s] -- Up-to-date: /home/a/ws_nhk/install/moveit_ros_control_interface/share/moveit_ros_control_interface/cmake/moveit_ros_control_interfaceConfig.cmake
[115.895s] -- Up-to-date: /home/a/ws_nhk/install/moveit_ros_control_interface/share/moveit_ros_control_interface/cmake/moveit_ros_control_interfaceConfig-version.cmake
[115.896s] -- Up-to-date: /home/a/ws_nhk/install/moveit_ros_control_interface/share/moveit_ros_control_interface/package.xml
[115.902s] Invoked command in '/home/a/ws_nhk/build/moveit_ros_control_interface' returned '0': AMENT_PREFIX_PATH=/home/a/ws_nhk/install/moveit_simple_controller_manager:/home/a/ws_nhk/install/moveit_core:/home/a/ws_nhk/install/moveit_resources_panda_moveit_config:/home/a/ws_nhk/install/srdfdom:/home/a/ws_nhk/install/moveit_resources_pr2_description:/home/a/ws_nhk/install/moveit_resources_panda_description:/home/a/ws_nhk/install/moveit_common:${AMENT_PREFIX_PATH} CMAKE_PREFIX_PATH=/home/a/ws_nhk/install/moveit_simple_controller_manager:/home/a/ws_nhk/install/moveit_core:/home/a/ws_nhk/install/moveit_resources_panda_moveit_config:/home/a/ws_nhk/install/srdfdom:/home/a/ws_nhk/install/moveit_resources_pr2_description:/home/a/ws_nhk/install/moveit_resources_panda_description:/home/a/ws_nhk/install/moveit_common:/home/a/install/field_description_test:/opt/ros/humble LD_LIBRARY_PATH=/home/a/ws_nhk/install/moveit_simple_controller_manager/lib:/home/a/ws_nhk/install/moveit_core/lib:/home/a/ws_nhk/install/srdfdom/lib:${LD_LIBRARY_PATH} PATH=/home/a/ws_nhk/install/moveit_core/bin:${PATH} PYTHONPATH=/home/a/ws_nhk/install/srdfdom/local/lib/python3.10/dist-packages:${PYTHONPATH} /usr/bin/cmake --install /home/a/ws_nhk/build/moveit_ros_control_interface
