[0.075s] Invoking command in '/home/a/ws_nhk/build/moveit_common': CMAKE_PREFIX_PATH=${CMAKE_PREFIX_PATH}:/home/a/ws_nhk/install/moveit_configs_utils:/home/a/ws_nhk/install/rogidrive:/home/a/ws_nhk/install/launch_param_builder:/home/a/ws_nhk/install/dynamixel_controller_gui:/home/a/ws_nhk/install/dynamixel_controller_client:/opt/ros/humble /usr/bin/cmake --build /home/a/ws_nhk/build/moveit_common -- -j22 -l22
[0.530s] Invoked command in '/home/a/ws_nhk/build/moveit_common' returned '0': CMAKE_PREFIX_PATH=${CMAKE_PREFIX_PATH}:/home/a/ws_nhk/install/moveit_configs_utils:/home/a/ws_nhk/install/rogidrive:/home/a/ws_nhk/install/launch_param_builder:/home/a/ws_nhk/install/dynamixel_controller_gui:/home/a/ws_nhk/install/dynamixel_controller_client:/opt/ros/humble /usr/bin/cmake --build /home/a/ws_nhk/build/moveit_common -- -j22 -l22
[0.542s] Invoking command in '/home/a/ws_nhk/build/moveit_common': CMAKE_PREFIX_PATH=${CMAKE_PREFIX_PATH}:/home/a/ws_nhk/install/moveit_configs_utils:/home/a/ws_nhk/install/rogidrive:/home/a/ws_nhk/install/launch_param_builder:/home/a/ws_nhk/install/dynamixel_controller_gui:/home/a/ws_nhk/install/dynamixel_controller_client:/opt/ros/humble /usr/bin/cmake --install /home/a/ws_nhk/build/moveit_common
[0.566s] -- Install configuration: "Release"
[0.566s] -- Up-to-date: /home/a/ws_nhk/install/moveit_common/share/ament_index/resource_index/package_run_dependencies/moveit_common
[0.567s] -- Up-to-date: /home/a/ws_nhk/install/moveit_common/share/ament_index/resource_index/parent_prefix_path/moveit_common
[0.569s] -- Up-to-date: /home/a/ws_nhk/install/moveit_common/share/moveit_common/environment/ament_prefix_path.sh
[0.570s] -- Up-to-date: /home/a/ws_nhk/install/moveit_common/share/moveit_common/environment/ament_prefix_path.dsv
[0.570s] -- Up-to-date: /home/a/ws_nhk/install/moveit_common/share/moveit_common/environment/path.sh
[0.570s] -- Up-to-date: /home/a/ws_nhk/install/moveit_common/share/moveit_common/environment/path.dsv
[0.570s] -- Up-to-date: /home/a/ws_nhk/install/moveit_common/share/moveit_common/local_setup.bash
[0.570s] -- Up-to-date: /home/a/ws_nhk/install/moveit_common/share/moveit_common/local_setup.sh
[0.571s] -- Up-to-date: /home/a/ws_nhk/install/moveit_common/share/moveit_common/local_setup.zsh
[0.571s] -- Up-to-date: /home/a/ws_nhk/install/moveit_common/share/moveit_common/local_setup.dsv
[0.571s] -- Installing: /home/a/ws_nhk/install/moveit_common/share/moveit_common/package.dsv
[0.571s] -- Up-to-date: /home/a/ws_nhk/install/moveit_common/share/ament_index/resource_index/packages/moveit_common
[0.571s] -- Up-to-date: /home/a/ws_nhk/install/moveit_common/share/moveit_common/cmake/moveit_common-extras.cmake
[0.571s] -- Up-to-date: /home/a/ws_nhk/install/moveit_common/share/moveit_common/cmake/moveit_commonConfig.cmake
[0.571s] -- Up-to-date: /home/a/ws_nhk/install/moveit_common/share/moveit_common/cmake/moveit_commonConfig-version.cmake
[0.571s] -- Up-to-date: /home/a/ws_nhk/install/moveit_common/share/moveit_common/package.xml
[0.571s] -- Up-to-date: /home/a/ws_nhk/install/moveit_common/share/moveit_common/cmake
[0.572s] -- Up-to-date: /home/a/ws_nhk/install/moveit_common/share/moveit_common/cmake/moveit_package.cmake
[0.630s] Invoked command in '/home/a/ws_nhk/build/moveit_common' returned '0': CMAKE_PREFIX_PATH=${CMAKE_PREFIX_PATH}:/home/a/ws_nhk/install/moveit_configs_utils:/home/a/ws_nhk/install/rogidrive:/home/a/ws_nhk/install/launch_param_builder:/home/a/ws_nhk/install/dynamixel_controller_gui:/home/a/ws_nhk/install/dynamixel_controller_client:/opt/ros/humble /usr/bin/cmake --install /home/a/ws_nhk/build/moveit_common
