[0.061s] Invoking command in '/home/a/ws_nhk/build/moveit_ros_benchmarks': AMENT_PREFIX_PATH=/home/a/ws_nhk/install/moveit_ros_warehouse:/home/a/ws_nhk/install/moveit_ros_planning:/home/a/ws_nhk/install/moveit_ros_occupancy_map_monitor:/home/a/ws_nhk/install/moveit_core:/home/a/ws_nhk/install/moveit_resources_panda_moveit_config:/home/a/ws_nhk/install/moveit_configs_utils:/home/a/ws_nhk/install/srdfdom:/home/a/ws_nhk/install/moveit_resources_pr2_description:/home/a/ws_nhk/install/moveit_resources_panda_description:/home/a/ws_nhk/install/moveit_common:/home/a/ws_nhk/install/launch_param_builder:${AMENT_PREFIX_PATH} CMAKE_PREFIX_PATH=/home/a/ws_nhk/install/moveit_ros_warehouse:/home/a/ws_nhk/install/moveit_ros_planning:/home/a/ws_nhk/install/moveit_ros_occupancy_map_monitor:/home/a/ws_nhk/install/moveit_core:/home/a/ws_nhk/install/moveit_resources_panda_moveit_config:/home/a/ws_nhk/install/srdfdom:/home/a/ws_nhk/install/moveit_resources_pr2_description:/home/a/ws_nhk/install/moveit_resources_panda_description:/home/a/ws_nhk/install/moveit_common:/home/a/install/field_description_test:/opt/ros/humble LD_LIBRARY_PATH=/home/a/ws_nhk/install/moveit_ros_warehouse/lib:/home/a/ws_nhk/install/moveit_ros_planning/lib:/home/a/ws_nhk/install/moveit_ros_occupancy_map_monitor/lib:/home/a/ws_nhk/install/moveit_core/lib:/home/a/ws_nhk/install/srdfdom/lib:${LD_LIBRARY_PATH} PATH=/home/a/ws_nhk/install/moveit_core/bin:${PATH} PYTHONPATH=/home/a/ws_nhk/install/moveit_configs_utils/lib/python3.10/site-packages:/home/a/ws_nhk/install/srdfdom/local/lib/python3.10/dist-packages:/home/a/ws_nhk/install/launch_param_builder/lib/python3.10/site-packages:${PYTHONPATH} /usr/bin/cmake --build /home/a/ws_nhk/build/moveit_ros_benchmarks -- -j22 -l22
[0.274s] [ 14%] [32m[1mLinking CXX shared library libmoveit_ros_benchmarks.so[0m
[1.024s] [ 42%] Built target moveit_ros_benchmarks
[1.096s] [ 57%] [32m[1mLinking CXX executable moveit_combine_predefined_poses_benchmark[0m
[1.102s] [ 71%] [32m[1mLinking CXX executable moveit_run_benchmark[0m
[1.621s] [ 85%] Built target moveit_run_benchmark
[1.903s] [100%] Built target moveit_combine_predefined_poses_benchmark
[1.936s] Invoked command in '/home/a/ws_nhk/build/moveit_ros_benchmarks' returned '0': AMENT_PREFIX_PATH=/home/a/ws_nhk/install/moveit_ros_warehouse:/home/a/ws_nhk/install/moveit_ros_planning:/home/a/ws_nhk/install/moveit_ros_occupancy_map_monitor:/home/a/ws_nhk/install/moveit_core:/home/a/ws_nhk/install/moveit_resources_panda_moveit_config:/home/a/ws_nhk/install/moveit_configs_utils:/home/a/ws_nhk/install/srdfdom:/home/a/ws_nhk/install/moveit_resources_pr2_description:/home/a/ws_nhk/install/moveit_resources_panda_description:/home/a/ws_nhk/install/moveit_common:/home/a/ws_nhk/install/launch_param_builder:${AMENT_PREFIX_PATH} CMAKE_PREFIX_PATH=/home/a/ws_nhk/install/moveit_ros_warehouse:/home/a/ws_nhk/install/moveit_ros_planning:/home/a/ws_nhk/install/moveit_ros_occupancy_map_monitor:/home/a/ws_nhk/install/moveit_core:/home/a/ws_nhk/install/moveit_resources_panda_moveit_config:/home/a/ws_nhk/install/srdfdom:/home/a/ws_nhk/install/moveit_resources_pr2_description:/home/a/ws_nhk/install/moveit_resources_panda_description:/home/a/ws_nhk/install/moveit_common:/home/a/install/field_description_test:/opt/ros/humble LD_LIBRARY_PATH=/home/a/ws_nhk/install/moveit_ros_warehouse/lib:/home/a/ws_nhk/install/moveit_ros_planning/lib:/home/a/ws_nhk/install/moveit_ros_occupancy_map_monitor/lib:/home/a/ws_nhk/install/moveit_core/lib:/home/a/ws_nhk/install/srdfdom/lib:${LD_LIBRARY_PATH} PATH=/home/a/ws_nhk/install/moveit_core/bin:${PATH} PYTHONPATH=/home/a/ws_nhk/install/moveit_configs_utils/lib/python3.10/site-packages:/home/a/ws_nhk/install/srdfdom/local/lib/python3.10/dist-packages:/home/a/ws_nhk/install/launch_param_builder/lib/python3.10/site-packages:${PYTHONPATH} /usr/bin/cmake --build /home/a/ws_nhk/build/moveit_ros_benchmarks -- -j22 -l22
[1.940s] Invoking command in '/home/a/ws_nhk/build/moveit_ros_benchmarks': AMENT_PREFIX_PATH=/home/a/ws_nhk/install/moveit_ros_warehouse:/home/a/ws_nhk/install/moveit_ros_planning:/home/a/ws_nhk/install/moveit_ros_occupancy_map_monitor:/home/a/ws_nhk/install/moveit_core:/home/a/ws_nhk/install/moveit_resources_panda_moveit_config:/home/a/ws_nhk/install/moveit_configs_utils:/home/a/ws_nhk/install/srdfdom:/home/a/ws_nhk/install/moveit_resources_pr2_description:/home/a/ws_nhk/install/moveit_resources_panda_description:/home/a/ws_nhk/install/moveit_common:/home/a/ws_nhk/install/launch_param_builder:${AMENT_PREFIX_PATH} CMAKE_PREFIX_PATH=/home/a/ws_nhk/install/moveit_ros_warehouse:/home/a/ws_nhk/install/moveit_ros_planning:/home/a/ws_nhk/install/moveit_ros_occupancy_map_monitor:/home/a/ws_nhk/install/moveit_core:/home/a/ws_nhk/install/moveit_resources_panda_moveit_config:/home/a/ws_nhk/install/srdfdom:/home/a/ws_nhk/install/moveit_resources_pr2_description:/home/a/ws_nhk/install/moveit_resources_panda_description:/home/a/ws_nhk/install/moveit_common:/home/a/install/field_description_test:/opt/ros/humble LD_LIBRARY_PATH=/home/a/ws_nhk/install/moveit_ros_warehouse/lib:/home/a/ws_nhk/install/moveit_ros_planning/lib:/home/a/ws_nhk/install/moveit_ros_occupancy_map_monitor/lib:/home/a/ws_nhk/install/moveit_core/lib:/home/a/ws_nhk/install/srdfdom/lib:${LD_LIBRARY_PATH} PATH=/home/a/ws_nhk/install/moveit_core/bin:${PATH} PYTHONPATH=/home/a/ws_nhk/install/moveit_configs_utils/lib/python3.10/site-packages:/home/a/ws_nhk/install/srdfdom/local/lib/python3.10/dist-packages:/home/a/ws_nhk/install/launch_param_builder/lib/python3.10/site-packages:${PYTHONPATH} /usr/bin/cmake --install /home/a/ws_nhk/build/moveit_ros_benchmarks
[1.959s] -- Install configuration: "Release"
[1.959s] -- Installing: /home/a/ws_nhk/install/moveit_ros_benchmarks/lib/libmoveit_ros_benchmarks.so.2.5.9
[1.961s] -- Set runtime path of "/home/a/ws_nhk/install/moveit_ros_benchmarks/lib/libmoveit_ros_benchmarks.so.2.5.9" to ""
[1.961s] -- Up-to-date: /home/a/ws_nhk/install/moveit_ros_benchmarks/lib/libmoveit_ros_benchmarks.so
[1.961s] -- Up-to-date: /home/a/ws_nhk/install/moveit_ros_benchmarks/share/moveit_ros_benchmarks/environment/library_path.sh
[1.962s] -- Up-to-date: /home/a/ws_nhk/install/moveit_ros_benchmarks/share/moveit_ros_benchmarks/environment/library_path.dsv
[1.962s] -- Installing: /home/a/ws_nhk/install/moveit_ros_benchmarks/lib/moveit_ros_benchmarks/moveit_run_benchmark
[1.962s] -- Set runtime path of "/home/a/ws_nhk/install/moveit_ros_benchmarks/lib/moveit_ros_benchmarks/moveit_run_benchmark" to ""
[1.962s] -- Installing: /home/a/ws_nhk/install/moveit_ros_benchmarks/lib/moveit_ros_benchmarks/moveit_combine_predefined_poses_benchmark
[1.962s] -- Set runtime path of "/home/a/ws_nhk/install/moveit_ros_benchmarks/lib/moveit_ros_benchmarks/moveit_combine_predefined_poses_benchmark" to ""
[1.963s] -- Up-to-date: /home/a/ws_nhk/install/moveit_ros_benchmarks/include
[1.963s] -- Up-to-date: /home/a/ws_nhk/install/moveit_ros_benchmarks/include/moveit
[1.963s] -- Up-to-date: /home/a/ws_nhk/install/moveit_ros_benchmarks/include/moveit/benchmarks
[1.963s] -- Up-to-date: /home/a/ws_nhk/install/moveit_ros_benchmarks/include/moveit/benchmarks/BenchmarkOptions.h
[1.964s] -- Up-to-date: /home/a/ws_nhk/install/moveit_ros_benchmarks/include/moveit/benchmarks/BenchmarkExecutor.h
[1.964s] -- Up-to-date: /home/a/ws_nhk/install/moveit_ros_benchmarks/lib/moveit_ros_benchmarks/moveit_benchmark_statistics.py
[1.964s] -- Up-to-date: /home/a/ws_nhk/install/moveit_ros_benchmarks/share/moveit_ros_benchmarks
[1.964s] -- Up-to-date: /home/a/ws_nhk/install/moveit_ros_benchmarks/share/moveit_ros_benchmarks/demo_fanuc.launch
[1.964s] -- Up-to-date: /home/a/ws_nhk/install/moveit_ros_benchmarks/share/moveit_ros_benchmarks/demo1.yaml
[1.964s] -- Up-to-date: /home/a/ws_nhk/install/moveit_ros_benchmarks/share/moveit_ros_benchmarks/demo_panda_predefined_poses.launch.py
[1.965s] -- Up-to-date: /home/a/ws_nhk/install/moveit_ros_benchmarks/share/moveit_ros_benchmarks/demo_panda_all_planners.yaml
[1.965s] -- Up-to-date: /home/a/ws_nhk/install/moveit_ros_benchmarks/share/moveit_ros_benchmarks/demo_panda_predefined_poses.yaml
[1.965s] -- Up-to-date: /home/a/ws_nhk/install/moveit_ros_benchmarks/share/moveit_ros_benchmarks/demo_panda.launch.py
[1.965s] -- Up-to-date: /home/a/ws_nhk/install/moveit_ros_benchmarks/share/moveit_ros_benchmarks/demo2.yaml
[1.965s] -- Up-to-date: /home/a/ws_nhk/install/moveit_ros_benchmarks/share/moveit_ros_benchmarks/demo_panda_all_planners_obstacles.launch
[1.965s] -- Up-to-date: /home/a/ws_nhk/install/moveit_ros_benchmarks/share/moveit_ros_benchmarks/demo_obstacles.yaml
[1.965s] -- Up-to-date: /home/a/ws_nhk/install/moveit_ros_benchmarks/share/moveit_ros_benchmarks/demo_panda_all_planners.launch
[1.966s] -- Up-to-date: /home/a/ws_nhk/install/moveit_ros_benchmarks/share/ament_index/resource_index/package_run_dependencies/moveit_ros_benchmarks
[1.966s] -- Up-to-date: /home/a/ws_nhk/install/moveit_ros_benchmarks/share/ament_index/resource_index/parent_prefix_path/moveit_ros_benchmarks
[1.966s] -- Up-to-date: /home/a/ws_nhk/install/moveit_ros_benchmarks/share/moveit_ros_benchmarks/environment/ament_prefix_path.sh
[1.966s] -- Up-to-date: /home/a/ws_nhk/install/moveit_ros_benchmarks/share/moveit_ros_benchmarks/environment/ament_prefix_path.dsv
[1.966s] -- Up-to-date: /home/a/ws_nhk/install/moveit_ros_benchmarks/share/moveit_ros_benchmarks/environment/path.sh
[1.966s] -- Up-to-date: /home/a/ws_nhk/install/moveit_ros_benchmarks/share/moveit_ros_benchmarks/environment/path.dsv
[1.967s] -- Up-to-date: /home/a/ws_nhk/install/moveit_ros_benchmarks/share/moveit_ros_benchmarks/local_setup.bash
[1.967s] -- Up-to-date: /home/a/ws_nhk/install/moveit_ros_benchmarks/share/moveit_ros_benchmarks/local_setup.sh
[1.967s] -- Up-to-date: /home/a/ws_nhk/install/moveit_ros_benchmarks/share/moveit_ros_benchmarks/local_setup.zsh
[1.967s] -- Up-to-date: /home/a/ws_nhk/install/moveit_ros_benchmarks/share/moveit_ros_benchmarks/local_setup.dsv
[1.967s] -- Installing: /home/a/ws_nhk/install/moveit_ros_benchmarks/share/moveit_ros_benchmarks/package.dsv
[1.968s] -- Up-to-date: /home/a/ws_nhk/install/moveit_ros_benchmarks/share/ament_index/resource_index/packages/moveit_ros_benchmarks
[1.968s] -- Up-to-date: /home/a/ws_nhk/install/moveit_ros_benchmarks/share/moveit_ros_benchmarks/cmake/export_moveit_ros_benchmarksExport.cmake
[1.968s] -- Up-to-date: /home/a/ws_nhk/install/moveit_ros_benchmarks/share/moveit_ros_benchmarks/cmake/export_moveit_ros_benchmarksExport-release.cmake
[1.968s] -- Up-to-date: /home/a/ws_nhk/install/moveit_ros_benchmarks/share/moveit_ros_benchmarks/cmake/ConfigExtras.cmake
[1.969s] -- Up-to-date: /home/a/ws_nhk/install/moveit_ros_benchmarks/share/moveit_ros_benchmarks/cmake/ament_cmake_export_targets-extras.cmake
[1.969s] -- Up-to-date: /home/a/ws_nhk/install/moveit_ros_benchmarks/share/moveit_ros_benchmarks/cmake/ament_cmake_export_dependencies-extras.cmake
[1.969s] -- Up-to-date: /home/a/ws_nhk/install/moveit_ros_benchmarks/share/moveit_ros_benchmarks/cmake/moveit_ros_benchmarksConfig.cmake
[1.969s] -- Up-to-date: /home/a/ws_nhk/install/moveit_ros_benchmarks/share/moveit_ros_benchmarks/cmake/moveit_ros_benchmarksConfig-version.cmake
[1.969s] -- Up-to-date: /home/a/ws_nhk/install/moveit_ros_benchmarks/share/moveit_ros_benchmarks/package.xml
[1.972s] Invoked command in '/home/a/ws_nhk/build/moveit_ros_benchmarks' returned '0': AMENT_PREFIX_PATH=/home/a/ws_nhk/install/moveit_ros_warehouse:/home/a/ws_nhk/install/moveit_ros_planning:/home/a/ws_nhk/install/moveit_ros_occupancy_map_monitor:/home/a/ws_nhk/install/moveit_core:/home/a/ws_nhk/install/moveit_resources_panda_moveit_config:/home/a/ws_nhk/install/moveit_configs_utils:/home/a/ws_nhk/install/srdfdom:/home/a/ws_nhk/install/moveit_resources_pr2_description:/home/a/ws_nhk/install/moveit_resources_panda_description:/home/a/ws_nhk/install/moveit_common:/home/a/ws_nhk/install/launch_param_builder:${AMENT_PREFIX_PATH} CMAKE_PREFIX_PATH=/home/a/ws_nhk/install/moveit_ros_warehouse:/home/a/ws_nhk/install/moveit_ros_planning:/home/a/ws_nhk/install/moveit_ros_occupancy_map_monitor:/home/a/ws_nhk/install/moveit_core:/home/a/ws_nhk/install/moveit_resources_panda_moveit_config:/home/a/ws_nhk/install/srdfdom:/home/a/ws_nhk/install/moveit_resources_pr2_description:/home/a/ws_nhk/install/moveit_resources_panda_description:/home/a/ws_nhk/install/moveit_common:/home/a/install/field_description_test:/opt/ros/humble LD_LIBRARY_PATH=/home/a/ws_nhk/install/moveit_ros_warehouse/lib:/home/a/ws_nhk/install/moveit_ros_planning/lib:/home/a/ws_nhk/install/moveit_ros_occupancy_map_monitor/lib:/home/a/ws_nhk/install/moveit_core/lib:/home/a/ws_nhk/install/srdfdom/lib:${LD_LIBRARY_PATH} PATH=/home/a/ws_nhk/install/moveit_core/bin:${PATH} PYTHONPATH=/home/a/ws_nhk/install/moveit_configs_utils/lib/python3.10/site-packages:/home/a/ws_nhk/install/srdfdom/local/lib/python3.10/dist-packages:/home/a/ws_nhk/install/launch_param_builder/lib/python3.10/site-packages:${PYTHONPATH} /usr/bin/cmake --install /home/a/ws_nhk/build/moveit_ros_benchmarks
