[0.093s] Invoking command in '/home/a/ws_nhk/build/moveit_resources_panda_description': CMAKE_PREFIX_PATH=${CMAKE_PREFIX_PATH}:/home/a/ws_nhk/install/moveit_configs_utils:/home/a/ws_nhk/install/launch_param_builder:/home/a/ws_nhk/install/dynamixel_controller_gui:/home/a/ws_nhk/install/dynamixel_controller_client:/opt/ros/humble /usr/bin/cmake --build /home/a/ws_nhk/build/moveit_resources_panda_description -- -j22 -l22
[0.944s] Invoked command in '/home/a/ws_nhk/build/moveit_resources_panda_description' returned '0': CMAKE_PREFIX_PATH=${CMAKE_PREFIX_PATH}:/home/a/ws_nhk/install/moveit_configs_utils:/home/a/ws_nhk/install/launch_param_builder:/home/a/ws_nhk/install/dynamixel_controller_gui:/home/a/ws_nhk/install/dynamixel_controller_client:/opt/ros/humble /usr/bin/cmake --build /home/a/ws_nhk/build/moveit_resources_panda_description -- -j22 -l22
[0.960s] Invoking command in '/home/a/ws_nhk/build/moveit_resources_panda_description': CMAKE_PREFIX_PATH=${CMAKE_PREFIX_PATH}:/home/a/ws_nhk/install/moveit_configs_utils:/home/a/ws_nhk/install/launch_param_builder:/home/a/ws_nhk/install/dynamixel_controller_gui:/home/a/ws_nhk/install/dynamixel_controller_client:/opt/ros/humble /usr/bin/cmake --install /home/a/ws_nhk/build/moveit_resources_panda_description
[0.991s] -- Install configuration: "Release"
[0.994s] -- Up-to-date: /home/a/ws_nhk/install/moveit_resources_panda_description/share/ament_index/resource_index/package_run_dependencies/moveit_resources_panda_description
[0.995s] -- Up-to-date: /home/a/ws_nhk/install/moveit_resources_panda_description/share/ament_index/resource_index/parent_prefix_path/moveit_resources_panda_description
[0.995s] -- Up-to-date: /home/a/ws_nhk/install/moveit_resources_panda_description/share/moveit_resources_panda_description/environment/ament_prefix_path.sh
[0.997s] -- Up-to-date: /home/a/ws_nhk/install/moveit_resources_panda_description/share/moveit_resources_panda_description/environment/ament_prefix_path.dsv
[0.998s] -- Up-to-date: /home/a/ws_nhk/install/moveit_resources_panda_description/share/moveit_resources_panda_description/environment/path.sh
[1.000s] -- Up-to-date: /home/a/ws_nhk/install/moveit_resources_panda_description/share/moveit_resources_panda_description/environment/path.dsv
[1.001s] -- Up-to-date: /home/a/ws_nhk/install/moveit_resources_panda_description/share/moveit_resources_panda_description/local_setup.bash
[1.001s] -- Up-to-date: /home/a/ws_nhk/install/moveit_resources_panda_description/share/moveit_resources_panda_description/local_setup.sh
[1.001s] -- Up-to-date: /home/a/ws_nhk/install/moveit_resources_panda_description/share/moveit_resources_panda_description/local_setup.zsh
[1.001s] -- Up-to-date: /home/a/ws_nhk/install/moveit_resources_panda_description/share/moveit_resources_panda_description/local_setup.dsv
[1.001s] -- Installing: /home/a/ws_nhk/install/moveit_resources_panda_description/share/moveit_resources_panda_description/package.dsv
[1.001s] -- Up-to-date: /home/a/ws_nhk/install/moveit_resources_panda_description/share/ament_index/resource_index/packages/moveit_resources_panda_description
[1.001s] -- Up-to-date: /home/a/ws_nhk/install/moveit_resources_panda_description/share/moveit_resources_panda_description/cmake/moveit_resources_panda_descriptionConfig.cmake
[1.002s] -- Up-to-date: /home/a/ws_nhk/install/moveit_resources_panda_description/share/moveit_resources_panda_description/cmake/moveit_resources_panda_descriptionConfig-version.cmake
[1.002s] -- Up-to-date: /home/a/ws_nhk/install/moveit_resources_panda_description/share/moveit_resources_panda_description/package.xml
[1.002s] -- Up-to-date: /home/a/ws_nhk/install/moveit_resources_panda_description/share/moveit_resources_panda_description/meshes
[1.002s] -- Up-to-date: /home/a/ws_nhk/install/moveit_resources_panda_description/share/moveit_resources_panda_description/meshes/collision
[1.002s] -- Up-to-date: /home/a/ws_nhk/install/moveit_resources_panda_description/share/moveit_resources_panda_description/meshes/collision/link3.stl
[1.003s] -- Up-to-date: /home/a/ws_nhk/install/moveit_resources_panda_description/share/moveit_resources_panda_description/meshes/collision/link4.stl
[1.003s] -- Up-to-date: /home/a/ws_nhk/install/moveit_resources_panda_description/share/moveit_resources_panda_description/meshes/collision/finger.stl
[1.003s] -- Up-to-date: /home/a/ws_nhk/install/moveit_resources_panda_description/share/moveit_resources_panda_description/meshes/collision/link5.stl
[1.003s] -- Up-to-date: /home/a/ws_nhk/install/moveit_resources_panda_description/share/moveit_resources_panda_description/meshes/collision/link7.stl
[1.003s] -- Up-to-date: /home/a/ws_nhk/install/moveit_resources_panda_description/share/moveit_resources_panda_description/meshes/collision/link6.stl
[1.004s] -- Up-to-date: /home/a/ws_nhk/install/moveit_resources_panda_description/share/moveit_resources_panda_description/meshes/collision/link2.stl
[1.004s] -- Up-to-date: /home/a/ws_nhk/install/moveit_resources_panda_description/share/moveit_resources_panda_description/meshes/collision/hand.stl
[1.004s] -- Up-to-date: /home/a/ws_nhk/install/moveit_resources_panda_description/share/moveit_resources_panda_description/meshes/collision/link1.stl
[1.004s] -- Up-to-date: /home/a/ws_nhk/install/moveit_resources_panda_description/share/moveit_resources_panda_description/meshes/collision/link0.stl
[1.004s] -- Up-to-date: /home/a/ws_nhk/install/moveit_resources_panda_description/share/moveit_resources_panda_description/meshes/visual
[1.005s] -- Up-to-date: /home/a/ws_nhk/install/moveit_resources_panda_description/share/moveit_resources_panda_description/meshes/visual/link7.dae
[1.006s] -- Up-to-date: /home/a/ws_nhk/install/moveit_resources_panda_description/share/moveit_resources_panda_description/meshes/visual/link0.dae
[1.007s] -- Up-to-date: /home/a/ws_nhk/install/moveit_resources_panda_description/share/moveit_resources_panda_description/meshes/visual/finger.dae
[1.007s] -- Up-to-date: /home/a/ws_nhk/install/moveit_resources_panda_description/share/moveit_resources_panda_description/meshes/visual/link6.dae
[1.007s] -- Up-to-date: /home/a/ws_nhk/install/moveit_resources_panda_description/share/moveit_resources_panda_description/meshes/visual/link5.dae
[1.007s] -- Up-to-date: /home/a/ws_nhk/install/moveit_resources_panda_description/share/moveit_resources_panda_description/meshes/visual/link3.dae
[1.007s] -- Up-to-date: /home/a/ws_nhk/install/moveit_resources_panda_description/share/moveit_resources_panda_description/meshes/visual/link2.dae
[1.008s] -- Up-to-date: /home/a/ws_nhk/install/moveit_resources_panda_description/share/moveit_resources_panda_description/meshes/visual/link1.dae
[1.008s] -- Up-to-date: /home/a/ws_nhk/install/moveit_resources_panda_description/share/moveit_resources_panda_description/meshes/visual/link4.dae
[1.009s] -- Up-to-date: /home/a/ws_nhk/install/moveit_resources_panda_description/share/moveit_resources_panda_description/meshes/visual/hand.dae
[1.009s] -- Up-to-date: /home/a/ws_nhk/install/moveit_resources_panda_description/share/moveit_resources_panda_description/urdf
[1.009s] -- Up-to-date: /home/a/ws_nhk/install/moveit_resources_panda_description/share/moveit_resources_panda_description/urdf/panda.urdf
[1.100s] Invoked command in '/home/a/ws_nhk/build/moveit_resources_panda_description' returned '0': CMAKE_PREFIX_PATH=${CMAKE_PREFIX_PATH}:/home/a/ws_nhk/install/moveit_configs_utils:/home/a/ws_nhk/install/launch_param_builder:/home/a/ws_nhk/install/dynamixel_controller_gui:/home/a/ws_nhk/install/dynamixel_controller_client:/opt/ros/humble /usr/bin/cmake --install /home/a/ws_nhk/build/moveit_resources_panda_description
