[0.467s] Invoking command in '/home/a/ws_nhk/src/r2_odrive': PYTHONPATH=/home/a/ws_nhk/build/r2_odrive/prefix_override:/usr/lib/python3/dist-packages/colcon_core/task/python/colcon_distutils_commands:/home/a/ws_nhk/install/r2_odrive/lib/python3.10/site-packages:${PYTHONPATH} /usr/bin/python3 -W ignore:setup.py install is deprecated -W ignore:easy_install command is deprecated setup.py egg_info --egg-base ../../build/r2_odrive build --build-base /home/a/ws_nhk/build/r2_odrive/build install --record /home/a/ws_nhk/build/r2_odrive/install.log --single-version-externally-managed install_data
[0.651s] running egg_info
[0.652s] writing ../../build/r2_odrive/r2_odrive.egg-info/PKG-INFO
[0.652s] writing dependency_links to ../../build/r2_odrive/r2_odrive.egg-info/dependency_links.txt
[0.652s] writing entry points to ../../build/r2_odrive/r2_odrive.egg-info/entry_points.txt
[0.652s] writing requirements to ../../build/r2_odrive/r2_odrive.egg-info/requires.txt
[0.652s] writing top-level names to ../../build/r2_odrive/r2_odrive.egg-info/top_level.txt
[0.653s] reading manifest file '../../build/r2_odrive/r2_odrive.egg-info/SOURCES.txt'
[0.653s] adding license file 'LICENSE'
[0.654s] writing manifest file '../../build/r2_odrive/r2_odrive.egg-info/SOURCES.txt'
[0.654s] running build
[0.654s] running build_py
[0.654s] copying r2_odrive/odrive_controller_node.py -> /home/a/ws_nhk/build/r2_odrive/build/lib/r2_odrive
[0.654s] running install
[0.654s] running install_lib
[0.655s] copying /home/a/ws_nhk/build/r2_odrive/build/lib/r2_odrive/odrive_controller_node.py -> /home/a/ws_nhk/install/r2_odrive/lib/python3.10/site-packages/r2_odrive
[0.655s] byte-compiling /home/a/ws_nhk/install/r2_odrive/lib/python3.10/site-packages/r2_odrive/odrive_controller_node.py to odrive_controller_node.cpython-310.pyc
[0.657s] running install_data
[0.657s] running install_egg_info
[0.658s] removing '/home/a/ws_nhk/install/r2_odrive/lib/python3.10/site-packages/r2_odrive-0.0.0-py3.10.egg-info' (and everything under it)
[0.658s] Copying ../../build/r2_odrive/r2_odrive.egg-info to /home/a/ws_nhk/install/r2_odrive/lib/python3.10/site-packages/r2_odrive-0.0.0-py3.10.egg-info
[0.659s] running install_scripts
[0.672s] Installing odrive_controller_node script to /home/a/ws_nhk/install/r2_odrive/lib/r2_odrive
[0.672s] writing list of installed files to '/home/a/ws_nhk/build/r2_odrive/install.log'
[0.685s] Invoked command in '/home/a/ws_nhk/src/r2_odrive' returned '0': PYTHONPATH=/home/a/ws_nhk/build/r2_odrive/prefix_override:/usr/lib/python3/dist-packages/colcon_core/task/python/colcon_distutils_commands:/home/a/ws_nhk/install/r2_odrive/lib/python3.10/site-packages:${PYTHONPATH} /usr/bin/python3 -W ignore:setup.py install is deprecated -W ignore:easy_install command is deprecated setup.py egg_info --egg-base ../../build/r2_odrive build --build-base /home/a/ws_nhk/build/r2_odrive/build install --record /home/a/ws_nhk/build/r2_odrive/install.log --single-version-externally-managed install_data
