[0.050s] Invoking command in '/home/a/ws_nhk/build/moveit_ros_robot_interaction': AMENT_PREFIX_PATH=/home/a/ws_nhk/install/moveit_ros_planning:/home/a/ws_nhk/install/moveit_ros_occupancy_map_monitor:/home/a/ws_nhk/install/moveit_core:/home/a/ws_nhk/install/moveit_resources_panda_moveit_config:/home/a/ws_nhk/install/moveit_configs_utils:/home/a/ws_nhk/install/srdfdom:/home/a/ws_nhk/install/moveit_resources_pr2_description:/home/a/ws_nhk/install/moveit_resources_panda_description:/home/a/ws_nhk/install/moveit_common:/home/a/ws_nhk/install/launch_param_builder:${AMENT_PREFIX_PATH} CMAKE_PREFIX_PATH=/home/a/ws_nhk/install/moveit_ros_planning:/home/a/ws_nhk/install/moveit_ros_occupancy_map_monitor:/home/a/ws_nhk/install/moveit_core:/home/a/ws_nhk/install/moveit_resources_panda_moveit_config:/home/a/ws_nhk/install/srdfdom:/home/a/ws_nhk/install/moveit_resources_pr2_description:/home/a/ws_nhk/install/moveit_resources_panda_description:/home/a/ws_nhk/install/moveit_common:/home/a/install/field_description_test:/opt/ros/humble LD_LIBRARY_PATH=/home/a/ws_nhk/install/moveit_ros_planning/lib:/home/a/ws_nhk/install/moveit_ros_occupancy_map_monitor/lib:/home/a/ws_nhk/install/moveit_core/lib:/home/a/ws_nhk/install/srdfdom/lib:${LD_LIBRARY_PATH} PATH=/home/a/ws_nhk/install/moveit_core/bin:${PATH} PYTHONPATH=/home/a/ws_nhk/install/moveit_configs_utils/lib/python3.10/site-packages:/home/a/ws_nhk/install/srdfdom/local/lib/python3.10/dist-packages:/home/a/ws_nhk/install/launch_param_builder/lib/python3.10/site-packages:${PYTHONPATH} /usr/bin/cmake --build /home/a/ws_nhk/build/moveit_ros_robot_interaction -- -j22 -l22
[0.151s] [ 15%] Built target gtest_main
[0.151s] [ 30%] Built target gtest
[0.174s] [35m[1mConsolidate compiler generated dependencies of target moveit_robot_interaction[0m
[0.256s] [ 84%] Built target moveit_robot_interaction
[0.292s] [35m[1mConsolidate compiler generated dependencies of target locked_robot_state_test[0m
[0.334s] [100%] Built target locked_robot_state_test
[0.361s] Invoked command in '/home/a/ws_nhk/build/moveit_ros_robot_interaction' returned '0': AMENT_PREFIX_PATH=/home/a/ws_nhk/install/moveit_ros_planning:/home/a/ws_nhk/install/moveit_ros_occupancy_map_monitor:/home/a/ws_nhk/install/moveit_core:/home/a/ws_nhk/install/moveit_resources_panda_moveit_config:/home/a/ws_nhk/install/moveit_configs_utils:/home/a/ws_nhk/install/srdfdom:/home/a/ws_nhk/install/moveit_resources_pr2_description:/home/a/ws_nhk/install/moveit_resources_panda_description:/home/a/ws_nhk/install/moveit_common:/home/a/ws_nhk/install/launch_param_builder:${AMENT_PREFIX_PATH} CMAKE_PREFIX_PATH=/home/a/ws_nhk/install/moveit_ros_planning:/home/a/ws_nhk/install/moveit_ros_occupancy_map_monitor:/home/a/ws_nhk/install/moveit_core:/home/a/ws_nhk/install/moveit_resources_panda_moveit_config:/home/a/ws_nhk/install/srdfdom:/home/a/ws_nhk/install/moveit_resources_pr2_description:/home/a/ws_nhk/install/moveit_resources_panda_description:/home/a/ws_nhk/install/moveit_common:/home/a/install/field_description_test:/opt/ros/humble LD_LIBRARY_PATH=/home/a/ws_nhk/install/moveit_ros_planning/lib:/home/a/ws_nhk/install/moveit_ros_occupancy_map_monitor/lib:/home/a/ws_nhk/install/moveit_core/lib:/home/a/ws_nhk/install/srdfdom/lib:${LD_LIBRARY_PATH} PATH=/home/a/ws_nhk/install/moveit_core/bin:${PATH} PYTHONPATH=/home/a/ws_nhk/install/moveit_configs_utils/lib/python3.10/site-packages:/home/a/ws_nhk/install/srdfdom/local/lib/python3.10/dist-packages:/home/a/ws_nhk/install/launch_param_builder/lib/python3.10/site-packages:${PYTHONPATH} /usr/bin/cmake --build /home/a/ws_nhk/build/moveit_ros_robot_interaction -- -j22 -l22
[0.370s] Invoking command in '/home/a/ws_nhk/build/moveit_ros_robot_interaction': AMENT_PREFIX_PATH=/home/a/ws_nhk/install/moveit_ros_planning:/home/a/ws_nhk/install/moveit_ros_occupancy_map_monitor:/home/a/ws_nhk/install/moveit_core:/home/a/ws_nhk/install/moveit_resources_panda_moveit_config:/home/a/ws_nhk/install/moveit_configs_utils:/home/a/ws_nhk/install/srdfdom:/home/a/ws_nhk/install/moveit_resources_pr2_description:/home/a/ws_nhk/install/moveit_resources_panda_description:/home/a/ws_nhk/install/moveit_common:/home/a/ws_nhk/install/launch_param_builder:${AMENT_PREFIX_PATH} CMAKE_PREFIX_PATH=/home/a/ws_nhk/install/moveit_ros_planning:/home/a/ws_nhk/install/moveit_ros_occupancy_map_monitor:/home/a/ws_nhk/install/moveit_core:/home/a/ws_nhk/install/moveit_resources_panda_moveit_config:/home/a/ws_nhk/install/srdfdom:/home/a/ws_nhk/install/moveit_resources_pr2_description:/home/a/ws_nhk/install/moveit_resources_panda_description:/home/a/ws_nhk/install/moveit_common:/home/a/install/field_description_test:/opt/ros/humble LD_LIBRARY_PATH=/home/a/ws_nhk/install/moveit_ros_planning/lib:/home/a/ws_nhk/install/moveit_ros_occupancy_map_monitor/lib:/home/a/ws_nhk/install/moveit_core/lib:/home/a/ws_nhk/install/srdfdom/lib:${LD_LIBRARY_PATH} PATH=/home/a/ws_nhk/install/moveit_core/bin:${PATH} PYTHONPATH=/home/a/ws_nhk/install/moveit_configs_utils/lib/python3.10/site-packages:/home/a/ws_nhk/install/srdfdom/local/lib/python3.10/dist-packages:/home/a/ws_nhk/install/launch_param_builder/lib/python3.10/site-packages:${PYTHONPATH} /usr/bin/cmake --install /home/a/ws_nhk/build/moveit_ros_robot_interaction
[0.387s] -- Install configuration: "Release"
[0.389s] -- Up-to-date: /home/a/ws_nhk/install/moveit_ros_robot_interaction/lib/libmoveit_robot_interaction.so.2.5.9
[0.389s] -- Up-to-date: /home/a/ws_nhk/install/moveit_ros_robot_interaction/lib/libmoveit_robot_interaction.so
[0.390s] -- Up-to-date: /home/a/ws_nhk/install/moveit_ros_robot_interaction/include
[0.390s] -- Up-to-date: /home/a/ws_nhk/install/moveit_ros_robot_interaction/include/moveit
[0.391s] -- Up-to-date: /home/a/ws_nhk/install/moveit_ros_robot_interaction/include/moveit/robot_interaction
[0.391s] -- Up-to-date: /home/a/ws_nhk/install/moveit_ros_robot_interaction/include/moveit/robot_interaction/kinematic_options_map.h
[0.391s] -- Up-to-date: /home/a/ws_nhk/install/moveit_ros_robot_interaction/include/moveit/robot_interaction/locked_robot_state.h
[0.392s] -- Up-to-date: /home/a/ws_nhk/install/moveit_ros_robot_interaction/include/moveit/robot_interaction/kinematic_options.h
[0.392s] -- Up-to-date: /home/a/ws_nhk/install/moveit_ros_robot_interaction/include/moveit/robot_interaction/interactive_marker_helpers.h
[0.393s] -- Up-to-date: /home/a/ws_nhk/install/moveit_ros_robot_interaction/include/moveit/robot_interaction/interaction.h
[0.393s] -- Up-to-date: /home/a/ws_nhk/install/moveit_ros_robot_interaction/include/moveit/robot_interaction/robot_interaction.h
[0.393s] -- Up-to-date: /home/a/ws_nhk/install/moveit_ros_robot_interaction/include/moveit/robot_interaction/interaction_handler.h
[0.394s] -- Up-to-date: /home/a/ws_nhk/install/moveit_ros_robot_interaction/include/moveit_robot_interaction_export.h
[0.394s] -- Up-to-date: /home/a/ws_nhk/install/moveit_ros_robot_interaction/share/moveit_ros_robot_interaction/resources
[0.394s] -- Up-to-date: /home/a/ws_nhk/install/moveit_ros_robot_interaction/share/moveit_ros_robot_interaction/resources/access-denied.dae
[0.394s] -- Up-to-date: /home/a/ws_nhk/install/moveit_ros_robot_interaction/share/moveit_ros_robot_interaction/resources/access-denied.stl
[0.395s] -- Up-to-date: /home/a/ws_nhk/install/moveit_ros_robot_interaction/share/moveit_ros_robot_interaction/environment/library_path.sh
[0.395s] -- Up-to-date: /home/a/ws_nhk/install/moveit_ros_robot_interaction/share/moveit_ros_robot_interaction/environment/library_path.dsv
[0.395s] -- Up-to-date: /home/a/ws_nhk/install/moveit_ros_robot_interaction/share/ament_index/resource_index/package_run_dependencies/moveit_ros_robot_interaction
[0.396s] -- Up-to-date: /home/a/ws_nhk/install/moveit_ros_robot_interaction/share/ament_index/resource_index/parent_prefix_path/moveit_ros_robot_interaction
[0.396s] -- Up-to-date: /home/a/ws_nhk/install/moveit_ros_robot_interaction/share/moveit_ros_robot_interaction/environment/ament_prefix_path.sh
[0.396s] -- Up-to-date: /home/a/ws_nhk/install/moveit_ros_robot_interaction/share/moveit_ros_robot_interaction/environment/ament_prefix_path.dsv
[0.396s] -- Up-to-date: /home/a/ws_nhk/install/moveit_ros_robot_interaction/share/moveit_ros_robot_interaction/environment/path.sh
[0.397s] -- Up-to-date: /home/a/ws_nhk/install/moveit_ros_robot_interaction/share/moveit_ros_robot_interaction/environment/path.dsv
[0.397s] -- Up-to-date: /home/a/ws_nhk/install/moveit_ros_robot_interaction/share/moveit_ros_robot_interaction/local_setup.bash
[0.397s] -- Up-to-date: /home/a/ws_nhk/install/moveit_ros_robot_interaction/share/moveit_ros_robot_interaction/local_setup.sh
[0.398s] -- Up-to-date: /home/a/ws_nhk/install/moveit_ros_robot_interaction/share/moveit_ros_robot_interaction/local_setup.zsh
[0.398s] -- Up-to-date: /home/a/ws_nhk/install/moveit_ros_robot_interaction/share/moveit_ros_robot_interaction/local_setup.dsv
[0.398s] -- Installing: /home/a/ws_nhk/install/moveit_ros_robot_interaction/share/moveit_ros_robot_interaction/package.dsv
[0.399s] -- Up-to-date: /home/a/ws_nhk/install/moveit_ros_robot_interaction/share/ament_index/resource_index/packages/moveit_ros_robot_interaction
[0.401s] -- Up-to-date: /home/a/ws_nhk/install/moveit_ros_robot_interaction/share/moveit_ros_robot_interaction/cmake/export_moveit_ros_robot_interactionExport.cmake
[0.403s] -- Up-to-date: /home/a/ws_nhk/install/moveit_ros_robot_interaction/share/moveit_ros_robot_interaction/cmake/export_moveit_ros_robot_interactionExport-release.cmake
[0.403s] -- Up-to-date: /home/a/ws_nhk/install/moveit_ros_robot_interaction/share/moveit_ros_robot_interaction/cmake/ament_cmake_export_targets-extras.cmake
[0.403s] -- Up-to-date: /home/a/ws_nhk/install/moveit_ros_robot_interaction/share/moveit_ros_robot_interaction/cmake/ament_cmake_export_dependencies-extras.cmake
[0.403s] -- Up-to-date: /home/a/ws_nhk/install/moveit_ros_robot_interaction/share/moveit_ros_robot_interaction/cmake/moveit_ros_robot_interactionConfig.cmake
[0.403s] -- Up-to-date: /home/a/ws_nhk/install/moveit_ros_robot_interaction/share/moveit_ros_robot_interaction/cmake/moveit_ros_robot_interactionConfig-version.cmake
[0.404s] -- Up-to-date: /home/a/ws_nhk/install/moveit_ros_robot_interaction/share/moveit_ros_robot_interaction/package.xml
[0.412s] Invoked command in '/home/a/ws_nhk/build/moveit_ros_robot_interaction' returned '0': AMENT_PREFIX_PATH=/home/a/ws_nhk/install/moveit_ros_planning:/home/a/ws_nhk/install/moveit_ros_occupancy_map_monitor:/home/a/ws_nhk/install/moveit_core:/home/a/ws_nhk/install/moveit_resources_panda_moveit_config:/home/a/ws_nhk/install/moveit_configs_utils:/home/a/ws_nhk/install/srdfdom:/home/a/ws_nhk/install/moveit_resources_pr2_description:/home/a/ws_nhk/install/moveit_resources_panda_description:/home/a/ws_nhk/install/moveit_common:/home/a/ws_nhk/install/launch_param_builder:${AMENT_PREFIX_PATH} CMAKE_PREFIX_PATH=/home/a/ws_nhk/install/moveit_ros_planning:/home/a/ws_nhk/install/moveit_ros_occupancy_map_monitor:/home/a/ws_nhk/install/moveit_core:/home/a/ws_nhk/install/moveit_resources_panda_moveit_config:/home/a/ws_nhk/install/srdfdom:/home/a/ws_nhk/install/moveit_resources_pr2_description:/home/a/ws_nhk/install/moveit_resources_panda_description:/home/a/ws_nhk/install/moveit_common:/home/a/install/field_description_test:/opt/ros/humble LD_LIBRARY_PATH=/home/a/ws_nhk/install/moveit_ros_planning/lib:/home/a/ws_nhk/install/moveit_ros_occupancy_map_monitor/lib:/home/a/ws_nhk/install/moveit_core/lib:/home/a/ws_nhk/install/srdfdom/lib:${LD_LIBRARY_PATH} PATH=/home/a/ws_nhk/install/moveit_core/bin:${PATH} PYTHONPATH=/home/a/ws_nhk/install/moveit_configs_utils/lib/python3.10/site-packages:/home/a/ws_nhk/install/srdfdom/local/lib/python3.10/dist-packages:/home/a/ws_nhk/install/launch_param_builder/lib/python3.10/site-packages:${PYTHONPATH} /usr/bin/cmake --install /home/a/ws_nhk/build/moveit_ros_robot_interaction
