[2.365s] Invoking command in '/home/a/ws_nhk/src/launch_param_builder': PYTHONPATH=/home/a/ws_nhk/build/launch_param_builder/prefix_override:/usr/lib/python3/dist-packages/colcon_core/task/python/colcon_distutils_commands:/home/a/ws_nhk/install/launch_param_builder/lib/python3.10/site-packages:${PYTHONPATH} /usr/bin/python3 -W ignore:setup.py install is deprecated -W ignore:easy_install command is deprecated setup.py egg_info --egg-base ../../build/launch_param_builder build --build-base /home/a/ws_nhk/build/launch_param_builder/build install --record /home/a/ws_nhk/build/launch_param_builder/install.log --single-version-externally-managed install_data
[3.045s] running egg_info
[3.047s] writing ../../build/launch_param_builder/launch_param_builder.egg-info/PKG-INFO
[3.048s] writing dependency_links to ../../build/launch_param_builder/launch_param_builder.egg-info/dependency_links.txt
[3.049s] writing entry points to ../../build/launch_param_builder/launch_param_builder.egg-info/entry_points.txt
[3.049s] writing requirements to ../../build/launch_param_builder/launch_param_builder.egg-info/requires.txt
[3.050s] writing top-level names to ../../build/launch_param_builder/launch_param_builder.egg-info/top_level.txt
[3.056s] reading manifest file '../../build/launch_param_builder/launch_param_builder.egg-info/SOURCES.txt'
[3.057s] adding license file 'LICENSE'
[3.060s] writing manifest file '../../build/launch_param_builder/launch_param_builder.egg-info/SOURCES.txt'
[3.061s] running build
[3.061s] running build_py
[3.062s] running install
[3.064s] running install_lib
[3.069s] running install_data
[3.071s] running install_egg_info
[3.077s] removing '/home/a/ws_nhk/install/launch_param_builder/lib/python3.10/site-packages/launch_param_builder-0.1.1-py3.10.egg-info' (and everything under it)
[3.078s] Copying ../../build/launch_param_builder/launch_param_builder.egg-info to /home/a/ws_nhk/install/launch_param_builder/lib/python3.10/site-packages/launch_param_builder-0.1.1-py3.10.egg-info
[3.080s] running install_scripts
[3.158s] writing list of installed files to '/home/a/ws_nhk/build/launch_param_builder/install.log'
[3.899s] Invoked command in '/home/a/ws_nhk/src/launch_param_builder' returned '0': PYTHONPATH=/home/a/ws_nhk/build/launch_param_builder/prefix_override:/usr/lib/python3/dist-packages/colcon_core/task/python/colcon_distutils_commands:/home/a/ws_nhk/install/launch_param_builder/lib/python3.10/site-packages:${PYTHONPATH} /usr/bin/python3 -W ignore:setup.py install is deprecated -W ignore:easy_install command is deprecated setup.py egg_info --egg-base ../../build/launch_param_builder build --build-base /home/a/ws_nhk/build/launch_param_builder/build install --record /home/a/ws_nhk/build/launch_param_builder/install.log --single-version-externally-managed install_data
