[0.394s] Invoking command in '/home/a/ws_nhk/build/nhk_bt': CMAKE_PREFIX_PATH=${CMAKE_PREFIX_PATH}:/opt/ros/humble /usr/bin/cmake /home/a/ws_nhk/nhk_bt -DCMAKE_INSTALL_PREFIX=/home/a/ws_nhk/install/nhk_bt
[0.485s] -- The C compiler identification is GNU 11.4.0
[0.539s] -- The CXX compiler identification is GNU 11.4.0
[0.549s] -- Detecting C compiler ABI info
[0.627s] -- Detecting C compiler ABI info - done
[0.630s] -- Check for working C compiler: /usr/bin/cc - skipped
[0.630s] -- Detecting C compile features
[0.631s] -- Detecting C compile features - done
[0.632s] -- Detecting CXX compiler ABI info
[0.684s] -- Detecting CXX compiler ABI info - done
[0.692s] -- Check for working CXX compiler: /usr/bin/c++ - skipped
[0.693s] -- Detecting CXX compile features
[0.693s] -- Detecting CXX compile features - done
[0.698s] -- Found ament_cmake: 1.3.12 (/opt/ros/humble/share/ament_cmake/cmake)
[0.831s] -- Found Python3: /usr/bin/python3 (found version "3.10.12") found components: Interpreter 
[0.923s] -- Found ament_lint_auto: 0.12.14 (/opt/ros/humble/share/ament_lint_auto/cmake)
[1.014s] -- Added test 'lint_cmake' to check CMake code style
[1.016s] -- Added test 'xmllint' to check XML markup files
[1.017s] -- Configuring done
[1.020s] -- Generating done
[1.022s] -- Build files have been written to: /home/a/ws_nhk/build/nhk_bt
[1.166s] Invoked command in '/home/a/ws_nhk/build/nhk_bt' returned '0': CMAKE_PREFIX_PATH=${CMAKE_PREFIX_PATH}:/opt/ros/humble /usr/bin/cmake /home/a/ws_nhk/nhk_bt -DCMAKE_INSTALL_PREFIX=/home/a/ws_nhk/install/nhk_bt
[1.166s] Invoking command in '/home/a/ws_nhk/build/nhk_bt': CMAKE_PREFIX_PATH=${CMAKE_PREFIX_PATH}:/opt/ros/humble /usr/bin/cmake --build /home/a/ws_nhk/build/nhk_bt -- -j22 -l22
[1.204s] Invoked command in '/home/a/ws_nhk/build/nhk_bt' returned '0': CMAKE_PREFIX_PATH=${CMAKE_PREFIX_PATH}:/opt/ros/humble /usr/bin/cmake --build /home/a/ws_nhk/build/nhk_bt -- -j22 -l22
[1.205s] Invoking command in '/home/a/ws_nhk/build/nhk_bt': CMAKE_PREFIX_PATH=${CMAKE_PREFIX_PATH}:/opt/ros/humble /usr/bin/cmake --install /home/a/ws_nhk/build/nhk_bt
[1.212s] -- Install configuration: ""
[1.212s] -- Installing: /home/a/ws_nhk/install/nhk_bt/share/ament_index/resource_index/package_run_dependencies/nhk_bt
[1.212s] -- Installing: /home/a/ws_nhk/install/nhk_bt/share/ament_index/resource_index/parent_prefix_path/nhk_bt
[1.212s] -- Installing: /home/a/ws_nhk/install/nhk_bt/share/nhk_bt/environment/ament_prefix_path.sh
[1.212s] -- Installing: /home/a/ws_nhk/install/nhk_bt/share/nhk_bt/environment/ament_prefix_path.dsv
[1.212s] -- Installing: /home/a/ws_nhk/install/nhk_bt/share/nhk_bt/environment/path.sh
[1.212s] -- Installing: /home/a/ws_nhk/install/nhk_bt/share/nhk_bt/environment/path.dsv
[1.212s] -- Installing: /home/a/ws_nhk/install/nhk_bt/share/nhk_bt/local_setup.bash
[1.212s] -- Installing: /home/a/ws_nhk/install/nhk_bt/share/nhk_bt/local_setup.sh
[1.213s] -- Installing: /home/a/ws_nhk/install/nhk_bt/share/nhk_bt/local_setup.zsh
[1.213s] -- Installing: /home/a/ws_nhk/install/nhk_bt/share/nhk_bt/local_setup.dsv
[1.213s] -- Installing: /home/a/ws_nhk/install/nhk_bt/share/nhk_bt/package.dsv
[1.213s] -- Installing: /home/a/ws_nhk/install/nhk_bt/share/ament_index/resource_index/packages/nhk_bt
[1.213s] -- Installing: /home/a/ws_nhk/install/nhk_bt/share/nhk_bt/cmake/nhk_btConfig.cmake
[1.213s] -- Installing: /home/a/ws_nhk/install/nhk_bt/share/nhk_bt/cmake/nhk_btConfig-version.cmake
[1.213s] -- Installing: /home/a/ws_nhk/install/nhk_bt/share/nhk_bt/package.xml
[1.413s] Invoked command in '/home/a/ws_nhk/build/nhk_bt' returned '0': CMAKE_PREFIX_PATH=${CMAKE_PREFIX_PATH}:/opt/ros/humble /usr/bin/cmake --install /home/a/ws_nhk/build/nhk_bt
