[0.153s] Invoking command in '/home/a/ws_nhk/build/srdfdom': CMAKE_PREFIX_PATH=${CMAKE_PREFIX_PATH}:/home/a/ws_nhk/install/ikeyaMD_wizard:/home/a/ws_nhk/install/moveit_configs_utils:/home/a/ws_nhk/install/rogidrive:/home/a/ws_nhk/install/launch_param_builder:/home/a/ws_nhk/install/dynamixel_controller_gui:/home/a/ws_nhk/install/dynamixel_controller_client:/opt/ros/humble /usr/bin/cmake /home/a/ws_nhk/src/srdfdom -DCMAKE_INSTALL_PREFIX=/home/a/ws_nhk/install/srdfdom
[1.484s] -- Found ament_cmake: 1.3.12 (/opt/ros/humble/share/ament_cmake/cmake)
[1.485s] -- Found urdf: 2.6.1 (/opt/ros/humble/share/urdf/cmake)
[1.486s] -- Found TinyXML2 via Config file: TinyXML2_DIR-NOTFOUND
[1.487s] -- Found ament_cmake_gtest: 1.3.12 (/opt/ros/humble/share/ament_cmake_gtest/cmake)
[1.487s] -- Found ament_cmake_pytest: 1.3.12 (/opt/ros/humble/share/ament_cmake_pytest/cmake)
[1.487s] -- Found gtest sources under '/opt/ros/humble/src/gtest_vendor': C++ tests using 'Google Test' will be built
[1.487s] -- Found ament_lint_auto: 0.12.14 (/opt/ros/humble/share/ament_lint_auto/cmake)
[1.487s] -- Configuring done
[1.487s] -- Generating done
[1.487s] -- Build files have been written to: /home/a/ws_nhk/build/srdfdom
[1.635s] Invoked command in '/home/a/ws_nhk/build/srdfdom' returned '0': CMAKE_PREFIX_PATH=${CMAKE_PREFIX_PATH}:/home/a/ws_nhk/install/ikeyaMD_wizard:/home/a/ws_nhk/install/moveit_configs_utils:/home/a/ws_nhk/install/rogidrive:/home/a/ws_nhk/install/launch_param_builder:/home/a/ws_nhk/install/dynamixel_controller_gui:/home/a/ws_nhk/install/dynamixel_controller_client:/opt/ros/humble /usr/bin/cmake /home/a/ws_nhk/src/srdfdom -DCMAKE_INSTALL_PREFIX=/home/a/ws_nhk/install/srdfdom
[1.636s] Invoking command in '/home/a/ws_nhk/build/srdfdom': CMAKE_PREFIX_PATH=${CMAKE_PREFIX_PATH}:/home/a/ws_nhk/install/ikeyaMD_wizard:/home/a/ws_nhk/install/moveit_configs_utils:/home/a/ws_nhk/install/rogidrive:/home/a/ws_nhk/install/launch_param_builder:/home/a/ws_nhk/install/dynamixel_controller_gui:/home/a/ws_nhk/install/dynamixel_controller_client:/opt/ros/humble /usr/bin/cmake --build /home/a/ws_nhk/build/srdfdom -- -j22 -l22
[1.812s] [35m[1mConsolidate compiler generated dependencies of target gtest[0m
[1.813s] [35m[1mConsolidate compiler generated dependencies of target srdfdom[0m
[1.824s] [35m[1mConsolidate compiler generated dependencies of target gtest_main[0m
[2.243s] [ 18%] Built target gtest_main
[2.244s] [ 36%] Built target gtest
[2.249s] [ 63%] Built target ament_cmake_python_copy_srdfdom
[2.251s] [ 63%] Built target srdfdom
[2.310s] [35m[1mConsolidate compiler generated dependencies of target test_cpp_C[0m
[2.311s] [35m[1mConsolidate compiler generated dependencies of target test_cpp_nl_NL.UTF-8[0m
[2.311s] [ 81%] Built target test_cpp_C
[2.311s] [100%] Built target test_cpp_nl_NL.UTF-8
[3.471s] running egg_info
[3.476s] writing srdfdom.egg-info/PKG-INFO
[3.476s] writing dependency_links to srdfdom.egg-info/dependency_links.txt
[3.477s] writing top-level names to srdfdom.egg-info/top_level.txt
[3.485s] reading manifest file 'srdfdom.egg-info/SOURCES.txt'
[3.491s] writing manifest file 'srdfdom.egg-info/SOURCES.txt'
[3.615s] [100%] Built target ament_cmake_python_build_srdfdom_egg
[3.685s] Invoked command in '/home/a/ws_nhk/build/srdfdom' returned '0': CMAKE_PREFIX_PATH=${CMAKE_PREFIX_PATH}:/home/a/ws_nhk/install/ikeyaMD_wizard:/home/a/ws_nhk/install/moveit_configs_utils:/home/a/ws_nhk/install/rogidrive:/home/a/ws_nhk/install/launch_param_builder:/home/a/ws_nhk/install/dynamixel_controller_gui:/home/a/ws_nhk/install/dynamixel_controller_client:/opt/ros/humble /usr/bin/cmake --build /home/a/ws_nhk/build/srdfdom -- -j22 -l22
[3.693s] Invoking command in '/home/a/ws_nhk/build/srdfdom': CMAKE_PREFIX_PATH=${CMAKE_PREFIX_PATH}:/home/a/ws_nhk/install/ikeyaMD_wizard:/home/a/ws_nhk/install/moveit_configs_utils:/home/a/ws_nhk/install/rogidrive:/home/a/ws_nhk/install/launch_param_builder:/home/a/ws_nhk/install/dynamixel_controller_gui:/home/a/ws_nhk/install/dynamixel_controller_client:/opt/ros/humble /usr/bin/cmake --install /home/a/ws_nhk/build/srdfdom
[3.733s] -- Install configuration: "Release"
[3.733s] -- Up-to-date: /home/a/ws_nhk/install/srdfdom/lib/libsrdfdom.so.2.0.8
[3.734s] -- Up-to-date: /home/a/ws_nhk/install/srdfdom/lib/libsrdfdom.so
[3.735s] -- Up-to-date: /home/a/ws_nhk/install/srdfdom/include/srdfdom
[3.735s] -- Up-to-date: /home/a/ws_nhk/install/srdfdom/include/srdfdom/srdfdom
[3.736s] -- Up-to-date: /home/a/ws_nhk/install/srdfdom/include/srdfdom/srdfdom/srdf_writer.h
[3.736s] -- Up-to-date: /home/a/ws_nhk/install/srdfdom/include/srdfdom/srdfdom/model.h
[3.737s] -- Up-to-date: /home/a/ws_nhk/install/srdfdom/include/srdfdom/srdfdom/visibility_control.h
[3.738s] -- Up-to-date: /home/a/ws_nhk/install/srdfdom/lib/srdfdom/display_srdf
[3.738s] -- Up-to-date: /home/a/ws_nhk/install/srdfdom/share/srdfdom/environment/pythonpath.sh
[3.738s] -- Installing: /home/a/ws_nhk/install/srdfdom/share/srdfdom/environment/pythonpath.dsv
[3.739s] -- Up-to-date: /home/a/ws_nhk/install/srdfdom/local/lib/python3.10/dist-packages/srdfdom-2.0.8-py3.10.egg-info
[3.739s] -- Installing: /home/a/ws_nhk/install/srdfdom/local/lib/python3.10/dist-packages/srdfdom-2.0.8-py3.10.egg-info/top_level.txt
[3.739s] -- Installing: /home/a/ws_nhk/install/srdfdom/local/lib/python3.10/dist-packages/srdfdom-2.0.8-py3.10.egg-info/SOURCES.txt
[3.740s] -- Installing: /home/a/ws_nhk/install/srdfdom/local/lib/python3.10/dist-packages/srdfdom-2.0.8-py3.10.egg-info/PKG-INFO
[3.740s] -- Installing: /home/a/ws_nhk/install/srdfdom/local/lib/python3.10/dist-packages/srdfdom-2.0.8-py3.10.egg-info/dependency_links.txt
[3.740s] -- Up-to-date: /home/a/ws_nhk/install/srdfdom/local/lib/python3.10/dist-packages/srdfdom
[3.741s] -- Up-to-date: /home/a/ws_nhk/install/srdfdom/local/lib/python3.10/dist-packages/srdfdom/srdf.py
[3.741s] -- Up-to-date: /home/a/ws_nhk/install/srdfdom/local/lib/python3.10/dist-packages/srdfdom/__init__.py
[3.955s] Listing '/home/a/ws_nhk/install/srdfdom/local/lib/python3.10/dist-packages/srdfdom'...
[3.987s] -- Up-to-date: /home/a/ws_nhk/install/srdfdom/share/srdfdom/environment/library_path.sh
[3.988s] -- Installing: /home/a/ws_nhk/install/srdfdom/share/srdfdom/environment/library_path.dsv
[3.989s] -- Up-to-date: /home/a/ws_nhk/install/srdfdom/share/ament_index/resource_index/package_run_dependencies/srdfdom
[3.990s] -- Installing: /home/a/ws_nhk/install/srdfdom/share/ament_index/resource_index/parent_prefix_path/srdfdom
[3.991s] -- Up-to-date: /home/a/ws_nhk/install/srdfdom/share/srdfdom/environment/ament_prefix_path.sh
[3.991s] -- Installing: /home/a/ws_nhk/install/srdfdom/share/srdfdom/environment/ament_prefix_path.dsv
[3.992s] -- Up-to-date: /home/a/ws_nhk/install/srdfdom/share/srdfdom/environment/path.sh
[3.993s] -- Installing: /home/a/ws_nhk/install/srdfdom/share/srdfdom/environment/path.dsv
[3.993s] -- Up-to-date: /home/a/ws_nhk/install/srdfdom/share/srdfdom/local_setup.bash
[3.993s] -- Up-to-date: /home/a/ws_nhk/install/srdfdom/share/srdfdom/local_setup.sh
[3.994s] -- Up-to-date: /home/a/ws_nhk/install/srdfdom/share/srdfdom/local_setup.zsh
[3.994s] -- Installing: /home/a/ws_nhk/install/srdfdom/share/srdfdom/local_setup.dsv
[3.995s] -- Installing: /home/a/ws_nhk/install/srdfdom/share/srdfdom/package.dsv
[3.995s] -- Up-to-date: /home/a/ws_nhk/install/srdfdom/share/ament_index/resource_index/packages/srdfdom
[3.996s] -- Up-to-date: /home/a/ws_nhk/install/srdfdom/share/srdfdom/cmake/srdfdomTargetsExport.cmake
[3.996s] -- Up-to-date: /home/a/ws_nhk/install/srdfdom/share/srdfdom/cmake/srdfdomTargetsExport-release.cmake
[3.996s] -- Up-to-date: /home/a/ws_nhk/install/srdfdom/share/srdfdom/cmake/ament_cmake_export_targets-extras.cmake
[3.997s] -- Up-to-date: /home/a/ws_nhk/install/srdfdom/share/srdfdom/cmake/ament_cmake_export_dependencies-extras.cmake
[3.997s] -- Up-to-date: /home/a/ws_nhk/install/srdfdom/share/srdfdom/cmake/srdfdomConfig.cmake
[3.997s] -- Up-to-date: /home/a/ws_nhk/install/srdfdom/share/srdfdom/cmake/srdfdomConfig-version.cmake
[3.998s] -- Up-to-date: /home/a/ws_nhk/install/srdfdom/share/srdfdom/package.xml
[4.011s] Invoked command in '/home/a/ws_nhk/build/srdfdom' returned '0': CMAKE_PREFIX_PATH=${CMAKE_PREFIX_PATH}:/home/a/ws_nhk/install/ikeyaMD_wizard:/home/a/ws_nhk/install/moveit_configs_utils:/home/a/ws_nhk/install/rogidrive:/home/a/ws_nhk/install/launch_param_builder:/home/a/ws_nhk/install/dynamixel_controller_gui:/home/a/ws_nhk/install/dynamixel_controller_client:/opt/ros/humble /usr/bin/cmake --install /home/a/ws_nhk/build/srdfdom
