[0.137s] Invoking command in '/home/a/ws_nhk/build/moveit_ros_move_group': AMENT_PREFIX_PATH=/home/a/ws_nhk/install/moveit_kinematics:/home/a/ws_nhk/install/trac_ik:/home/a/ws_nhk/install/moveit_ros_planning:/home/a/ws_nhk/install/trac_ik_kinematics_plugin:/home/a/ws_nhk/install/moveit_ros_occupancy_map_monitor:/home/a/ws_nhk/install/moveit_core:/home/a/ws_nhk/install/moveit_resources_panda_moveit_config:/home/a/ws_nhk/install/moveit_resources_fanuc_moveit_config:/home/a/ws_nhk/install/moveit_configs_utils:/home/a/ws_nhk/install/trac_ik_lib:/home/a/ws_nhk/install/srdfdom:/home/a/ws_nhk/install/moveit_resources_pr2_description:/home/a/ws_nhk/install/moveit_resources_panda_description:/home/a/ws_nhk/install/moveit_resources_fanuc_description:/home/a/ws_nhk/install/moveit_common:/home/a/ws_nhk/install/launch_param_builder:${AMENT_PREFIX_PATH} CMAKE_PREFIX_PATH=/home/a/ws_nhk/install/moveit_kinematics:/home/a/ws_nhk/install/trac_ik:/home/a/ws_nhk/install/moveit_ros_planning:/home/a/ws_nhk/install/trac_ik_kinematics_plugin:/home/a/ws_nhk/install/moveit_ros_occupancy_map_monitor:/home/a/ws_nhk/install/moveit_core:/home/a/ws_nhk/install/moveit_resources_panda_moveit_config:/home/a/ws_nhk/install/moveit_resources_fanuc_moveit_config:/home/a/ws_nhk/install/trac_ik_lib:/home/a/ws_nhk/install/srdfdom:/home/a/ws_nhk/install/moveit_resources_pr2_description:/home/a/ws_nhk/install/moveit_resources_panda_description:/home/a/ws_nhk/install/moveit_resources_fanuc_description:/home/a/ws_nhk/install/moveit_common:/home/a/install/field_description_test:/opt/ros/humble LD_LIBRARY_PATH=/home/a/ws_nhk/install/moveit_kinematics/lib:/home/a/ws_nhk/install/moveit_ros_planning/lib:/home/a/ws_nhk/install/trac_ik_kinematics_plugin/lib:/home/a/ws_nhk/install/moveit_ros_occupancy_map_monitor/lib:/home/a/ws_nhk/install/moveit_core/lib:/home/a/ws_nhk/install/trac_ik_lib/lib:/home/a/ws_nhk/install/srdfdom/lib:${LD_LIBRARY_PATH} PATH=/home/a/ws_nhk/install/moveit_core/bin:${PATH} PYTHONPATH=/home/a/ws_nhk/install/moveit_configs_utils/lib/python3.10/site-packages:/home/a/ws_nhk/install/srdfdom/local/lib/python3.10/dist-packages:/home/a/ws_nhk/install/launch_param_builder/lib/python3.10/site-packages:${PYTHONPATH} /usr/bin/cmake --build /home/a/ws_nhk/build/moveit_ros_move_group -- -j22 -l22
[0.246s] -- Found moveit_common: 2.5.9 (/home/a/ws_nhk/install/moveit_common/share/moveit_common/cmake)
[0.247s] -- Found ament_cmake: 1.3.12 (/opt/ros/humble/share/ament_cmake/cmake)
[1.062s] -- Found moveit_core: 2.5.9 (/home/a/ws_nhk/install/moveit_core/share/moveit_core/cmake)
[1.120s] -- Found Boost: /usr/lib/x86_64-linux-gnu/cmake/Boost-1.74.0/BoostConfig.cmake (found version "1.74.0") found components: chrono date_time filesystem iostreams program_options regex serialization system thread 
[1.253s] -- Found parameter_traits: 0.5.0 (/opt/ros/humble/share/parameter_traits/cmake)
[1.336s] -- Found rosidl_generator_c: 3.1.7 (/opt/ros/humble/share/rosidl_generator_c/cmake)
[1.345s] -- Found rosidl_adapter: 3.1.7 (/opt/ros/humble/share/rosidl_adapter/cmake)
[1.374s] -- Found rosidl_generator_cpp: 3.1.7 (/opt/ros/humble/share/rosidl_generator_cpp/cmake)
[1.416s] -- Using all available rosidl_typesupport_c: rosidl_typesupport_fastrtps_c;rosidl_typesupport_introspection_c
[1.461s] -- Using all available rosidl_typesupport_cpp: rosidl_typesupport_fastrtps_cpp;rosidl_typesupport_introspection_cpp
[1.572s] -- Found rmw_implementation_cmake: 6.1.2 (/opt/ros/humble/share/rmw_implementation_cmake/cmake)
[1.577s] -- Found rmw_fastrtps_cpp: 6.2.9 (/opt/ros/humble/share/rmw_fastrtps_cpp/cmake)
[1.901s] -- Using RMW implementation 'rmw_fastrtps_cpp' as default
[2.059s] -- Found rclcpp_lifecycle: 16.0.16 (/opt/ros/humble/share/rclcpp_lifecycle/cmake)
[2.111s] -- Found Boost: /usr/lib/x86_64-linux-gnu/cmake/Boost-1.74.0/BoostConfig.cmake (found version "1.74.0") found components: filesystem 
[2.234s] -- library: /usr/lib/x86_64-linux-gnu/libcurl.so
[2.397s] -- Ensuring Eigen3 include directory is part of orocos-kdl CMake target
[2.918s] -- Found moveit_ros_planning: 2.5.9 (/home/a/ws_nhk/install/moveit_ros_planning/share/moveit_ros_planning/cmake)
[2.932s] -- Found Boost: /usr/lib/x86_64-linux-gnu/cmake/Boost-1.74.0/BoostConfig.cmake (found version "1.74.0") found components: system filesystem date_time program_options thread chrono 
[2.996s] -- Found std_srvs: 4.9.0 (/opt/ros/humble/share/std_srvs/cmake)
[3.037s] -- Found Boost: /usr/lib/x86_64-linux-gnu/cmake/Boost-1.74.0/BoostConfig.cmake (found version "1.74.0") found components: system filesystem date_time program_options thread 
[3.117s] -- Found ament_lint_auto: 0.12.14 (/opt/ros/humble/share/ament_lint_auto/cmake)
[3.137s] -- Added test 'cppcheck' to perform static code analysis on C / C++ code
[3.139s] -- Configured cppcheck include dirs: /home/a/ws_nhk/src/moveit2/moveit_ros/move_group/include
[3.139s] -- Configured cppcheck exclude dirs and/or files: 
[3.140s] -- Added test 'lint_cmake' to check CMake code style
[3.141s] -- Added test 'pep257' to check Python code against some of the docstring style conventions in PEP 257
[3.142s] -- Added test 'xmllint' to check XML markup files
[3.147s] -- Configuring done
[3.299s] -- Generating done
[3.346s] -- Build files have been written to: /home/a/ws_nhk/build/moveit_ros_move_group
[3.425s] [35m[1mConsolidate compiler generated dependencies of target list_move_group_capabilities[0m
[3.430s] [35m[1mConsolidate compiler generated dependencies of target moveit_move_group_capabilities_base[0m
[3.488s] [  5%] [32mBuilding CXX object CMakeFiles/list_move_group_capabilities.dir/src/list_capabilities.cpp.o[0m
[3.498s] [ 10%] [32mBuilding CXX object CMakeFiles/moveit_move_group_capabilities_base.dir/src/move_group_context.cpp.o[0m
[3.505s] [ 15%] [32mBuilding CXX object CMakeFiles/moveit_move_group_capabilities_base.dir/src/move_group_capability.cpp.o[0m
[31.239s] [ 21%] [32m[1mLinking CXX shared library libmoveit_move_group_capabilities_base.so[0m
[31.640s] [ 21%] Built target moveit_move_group_capabilities_base
[31.666s] [35m[1mConsolidate compiler generated dependencies of target move_group[0m
[31.705s] [35m[1mConsolidate compiler generated dependencies of target moveit_move_group_default_capabilities[0m
[31.715s] [ 26%] [32mBuilding CXX object CMakeFiles/move_group.dir/src/move_group.cpp.o[0m
[31.837s] [ 31%] [32mBuilding CXX object CMakeFiles/moveit_move_group_default_capabilities.dir/src/default_capabilities/move_action_capability.cpp.o[0m
[31.838s] [ 36%] [32mBuilding CXX object CMakeFiles/moveit_move_group_default_capabilities.dir/src/default_capabilities/execute_trajectory_action_capability.cpp.o[0m
[31.840s] [ 42%] [32mBuilding CXX object CMakeFiles/moveit_move_group_default_capabilities.dir/src/default_capabilities/plan_service_capability.cpp.o[0m
[31.842s] [ 47%] [32mBuilding CXX object CMakeFiles/moveit_move_group_default_capabilities.dir/src/default_capabilities/query_planners_service_capability.cpp.o[0m
[31.850s] [ 52%] [32mBuilding CXX object CMakeFiles/moveit_move_group_default_capabilities.dir/src/default_capabilities/kinematics_service_capability.cpp.o[0m
[31.851s] [ 57%] [32mBuilding CXX object CMakeFiles/moveit_move_group_default_capabilities.dir/src/default_capabilities/cartesian_path_service_capability.cpp.o[0m
[31.854s] [ 63%] [32mBuilding CXX object CMakeFiles/moveit_move_group_default_capabilities.dir/src/default_capabilities/state_validation_service_capability.cpp.o[0m
[31.856s] [ 68%] [32mBuilding CXX object CMakeFiles/moveit_move_group_default_capabilities.dir/src/default_capabilities/get_planning_scene_service_capability.cpp.o[0m
[31.863s] [ 73%] [32mBuilding CXX object CMakeFiles/moveit_move_group_default_capabilities.dir/src/default_capabilities/apply_planning_scene_service_capability.cpp.o[0m
[31.872s] [ 78%] [32mBuilding CXX object CMakeFiles/moveit_move_group_default_capabilities.dir/src/default_capabilities/clear_octomap_service_capability.cpp.o[0m
[31.877s] [ 84%] [32mBuilding CXX object CMakeFiles/moveit_move_group_default_capabilities.dir/src/default_capabilities/tf_publisher_capability.cpp.o[0m
[41.571s] [ 89%] [32m[1mLinking CXX executable list_move_group_capabilities[0m
[42.270s] [ 89%] Built target list_move_group_capabilities
[104.929s] [ 94%] [32m[1mLinking CXX shared library libmoveit_move_group_default_capabilities.so[0m
[105.745s] [ 94%] Built target moveit_move_group_default_capabilities
[108.986s] [100%] [32m[1mLinking CXX executable move_group[0m
[109.483s] [100%] Built target move_group
[109.499s] Invoked command in '/home/a/ws_nhk/build/moveit_ros_move_group' returned '0': AMENT_PREFIX_PATH=/home/a/ws_nhk/install/moveit_kinematics:/home/a/ws_nhk/install/trac_ik:/home/a/ws_nhk/install/moveit_ros_planning:/home/a/ws_nhk/install/trac_ik_kinematics_plugin:/home/a/ws_nhk/install/moveit_ros_occupancy_map_monitor:/home/a/ws_nhk/install/moveit_core:/home/a/ws_nhk/install/moveit_resources_panda_moveit_config:/home/a/ws_nhk/install/moveit_resources_fanuc_moveit_config:/home/a/ws_nhk/install/moveit_configs_utils:/home/a/ws_nhk/install/trac_ik_lib:/home/a/ws_nhk/install/srdfdom:/home/a/ws_nhk/install/moveit_resources_pr2_description:/home/a/ws_nhk/install/moveit_resources_panda_description:/home/a/ws_nhk/install/moveit_resources_fanuc_description:/home/a/ws_nhk/install/moveit_common:/home/a/ws_nhk/install/launch_param_builder:${AMENT_PREFIX_PATH} CMAKE_PREFIX_PATH=/home/a/ws_nhk/install/moveit_kinematics:/home/a/ws_nhk/install/trac_ik:/home/a/ws_nhk/install/moveit_ros_planning:/home/a/ws_nhk/install/trac_ik_kinematics_plugin:/home/a/ws_nhk/install/moveit_ros_occupancy_map_monitor:/home/a/ws_nhk/install/moveit_core:/home/a/ws_nhk/install/moveit_resources_panda_moveit_config:/home/a/ws_nhk/install/moveit_resources_fanuc_moveit_config:/home/a/ws_nhk/install/trac_ik_lib:/home/a/ws_nhk/install/srdfdom:/home/a/ws_nhk/install/moveit_resources_pr2_description:/home/a/ws_nhk/install/moveit_resources_panda_description:/home/a/ws_nhk/install/moveit_resources_fanuc_description:/home/a/ws_nhk/install/moveit_common:/home/a/install/field_description_test:/opt/ros/humble LD_LIBRARY_PATH=/home/a/ws_nhk/install/moveit_kinematics/lib:/home/a/ws_nhk/install/moveit_ros_planning/lib:/home/a/ws_nhk/install/trac_ik_kinematics_plugin/lib:/home/a/ws_nhk/install/moveit_ros_occupancy_map_monitor/lib:/home/a/ws_nhk/install/moveit_core/lib:/home/a/ws_nhk/install/trac_ik_lib/lib:/home/a/ws_nhk/install/srdfdom/lib:${LD_LIBRARY_PATH} PATH=/home/a/ws_nhk/install/moveit_core/bin:${PATH} PYTHONPATH=/home/a/ws_nhk/install/moveit_configs_utils/lib/python3.10/site-packages:/home/a/ws_nhk/install/srdfdom/local/lib/python3.10/dist-packages:/home/a/ws_nhk/install/launch_param_builder/lib/python3.10/site-packages:${PYTHONPATH} /usr/bin/cmake --build /home/a/ws_nhk/build/moveit_ros_move_group -- -j22 -l22
[109.502s] Invoking command in '/home/a/ws_nhk/build/moveit_ros_move_group': AMENT_PREFIX_PATH=/home/a/ws_nhk/install/moveit_kinematics:/home/a/ws_nhk/install/trac_ik:/home/a/ws_nhk/install/moveit_ros_planning:/home/a/ws_nhk/install/trac_ik_kinematics_plugin:/home/a/ws_nhk/install/moveit_ros_occupancy_map_monitor:/home/a/ws_nhk/install/moveit_core:/home/a/ws_nhk/install/moveit_resources_panda_moveit_config:/home/a/ws_nhk/install/moveit_resources_fanuc_moveit_config:/home/a/ws_nhk/install/moveit_configs_utils:/home/a/ws_nhk/install/trac_ik_lib:/home/a/ws_nhk/install/srdfdom:/home/a/ws_nhk/install/moveit_resources_pr2_description:/home/a/ws_nhk/install/moveit_resources_panda_description:/home/a/ws_nhk/install/moveit_resources_fanuc_description:/home/a/ws_nhk/install/moveit_common:/home/a/ws_nhk/install/launch_param_builder:${AMENT_PREFIX_PATH} CMAKE_PREFIX_PATH=/home/a/ws_nhk/install/moveit_kinematics:/home/a/ws_nhk/install/trac_ik:/home/a/ws_nhk/install/moveit_ros_planning:/home/a/ws_nhk/install/trac_ik_kinematics_plugin:/home/a/ws_nhk/install/moveit_ros_occupancy_map_monitor:/home/a/ws_nhk/install/moveit_core:/home/a/ws_nhk/install/moveit_resources_panda_moveit_config:/home/a/ws_nhk/install/moveit_resources_fanuc_moveit_config:/home/a/ws_nhk/install/trac_ik_lib:/home/a/ws_nhk/install/srdfdom:/home/a/ws_nhk/install/moveit_resources_pr2_description:/home/a/ws_nhk/install/moveit_resources_panda_description:/home/a/ws_nhk/install/moveit_resources_fanuc_description:/home/a/ws_nhk/install/moveit_common:/home/a/install/field_description_test:/opt/ros/humble LD_LIBRARY_PATH=/home/a/ws_nhk/install/moveit_kinematics/lib:/home/a/ws_nhk/install/moveit_ros_planning/lib:/home/a/ws_nhk/install/trac_ik_kinematics_plugin/lib:/home/a/ws_nhk/install/moveit_ros_occupancy_map_monitor/lib:/home/a/ws_nhk/install/moveit_core/lib:/home/a/ws_nhk/install/trac_ik_lib/lib:/home/a/ws_nhk/install/srdfdom/lib:${LD_LIBRARY_PATH} PATH=/home/a/ws_nhk/install/moveit_core/bin:${PATH} PYTHONPATH=/home/a/ws_nhk/install/moveit_configs_utils/lib/python3.10/site-packages:/home/a/ws_nhk/install/srdfdom/local/lib/python3.10/dist-packages:/home/a/ws_nhk/install/launch_param_builder/lib/python3.10/site-packages:${PYTHONPATH} /usr/bin/cmake --install /home/a/ws_nhk/build/moveit_ros_move_group
[109.516s] -- Install configuration: "Release"
[109.517s] -- Installing: /home/a/ws_nhk/install/moveit_ros_move_group/lib/moveit_ros_move_group/move_group
[109.518s] -- Set runtime path of "/home/a/ws_nhk/install/moveit_ros_move_group/lib/moveit_ros_move_group/move_group" to ""
[109.518s] -- Installing: /home/a/ws_nhk/install/moveit_ros_move_group/lib/moveit_ros_move_group/list_move_group_capabilities
[109.519s] -- Set runtime path of "/home/a/ws_nhk/install/moveit_ros_move_group/lib/moveit_ros_move_group/list_move_group_capabilities" to ""
[109.519s] -- Installing: /home/a/ws_nhk/install/moveit_ros_move_group/lib/libmoveit_move_group_default_capabilities.so.2.5.9
[109.521s] -- Set runtime path of "/home/a/ws_nhk/install/moveit_ros_move_group/lib/libmoveit_move_group_default_capabilities.so.2.5.9" to ""
[109.521s] -- Up-to-date: /home/a/ws_nhk/install/moveit_ros_move_group/lib/libmoveit_move_group_default_capabilities.so
[109.522s] -- Installing: /home/a/ws_nhk/install/moveit_ros_move_group/lib/libmoveit_move_group_capabilities_base.so.2.5.9
[109.522s] -- Set runtime path of "/home/a/ws_nhk/install/moveit_ros_move_group/lib/libmoveit_move_group_capabilities_base.so.2.5.9" to ""
[109.522s] -- Up-to-date: /home/a/ws_nhk/install/moveit_ros_move_group/lib/libmoveit_move_group_capabilities_base.so
[109.522s] -- Up-to-date: /home/a/ws_nhk/install/moveit_ros_move_group/include
[109.523s] -- Up-to-date: /home/a/ws_nhk/install/moveit_ros_move_group/include/moveit
[109.523s] -- Up-to-date: /home/a/ws_nhk/install/moveit_ros_move_group/include/moveit/move_group
[109.523s] -- Up-to-date: /home/a/ws_nhk/install/moveit_ros_move_group/include/moveit/move_group/move_group_capability.h
[109.523s] -- Up-to-date: /home/a/ws_nhk/install/moveit_ros_move_group/include/moveit/move_group/move_group_context.h
[109.523s] -- Up-to-date: /home/a/ws_nhk/install/moveit_ros_move_group/include/moveit/move_group/capability_names.h
[109.523s] -- Up-to-date: /home/a/ws_nhk/install/moveit_ros_move_group/include/moveit/move_group/node_name.h
[109.523s] -- Up-to-date: /home/a/ws_nhk/install/moveit_ros_move_group/share/moveit_ros_move_group/environment/library_path.sh
[109.523s] -- Installing: /home/a/ws_nhk/install/moveit_ros_move_group/share/moveit_ros_move_group/environment/library_path.dsv
[109.523s] -- Up-to-date: /home/a/ws_nhk/install/moveit_ros_move_group/lib/moveit_ros_move_group/load_map
[109.523s] -- Up-to-date: /home/a/ws_nhk/install/moveit_ros_move_group/lib/moveit_ros_move_group/save_map
[109.524s] -- Up-to-date: /home/a/ws_nhk/install/moveit_ros_move_group/share/moveit_ros_move_group/default_capabilities_plugin_description.xml
[109.524s] -- Up-to-date: /home/a/ws_nhk/install/moveit_ros_move_group/share/ament_index/resource_index/package_run_dependencies/moveit_ros_move_group
[109.524s] -- Installing: /home/a/ws_nhk/install/moveit_ros_move_group/share/ament_index/resource_index/parent_prefix_path/moveit_ros_move_group
[109.524s] -- Up-to-date: /home/a/ws_nhk/install/moveit_ros_move_group/share/moveit_ros_move_group/environment/ament_prefix_path.sh
[109.524s] -- Installing: /home/a/ws_nhk/install/moveit_ros_move_group/share/moveit_ros_move_group/environment/ament_prefix_path.dsv
[109.524s] -- Up-to-date: /home/a/ws_nhk/install/moveit_ros_move_group/share/moveit_ros_move_group/environment/path.sh
[109.524s] -- Installing: /home/a/ws_nhk/install/moveit_ros_move_group/share/moveit_ros_move_group/environment/path.dsv
[109.524s] -- Up-to-date: /home/a/ws_nhk/install/moveit_ros_move_group/share/moveit_ros_move_group/local_setup.bash
[109.524s] -- Up-to-date: /home/a/ws_nhk/install/moveit_ros_move_group/share/moveit_ros_move_group/local_setup.sh
[109.524s] -- Up-to-date: /home/a/ws_nhk/install/moveit_ros_move_group/share/moveit_ros_move_group/local_setup.zsh
[109.524s] -- Installing: /home/a/ws_nhk/install/moveit_ros_move_group/share/moveit_ros_move_group/local_setup.dsv
[109.524s] -- Installing: /home/a/ws_nhk/install/moveit_ros_move_group/share/moveit_ros_move_group/package.dsv
[109.525s] -- Up-to-date: /home/a/ws_nhk/install/moveit_ros_move_group/share/ament_index/resource_index/packages/moveit_ros_move_group
[109.525s] -- Up-to-date: /home/a/ws_nhk/install/moveit_ros_move_group/share/ament_index/resource_index/moveit_ros_move_group__pluginlib__plugin/moveit_ros_move_group
[109.526s] -- Up-to-date: /home/a/ws_nhk/install/moveit_ros_move_group/share/moveit_ros_move_group/cmake/export_moveit_ros_move_groupExport.cmake
[109.526s] -- Up-to-date: /home/a/ws_nhk/install/moveit_ros_move_group/share/moveit_ros_move_group/cmake/export_moveit_ros_move_groupExport-release.cmake
[109.526s] -- Up-to-date: /home/a/ws_nhk/install/moveit_ros_move_group/share/moveit_ros_move_group/cmake/ConfigExtras.cmake
[109.526s] -- Up-to-date: /home/a/ws_nhk/install/moveit_ros_move_group/share/moveit_ros_move_group/cmake/ament_cmake_export_targets-extras.cmake
[109.526s] -- Up-to-date: /home/a/ws_nhk/install/moveit_ros_move_group/share/moveit_ros_move_group/cmake/ament_cmake_export_dependencies-extras.cmake
[109.526s] -- Up-to-date: /home/a/ws_nhk/install/moveit_ros_move_group/share/moveit_ros_move_group/cmake/moveit_ros_move_groupConfig.cmake
[109.526s] -- Up-to-date: /home/a/ws_nhk/install/moveit_ros_move_group/share/moveit_ros_move_group/cmake/moveit_ros_move_groupConfig-version.cmake
[109.526s] -- Up-to-date: /home/a/ws_nhk/install/moveit_ros_move_group/share/moveit_ros_move_group/package.xml
[109.529s] Invoked command in '/home/a/ws_nhk/build/moveit_ros_move_group' returned '0': AMENT_PREFIX_PATH=/home/a/ws_nhk/install/moveit_kinematics:/home/a/ws_nhk/install/trac_ik:/home/a/ws_nhk/install/moveit_ros_planning:/home/a/ws_nhk/install/trac_ik_kinematics_plugin:/home/a/ws_nhk/install/moveit_ros_occupancy_map_monitor:/home/a/ws_nhk/install/moveit_core:/home/a/ws_nhk/install/moveit_resources_panda_moveit_config:/home/a/ws_nhk/install/moveit_resources_fanuc_moveit_config:/home/a/ws_nhk/install/moveit_configs_utils:/home/a/ws_nhk/install/trac_ik_lib:/home/a/ws_nhk/install/srdfdom:/home/a/ws_nhk/install/moveit_resources_pr2_description:/home/a/ws_nhk/install/moveit_resources_panda_description:/home/a/ws_nhk/install/moveit_resources_fanuc_description:/home/a/ws_nhk/install/moveit_common:/home/a/ws_nhk/install/launch_param_builder:${AMENT_PREFIX_PATH} CMAKE_PREFIX_PATH=/home/a/ws_nhk/install/moveit_kinematics:/home/a/ws_nhk/install/trac_ik:/home/a/ws_nhk/install/moveit_ros_planning:/home/a/ws_nhk/install/trac_ik_kinematics_plugin:/home/a/ws_nhk/install/moveit_ros_occupancy_map_monitor:/home/a/ws_nhk/install/moveit_core:/home/a/ws_nhk/install/moveit_resources_panda_moveit_config:/home/a/ws_nhk/install/moveit_resources_fanuc_moveit_config:/home/a/ws_nhk/install/trac_ik_lib:/home/a/ws_nhk/install/srdfdom:/home/a/ws_nhk/install/moveit_resources_pr2_description:/home/a/ws_nhk/install/moveit_resources_panda_description:/home/a/ws_nhk/install/moveit_resources_fanuc_description:/home/a/ws_nhk/install/moveit_common:/home/a/install/field_description_test:/opt/ros/humble LD_LIBRARY_PATH=/home/a/ws_nhk/install/moveit_kinematics/lib:/home/a/ws_nhk/install/moveit_ros_planning/lib:/home/a/ws_nhk/install/trac_ik_kinematics_plugin/lib:/home/a/ws_nhk/install/moveit_ros_occupancy_map_monitor/lib:/home/a/ws_nhk/install/moveit_core/lib:/home/a/ws_nhk/install/trac_ik_lib/lib:/home/a/ws_nhk/install/srdfdom/lib:${LD_LIBRARY_PATH} PATH=/home/a/ws_nhk/install/moveit_core/bin:${PATH} PYTHONPATH=/home/a/ws_nhk/install/moveit_configs_utils/lib/python3.10/site-packages:/home/a/ws_nhk/install/srdfdom/local/lib/python3.10/dist-packages:/home/a/ws_nhk/install/launch_param_builder/lib/python3.10/site-packages:${PYTHONPATH} /usr/bin/cmake --install /home/a/ws_nhk/build/moveit_ros_move_group
