[35m[1mConsolidate compiler generated dependencies of target mavlink_udp_node[0m
[100%] Built target mavlink_udp_node
-- Install configuration: ""
-- Up-to-date: /home/a/ws_nhk/install/stm32_mavlink_udp/lib/stm32_mavlink_udp/mavlink_udp_node
-- Up-to-date: /home/a/ws_nhk/install/stm32_mavlink_udp/share/stm32_mavlink_udp/launch
-- Up-to-date: /home/a/ws_nhk/install/stm32_mavlink_udp/share/stm32_mavlink_udp/launch/stm32_udp.launch.py
-- Up-to-date: /home/a/ws_nhk/install/stm32_mavlink_udp/share/stm32_mavlink_udp/config
-- Up-to-date: /home/a/ws_nhk/install/stm32_mavlink_udp/share/stm32_mavlink_udp/config/udp_config.yaml
-- Up-to-date: /home/a/ws_nhk/install/stm32_mavlink_udp/share/ament_index/resource_index/package_run_dependencies/stm32_mavlink_udp
-- Up-to-date: /home/a/ws_nhk/install/stm32_mavlink_udp/share/ament_index/resource_index/parent_prefix_path/stm32_mavlink_udp
-- Up-to-date: /home/a/ws_nhk/install/stm32_mavlink_udp/share/stm32_mavlink_udp/environment/ament_prefix_path.sh
-- Up-to-date: /home/a/ws_nhk/install/stm32_mavlink_udp/share/stm32_mavlink_udp/environment/ament_prefix_path.dsv
-- Up-to-date: /home/a/ws_nhk/install/stm32_mavlink_udp/share/stm32_mavlink_udp/environment/path.sh
-- Up-to-date: /home/a/ws_nhk/install/stm32_mavlink_udp/share/stm32_mavlink_udp/environment/path.dsv
-- Up-to-date: /home/a/ws_nhk/install/stm32_mavlink_udp/share/stm32_mavlink_udp/local_setup.bash
-- Up-to-date: /home/a/ws_nhk/install/stm32_mavlink_udp/share/stm32_mavlink_udp/local_setup.sh
-- Up-to-date: /home/a/ws_nhk/install/stm32_mavlink_udp/share/stm32_mavlink_udp/local_setup.zsh
-- Up-to-date: /home/a/ws_nhk/install/stm32_mavlink_udp/share/stm32_mavlink_udp/local_setup.dsv
-- Installing: /home/a/ws_nhk/install/stm32_mavlink_udp/share/stm32_mavlink_udp/package.dsv
-- Up-to-date: /home/a/ws_nhk/install/stm32_mavlink_udp/share/ament_index/resource_index/packages/stm32_mavlink_udp
-- Up-to-date: /home/a/ws_nhk/install/stm32_mavlink_udp/share/stm32_mavlink_udp/cmake/stm32_mavlink_udpConfig.cmake
-- Up-to-date: /home/a/ws_nhk/install/stm32_mavlink_udp/share/stm32_mavlink_udp/cmake/stm32_mavlink_udpConfig-version.cmake
-- Up-to-date: /home/a/ws_nhk/install/stm32_mavlink_udp/share/stm32_mavlink_udp/package.xml
