-- Install configuration: ""
-- Up-to-date: /home/a/ws_nhk/install/arm_module_description/share/arm_module_description/meshes
-- Up-to-date: /home/a/ws_nhk/install/arm_module_description/share/arm_module_description/meshes/base_link.stl
-- Up-to-date: /home/a/ws_nhk/install/arm_module_description/share/arm_module_description/meshes/Link3_1.stl
-- Up-to-date: /home/a/ws_nhk/install/arm_module_description/share/arm_module_description/meshes/Link2_1.stl
-- Up-to-date: /home/a/ws_nhk/install/arm_module_description/share/arm_module_description/meshes/Link1_1.stl
-- Up-to-date: /home/a/ws_nhk/install/arm_module_description/share/arm_module_description/urdf
-- Up-to-date: /home/a/ws_nhk/install/arm_module_description/share/arm_module_description/urdf/arm_module.xacro
-- Up-to-date: /home/a/ws_nhk/install/arm_module_description/share/arm_module_description/urdf/materials.xacro
-- Up-to-date: /home/a/ws_nhk/install/arm_module_description/share/arm_module_description/urdf/materials.urdf
-- Up-to-date: /home/a/ws_nhk/install/arm_module_description/share/arm_module_description/urdf/arm_module.urdf
-- Up-to-date: /home/a/ws_nhk/install/arm_module_description/share/arm_module_description/urdf/arm_module.trans
-- Up-to-date: /home/a/ws_nhk/install/arm_module_description/share/arm_module_description/launch
-- Up-to-date: /home/a/ws_nhk/install/arm_module_description/share/arm_module_description/launch/robot_description.launch.py
-- Up-to-date: /home/a/ws_nhk/install/arm_module_description/share/ament_index/resource_index/package_run_dependencies/arm_module_description
-- Up-to-date: /home/a/ws_nhk/install/arm_module_description/share/ament_index/resource_index/parent_prefix_path/arm_module_description
-- Up-to-date: /home/a/ws_nhk/install/arm_module_description/share/arm_module_description/environment/ament_prefix_path.sh
-- Up-to-date: /home/a/ws_nhk/install/arm_module_description/share/arm_module_description/environment/ament_prefix_path.dsv
-- Up-to-date: /home/a/ws_nhk/install/arm_module_description/share/arm_module_description/environment/path.sh
-- Up-to-date: /home/a/ws_nhk/install/arm_module_description/share/arm_module_description/environment/path.dsv
-- Up-to-date: /home/a/ws_nhk/install/arm_module_description/share/arm_module_description/local_setup.bash
-- Up-to-date: /home/a/ws_nhk/install/arm_module_description/share/arm_module_description/local_setup.sh
-- Up-to-date: /home/a/ws_nhk/install/arm_module_description/share/arm_module_description/local_setup.zsh
-- Up-to-date: /home/a/ws_nhk/install/arm_module_description/share/arm_module_description/local_setup.dsv
-- Installing: /home/a/ws_nhk/install/arm_module_description/share/arm_module_description/package.dsv
-- Up-to-date: /home/a/ws_nhk/install/arm_module_description/share/ament_index/resource_index/packages/arm_module_description
-- Up-to-date: /home/a/ws_nhk/install/arm_module_description/share/arm_module_description/cmake/arm_module_descriptionConfig.cmake
-- Up-to-date: /home/a/ws_nhk/install/arm_module_description/share/arm_module_description/cmake/arm_module_descriptionConfig-version.cmake
-- Up-to-date: /home/a/ws_nhk/install/arm_module_description/share/arm_module_description/package.xml
