[0.024s] Invoking command in '/home/a/ws_nhk/build/moveit_ros_perception': AMENT_PREFIX_PATH=/home/a/ws_nhk/install/moveit_ros_planning:/home/a/ws_nhk/install/moveit_ros_occupancy_map_monitor:/home/a/ws_nhk/install/moveit_core:/home/a/ws_nhk/install/moveit_resources_panda_moveit_config:/home/a/ws_nhk/install/moveit_configs_utils:/home/a/ws_nhk/install/srdfdom:/home/a/ws_nhk/install/moveit_resources_pr2_description:/home/a/ws_nhk/install/moveit_resources_panda_description:/home/a/ws_nhk/install/moveit_common:/home/a/ws_nhk/install/launch_param_builder:${AMENT_PREFIX_PATH} CMAKE_PREFIX_PATH=/home/a/ws_nhk/install/moveit_ros_planning:/home/a/ws_nhk/install/moveit_ros_occupancy_map_monitor:/home/a/ws_nhk/install/moveit_core:/home/a/ws_nhk/install/moveit_resources_panda_moveit_config:/home/a/ws_nhk/install/srdfdom:/home/a/ws_nhk/install/moveit_resources_pr2_description:/home/a/ws_nhk/install/moveit_resources_panda_description:/home/a/ws_nhk/install/moveit_common:/home/a/install/field_description_test:/opt/ros/humble LD_LIBRARY_PATH=/home/a/ws_nhk/install/moveit_ros_planning/lib:/home/a/ws_nhk/install/moveit_ros_occupancy_map_monitor/lib:/home/a/ws_nhk/install/moveit_core/lib:/home/a/ws_nhk/install/srdfdom/lib:${LD_LIBRARY_PATH} PATH=/home/a/ws_nhk/install/moveit_core/bin:${PATH} PYTHONPATH=/home/a/ws_nhk/install/moveit_configs_utils/lib/python3.10/site-packages:/home/a/ws_nhk/install/srdfdom/local/lib/python3.10/dist-packages:/home/a/ws_nhk/install/launch_param_builder/lib/python3.10/site-packages:${PYTHONPATH} /usr/bin/cmake --build /home/a/ws_nhk/build/moveit_ros_perception -- -j22 -l22
[0.056s] -- Found moveit_common: 2.5.9 (/home/a/ws_nhk/install/moveit_common/share/moveit_common/cmake)
[0.057s] -- Found ament_cmake: 1.3.12 (/opt/ros/humble/share/ament_cmake/cmake)
[0.381s] -- Checking for module 'glut'
[0.386s] --   No package 'glut' found
[0.388s] -- Found cv_bridge: 3.2.1 (/opt/ros/humble/share/cv_bridge/cmake)
[0.425s] -- Found rosidl_generator_c: 3.1.7 (/opt/ros/humble/share/rosidl_generator_c/cmake)
[0.428s] -- Found rosidl_adapter: 3.1.7 (/opt/ros/humble/share/rosidl_adapter/cmake)
[0.435s] -- Found rosidl_generator_cpp: 3.1.7 (/opt/ros/humble/share/rosidl_generator_cpp/cmake)
[0.448s] -- Using all available rosidl_typesupport_c: rosidl_typesupport_fastrtps_c;rosidl_typesupport_introspection_c
[0.464s] -- Using all available rosidl_typesupport_cpp: rosidl_typesupport_fastrtps_cpp;rosidl_typesupport_introspection_cpp
[0.532s] -- Found moveit_core: 2.5.9 (/home/a/ws_nhk/install/moveit_core/share/moveit_core/cmake)
[0.557s] -- Found Boost: /usr/lib/x86_64-linux-gnu/cmake/Boost-1.74.0/BoostConfig.cmake (found version "1.74.0") found components: chrono date_time filesystem iostreams program_options regex serialization system thread 
[0.587s] -- Found parameter_traits: 0.5.0 (/opt/ros/humble/share/parameter_traits/cmake)
[0.621s] -- Found rmw_implementation_cmake: 6.1.2 (/opt/ros/humble/share/rmw_implementation_cmake/cmake)
[0.623s] -- Found rmw_fastrtps_cpp: 6.2.9 (/opt/ros/humble/share/rmw_fastrtps_cpp/cmake)
[0.778s] -- Using RMW implementation 'rmw_fastrtps_cpp' as default
[0.835s] -- Found rclcpp_lifecycle: 16.0.16 (/opt/ros/humble/share/rclcpp_lifecycle/cmake)
[0.862s] -- Found Boost: /usr/lib/x86_64-linux-gnu/cmake/Boost-1.74.0/BoostConfig.cmake (found version "1.74.0") found components: filesystem 
[0.915s] -- library: /usr/lib/x86_64-linux-gnu/libcurl.so
[0.982s] -- Ensuring Eigen3 include directory is part of orocos-kdl CMake target
[1.300s] -- Found image_transport: 3.1.12 (/opt/ros/humble/share/image_transport/cmake)
[1.305s] -- Found moveit_ros_occupancy_map_monitor: 2.5.9 (/home/a/ws_nhk/install/moveit_ros_occupancy_map_monitor/share/moveit_ros_occupancy_map_monitor/cmake)
[1.341s] -- Found Boost: /usr/lib/x86_64-linux-gnu/cmake/Boost-1.74.0/BoostConfig.cmake (found version "1.74.0") found components: thread 
[1.421s] -- Found ament_lint_auto: 0.12.14 (/opt/ros/humble/share/ament_lint_auto/cmake)
[1.438s] -- Added test 'cppcheck' to perform static code analysis on C / C++ code
[1.439s] -- Configured cppcheck include dirs: /home/a/ws_nhk/src/moveit2/moveit_ros/perception/depth_image_octomap_updater/include;/home/a/ws_nhk/src/moveit2/moveit_ros/perception/lazy_free_space_updater/include;/home/a/ws_nhk/src/moveit2/moveit_ros/perception/mesh_filter/include;/home/a/ws_nhk/src/moveit2/moveit_ros/perception/point_containment_filter/include;/home/a/ws_nhk/src/moveit2/moveit_ros/perception/pointcloud_octomap_updater/include;/home/a/ws_nhk/src/moveit2/moveit_ros/perception/semantic_world/include
[1.439s] -- Configured cppcheck exclude dirs and/or files: 
[1.441s] -- Added test 'lint_cmake' to check CMake code style
[1.443s] -- Added test 'xmllint' to check XML markup files
[1.446s] -- Configuring done
[1.763s] -- Generating done
[1.894s] -- Build files have been written to: /home/a/ws_nhk/build/moveit_ros_perception
[2.013s] [35m[1mConsolidate compiler generated dependencies of target moveit_lazy_free_space_updater[0m
[2.032s] [35m[1mConsolidate compiler generated dependencies of target moveit_point_containment_filter[0m
[2.056s] [35m[1mConsolidate compiler generated dependencies of target moveit_mesh_filter[0m
[2.059s] [35m[1mConsolidate compiler generated dependencies of target moveit_semantic_world[0m
[2.084s] [  5%] [32mBuilding CXX object lazy_free_space_updater/CMakeFiles/moveit_lazy_free_space_updater.dir/src/lazy_free_space_updater.cpp.o[0m
[2.130s] [ 10%] [32mBuilding CXX object point_containment_filter/CMakeFiles/moveit_point_containment_filter.dir/src/shape_mask.cpp.o[0m
[2.177s] [ 15%] [32mBuilding CXX object mesh_filter/CMakeFiles/moveit_mesh_filter.dir/src/gl_renderer.cpp.o[0m
[2.191s] [ 20%] [32mBuilding CXX object mesh_filter/CMakeFiles/moveit_mesh_filter.dir/src/mesh_filter_base.cpp.o[0m
[2.240s] [ 25%] [32mBuilding CXX object semantic_world/CMakeFiles/moveit_semantic_world.dir/src/semantic_world.cpp.o[0m
[40.158s] [ 30%] [32m[1mLinking CXX shared library libmoveit_point_containment_filter.so[0m
[41.125s] [ 35%] [32m[1mLinking CXX shared library libmoveit_lazy_free_space_updater.so[0m
[42.374s] [ 35%] Built target moveit_point_containment_filter
[48.014s] [ 35%] Built target moveit_lazy_free_space_updater
[82.748s] [ 40%] [32m[1mLinking CXX shared library libmoveit_mesh_filter.so[0m
[86.078s] [ 55%] Built target moveit_mesh_filter
[179.520s] [ 60%] [32m[1mLinking CXX shared library libmoveit_semantic_world.so[0m
[181.382s] [ 60%] Built target moveit_semantic_world
[181.443s] [35m[1mConsolidate compiler generated dependencies of target moveit_depth_image_octomap_updater_core[0m
[181.443s] [35m[1mConsolidate compiler generated dependencies of target moveit_pointcloud_octomap_updater_core[0m
[181.549s] [ 65%] [32mBuilding CXX object pointcloud_octomap_updater/CMakeFiles/moveit_pointcloud_octomap_updater_core.dir/src/pointcloud_octomap_updater.cpp.o[0m
[181.585s] [ 70%] [32mBuilding CXX object depth_image_octomap_updater/CMakeFiles/moveit_depth_image_octomap_updater_core.dir/src/depth_image_octomap_updater.cpp.o[0m
[216.784s] [ 75%] [32m[1mLinking CXX shared library libmoveit_depth_image_octomap_updater_core.so[0m
[217.965s] [ 75%] Built target moveit_depth_image_octomap_updater_core
[218.036s] [35m[1mConsolidate compiler generated dependencies of target moveit_depth_image_octomap_updater[0m
[218.144s] [ 80%] [32mBuilding CXX object depth_image_octomap_updater/CMakeFiles/moveit_depth_image_octomap_updater.dir/src/updater_plugin.cpp.o[0m
[242.233s] [ 85%] [32m[1mLinking CXX shared library libmoveit_depth_image_octomap_updater.so[0m
[243.094s] [ 85%] Built target moveit_depth_image_octomap_updater
[263.549s] [ 90%] [32m[1mLinking CXX shared library libmoveit_pointcloud_octomap_updater_core.so[0m
[264.468s] [ 90%] Built target moveit_pointcloud_octomap_updater_core
[264.515s] [35m[1mConsolidate compiler generated dependencies of target moveit_pointcloud_octomap_updater[0m
[264.588s] [ 95%] [32mBuilding CXX object pointcloud_octomap_updater/CMakeFiles/moveit_pointcloud_octomap_updater.dir/src/plugin_init.cpp.o[0m
[276.811s] [100%] [32m[1mLinking CXX shared library libmoveit_pointcloud_octomap_updater.so[0m
[277.259s] [100%] Built target moveit_pointcloud_octomap_updater
[277.290s] Invoked command in '/home/a/ws_nhk/build/moveit_ros_perception' returned '0': AMENT_PREFIX_PATH=/home/a/ws_nhk/install/moveit_ros_planning:/home/a/ws_nhk/install/moveit_ros_occupancy_map_monitor:/home/a/ws_nhk/install/moveit_core:/home/a/ws_nhk/install/moveit_resources_panda_moveit_config:/home/a/ws_nhk/install/moveit_configs_utils:/home/a/ws_nhk/install/srdfdom:/home/a/ws_nhk/install/moveit_resources_pr2_description:/home/a/ws_nhk/install/moveit_resources_panda_description:/home/a/ws_nhk/install/moveit_common:/home/a/ws_nhk/install/launch_param_builder:${AMENT_PREFIX_PATH} CMAKE_PREFIX_PATH=/home/a/ws_nhk/install/moveit_ros_planning:/home/a/ws_nhk/install/moveit_ros_occupancy_map_monitor:/home/a/ws_nhk/install/moveit_core:/home/a/ws_nhk/install/moveit_resources_panda_moveit_config:/home/a/ws_nhk/install/srdfdom:/home/a/ws_nhk/install/moveit_resources_pr2_description:/home/a/ws_nhk/install/moveit_resources_panda_description:/home/a/ws_nhk/install/moveit_common:/home/a/install/field_description_test:/opt/ros/humble LD_LIBRARY_PATH=/home/a/ws_nhk/install/moveit_ros_planning/lib:/home/a/ws_nhk/install/moveit_ros_occupancy_map_monitor/lib:/home/a/ws_nhk/install/moveit_core/lib:/home/a/ws_nhk/install/srdfdom/lib:${LD_LIBRARY_PATH} PATH=/home/a/ws_nhk/install/moveit_core/bin:${PATH} PYTHONPATH=/home/a/ws_nhk/install/moveit_configs_utils/lib/python3.10/site-packages:/home/a/ws_nhk/install/srdfdom/local/lib/python3.10/dist-packages:/home/a/ws_nhk/install/launch_param_builder/lib/python3.10/site-packages:${PYTHONPATH} /usr/bin/cmake --build /home/a/ws_nhk/build/moveit_ros_perception -- -j22 -l22
[277.298s] Invoking command in '/home/a/ws_nhk/build/moveit_ros_perception': AMENT_PREFIX_PATH=/home/a/ws_nhk/install/moveit_ros_planning:/home/a/ws_nhk/install/moveit_ros_occupancy_map_monitor:/home/a/ws_nhk/install/moveit_core:/home/a/ws_nhk/install/moveit_resources_panda_moveit_config:/home/a/ws_nhk/install/moveit_configs_utils:/home/a/ws_nhk/install/srdfdom:/home/a/ws_nhk/install/moveit_resources_pr2_description:/home/a/ws_nhk/install/moveit_resources_panda_description:/home/a/ws_nhk/install/moveit_common:/home/a/ws_nhk/install/launch_param_builder:${AMENT_PREFIX_PATH} CMAKE_PREFIX_PATH=/home/a/ws_nhk/install/moveit_ros_planning:/home/a/ws_nhk/install/moveit_ros_occupancy_map_monitor:/home/a/ws_nhk/install/moveit_core:/home/a/ws_nhk/install/moveit_resources_panda_moveit_config:/home/a/ws_nhk/install/srdfdom:/home/a/ws_nhk/install/moveit_resources_pr2_description:/home/a/ws_nhk/install/moveit_resources_panda_description:/home/a/ws_nhk/install/moveit_common:/home/a/install/field_description_test:/opt/ros/humble LD_LIBRARY_PATH=/home/a/ws_nhk/install/moveit_ros_planning/lib:/home/a/ws_nhk/install/moveit_ros_occupancy_map_monitor/lib:/home/a/ws_nhk/install/moveit_core/lib:/home/a/ws_nhk/install/srdfdom/lib:${LD_LIBRARY_PATH} PATH=/home/a/ws_nhk/install/moveit_core/bin:${PATH} PYTHONPATH=/home/a/ws_nhk/install/moveit_configs_utils/lib/python3.10/site-packages:/home/a/ws_nhk/install/srdfdom/local/lib/python3.10/dist-packages:/home/a/ws_nhk/install/launch_param_builder/lib/python3.10/site-packages:${PYTHONPATH} /usr/bin/cmake --install /home/a/ws_nhk/build/moveit_ros_perception
[277.323s] -- Install configuration: "Release"
[277.323s] -- Up-to-date: /home/a/ws_nhk/install/moveit_ros_perception/include
[277.324s] -- Up-to-date: /home/a/ws_nhk/install/moveit_ros_perception/include/moveit
[277.324s] -- Up-to-date: /home/a/ws_nhk/install/moveit_ros_perception/include/moveit/lazy_free_space_updater
[277.325s] -- Up-to-date: /home/a/ws_nhk/install/moveit_ros_perception/include/moveit/lazy_free_space_updater/lazy_free_space_updater.h
[277.325s] -- Up-to-date: /home/a/ws_nhk/install/moveit_ros_perception/include
[277.325s] -- Up-to-date: /home/a/ws_nhk/install/moveit_ros_perception/include/moveit
[277.325s] -- Up-to-date: /home/a/ws_nhk/install/moveit_ros_perception/include/moveit/point_containment_filter
[277.325s] -- Up-to-date: /home/a/ws_nhk/install/moveit_ros_perception/include/moveit/point_containment_filter/shape_mask.h
[277.326s] -- Up-to-date: /home/a/ws_nhk/install/moveit_ros_perception/include
[277.326s] -- Up-to-date: /home/a/ws_nhk/install/moveit_ros_perception/include/moveit
[277.326s] -- Up-to-date: /home/a/ws_nhk/install/moveit_ros_perception/include/moveit/pointcloud_octomap_updater
[277.326s] -- Up-to-date: /home/a/ws_nhk/install/moveit_ros_perception/include/moveit/pointcloud_octomap_updater/pointcloud_octomap_updater.h
[277.327s] -- Up-to-date: /home/a/ws_nhk/install/moveit_ros_perception/include
[277.327s] -- Up-to-date: /home/a/ws_nhk/install/moveit_ros_perception/include/moveit
[277.327s] -- Up-to-date: /home/a/ws_nhk/install/moveit_ros_perception/include/moveit/mesh_filter
[277.327s] -- Up-to-date: /home/a/ws_nhk/install/moveit_ros_perception/include/moveit/mesh_filter/filter_job.h
[277.328s] -- Up-to-date: /home/a/ws_nhk/install/moveit_ros_perception/include/moveit/mesh_filter/depth_self_filter_nodelet.h
[277.328s] -- Up-to-date: /home/a/ws_nhk/install/moveit_ros_perception/include/moveit/mesh_filter/sensor_model.h
[277.328s] -- Up-to-date: /home/a/ws_nhk/install/moveit_ros_perception/include/moveit/mesh_filter/mesh_filter.h
[277.328s] -- Up-to-date: /home/a/ws_nhk/install/moveit_ros_perception/include/moveit/mesh_filter/transform_provider.h
[277.328s] -- Up-to-date: /home/a/ws_nhk/install/moveit_ros_perception/include/moveit/mesh_filter/mesh_filter_base.h
[277.328s] -- Up-to-date: /home/a/ws_nhk/install/moveit_ros_perception/include/moveit/mesh_filter/gl_mesh.h
[277.329s] -- Up-to-date: /home/a/ws_nhk/install/moveit_ros_perception/include/moveit/mesh_filter/gl_renderer.h
[277.329s] -- Up-to-date: /home/a/ws_nhk/install/moveit_ros_perception/include/moveit/mesh_filter/stereo_camera_model.h
[277.329s] -- Up-to-date: /home/a/ws_nhk/install/moveit_ros_perception/include/moveit_mesh_filter_export.h
[277.329s] -- Up-to-date: /home/a/ws_nhk/install/moveit_ros_perception/include
[277.329s] -- Up-to-date: /home/a/ws_nhk/install/moveit_ros_perception/include/moveit
[277.329s] -- Up-to-date: /home/a/ws_nhk/install/moveit_ros_perception/include/moveit/depth_image_octomap_updater
[277.329s] -- Up-to-date: /home/a/ws_nhk/install/moveit_ros_perception/include/moveit/depth_image_octomap_updater/depth_image_octomap_updater.h
[277.330s] -- Up-to-date: /home/a/ws_nhk/install/moveit_ros_perception/include
[277.330s] -- Up-to-date: /home/a/ws_nhk/install/moveit_ros_perception/include/moveit
[277.330s] -- Up-to-date: /home/a/ws_nhk/install/moveit_ros_perception/include/moveit/semantic_world
[277.330s] -- Up-to-date: /home/a/ws_nhk/install/moveit_ros_perception/include/moveit/semantic_world/semantic_world.h
[277.330s] -- Installing: /home/a/ws_nhk/install/moveit_ros_perception/lib/libmoveit_depth_image_octomap_updater.so.2.5.9
[277.331s] -- Set runtime path of "/home/a/ws_nhk/install/moveit_ros_perception/lib/libmoveit_depth_image_octomap_updater.so.2.5.9" to ""
[277.331s] -- Up-to-date: /home/a/ws_nhk/install/moveit_ros_perception/lib/libmoveit_depth_image_octomap_updater.so
[277.332s] -- Installing: /home/a/ws_nhk/install/moveit_ros_perception/lib/libmoveit_depth_image_octomap_updater_core.so.2.5.9
[277.333s] -- Set runtime path of "/home/a/ws_nhk/install/moveit_ros_perception/lib/libmoveit_depth_image_octomap_updater_core.so.2.5.9" to ""
[277.333s] -- Up-to-date: /home/a/ws_nhk/install/moveit_ros_perception/lib/libmoveit_depth_image_octomap_updater_core.so
[277.334s] -- Installing: /home/a/ws_nhk/install/moveit_ros_perception/lib/libmoveit_lazy_free_space_updater.so.2.5.9
[277.335s] -- Set runtime path of "/home/a/ws_nhk/install/moveit_ros_perception/lib/libmoveit_lazy_free_space_updater.so.2.5.9" to ""
[277.335s] -- Up-to-date: /home/a/ws_nhk/install/moveit_ros_perception/lib/libmoveit_lazy_free_space_updater.so
[277.336s] -- Installing: /home/a/ws_nhk/install/moveit_ros_perception/lib/libmoveit_mesh_filter.so.2.5.9
[277.337s] -- Set runtime path of "/home/a/ws_nhk/install/moveit_ros_perception/lib/libmoveit_mesh_filter.so.2.5.9" to ""
[277.337s] -- Up-to-date: /home/a/ws_nhk/install/moveit_ros_perception/lib/libmoveit_mesh_filter.so
[277.338s] -- Installing: /home/a/ws_nhk/install/moveit_ros_perception/lib/libmoveit_point_containment_filter.so.2.5.9
[277.339s] -- Set runtime path of "/home/a/ws_nhk/install/moveit_ros_perception/lib/libmoveit_point_containment_filter.so.2.5.9" to ""
[277.339s] -- Up-to-date: /home/a/ws_nhk/install/moveit_ros_perception/lib/libmoveit_point_containment_filter.so
[277.340s] -- Installing: /home/a/ws_nhk/install/moveit_ros_perception/lib/libmoveit_pointcloud_octomap_updater.so.2.5.9
[277.340s] -- Set runtime path of "/home/a/ws_nhk/install/moveit_ros_perception/lib/libmoveit_pointcloud_octomap_updater.so.2.5.9" to ""
[277.341s] -- Up-to-date: /home/a/ws_nhk/install/moveit_ros_perception/lib/libmoveit_pointcloud_octomap_updater.so
[277.341s] -- Installing: /home/a/ws_nhk/install/moveit_ros_perception/lib/libmoveit_pointcloud_octomap_updater_core.so.2.5.9
[277.345s] -- Set runtime path of "/home/a/ws_nhk/install/moveit_ros_perception/lib/libmoveit_pointcloud_octomap_updater_core.so.2.5.9" to ""
[277.345s] -- Up-to-date: /home/a/ws_nhk/install/moveit_ros_perception/lib/libmoveit_pointcloud_octomap_updater_core.so
[277.346s] -- Installing: /home/a/ws_nhk/install/moveit_ros_perception/lib/libmoveit_semantic_world.so.2.5.9
[277.349s] -- Set runtime path of "/home/a/ws_nhk/install/moveit_ros_perception/lib/libmoveit_semantic_world.so.2.5.9" to ""
[277.349s] -- Up-to-date: /home/a/ws_nhk/install/moveit_ros_perception/lib/libmoveit_semantic_world.so
[277.349s] -- Up-to-date: /home/a/ws_nhk/install/moveit_ros_perception/share/moveit_ros_perception/environment/library_path.sh
[277.349s] -- Installing: /home/a/ws_nhk/install/moveit_ros_perception/share/moveit_ros_perception/environment/library_path.dsv
[277.350s] -- Up-to-date: /home/a/ws_nhk/install/moveit_ros_perception/share/moveit_ros_perception/pointcloud_octomap_updater_plugin_description.xml
[277.350s] -- Up-to-date: /home/a/ws_nhk/install/moveit_ros_perception/share/moveit_ros_perception/depth_image_octomap_updater_plugin_description.xml
[277.350s] -- Up-to-date: /home/a/ws_nhk/install/moveit_ros_perception/share/ament_index/resource_index/package_run_dependencies/moveit_ros_perception
[277.350s] -- Installing: /home/a/ws_nhk/install/moveit_ros_perception/share/ament_index/resource_index/parent_prefix_path/moveit_ros_perception
[277.351s] -- Up-to-date: /home/a/ws_nhk/install/moveit_ros_perception/share/moveit_ros_perception/environment/ament_prefix_path.sh
[277.351s] -- Installing: /home/a/ws_nhk/install/moveit_ros_perception/share/moveit_ros_perception/environment/ament_prefix_path.dsv
[277.351s] -- Up-to-date: /home/a/ws_nhk/install/moveit_ros_perception/share/moveit_ros_perception/environment/path.sh
[277.351s] -- Installing: /home/a/ws_nhk/install/moveit_ros_perception/share/moveit_ros_perception/environment/path.dsv
[277.352s] -- Up-to-date: /home/a/ws_nhk/install/moveit_ros_perception/share/moveit_ros_perception/local_setup.bash
[277.352s] -- Up-to-date: /home/a/ws_nhk/install/moveit_ros_perception/share/moveit_ros_perception/local_setup.sh
[277.352s] -- Up-to-date: /home/a/ws_nhk/install/moveit_ros_perception/share/moveit_ros_perception/local_setup.zsh
[277.352s] -- Installing: /home/a/ws_nhk/install/moveit_ros_perception/share/moveit_ros_perception/local_setup.dsv
[277.353s] -- Installing: /home/a/ws_nhk/install/moveit_ros_perception/share/moveit_ros_perception/package.dsv
[277.353s] -- Up-to-date: /home/a/ws_nhk/install/moveit_ros_perception/share/ament_index/resource_index/packages/moveit_ros_perception
[277.353s] -- Up-to-date: /home/a/ws_nhk/install/moveit_ros_perception/share/ament_index/resource_index/moveit_ros_occupancy_map_monitor__pluginlib__plugin/moveit_ros_perception
[277.354s] -- Up-to-date: /home/a/ws_nhk/install/moveit_ros_perception/share/moveit_ros_perception/cmake/export_moveit_ros_perceptionExport.cmake
[277.354s] -- Up-to-date: /home/a/ws_nhk/install/moveit_ros_perception/share/moveit_ros_perception/cmake/export_moveit_ros_perceptionExport-release.cmake
[277.354s] -- Up-to-date: /home/a/ws_nhk/install/moveit_ros_perception/share/moveit_ros_perception/cmake/ConfigExtras.cmake
[277.355s] -- Up-to-date: /home/a/ws_nhk/install/moveit_ros_perception/share/moveit_ros_perception/cmake/ament_cmake_export_targets-extras.cmake
[277.355s] -- Up-to-date: /home/a/ws_nhk/install/moveit_ros_perception/share/moveit_ros_perception/cmake/ament_cmake_export_dependencies-extras.cmake
[277.355s] -- Up-to-date: /home/a/ws_nhk/install/moveit_ros_perception/share/moveit_ros_perception/cmake/moveit_ros_perceptionConfig.cmake
[277.355s] -- Up-to-date: /home/a/ws_nhk/install/moveit_ros_perception/share/moveit_ros_perception/cmake/moveit_ros_perceptionConfig-version.cmake
[277.355s] -- Up-to-date: /home/a/ws_nhk/install/moveit_ros_perception/share/moveit_ros_perception/package.xml
[277.360s] Invoked command in '/home/a/ws_nhk/build/moveit_ros_perception' returned '0': AMENT_PREFIX_PATH=/home/a/ws_nhk/install/moveit_ros_planning:/home/a/ws_nhk/install/moveit_ros_occupancy_map_monitor:/home/a/ws_nhk/install/moveit_core:/home/a/ws_nhk/install/moveit_resources_panda_moveit_config:/home/a/ws_nhk/install/moveit_configs_utils:/home/a/ws_nhk/install/srdfdom:/home/a/ws_nhk/install/moveit_resources_pr2_description:/home/a/ws_nhk/install/moveit_resources_panda_description:/home/a/ws_nhk/install/moveit_common:/home/a/ws_nhk/install/launch_param_builder:${AMENT_PREFIX_PATH} CMAKE_PREFIX_PATH=/home/a/ws_nhk/install/moveit_ros_planning:/home/a/ws_nhk/install/moveit_ros_occupancy_map_monitor:/home/a/ws_nhk/install/moveit_core:/home/a/ws_nhk/install/moveit_resources_panda_moveit_config:/home/a/ws_nhk/install/srdfdom:/home/a/ws_nhk/install/moveit_resources_pr2_description:/home/a/ws_nhk/install/moveit_resources_panda_description:/home/a/ws_nhk/install/moveit_common:/home/a/install/field_description_test:/opt/ros/humble LD_LIBRARY_PATH=/home/a/ws_nhk/install/moveit_ros_planning/lib:/home/a/ws_nhk/install/moveit_ros_occupancy_map_monitor/lib:/home/a/ws_nhk/install/moveit_core/lib:/home/a/ws_nhk/install/srdfdom/lib:${LD_LIBRARY_PATH} PATH=/home/a/ws_nhk/install/moveit_core/bin:${PATH} PYTHONPATH=/home/a/ws_nhk/install/moveit_configs_utils/lib/python3.10/site-packages:/home/a/ws_nhk/install/srdfdom/local/lib/python3.10/dist-packages:/home/a/ws_nhk/install/launch_param_builder/lib/python3.10/site-packages:${PYTHONPATH} /usr/bin/cmake --install /home/a/ws_nhk/build/moveit_ros_perception
