[0.157s] Invoking command in '/home/a/ws_nhk/build/moveit_task_constructor_visualization': AMENT_PREFIX_PATH=/home/a/ws_nhk/install/moveit_task_constructor_core:/home/a/ws_nhk/install/moveit_planners:/home/a/ws_nhk/install/pilz_industrial_motion_planner:/home/a/ws_nhk/install/moveit_ros_visualization:/home/a/ws_nhk/install/moveit_resources_prbt_pg70_support:/home/a/ws_nhk/install/moveit_ros_planning_interface:/home/a/ws_nhk/install/moveit_resources_prbt_moveit_config:/home/a/ws_nhk/install/moveit_ros_move_group:/home/a/ws_nhk/install/moveit_ros_warehouse:/home/a/ws_nhk/install/moveit_ros_robot_interaction:/home/a/ws_nhk/install/moveit_planners_ompl:/home/a/ws_nhk/install/moveit_kinematics:/home/a/ws_nhk/install/trac_ik:/home/a/ws_nhk/install/moveit_ros_planning:/home/a/ws_nhk/install/moveit_planners_chomp:/home/a/ws_nhk/install/trac_ik_kinematics_plugin:/home/a/ws_nhk/install/pilz_industrial_motion_planner_testutils:/home/a/ws_nhk/install/moveit_simple_controller_manager:/home/a/ws_nhk/install/moveit_ros_occupancy_map_monitor:/home/a/ws_nhk/install/moveit_resources_prbt_ikfast_manipulator_plugin:/home/a/ws_nhk/install/chomp_motion_planner:/home/a/ws_nhk/install/moveit_core:/home/a/ws_nhk/install/rviz_marker_tools:/home/a/ws_nhk/install/moveit_resources_panda_moveit_config:/home/a/ws_nhk/install/moveit_resources_fanuc_moveit_config:/home/a/ws_nhk/install/moveit_configs_utils:/home/a/ws_nhk/install/trac_ik_lib:/home/a/ws_nhk/install/srdfdom:/home/a/ws_nhk/install/moveit_task_constructor_msgs:/home/a/ws_nhk/install/moveit_resources_prbt_support:/home/a/ws_nhk/install/moveit_resources_pr2_description:/home/a/ws_nhk/install/moveit_resources_panda_description:/home/a/ws_nhk/install/moveit_resources_fanuc_description:/home/a/ws_nhk/install/moveit_common:/home/a/ws_nhk/install/launch_param_builder:${AMENT_PREFIX_PATH} CMAKE_MODULE_PATH=/home/a/ws_nhk/install/moveit_task_constructor_core/share/moveit_task_constructor_core/cmake CMAKE_PREFIX_PATH=/home/a/ws_nhk/install/moveit_task_constructor_core:/home/a/ws_nhk/install/moveit_planners:/home/a/ws_nhk/install/pilz_industrial_motion_planner:/home/a/ws_nhk/install/moveit_ros_visualization:/home/a/ws_nhk/install/moveit_resources_prbt_pg70_support:/home/a/ws_nhk/install/moveit_ros_planning_interface:/home/a/ws_nhk/install/moveit_resources_prbt_moveit_config:/home/a/ws_nhk/install/moveit_ros_move_group:/home/a/ws_nhk/install/moveit_ros_warehouse:/home/a/ws_nhk/install/moveit_ros_robot_interaction:/home/a/ws_nhk/install/moveit_planners_ompl:/home/a/ws_nhk/install/moveit_kinematics:/home/a/ws_nhk/install/trac_ik:/home/a/ws_nhk/install/moveit_ros_planning:/home/a/ws_nhk/install/moveit_planners_chomp:/home/a/ws_nhk/install/trac_ik_kinematics_plugin:/home/a/ws_nhk/install/pilz_industrial_motion_planner_testutils:/home/a/ws_nhk/install/moveit_simple_controller_manager:/home/a/ws_nhk/install/moveit_ros_occupancy_map_monitor:/home/a/ws_nhk/install/moveit_resources_prbt_ikfast_manipulator_plugin:/home/a/ws_nhk/install/chomp_motion_planner:/home/a/ws_nhk/install/moveit_core:/home/a/ws_nhk/install/rviz_marker_tools:/home/a/ws_nhk/install/moveit_resources_panda_moveit_config:/home/a/ws_nhk/install/moveit_resources_fanuc_moveit_config:/home/a/ws_nhk/install/trac_ik_lib:/home/a/ws_nhk/install/srdfdom:/home/a/ws_nhk/install/moveit_task_constructor_msgs:/home/a/ws_nhk/install/moveit_resources_prbt_support:/home/a/ws_nhk/install/moveit_resources_pr2_description:/home/a/ws_nhk/install/moveit_resources_panda_description:/home/a/ws_nhk/install/moveit_resources_fanuc_description:/home/a/ws_nhk/install/moveit_common:/home/a/install/field_description_test:/opt/ros/humble LD_LIBRARY_PATH=/home/a/ws_nhk/install/moveit_task_constructor_core/lib:/home/a/ws_nhk/install/pilz_industrial_motion_planner/lib:/home/a/ws_nhk/install/moveit_ros_visualization/lib:/home/a/ws_nhk/install/moveit_ros_planning_interface/lib:/home/a/ws_nhk/install/moveit_ros_move_group/lib:/home/a/ws_nhk/install/moveit_ros_warehouse/lib:/home/a/ws_nhk/install/moveit_ros_robot_interaction/lib:/home/a/ws_nhk/install/moveit_planners_ompl/lib:/home/a/ws_nhk/install/moveit_kinematics/lib:/home/a/ws_nhk/install/moveit_ros_planning/lib:/home/a/ws_nhk/install/moveit_planners_chomp/lib:/home/a/ws_nhk/install/trac_ik_kinematics_plugin/lib:/home/a/ws_nhk/install/pilz_industrial_motion_planner_testutils/lib:/home/a/ws_nhk/install/moveit_simple_controller_manager/lib:/home/a/ws_nhk/install/moveit_ros_occupancy_map_monitor/lib:/home/a/ws_nhk/install/moveit_resources_prbt_ikfast_manipulator_plugin/lib:/home/a/ws_nhk/install/chomp_motion_planner/lib:/home/a/ws_nhk/install/moveit_core/lib:/home/a/ws_nhk/install/rviz_marker_tools/lib:/home/a/ws_nhk/install/trac_ik_lib/lib:/home/a/ws_nhk/install/srdfdom/lib:/home/a/ws_nhk/install/moveit_task_constructor_msgs/lib:${LD_LIBRARY_PATH} PATH=/home/a/ws_nhk/install/moveit_core/bin:${PATH} PYTHONPATH=/home/a/ws_nhk/install/moveit_task_constructor_core/local/lib/python3.10/dist-packages:/home/a/ws_nhk/install/moveit_configs_utils/lib/python3.10/site-packages:/home/a/ws_nhk/install/srdfdom/local/lib/python3.10/dist-packages:/home/a/ws_nhk/install/moveit_task_constructor_msgs/local/lib/python3.10/dist-packages:/home/a/ws_nhk/install/launch_param_builder/lib/python3.10/site-packages:${PYTHONPATH} /usr/bin/cmake --build /home/a/ws_nhk/build/moveit_task_constructor_visualization -- -j22 -l22
[0.229s] -- Found ament_cmake: 1.3.12 (/opt/ros/humble/share/ament_cmake/cmake)
[0.503s] -- Found Boost: /usr/lib/x86_64-linux-gnu/cmake/Boost-1.74.0/BoostConfig.cmake (found version "1.74.0")  
[0.504s] -- Found moveit_common: 2.5.9 (/home/a/ws_nhk/install/moveit_common/share/moveit_common/cmake)
[0.637s] -- Found moveit_core: 2.5.9 (/home/a/ws_nhk/install/moveit_core/share/moveit_core/cmake)
[0.670s] -- Found Boost: /usr/lib/x86_64-linux-gnu/cmake/Boost-1.74.0/BoostConfig.cmake (found version "1.74.0") found components: chrono date_time filesystem iostreams program_options regex serialization system thread 
[0.746s] -- Found parameter_traits: 0.5.0 (/opt/ros/humble/share/parameter_traits/cmake)
[0.793s] -- Found rosidl_generator_c: 3.1.7 (/opt/ros/humble/share/rosidl_generator_c/cmake)
[0.798s] -- Found rosidl_adapter: 3.1.7 (/opt/ros/humble/share/rosidl_adapter/cmake)
[0.810s] -- Found rosidl_generator_cpp: 3.1.7 (/opt/ros/humble/share/rosidl_generator_cpp/cmake)
[0.833s] -- Using all available rosidl_typesupport_c: rosidl_typesupport_fastrtps_c;rosidl_typesupport_introspection_c
[0.861s] -- Using all available rosidl_typesupport_cpp: rosidl_typesupport_fastrtps_cpp;rosidl_typesupport_introspection_cpp
[0.931s] -- Found rmw_implementation_cmake: 6.1.2 (/opt/ros/humble/share/rmw_implementation_cmake/cmake)
[0.936s] -- Found rmw_fastrtps_cpp: 6.2.9 (/opt/ros/humble/share/rmw_fastrtps_cpp/cmake)
[1.212s] -- Using RMW implementation 'rmw_fastrtps_cpp' as default
[1.337s] -- Found rclcpp_lifecycle: 16.0.16 (/opt/ros/humble/share/rclcpp_lifecycle/cmake)
[1.381s] -- Found Boost: /usr/lib/x86_64-linux-gnu/cmake/Boost-1.74.0/BoostConfig.cmake (found version "1.74.0") found components: filesystem 
[1.488s] -- library: /usr/lib/x86_64-linux-gnu/libcurl.so
[1.610s] -- Ensuring Eigen3 include directory is part of orocos-kdl CMake target
[2.045s] -- Found moveit_ros_visualization: 2.5.9 (/home/a/ws_nhk/install/moveit_ros_visualization/share/moveit_ros_visualization/cmake)
[2.055s] -- Found Boost: /usr/lib/x86_64-linux-gnu/cmake/Boost-1.74.0/BoostConfig.cmake (found version "1.74.0") found components: thread date_time system filesystem 
[2.080s] -- Found Boost: /usr/lib/x86_64-linux-gnu/cmake/Boost-1.74.0/BoostConfig.cmake (found version "1.74.0") found components: system filesystem date_time program_options thread chrono 
[2.144s] -- Found Boost: /usr/lib/x86_64-linux-gnu/cmake/Boost-1.74.0/BoostConfig.cmake (found version "1.74.0") found components: date_time filesystem program_options system thread 
[2.174s] -- Found Boost: /usr/lib/x86_64-linux-gnu/cmake/Boost-1.74.0/BoostConfig.cmake (found version "1.74.0") found components: thread system filesystem regex date_time program_options 
[2.218s] -- Found Boost: /usr/lib/x86_64-linux-gnu/cmake/Boost-1.74.0/BoostConfig.cmake (found version "1.74.0") found components: system filesystem date_time program_options thread 
[2.330s] -- Setting OGRE_DIR to: '/opt/ros/humble/share/rviz_ogre_vendor/cmake/../../../opt/rviz_ogre_vendor/lib/OGRE/cmake'
[2.333s] -- Found OGRE
[2.333s] --   static     : OFF
[2.333s] --   components : HLMS;MeshLodGenerator;Overlay;Paging;Property;RTShaderSystem;Terrain;Volume
[2.333s] --   plugins    : Plugin_BSPSceneManager;Plugin_OctreeSceneManager;Plugin_PCZSceneManager;Plugin_ParticleFX;RenderSystem_GL;RenderSystem_GL3Plus;Codec_STBI
[2.333s] --   media      : /opt/ros/humble/opt/rviz_ogre_vendor/share/OGRE/Media
[2.334s] -- OGRE_LIBRARIES: OgreHLMS;OgreMeshLodGenerator;OgreOverlay;OgrePaging;OgreProperty;OgreRTShaderSystem;OgreTerrain;OgreVolume;OgreMain
[2.334s] -- OGRE_LIBRARY_DIRS: /opt/ros/humble/opt/rviz_ogre_vendor/lib
[2.334s] -- OGRE_PLUGINS: Plugin_BSPSceneManager;Plugin_OctreeSceneManager;Plugin_PCZSceneManager;Plugin_ParticleFX;RenderSystem_GL;RenderSystem_GL3Plus;Codec_STBI
[2.334s] -- OGRE_PLUGIN_DIR: /opt/ros/humble/opt/rviz_ogre_vendor/lib/OGRE
[2.334s] -- rviz_ogre_vendor::OgreOverlay for IMPORTED_LOCATION_RELEASE: /opt/ros/humble/opt/rviz_ogre_vendor/lib/libOgreOverlay.so
[2.334s] -- rviz_ogre_vendor::OgreOverlay for IMPORTED_LOCATION_DEBUG: /opt/ros/humble/opt/rviz_ogre_vendor/lib/libOgreOverlay.so
[2.334s] -- rviz_ogre_vendor::OgreMain for IMPORTED_LOCATION_RELEASE: /opt/ros/humble/opt/rviz_ogre_vendor/lib/libOgreMain.so
[2.335s] -- rviz_ogre_vendor::OgreMain for IMPORTED_LOCATION_DEBUG: /opt/ros/humble/opt/rviz_ogre_vendor/lib/libOgreMain.so
[2.467s] -- Setting assimp_DIR to: '/opt/ros/humble/share/rviz_assimp_vendor/cmake/../../../opt/rviz_assimp_vendor/lib/cmake/assimp-4.1'
[2.655s] -- Found moveit_task_constructor_core: 0.1.3 (/home/a/ws_nhk/install/moveit_task_constructor_core/share/moveit_task_constructor_core/cmake)
[2.887s] -- Found ament_cmake_gtest: 1.3.12 (/opt/ros/humble/share/ament_cmake_gtest/cmake)
[2.889s] -- Found ament_cmake_gmock: 1.3.12 (/opt/ros/humble/share/ament_cmake_gmock/cmake)
[2.891s] -- Found launch_testing_ament_cmake: 1.0.13 (/opt/ros/humble/share/launch_testing_ament_cmake/cmake)
[2.892s] -- Found python_cmake_module: 0.10.0 (/opt/ros/humble/share/python_cmake_module/cmake)
[2.978s] -- Using PYTHON_EXECUTABLE: /usr/bin/python3
[2.978s] -- Using PYTHON_INCLUDE_DIRS: /usr/include/python3.10
[2.978s] -- Using PYTHON_LIBRARIES: /usr/lib/x86_64-linux-gnu/libpython3.10.so
[2.986s] -- Found gtest sources under '/opt/ros/humble/src/gtest_vendor': C++ tests using 'Google Test' will be built
[3.015s] -- Found gmock sources under '/opt/ros/humble/src/gmock_vendor': C++ tests using 'Google Mock' will be built
[3.077s] -- Configuring done
[6.078s] -- Generating done
[6.948s] -- Build files have been written to: /home/a/ws_nhk/build/moveit_task_constructor_visualization
[8.143s] [  1%] [34m[1mAutomatic MOC for target gmock[0m
[8.244s] [  3%] [34m[1mAutomatic MOC for target moveit_task_visualization_tools[0m
[8.261s] [  4%] [34m[1mAutomatic MOC for target gtest_main[0m
[8.300s] [  7%] [34m[1mAutomatic MOC for target motion_planning_tasks_utils[0m
[8.301s] [  7%] [34m[1mAutomatic MOC for target gmock_main[0m
[8.432s] [  9%] [34m[1mAutomatic MOC for target gtest[0m
[8.625s] [ 10%] [34m[1mAutomatic MOC for target motion_planning_tasks_properties[0m
[8.644s] [ 10%] Built target motion_planning_tasks_utils_autogen
[8.690s] [ 10%] Built target gmock_main_autogen
[8.838s] [35m[1mConsolidate compiler generated dependencies of target motion_planning_tasks_utils[0m
[8.876s] [ 10%] Built target gtest_autogen
[8.918s] [ 10%] Built target motion_planning_tasks_properties_autogen
[8.967s] [35m[1mConsolidate compiler generated dependencies of target gmock_main[0m
[8.982s] [ 10%] Built target gmock_autogen
[9.098s] [ 18%] Built target motion_planning_tasks_utils
[9.114s] [ 18%] Built target gtest_main_autogen
[9.175s] [35m[1mConsolidate compiler generated dependencies of target gtest[0m
[9.241s] [35m[1mConsolidate compiler generated dependencies of target motion_planning_tasks_properties[0m
[9.253s] [35m[1mConsolidate compiler generated dependencies of target gmock[0m
[9.285s] [ 23%] Built target gmock_main
[9.413s] [35m[1mConsolidate compiler generated dependencies of target gtest_main[0m
[9.538s] [ 29%] Built target gmock
[9.549s] [ 33%] Built target gtest
[9.640s] [ 38%] Built target gtest_main
[9.708s] [ 40%] [32mBuilding CXX object motion_planning_tasks/properties/CMakeFiles/motion_planning_tasks_properties.dir/property_factory.cpp.o[0m
[9.840s] [ 41%] [32mBuilding CXX object motion_planning_tasks/properties/CMakeFiles/motion_planning_tasks_properties.dir/property_from_yaml.cpp.o[0m
[10.029s] [ 43%] [34m[1mAutomatic MOC for target moveit_task_constructor_visualization-test-merge-models[0m
[10.360s] [ 43%] Built target moveit_task_constructor_visualization-test-merge-models_autogen
[10.618s] [35m[1mConsolidate compiler generated dependencies of target moveit_task_constructor_visualization-test-merge-models[0m
[10.945s] [ 47%] Built target moveit_task_constructor_visualization-test-merge-models
[19.405s] [ 47%] Built target moveit_task_visualization_tools_autogen
[88.519s] [ 49%] [32m[1mLinking CXX shared library libmotion_planning_tasks_properties.so[0m
[99.795s] [ 50%] Built target motion_planning_tasks_properties
[100.022s] [35m[1mConsolidate compiler generated dependencies of target moveit_task_visualization_tools[0m
[100.621s] [ 52%] [32mBuilding CXX object visualization_tools/CMakeFiles/moveit_task_visualization_tools.dir/moveit_task_visualization_tools_autogen/mocs_compilation.cpp.o[0m
