[0.231s] Invoking command in '/home/a/ws_nhk/build/dynamixel_controller': CMAKE_PREFIX_PATH=/home/a/ws_nhk/install/dynamixel_sdk:/home/a/ws_nhk/install/moveit_runtime:/home/a/ws_nhk/install/moveit_r2_config:/home/a/ws_nhk/install/moveit_config:/home/a/ws_nhk/install/moveit2_tutorials:/home/a/ws_nhk/install/moveit:/home/a/ws_nhk/install/moveit_planners:/home/a/ws_nhk/install/pilz_industrial_motion_planner:/home/a/ws_nhk/install/moveit_task_constructor_visualization:/home/a/ws_nhk/install/moveit_task_constructor_demo:/home/a/ws_nhk/install/moveit_task_constructor_capabilities:/home/a/ws_nhk/install/moveit_task_constructor_core:/home/a/ws_nhk/install/moveit_setup_assistant:/home/a/ws_nhk/install/moveit_setup_srdf_plugins:/home/a/ws_nhk/install/moveit_setup_core_plugins:/home/a/ws_nhk/install/moveit_setup_controllers:/home/a/ws_nhk/install/moveit_setup_app_plugins:/home/a/ws_nhk/install/moveit_setup_framework:/home/a/ws_nhk/install/moveit_servo:/home/a/ws_nhk/install/moveit_ros:/home/a/ws_nhk/install/moveit_ros_visualization:/home/a/ws_nhk/install/moveit_hybrid_planning:/home/a/ws_nhk/install/moveit_ros_planning_interface:/home/a/ws_nhk/install/moveit_resources_prbt_pg70_support:/home/a/ws_nhk/install/moveit_resources_prbt_moveit_config:/home/a/ws_nhk/install/moveit_ros_move_group:/home/a/ws_nhk/install/moveit_kinematics:/home/a/ws_nhk/install/trac_ik:/home/a/ws_nhk/install/trac_ik_kinematics_plugin:/home/a/ws_nhk/install/trac_ik_lib:/home/a/ws_nhk/install/pilz_industrial_motion_planner_testutils:/home/a/ws_nhk/install/moveit_visual_tools:/home/a/ws_nhk/install/moveit_ros_control_interface:/home/a/ws_nhk/install/moveit_plugins:/home/a/ws_nhk/install/moveit_simple_controller_manager:/home/a/ws_nhk/install/moveit_ros_benchmarks:/home/a/ws_nhk/install/moveit_ros_warehouse:/home/a/ws_nhk/install/moveit_ros_robot_interaction:/home/a/ws_nhk/install/moveit_ros_perception:/home/a/ws_nhk/install/moveit_planners_ompl:/home/a/ws_nhk/install/moveit_ros_planning:/home/a/ws_nhk/install/moveit_ros_occupancy_map_monitor:/home/a/ws_nhk/install/moveit_resources_prbt_ikfast_manipulator_plugin:/home/a/ws_nhk/install/moveit_planners_chomp:/home/a/ws_nhk/install/moveit_chomp_optimizer_adapter:/home/a/ws_nhk/install/chomp_motion_planner:/home/a/ws_nhk/install/moveit_core:/home/a/ws_nhk/install/srdfdom:/home/a/ws_nhk/install/rviz_marker_tools:/home/a/ws_nhk/install/rosparam_shortcuts:/home/a/ws_nhk/install/rogidrive_msg:/home/a/ws_nhk/install/r2_odrive:/home/a/ws_nhk/install/nhk_bt:/home/a/ws_nhk/install/moveit_task_constructor_msgs:/home/a/ws_nhk/install/moveit_resources_prbt_support:/home/a/ws_nhk/install/moveit_resources:/home/a/ws_nhk/install/moveit_resources_pr2_description:/home/a/ws_nhk/install/moveit_resources_panda_moveit_config:/home/a/ws_nhk/install/moveit_resources_panda_description:/home/a/ws_nhk/install/moveit_resources_fanuc_moveit_config:/home/a/ws_nhk/install/moveit_resources_fanuc_description:/home/a/ws_nhk/install/moveit_common:/home/a/ws_nhk/install/dynamixel_sdk_examples:/home/a/ws_nhk/install/dynamixel_sdk_custom_interfaces:/home/a/ws_nhk/install/dynamixel_controller:/home/a/ws_nhk/install/arm_v20_description:/home/a/ws_nhk/install/a_r2_description:/home/a/install/field_description_test:/home/a/ws_nhk/install/moveit_configs_utils:/home/a/ws_nhk/install/rogidrive:/home/a/ws_nhk/install/launch_param_builder:/home/a/ws_nhk/install/dynamixel_controller_gui:/home/a/ws_nhk/install/dynamixel_controller_client:/opt/ros/humble LD_LIBRARY_PATH=/home/a/ws_nhk/install/dynamixel_sdk/lib:/home/a/ws_nhk/install/pilz_industrial_motion_planner/lib:/home/a/ws_nhk/install/moveit_task_constructor_visualization/lib:/home/a/ws_nhk/install/moveit_task_constructor_demo/lib:/home/a/ws_nhk/install/moveit_task_constructor_capabilities/lib:/home/a/ws_nhk/install/moveit_task_constructor_core/lib:/home/a/ws_nhk/install/moveit_setup_assistant/lib:/home/a/ws_nhk/install/moveit_setup_srdf_plugins/lib:/home/a/ws_nhk/install/moveit_setup_core_plugins/lib:/home/a/ws_nhk/install/moveit_setup_controllers/lib:/home/a/ws_nhk/install/moveit_setup_app_plugins/lib:/home/a/ws_nhk/install/moveit_setup_framework/lib:/home/a/ws_nhk/install/moveit_servo/lib:/home/a/ws_nhk/install/moveit_ros_visualization/lib:/home/a/ws_nhk/install/moveit_hybrid_planning/lib:/home/a/ws_nhk/install/moveit_ros_planning_interface/lib:/home/a/ws_nhk/install/moveit_ros_move_group/lib:/home/a/ws_nhk/install/moveit_kinematics/lib:/home/a/ws_nhk/install/trac_ik_kinematics_plugin/lib:/home/a/ws_nhk/install/trac_ik_lib/lib:/home/a/ws_nhk/install/pilz_industrial_motion_planner_testutils/lib:/home/a/ws_nhk/install/moveit_visual_tools/lib:/home/a/ws_nhk/install/moveit_ros_control_interface/lib:/home/a/ws_nhk/install/moveit_simple_controller_manager/lib:/home/a/ws_nhk/install/moveit_ros_benchmarks/lib:/home/a/ws_nhk/install/moveit_ros_warehouse/lib:/home/a/ws_nhk/install/moveit_ros_robot_interaction/lib:/home/a/ws_nhk/install/moveit_ros_perception/lib:/home/a/ws_nhk/install/moveit_planners_ompl/lib:/home/a/ws_nhk/install/moveit_ros_planning/lib:/home/a/ws_nhk/install/moveit_ros_occupancy_map_monitor/lib:/home/a/ws_nhk/install/moveit_resources_prbt_ikfast_manipulator_plugin/lib:/home/a/ws_nhk/install/moveit_planners_chomp/lib:/home/a/ws_nhk/install/moveit_chomp_optimizer_adapter/lib:/home/a/ws_nhk/install/chomp_motion_planner/lib:/home/a/ws_nhk/install/moveit_core/lib:/home/a/ws_nhk/install/srdfdom/lib:/home/a/ws_nhk/install/rviz_marker_tools/lib:/home/a/ws_nhk/install/rosparam_shortcuts/lib:/home/a/ws_nhk/install/rogidrive_msg/lib:/home/a/ws_nhk/install/moveit_task_constructor_msgs/lib:/home/a/ws_nhk/install/dynamixel_sdk_custom_interfaces/lib:/home/a/ws_nhk/install/dynamixel_controller/lib:/usr/local/lib:/usr/lib/x86_64-linux-gnu/gazebo-11/plugins:/opt/ros/humble/opt/rviz_ogre_vendor/lib:/opt/ros/humble/lib/x86_64-linux-gnu:/opt/ros/humble/lib /usr/bin/cmake --build /home/a/ws_nhk/build/dynamixel_controller -- -j22 -l22
[0.355s] [  2%] Built target dynamixel_controller__cpp
[0.355s] [ 12%] Built target dynamixel_controller__rosidl_generator_c
[0.394s] [ 12%] Built target ament_cmake_python_copy_dynamixel_controller
[0.415s] [ 22%] Built target dynamixel_controller__rosidl_typesupport_introspection_c
[0.416s] [ 32%] Built target dynamixel_controller__rosidl_typesupport_introspection_cpp
[0.417s] [ 42%] Built target dynamixel_controller__rosidl_typesupport_fastrtps_cpp
[0.418s] [ 53%] Built target dynamixel_controller__rosidl_typesupport_cpp
[0.420s] [ 63%] Built target dynamixel_controller__rosidl_typesupport_c
[0.460s] [ 73%] Built target dynamixel_controller__rosidl_typesupport_fastrtps_c
[0.491s] [ 77%] Built target dynamixel_controller_node
[0.522s] [ 77%] Built target dynamixel_controller
[0.603s] [ 79%] Built target dynamixel_controller__py
[0.655s] [ 87%] Built target dynamixel_controller__rosidl_generator_py
[0.729s] [ 91%] Built target dynamixel_controller__rosidl_typesupport_introspection_c__pyext
[0.734s] [ 95%] Built target dynamixel_controller__rosidl_typesupport_c__pyext
[0.736s] [100%] Built target dynamixel_controller__rosidl_typesupport_fastrtps_c__pyext
[1.125s] running egg_info
[1.127s] writing dynamixel_controller.egg-info/PKG-INFO
[1.127s] writing dependency_links to dynamixel_controller.egg-info/dependency_links.txt
[1.127s] writing top-level names to dynamixel_controller.egg-info/top_level.txt
[1.133s] reading manifest file 'dynamixel_controller.egg-info/SOURCES.txt'
[1.134s] writing manifest file 'dynamixel_controller.egg-info/SOURCES.txt'
[1.201s] [100%] Built target ament_cmake_python_build_dynamixel_controller_egg
[2.016s] Invoked command in '/home/a/ws_nhk/build/dynamixel_controller' returned '0': CMAKE_PREFIX_PATH=/home/a/ws_nhk/install/dynamixel_sdk:/home/a/ws_nhk/install/moveit_runtime:/home/a/ws_nhk/install/moveit_r2_config:/home/a/ws_nhk/install/moveit_config:/home/a/ws_nhk/install/moveit2_tutorials:/home/a/ws_nhk/install/moveit:/home/a/ws_nhk/install/moveit_planners:/home/a/ws_nhk/install/pilz_industrial_motion_planner:/home/a/ws_nhk/install/moveit_task_constructor_visualization:/home/a/ws_nhk/install/moveit_task_constructor_demo:/home/a/ws_nhk/install/moveit_task_constructor_capabilities:/home/a/ws_nhk/install/moveit_task_constructor_core:/home/a/ws_nhk/install/moveit_setup_assistant:/home/a/ws_nhk/install/moveit_setup_srdf_plugins:/home/a/ws_nhk/install/moveit_setup_core_plugins:/home/a/ws_nhk/install/moveit_setup_controllers:/home/a/ws_nhk/install/moveit_setup_app_plugins:/home/a/ws_nhk/install/moveit_setup_framework:/home/a/ws_nhk/install/moveit_servo:/home/a/ws_nhk/install/moveit_ros:/home/a/ws_nhk/install/moveit_ros_visualization:/home/a/ws_nhk/install/moveit_hybrid_planning:/home/a/ws_nhk/install/moveit_ros_planning_interface:/home/a/ws_nhk/install/moveit_resources_prbt_pg70_support:/home/a/ws_nhk/install/moveit_resources_prbt_moveit_config:/home/a/ws_nhk/install/moveit_ros_move_group:/home/a/ws_nhk/install/moveit_kinematics:/home/a/ws_nhk/install/trac_ik:/home/a/ws_nhk/install/trac_ik_kinematics_plugin:/home/a/ws_nhk/install/trac_ik_lib:/home/a/ws_nhk/install/pilz_industrial_motion_planner_testutils:/home/a/ws_nhk/install/moveit_visual_tools:/home/a/ws_nhk/install/moveit_ros_control_interface:/home/a/ws_nhk/install/moveit_plugins:/home/a/ws_nhk/install/moveit_simple_controller_manager:/home/a/ws_nhk/install/moveit_ros_benchmarks:/home/a/ws_nhk/install/moveit_ros_warehouse:/home/a/ws_nhk/install/moveit_ros_robot_interaction:/home/a/ws_nhk/install/moveit_ros_perception:/home/a/ws_nhk/install/moveit_planners_ompl:/home/a/ws_nhk/install/moveit_ros_planning:/home/a/ws_nhk/install/moveit_ros_occupancy_map_monitor:/home/a/ws_nhk/install/moveit_resources_prbt_ikfast_manipulator_plugin:/home/a/ws_nhk/install/moveit_planners_chomp:/home/a/ws_nhk/install/moveit_chomp_optimizer_adapter:/home/a/ws_nhk/install/chomp_motion_planner:/home/a/ws_nhk/install/moveit_core:/home/a/ws_nhk/install/srdfdom:/home/a/ws_nhk/install/rviz_marker_tools:/home/a/ws_nhk/install/rosparam_shortcuts:/home/a/ws_nhk/install/rogidrive_msg:/home/a/ws_nhk/install/r2_odrive:/home/a/ws_nhk/install/nhk_bt:/home/a/ws_nhk/install/moveit_task_constructor_msgs:/home/a/ws_nhk/install/moveit_resources_prbt_support:/home/a/ws_nhk/install/moveit_resources:/home/a/ws_nhk/install/moveit_resources_pr2_description:/home/a/ws_nhk/install/moveit_resources_panda_moveit_config:/home/a/ws_nhk/install/moveit_resources_panda_description:/home/a/ws_nhk/install/moveit_resources_fanuc_moveit_config:/home/a/ws_nhk/install/moveit_resources_fanuc_description:/home/a/ws_nhk/install/moveit_common:/home/a/ws_nhk/install/dynamixel_sdk_examples:/home/a/ws_nhk/install/dynamixel_sdk_custom_interfaces:/home/a/ws_nhk/install/dynamixel_controller:/home/a/ws_nhk/install/arm_v20_description:/home/a/ws_nhk/install/a_r2_description:/home/a/install/field_description_test:/home/a/ws_nhk/install/moveit_configs_utils:/home/a/ws_nhk/install/rogidrive:/home/a/ws_nhk/install/launch_param_builder:/home/a/ws_nhk/install/dynamixel_controller_gui:/home/a/ws_nhk/install/dynamixel_controller_client:/opt/ros/humble LD_LIBRARY_PATH=/home/a/ws_nhk/install/dynamixel_sdk/lib:/home/a/ws_nhk/install/pilz_industrial_motion_planner/lib:/home/a/ws_nhk/install/moveit_task_constructor_visualization/lib:/home/a/ws_nhk/install/moveit_task_constructor_demo/lib:/home/a/ws_nhk/install/moveit_task_constructor_capabilities/lib:/home/a/ws_nhk/install/moveit_task_constructor_core/lib:/home/a/ws_nhk/install/moveit_setup_assistant/lib:/home/a/ws_nhk/install/moveit_setup_srdf_plugins/lib:/home/a/ws_nhk/install/moveit_setup_core_plugins/lib:/home/a/ws_nhk/install/moveit_setup_controllers/lib:/home/a/ws_nhk/install/moveit_setup_app_plugins/lib:/home/a/ws_nhk/install/moveit_setup_framework/lib:/home/a/ws_nhk/install/moveit_servo/lib:/home/a/ws_nhk/install/moveit_ros_visualization/lib:/home/a/ws_nhk/install/moveit_hybrid_planning/lib:/home/a/ws_nhk/install/moveit_ros_planning_interface/lib:/home/a/ws_nhk/install/moveit_ros_move_group/lib:/home/a/ws_nhk/install/moveit_kinematics/lib:/home/a/ws_nhk/install/trac_ik_kinematics_plugin/lib:/home/a/ws_nhk/install/trac_ik_lib/lib:/home/a/ws_nhk/install/pilz_industrial_motion_planner_testutils/lib:/home/a/ws_nhk/install/moveit_visual_tools/lib:/home/a/ws_nhk/install/moveit_ros_control_interface/lib:/home/a/ws_nhk/install/moveit_simple_controller_manager/lib:/home/a/ws_nhk/install/moveit_ros_benchmarks/lib:/home/a/ws_nhk/install/moveit_ros_warehouse/lib:/home/a/ws_nhk/install/moveit_ros_robot_interaction/lib:/home/a/ws_nhk/install/moveit_ros_perception/lib:/home/a/ws_nhk/install/moveit_planners_ompl/lib:/home/a/ws_nhk/install/moveit_ros_planning/lib:/home/a/ws_nhk/install/moveit_ros_occupancy_map_monitor/lib:/home/a/ws_nhk/install/moveit_resources_prbt_ikfast_manipulator_plugin/lib:/home/a/ws_nhk/install/moveit_planners_chomp/lib:/home/a/ws_nhk/install/moveit_chomp_optimizer_adapter/lib:/home/a/ws_nhk/install/chomp_motion_planner/lib:/home/a/ws_nhk/install/moveit_core/lib:/home/a/ws_nhk/install/srdfdom/lib:/home/a/ws_nhk/install/rviz_marker_tools/lib:/home/a/ws_nhk/install/rosparam_shortcuts/lib:/home/a/ws_nhk/install/rogidrive_msg/lib:/home/a/ws_nhk/install/moveit_task_constructor_msgs/lib:/home/a/ws_nhk/install/dynamixel_sdk_custom_interfaces/lib:/home/a/ws_nhk/install/dynamixel_controller/lib:/usr/local/lib:/usr/lib/x86_64-linux-gnu/gazebo-11/plugins:/opt/ros/humble/opt/rviz_ogre_vendor/lib:/opt/ros/humble/lib/x86_64-linux-gnu:/opt/ros/humble/lib /usr/bin/cmake --build /home/a/ws_nhk/build/dynamixel_controller -- -j22 -l22
[2.018s] Invoking command in '/home/a/ws_nhk/build/dynamixel_controller': CMAKE_PREFIX_PATH=/home/a/ws_nhk/install/dynamixel_sdk:/home/a/ws_nhk/install/moveit_runtime:/home/a/ws_nhk/install/moveit_r2_config:/home/a/ws_nhk/install/moveit_config:/home/a/ws_nhk/install/moveit2_tutorials:/home/a/ws_nhk/install/moveit:/home/a/ws_nhk/install/moveit_planners:/home/a/ws_nhk/install/pilz_industrial_motion_planner:/home/a/ws_nhk/install/moveit_task_constructor_visualization:/home/a/ws_nhk/install/moveit_task_constructor_demo:/home/a/ws_nhk/install/moveit_task_constructor_capabilities:/home/a/ws_nhk/install/moveit_task_constructor_core:/home/a/ws_nhk/install/moveit_setup_assistant:/home/a/ws_nhk/install/moveit_setup_srdf_plugins:/home/a/ws_nhk/install/moveit_setup_core_plugins:/home/a/ws_nhk/install/moveit_setup_controllers:/home/a/ws_nhk/install/moveit_setup_app_plugins:/home/a/ws_nhk/install/moveit_setup_framework:/home/a/ws_nhk/install/moveit_servo:/home/a/ws_nhk/install/moveit_ros:/home/a/ws_nhk/install/moveit_ros_visualization:/home/a/ws_nhk/install/moveit_hybrid_planning:/home/a/ws_nhk/install/moveit_ros_planning_interface:/home/a/ws_nhk/install/moveit_resources_prbt_pg70_support:/home/a/ws_nhk/install/moveit_resources_prbt_moveit_config:/home/a/ws_nhk/install/moveit_ros_move_group:/home/a/ws_nhk/install/moveit_kinematics:/home/a/ws_nhk/install/trac_ik:/home/a/ws_nhk/install/trac_ik_kinematics_plugin:/home/a/ws_nhk/install/trac_ik_lib:/home/a/ws_nhk/install/pilz_industrial_motion_planner_testutils:/home/a/ws_nhk/install/moveit_visual_tools:/home/a/ws_nhk/install/moveit_ros_control_interface:/home/a/ws_nhk/install/moveit_plugins:/home/a/ws_nhk/install/moveit_simple_controller_manager:/home/a/ws_nhk/install/moveit_ros_benchmarks:/home/a/ws_nhk/install/moveit_ros_warehouse:/home/a/ws_nhk/install/moveit_ros_robot_interaction:/home/a/ws_nhk/install/moveit_ros_perception:/home/a/ws_nhk/install/moveit_planners_ompl:/home/a/ws_nhk/install/moveit_ros_planning:/home/a/ws_nhk/install/moveit_ros_occupancy_map_monitor:/home/a/ws_nhk/install/moveit_resources_prbt_ikfast_manipulator_plugin:/home/a/ws_nhk/install/moveit_planners_chomp:/home/a/ws_nhk/install/moveit_chomp_optimizer_adapter:/home/a/ws_nhk/install/chomp_motion_planner:/home/a/ws_nhk/install/moveit_core:/home/a/ws_nhk/install/srdfdom:/home/a/ws_nhk/install/rviz_marker_tools:/home/a/ws_nhk/install/rosparam_shortcuts:/home/a/ws_nhk/install/rogidrive_msg:/home/a/ws_nhk/install/r2_odrive:/home/a/ws_nhk/install/nhk_bt:/home/a/ws_nhk/install/moveit_task_constructor_msgs:/home/a/ws_nhk/install/moveit_resources_prbt_support:/home/a/ws_nhk/install/moveit_resources:/home/a/ws_nhk/install/moveit_resources_pr2_description:/home/a/ws_nhk/install/moveit_resources_panda_moveit_config:/home/a/ws_nhk/install/moveit_resources_panda_description:/home/a/ws_nhk/install/moveit_resources_fanuc_moveit_config:/home/a/ws_nhk/install/moveit_resources_fanuc_description:/home/a/ws_nhk/install/moveit_common:/home/a/ws_nhk/install/dynamixel_sdk_examples:/home/a/ws_nhk/install/dynamixel_sdk_custom_interfaces:/home/a/ws_nhk/install/dynamixel_controller:/home/a/ws_nhk/install/arm_v20_description:/home/a/ws_nhk/install/a_r2_description:/home/a/install/field_description_test:/home/a/ws_nhk/install/moveit_configs_utils:/home/a/ws_nhk/install/rogidrive:/home/a/ws_nhk/install/launch_param_builder:/home/a/ws_nhk/install/dynamixel_controller_gui:/home/a/ws_nhk/install/dynamixel_controller_client:/opt/ros/humble LD_LIBRARY_PATH=/home/a/ws_nhk/install/dynamixel_sdk/lib:/home/a/ws_nhk/install/pilz_industrial_motion_planner/lib:/home/a/ws_nhk/install/moveit_task_constructor_visualization/lib:/home/a/ws_nhk/install/moveit_task_constructor_demo/lib:/home/a/ws_nhk/install/moveit_task_constructor_capabilities/lib:/home/a/ws_nhk/install/moveit_task_constructor_core/lib:/home/a/ws_nhk/install/moveit_setup_assistant/lib:/home/a/ws_nhk/install/moveit_setup_srdf_plugins/lib:/home/a/ws_nhk/install/moveit_setup_core_plugins/lib:/home/a/ws_nhk/install/moveit_setup_controllers/lib:/home/a/ws_nhk/install/moveit_setup_app_plugins/lib:/home/a/ws_nhk/install/moveit_setup_framework/lib:/home/a/ws_nhk/install/moveit_servo/lib:/home/a/ws_nhk/install/moveit_ros_visualization/lib:/home/a/ws_nhk/install/moveit_hybrid_planning/lib:/home/a/ws_nhk/install/moveit_ros_planning_interface/lib:/home/a/ws_nhk/install/moveit_ros_move_group/lib:/home/a/ws_nhk/install/moveit_kinematics/lib:/home/a/ws_nhk/install/trac_ik_kinematics_plugin/lib:/home/a/ws_nhk/install/trac_ik_lib/lib:/home/a/ws_nhk/install/pilz_industrial_motion_planner_testutils/lib:/home/a/ws_nhk/install/moveit_visual_tools/lib:/home/a/ws_nhk/install/moveit_ros_control_interface/lib:/home/a/ws_nhk/install/moveit_simple_controller_manager/lib:/home/a/ws_nhk/install/moveit_ros_benchmarks/lib:/home/a/ws_nhk/install/moveit_ros_warehouse/lib:/home/a/ws_nhk/install/moveit_ros_robot_interaction/lib:/home/a/ws_nhk/install/moveit_ros_perception/lib:/home/a/ws_nhk/install/moveit_planners_ompl/lib:/home/a/ws_nhk/install/moveit_ros_planning/lib:/home/a/ws_nhk/install/moveit_ros_occupancy_map_monitor/lib:/home/a/ws_nhk/install/moveit_resources_prbt_ikfast_manipulator_plugin/lib:/home/a/ws_nhk/install/moveit_planners_chomp/lib:/home/a/ws_nhk/install/moveit_chomp_optimizer_adapter/lib:/home/a/ws_nhk/install/chomp_motion_planner/lib:/home/a/ws_nhk/install/moveit_core/lib:/home/a/ws_nhk/install/srdfdom/lib:/home/a/ws_nhk/install/rviz_marker_tools/lib:/home/a/ws_nhk/install/rosparam_shortcuts/lib:/home/a/ws_nhk/install/rogidrive_msg/lib:/home/a/ws_nhk/install/moveit_task_constructor_msgs/lib:/home/a/ws_nhk/install/dynamixel_sdk_custom_interfaces/lib:/home/a/ws_nhk/install/dynamixel_controller/lib:/usr/local/lib:/usr/lib/x86_64-linux-gnu/gazebo-11/plugins:/opt/ros/humble/opt/rviz_ogre_vendor/lib:/opt/ros/humble/lib/x86_64-linux-gnu:/opt/ros/humble/lib /usr/bin/cmake --install /home/a/ws_nhk/build/dynamixel_controller
[2.045s] -- Install configuration: "Release"
[2.045s] -- Up-to-date: /home/a/ws_nhk/install/dynamixel_controller/share/ament_index/resource_index/rosidl_interfaces/dynamixel_controller
[2.045s] -- Up-to-date: /home/a/ws_nhk/install/dynamixel_controller/include/dynamixel_controller/dynamixel_controller
[2.045s] -- Up-to-date: /home/a/ws_nhk/install/dynamixel_controller/include/dynamixel_controller/dynamixel_controller/msg
[2.045s] -- Up-to-date: /home/a/ws_nhk/install/dynamixel_controller/include/dynamixel_controller/dynamixel_controller/msg/rosidl_generator_c__visibility_control.h
[2.045s] -- Up-to-date: /home/a/ws_nhk/install/dynamixel_controller/include/dynamixel_controller/dynamixel_controller/msg/dynamixel_controller.h
[2.045s] -- Up-to-date: /home/a/ws_nhk/install/dynamixel_controller/include/dynamixel_controller/dynamixel_controller/msg/dynamixel_response.h
[2.045s] -- Up-to-date: /home/a/ws_nhk/install/dynamixel_controller/include/dynamixel_controller/dynamixel_controller/msg/detail
[2.046s] -- Up-to-date: /home/a/ws_nhk/install/dynamixel_controller/include/dynamixel_controller/dynamixel_controller/msg/detail/dynamixel_command__functions.c
[2.046s] -- Up-to-date: /home/a/ws_nhk/install/dynamixel_controller/include/dynamixel_controller/dynamixel_controller/msg/detail/dynamixel_controller__functions.c
[2.046s] -- Up-to-date: /home/a/ws_nhk/install/dynamixel_controller/include/dynamixel_controller/dynamixel_controller/msg/detail/dynamixel_controller__functions.h
[2.046s] -- Up-to-date: /home/a/ws_nhk/install/dynamixel_controller/include/dynamixel_controller/dynamixel_controller/msg/detail/dynamixel_command__type_support.h
[2.046s] -- Up-to-date: /home/a/ws_nhk/install/dynamixel_controller/include/dynamixel_controller/dynamixel_controller/msg/detail/dynamixel_command__functions.h
[2.046s] -- Up-to-date: /home/a/ws_nhk/install/dynamixel_controller/include/dynamixel_controller/dynamixel_controller/msg/detail/dynamixel_response__functions.h
[2.046s] -- Up-to-date: /home/a/ws_nhk/install/dynamixel_controller/include/dynamixel_controller/dynamixel_controller/msg/detail/dynamixel_controller__type_support.h
[2.046s] -- Up-to-date: /home/a/ws_nhk/install/dynamixel_controller/include/dynamixel_controller/dynamixel_controller/msg/detail/dynamixel_response__struct.h
[2.046s] -- Up-to-date: /home/a/ws_nhk/install/dynamixel_controller/include/dynamixel_controller/dynamixel_controller/msg/detail/dynamixel_controller__struct.h
[2.046s] -- Up-to-date: /home/a/ws_nhk/install/dynamixel_controller/include/dynamixel_controller/dynamixel_controller/msg/detail/dynamixel_response__type_support.h
[2.046s] -- Up-to-date: /home/a/ws_nhk/install/dynamixel_controller/include/dynamixel_controller/dynamixel_controller/msg/detail/dynamixel_response__functions.c
[2.046s] -- Up-to-date: /home/a/ws_nhk/install/dynamixel_controller/include/dynamixel_controller/dynamixel_controller/msg/detail/dynamixel_command__struct.h
[2.046s] -- Up-to-date: /home/a/ws_nhk/install/dynamixel_controller/include/dynamixel_controller/dynamixel_controller/msg/dynamixel_command.h
[2.046s] -- Up-to-date: /home/a/ws_nhk/install/dynamixel_controller/share/dynamixel_controller/environment/library_path.sh
[2.047s] -- Up-to-date: /home/a/ws_nhk/install/dynamixel_controller/share/dynamixel_controller/environment/library_path.dsv
[2.047s] -- Up-to-date: /home/a/ws_nhk/install/dynamixel_controller/lib/libdynamixel_controller__rosidl_generator_c.so
[2.047s] -- Up-to-date: /home/a/ws_nhk/install/dynamixel_controller/include/dynamixel_controller/dynamixel_controller
[2.047s] -- Up-to-date: /home/a/ws_nhk/install/dynamixel_controller/include/dynamixel_controller/dynamixel_controller/msg
[2.047s] -- Up-to-date: /home/a/ws_nhk/install/dynamixel_controller/include/dynamixel_controller/dynamixel_controller/msg/rosidl_typesupport_fastrtps_c__visibility_control.h
[2.047s] -- Up-to-date: /home/a/ws_nhk/install/dynamixel_controller/include/dynamixel_controller/dynamixel_controller/msg/detail
[2.047s] -- Up-to-date: /home/a/ws_nhk/install/dynamixel_controller/include/dynamixel_controller/dynamixel_controller/msg/detail/dynamixel_controller__rosidl_typesupport_fastrtps_c.h
[2.047s] -- Up-to-date: /home/a/ws_nhk/install/dynamixel_controller/include/dynamixel_controller/dynamixel_controller/msg/detail/dynamixel_response__rosidl_typesupport_fastrtps_c.h
[2.047s] -- Up-to-date: /home/a/ws_nhk/install/dynamixel_controller/include/dynamixel_controller/dynamixel_controller/msg/detail/dynamixel_command__rosidl_typesupport_fastrtps_c.h
[2.047s] -- Up-to-date: /home/a/ws_nhk/install/dynamixel_controller/lib/libdynamixel_controller__rosidl_typesupport_fastrtps_c.so
[2.047s] -- Up-to-date: /home/a/ws_nhk/install/dynamixel_controller/include/dynamixel_controller/dynamixel_controller
[2.047s] -- Up-to-date: /home/a/ws_nhk/install/dynamixel_controller/include/dynamixel_controller/dynamixel_controller/msg
[2.047s] -- Up-to-date: /home/a/ws_nhk/install/dynamixel_controller/include/dynamixel_controller/dynamixel_controller/msg/dynamixel_command.hpp
[2.047s] -- Up-to-date: /home/a/ws_nhk/install/dynamixel_controller/include/dynamixel_controller/dynamixel_controller/msg/dynamixel_response.hpp
[2.048s] -- Up-to-date: /home/a/ws_nhk/install/dynamixel_controller/include/dynamixel_controller/dynamixel_controller/msg/rosidl_generator_cpp__visibility_control.hpp
[2.048s] -- Up-to-date: /home/a/ws_nhk/install/dynamixel_controller/include/dynamixel_controller/dynamixel_controller/msg/dynamixel_controller.hpp
[2.048s] -- Up-to-date: /home/a/ws_nhk/install/dynamixel_controller/include/dynamixel_controller/dynamixel_controller/msg/detail
[2.048s] -- Up-to-date: /home/a/ws_nhk/install/dynamixel_controller/include/dynamixel_controller/dynamixel_controller/msg/detail/dynamixel_controller__type_support.hpp
[2.048s] -- Up-to-date: /home/a/ws_nhk/install/dynamixel_controller/include/dynamixel_controller/dynamixel_controller/msg/detail/dynamixel_response__struct.hpp
[2.048s] -- Up-to-date: /home/a/ws_nhk/install/dynamixel_controller/include/dynamixel_controller/dynamixel_controller/msg/detail/dynamixel_controller__struct.hpp
[2.048s] -- Up-to-date: /home/a/ws_nhk/install/dynamixel_controller/include/dynamixel_controller/dynamixel_controller/msg/detail/dynamixel_controller__builder.hpp
[2.048s] -- Up-to-date: /home/a/ws_nhk/install/dynamixel_controller/include/dynamixel_controller/dynamixel_controller/msg/detail/dynamixel_response__builder.hpp
[2.048s] -- Up-to-date: /home/a/ws_nhk/install/dynamixel_controller/include/dynamixel_controller/dynamixel_controller/msg/detail/dynamixel_response__traits.hpp
[2.048s] -- Up-to-date: /home/a/ws_nhk/install/dynamixel_controller/include/dynamixel_controller/dynamixel_controller/msg/detail/dynamixel_command__type_support.hpp
[2.048s] -- Up-to-date: /home/a/ws_nhk/install/dynamixel_controller/include/dynamixel_controller/dynamixel_controller/msg/detail/dynamixel_command__traits.hpp
[2.048s] -- Up-to-date: /home/a/ws_nhk/install/dynamixel_controller/include/dynamixel_controller/dynamixel_controller/msg/detail/dynamixel_command__builder.hpp
[2.049s] -- Up-to-date: /home/a/ws_nhk/install/dynamixel_controller/include/dynamixel_controller/dynamixel_controller/msg/detail/dynamixel_command__struct.hpp
[2.049s] -- Up-to-date: /home/a/ws_nhk/install/dynamixel_controller/include/dynamixel_controller/dynamixel_controller/msg/detail/dynamixel_response__type_support.hpp
[2.049s] -- Up-to-date: /home/a/ws_nhk/install/dynamixel_controller/include/dynamixel_controller/dynamixel_controller/msg/detail/dynamixel_controller__traits.hpp
[2.049s] -- Up-to-date: /home/a/ws_nhk/install/dynamixel_controller/include/dynamixel_controller/dynamixel_controller
[2.049s] -- Up-to-date: /home/a/ws_nhk/install/dynamixel_controller/include/dynamixel_controller/dynamixel_controller/msg
[2.049s] -- Up-to-date: /home/a/ws_nhk/install/dynamixel_controller/include/dynamixel_controller/dynamixel_controller/msg/detail
[2.049s] -- Up-to-date: /home/a/ws_nhk/install/dynamixel_controller/include/dynamixel_controller/dynamixel_controller/msg/detail/dynamixel_command__rosidl_typesupport_fastrtps_cpp.hpp
[2.049s] -- Up-to-date: /home/a/ws_nhk/install/dynamixel_controller/include/dynamixel_controller/dynamixel_controller/msg/detail/dynamixel_controller__rosidl_typesupport_fastrtps_cpp.hpp
[2.049s] -- Up-to-date: /home/a/ws_nhk/install/dynamixel_controller/include/dynamixel_controller/dynamixel_controller/msg/detail/dynamixel_response__rosidl_typesupport_fastrtps_cpp.hpp
[2.049s] -- Up-to-date: /home/a/ws_nhk/install/dynamixel_controller/include/dynamixel_controller/dynamixel_controller/msg/detail/dds_fastrtps
[2.049s] -- Up-to-date: /home/a/ws_nhk/install/dynamixel_controller/include/dynamixel_controller/dynamixel_controller/msg/rosidl_typesupport_fastrtps_cpp__visibility_control.h
[2.049s] -- Up-to-date: /home/a/ws_nhk/install/dynamixel_controller/lib/libdynamixel_controller__rosidl_typesupport_fastrtps_cpp.so
[2.049s] -- Up-to-date: /home/a/ws_nhk/install/dynamixel_controller/include/dynamixel_controller/dynamixel_controller
[2.049s] -- Up-to-date: /home/a/ws_nhk/install/dynamixel_controller/include/dynamixel_controller/dynamixel_controller/msg
[2.050s] -- Up-to-date: /home/a/ws_nhk/install/dynamixel_controller/include/dynamixel_controller/dynamixel_controller/msg/rosidl_typesupport_introspection_c__visibility_control.h
[2.050s] -- Up-to-date: /home/a/ws_nhk/install/dynamixel_controller/include/dynamixel_controller/dynamixel_controller/msg/detail
[2.050s] -- Up-to-date: /home/a/ws_nhk/install/dynamixel_controller/include/dynamixel_controller/dynamixel_controller/msg/detail/dynamixel_response__type_support.c
[2.050s] -- Up-to-date: /home/a/ws_nhk/install/dynamixel_controller/include/dynamixel_controller/dynamixel_controller/msg/detail/dynamixel_command__type_support.c
[2.050s] -- Up-to-date: /home/a/ws_nhk/install/dynamixel_controller/include/dynamixel_controller/dynamixel_controller/msg/detail/dynamixel_controller__type_support.c
[2.050s] -- Up-to-date: /home/a/ws_nhk/install/dynamixel_controller/include/dynamixel_controller/dynamixel_controller/msg/detail/dynamixel_controller__rosidl_typesupport_introspection_c.h
[2.050s] -- Up-to-date: /home/a/ws_nhk/install/dynamixel_controller/include/dynamixel_controller/dynamixel_controller/msg/detail/dynamixel_command__rosidl_typesupport_introspection_c.h
[2.050s] -- Up-to-date: /home/a/ws_nhk/install/dynamixel_controller/include/dynamixel_controller/dynamixel_controller/msg/detail/dynamixel_response__rosidl_typesupport_introspection_c.h
[2.050s] -- Up-to-date: /home/a/ws_nhk/install/dynamixel_controller/lib/libdynamixel_controller__rosidl_typesupport_introspection_c.so
[2.050s] -- Up-to-date: /home/a/ws_nhk/install/dynamixel_controller/lib/libdynamixel_controller__rosidl_typesupport_c.so
[2.050s] -- Up-to-date: /home/a/ws_nhk/install/dynamixel_controller/include/dynamixel_controller/dynamixel_controller
[2.051s] -- Up-to-date: /home/a/ws_nhk/install/dynamixel_controller/include/dynamixel_controller/dynamixel_controller/msg
[2.051s] -- Up-to-date: /home/a/ws_nhk/install/dynamixel_controller/include/dynamixel_controller/dynamixel_controller/msg/detail
[2.051s] -- Up-to-date: /home/a/ws_nhk/install/dynamixel_controller/include/dynamixel_controller/dynamixel_controller/msg/detail/dynamixel_controller__type_support.cpp
[2.051s] -- Up-to-date: /home/a/ws_nhk/install/dynamixel_controller/include/dynamixel_controller/dynamixel_controller/msg/detail/dynamixel_response__type_support.cpp
[2.051s] -- Up-to-date: /home/a/ws_nhk/install/dynamixel_controller/include/dynamixel_controller/dynamixel_controller/msg/detail/dynamixel_response__rosidl_typesupport_introspection_cpp.hpp
[2.051s] -- Up-to-date: /home/a/ws_nhk/install/dynamixel_controller/include/dynamixel_controller/dynamixel_controller/msg/detail/dynamixel_command__type_support.cpp
[2.051s] -- Up-to-date: /home/a/ws_nhk/install/dynamixel_controller/include/dynamixel_controller/dynamixel_controller/msg/detail/dynamixel_controller__rosidl_typesupport_introspection_cpp.hpp
[2.051s] -- Up-to-date: /home/a/ws_nhk/install/dynamixel_controller/include/dynamixel_controller/dynamixel_controller/msg/detail/dynamixel_command__rosidl_typesupport_introspection_cpp.hpp
[2.051s] -- Up-to-date: /home/a/ws_nhk/install/dynamixel_controller/lib/libdynamixel_controller__rosidl_typesupport_introspection_cpp.so
[2.051s] -- Up-to-date: /home/a/ws_nhk/install/dynamixel_controller/lib/libdynamixel_controller__rosidl_typesupport_cpp.so
[2.051s] -- Up-to-date: /home/a/ws_nhk/install/dynamixel_controller/share/dynamixel_controller/environment/pythonpath.sh
[2.051s] -- Up-to-date: /home/a/ws_nhk/install/dynamixel_controller/share/dynamixel_controller/environment/pythonpath.dsv
[2.051s] -- Up-to-date: /home/a/ws_nhk/install/dynamixel_controller/local/lib/python3.10/dist-packages/dynamixel_controller-0.0.0-py3.10.egg-info
[2.051s] -- Installing: /home/a/ws_nhk/install/dynamixel_controller/local/lib/python3.10/dist-packages/dynamixel_controller-0.0.0-py3.10.egg-info/top_level.txt
[2.052s] -- Installing: /home/a/ws_nhk/install/dynamixel_controller/local/lib/python3.10/dist-packages/dynamixel_controller-0.0.0-py3.10.egg-info/SOURCES.txt
[2.052s] -- Installing: /home/a/ws_nhk/install/dynamixel_controller/local/lib/python3.10/dist-packages/dynamixel_controller-0.0.0-py3.10.egg-info/PKG-INFO
[2.052s] -- Installing: /home/a/ws_nhk/install/dynamixel_controller/local/lib/python3.10/dist-packages/dynamixel_controller-0.0.0-py3.10.egg-info/dependency_links.txt
[2.052s] -- Up-to-date: /home/a/ws_nhk/install/dynamixel_controller/local/lib/python3.10/dist-packages/dynamixel_controller
[2.052s] -- Up-to-date: /home/a/ws_nhk/install/dynamixel_controller/local/lib/python3.10/dist-packages/dynamixel_controller/msg
[2.052s] -- Up-to-date: /home/a/ws_nhk/install/dynamixel_controller/local/lib/python3.10/dist-packages/dynamixel_controller/msg/_dynamixel_response.py
[2.052s] -- Up-to-date: /home/a/ws_nhk/install/dynamixel_controller/local/lib/python3.10/dist-packages/dynamixel_controller/msg/_dynamixel_controller_s.c
[2.052s] -- Up-to-date: /home/a/ws_nhk/install/dynamixel_controller/local/lib/python3.10/dist-packages/dynamixel_controller/msg/_dynamixel_controller.py
[2.052s] -- Up-to-date: /home/a/ws_nhk/install/dynamixel_controller/local/lib/python3.10/dist-packages/dynamixel_controller/msg/__init__.py
[2.053s] -- Up-to-date: /home/a/ws_nhk/install/dynamixel_controller/local/lib/python3.10/dist-packages/dynamixel_controller/msg/_dynamixel_response_s.c
[2.053s] -- Up-to-date: /home/a/ws_nhk/install/dynamixel_controller/local/lib/python3.10/dist-packages/dynamixel_controller/msg/_dynamixel_command.py
[2.053s] -- Up-to-date: /home/a/ws_nhk/install/dynamixel_controller/local/lib/python3.10/dist-packages/dynamixel_controller/msg/_dynamixel_command_s.c
[2.053s] -- Up-to-date: /home/a/ws_nhk/install/dynamixel_controller/local/lib/python3.10/dist-packages/dynamixel_controller/_dynamixel_controller_s.ep.rosidl_typesupport_introspection_c.c
[2.053s] -- Up-to-date: /home/a/ws_nhk/install/dynamixel_controller/local/lib/python3.10/dist-packages/dynamixel_controller/dynamixel_controller_s__rosidl_typesupport_fastrtps_c.cpython-310-x86_64-linux-gnu.so
[2.053s] -- Up-to-date: /home/a/ws_nhk/install/dynamixel_controller/local/lib/python3.10/dist-packages/dynamixel_controller/__init__.py
[2.053s] -- Up-to-date: /home/a/ws_nhk/install/dynamixel_controller/local/lib/python3.10/dist-packages/dynamixel_controller/dynamixel_controller_s__rosidl_typesupport_introspection_c.cpython-310-x86_64-linux-gnu.so
[2.053s] -- Up-to-date: /home/a/ws_nhk/install/dynamixel_controller/local/lib/python3.10/dist-packages/dynamixel_controller/_dynamixel_controller_s.ep.rosidl_typesupport_fastrtps_c.c
[2.053s] -- Up-to-date: /home/a/ws_nhk/install/dynamixel_controller/local/lib/python3.10/dist-packages/dynamixel_controller/dynamixel_controller_s__rosidl_typesupport_c.cpython-310-x86_64-linux-gnu.so
[2.053s] -- Up-to-date: /home/a/ws_nhk/install/dynamixel_controller/local/lib/python3.10/dist-packages/dynamixel_controller/_dynamixel_controller_s.ep.rosidl_typesupport_c.c
[2.053s] -- Up-to-date: /home/a/ws_nhk/install/dynamixel_controller/local/lib/python3.10/dist-packages/dynamixel_controller/libdynamixel_controller__rosidl_generator_py.so
[2.097s] Listing '/home/a/ws_nhk/install/dynamixel_controller/local/lib/python3.10/dist-packages/dynamixel_controller'...
[2.097s] Listing '/home/a/ws_nhk/install/dynamixel_controller/local/lib/python3.10/dist-packages/dynamixel_controller/msg'...
[2.104s] -- Up-to-date: /home/a/ws_nhk/install/dynamixel_controller/local/lib/python3.10/dist-packages/dynamixel_controller/dynamixel_controller_s__rosidl_typesupport_fastrtps_c.cpython-310-x86_64-linux-gnu.so
[2.105s] -- Up-to-date: /home/a/ws_nhk/install/dynamixel_controller/local/lib/python3.10/dist-packages/dynamixel_controller/dynamixel_controller_s__rosidl_typesupport_introspection_c.cpython-310-x86_64-linux-gnu.so
[2.105s] -- Up-to-date: /home/a/ws_nhk/install/dynamixel_controller/local/lib/python3.10/dist-packages/dynamixel_controller/dynamixel_controller_s__rosidl_typesupport_c.cpython-310-x86_64-linux-gnu.so
[2.105s] -- Up-to-date: /home/a/ws_nhk/install/dynamixel_controller/lib/libdynamixel_controller__rosidl_generator_py.so
[2.105s] -- Up-to-date: /home/a/ws_nhk/install/dynamixel_controller/share/dynamixel_controller/msg/DynamixelController.idl
[2.105s] -- Up-to-date: /home/a/ws_nhk/install/dynamixel_controller/share/dynamixel_controller/msg/DynamixelCommand.idl
[2.106s] -- Up-to-date: /home/a/ws_nhk/install/dynamixel_controller/share/dynamixel_controller/msg/DynamixelResponse.idl
[2.106s] -- Up-to-date: /home/a/ws_nhk/install/dynamixel_controller/share/dynamixel_controller/msg/DynamixelController.msg
[2.106s] -- Up-to-date: /home/a/ws_nhk/install/dynamixel_controller/share/dynamixel_controller/msg/DynamixelCommand.msg
[2.106s] -- Up-to-date: /home/a/ws_nhk/install/dynamixel_controller/share/dynamixel_controller/msg/DynamixelResponse.msg
[2.106s] -- Up-to-date: /home/a/ws_nhk/install/dynamixel_controller/lib/dynamixel_controller/dynamixel_controller_node
[2.107s] -- Up-to-date: /home/a/ws_nhk/install/dynamixel_controller/share/dynamixel_controller/config
[2.107s] -- Up-to-date: /home/a/ws_nhk/install/dynamixel_controller/share/dynamixel_controller/config/bus_config.yaml
[2.107s] -- Up-to-date: /home/a/ws_nhk/install/dynamixel_controller/share/ament_index/resource_index/package_run_dependencies/dynamixel_controller
[2.107s] -- Up-to-date: /home/a/ws_nhk/install/dynamixel_controller/share/ament_index/resource_index/parent_prefix_path/dynamixel_controller
[2.107s] -- Up-to-date: /home/a/ws_nhk/install/dynamixel_controller/share/dynamixel_controller/environment/ament_prefix_path.sh
[2.108s] -- Up-to-date: /home/a/ws_nhk/install/dynamixel_controller/share/dynamixel_controller/environment/ament_prefix_path.dsv
[2.108s] -- Up-to-date: /home/a/ws_nhk/install/dynamixel_controller/share/dynamixel_controller/environment/path.sh
[2.108s] -- Up-to-date: /home/a/ws_nhk/install/dynamixel_controller/share/dynamixel_controller/environment/path.dsv
[2.108s] -- Up-to-date: /home/a/ws_nhk/install/dynamixel_controller/share/dynamixel_controller/local_setup.bash
[2.108s] -- Up-to-date: /home/a/ws_nhk/install/dynamixel_controller/share/dynamixel_controller/local_setup.sh
[2.108s] -- Up-to-date: /home/a/ws_nhk/install/dynamixel_controller/share/dynamixel_controller/local_setup.zsh
[2.108s] -- Up-to-date: /home/a/ws_nhk/install/dynamixel_controller/share/dynamixel_controller/local_setup.dsv
[2.109s] -- Installing: /home/a/ws_nhk/install/dynamixel_controller/share/dynamixel_controller/package.dsv
[2.109s] -- Up-to-date: /home/a/ws_nhk/install/dynamixel_controller/share/ament_index/resource_index/packages/dynamixel_controller
[2.109s] -- Up-to-date: /home/a/ws_nhk/install/dynamixel_controller/share/dynamixel_controller/cmake/export_dynamixel_controller__rosidl_generator_cExport.cmake
[2.109s] -- Up-to-date: /home/a/ws_nhk/install/dynamixel_controller/share/dynamixel_controller/cmake/export_dynamixel_controller__rosidl_generator_cExport-release.cmake
[2.109s] -- Up-to-date: /home/a/ws_nhk/install/dynamixel_controller/share/dynamixel_controller/cmake/export_dynamixel_controller__rosidl_typesupport_fastrtps_cExport.cmake
[2.110s] -- Up-to-date: /home/a/ws_nhk/install/dynamixel_controller/share/dynamixel_controller/cmake/export_dynamixel_controller__rosidl_typesupport_fastrtps_cExport-release.cmake
[2.110s] -- Up-to-date: /home/a/ws_nhk/install/dynamixel_controller/share/dynamixel_controller/cmake/export_dynamixel_controller__rosidl_generator_cppExport.cmake
[2.110s] -- Up-to-date: /home/a/ws_nhk/install/dynamixel_controller/share/dynamixel_controller/cmake/export_dynamixel_controller__rosidl_typesupport_fastrtps_cppExport.cmake
[2.110s] -- Up-to-date: /home/a/ws_nhk/install/dynamixel_controller/share/dynamixel_controller/cmake/export_dynamixel_controller__rosidl_typesupport_fastrtps_cppExport-release.cmake
[2.110s] -- Up-to-date: /home/a/ws_nhk/install/dynamixel_controller/share/dynamixel_controller/cmake/dynamixel_controller__rosidl_typesupport_introspection_cExport.cmake
[2.110s] -- Up-to-date: /home/a/ws_nhk/install/dynamixel_controller/share/dynamixel_controller/cmake/dynamixel_controller__rosidl_typesupport_introspection_cExport-release.cmake
[2.110s] -- Up-to-date: /home/a/ws_nhk/install/dynamixel_controller/share/dynamixel_controller/cmake/dynamixel_controller__rosidl_typesupport_cExport.cmake
[2.111s] -- Up-to-date: /home/a/ws_nhk/install/dynamixel_controller/share/dynamixel_controller/cmake/dynamixel_controller__rosidl_typesupport_cExport-release.cmake
[2.111s] -- Up-to-date: /home/a/ws_nhk/install/dynamixel_controller/share/dynamixel_controller/cmake/dynamixel_controller__rosidl_typesupport_introspection_cppExport.cmake
[2.111s] -- Up-to-date: /home/a/ws_nhk/install/dynamixel_controller/share/dynamixel_controller/cmake/dynamixel_controller__rosidl_typesupport_introspection_cppExport-release.cmake
[2.111s] -- Up-to-date: /home/a/ws_nhk/install/dynamixel_controller/share/dynamixel_controller/cmake/dynamixel_controller__rosidl_typesupport_cppExport.cmake
[2.111s] -- Up-to-date: /home/a/ws_nhk/install/dynamixel_controller/share/dynamixel_controller/cmake/dynamixel_controller__rosidl_typesupport_cppExport-release.cmake
[2.111s] -- Up-to-date: /home/a/ws_nhk/install/dynamixel_controller/share/dynamixel_controller/cmake/export_dynamixel_controller__rosidl_generator_pyExport.cmake
[2.111s] -- Up-to-date: /home/a/ws_nhk/install/dynamixel_controller/share/dynamixel_controller/cmake/export_dynamixel_controller__rosidl_generator_pyExport-release.cmake
[2.111s] -- Up-to-date: /home/a/ws_nhk/install/dynamixel_controller/share/dynamixel_controller/cmake/rosidl_cmake-extras.cmake
[2.112s] -- Up-to-date: /home/a/ws_nhk/install/dynamixel_controller/share/dynamixel_controller/cmake/ament_cmake_export_dependencies-extras.cmake
[2.112s] -- Up-to-date: /home/a/ws_nhk/install/dynamixel_controller/share/dynamixel_controller/cmake/ament_cmake_export_include_directories-extras.cmake
[2.112s] -- Up-to-date: /home/a/ws_nhk/install/dynamixel_controller/share/dynamixel_controller/cmake/ament_cmake_export_libraries-extras.cmake
[2.112s] -- Up-to-date: /home/a/ws_nhk/install/dynamixel_controller/share/dynamixel_controller/cmake/ament_cmake_export_targets-extras.cmake
[2.112s] -- Up-to-date: /home/a/ws_nhk/install/dynamixel_controller/share/dynamixel_controller/cmake/rosidl_cmake_export_typesupport_targets-extras.cmake
[2.112s] -- Up-to-date: /home/a/ws_nhk/install/dynamixel_controller/share/dynamixel_controller/cmake/rosidl_cmake_export_typesupport_libraries-extras.cmake
[2.112s] -- Up-to-date: /home/a/ws_nhk/install/dynamixel_controller/share/dynamixel_controller/cmake/dynamixel_controllerConfig.cmake
[2.113s] -- Up-to-date: /home/a/ws_nhk/install/dynamixel_controller/share/dynamixel_controller/cmake/dynamixel_controllerConfig-version.cmake
[2.113s] -- Up-to-date: /home/a/ws_nhk/install/dynamixel_controller/share/dynamixel_controller/package.xml
[2.754s] Invoked command in '/home/a/ws_nhk/build/dynamixel_controller' returned '0': CMAKE_PREFIX_PATH=/home/a/ws_nhk/install/dynamixel_sdk:/home/a/ws_nhk/install/moveit_runtime:/home/a/ws_nhk/install/moveit_r2_config:/home/a/ws_nhk/install/moveit_config:/home/a/ws_nhk/install/moveit2_tutorials:/home/a/ws_nhk/install/moveit:/home/a/ws_nhk/install/moveit_planners:/home/a/ws_nhk/install/pilz_industrial_motion_planner:/home/a/ws_nhk/install/moveit_task_constructor_visualization:/home/a/ws_nhk/install/moveit_task_constructor_demo:/home/a/ws_nhk/install/moveit_task_constructor_capabilities:/home/a/ws_nhk/install/moveit_task_constructor_core:/home/a/ws_nhk/install/moveit_setup_assistant:/home/a/ws_nhk/install/moveit_setup_srdf_plugins:/home/a/ws_nhk/install/moveit_setup_core_plugins:/home/a/ws_nhk/install/moveit_setup_controllers:/home/a/ws_nhk/install/moveit_setup_app_plugins:/home/a/ws_nhk/install/moveit_setup_framework:/home/a/ws_nhk/install/moveit_servo:/home/a/ws_nhk/install/moveit_ros:/home/a/ws_nhk/install/moveit_ros_visualization:/home/a/ws_nhk/install/moveit_hybrid_planning:/home/a/ws_nhk/install/moveit_ros_planning_interface:/home/a/ws_nhk/install/moveit_resources_prbt_pg70_support:/home/a/ws_nhk/install/moveit_resources_prbt_moveit_config:/home/a/ws_nhk/install/moveit_ros_move_group:/home/a/ws_nhk/install/moveit_kinematics:/home/a/ws_nhk/install/trac_ik:/home/a/ws_nhk/install/trac_ik_kinematics_plugin:/home/a/ws_nhk/install/trac_ik_lib:/home/a/ws_nhk/install/pilz_industrial_motion_planner_testutils:/home/a/ws_nhk/install/moveit_visual_tools:/home/a/ws_nhk/install/moveit_ros_control_interface:/home/a/ws_nhk/install/moveit_plugins:/home/a/ws_nhk/install/moveit_simple_controller_manager:/home/a/ws_nhk/install/moveit_ros_benchmarks:/home/a/ws_nhk/install/moveit_ros_warehouse:/home/a/ws_nhk/install/moveit_ros_robot_interaction:/home/a/ws_nhk/install/moveit_ros_perception:/home/a/ws_nhk/install/moveit_planners_ompl:/home/a/ws_nhk/install/moveit_ros_planning:/home/a/ws_nhk/install/moveit_ros_occupancy_map_monitor:/home/a/ws_nhk/install/moveit_resources_prbt_ikfast_manipulator_plugin:/home/a/ws_nhk/install/moveit_planners_chomp:/home/a/ws_nhk/install/moveit_chomp_optimizer_adapter:/home/a/ws_nhk/install/chomp_motion_planner:/home/a/ws_nhk/install/moveit_core:/home/a/ws_nhk/install/srdfdom:/home/a/ws_nhk/install/rviz_marker_tools:/home/a/ws_nhk/install/rosparam_shortcuts:/home/a/ws_nhk/install/rogidrive_msg:/home/a/ws_nhk/install/r2_odrive:/home/a/ws_nhk/install/nhk_bt:/home/a/ws_nhk/install/moveit_task_constructor_msgs:/home/a/ws_nhk/install/moveit_resources_prbt_support:/home/a/ws_nhk/install/moveit_resources:/home/a/ws_nhk/install/moveit_resources_pr2_description:/home/a/ws_nhk/install/moveit_resources_panda_moveit_config:/home/a/ws_nhk/install/moveit_resources_panda_description:/home/a/ws_nhk/install/moveit_resources_fanuc_moveit_config:/home/a/ws_nhk/install/moveit_resources_fanuc_description:/home/a/ws_nhk/install/moveit_common:/home/a/ws_nhk/install/dynamixel_sdk_examples:/home/a/ws_nhk/install/dynamixel_sdk_custom_interfaces:/home/a/ws_nhk/install/dynamixel_controller:/home/a/ws_nhk/install/arm_v20_description:/home/a/ws_nhk/install/a_r2_description:/home/a/install/field_description_test:/home/a/ws_nhk/install/moveit_configs_utils:/home/a/ws_nhk/install/rogidrive:/home/a/ws_nhk/install/launch_param_builder:/home/a/ws_nhk/install/dynamixel_controller_gui:/home/a/ws_nhk/install/dynamixel_controller_client:/opt/ros/humble LD_LIBRARY_PATH=/home/a/ws_nhk/install/dynamixel_sdk/lib:/home/a/ws_nhk/install/pilz_industrial_motion_planner/lib:/home/a/ws_nhk/install/moveit_task_constructor_visualization/lib:/home/a/ws_nhk/install/moveit_task_constructor_demo/lib:/home/a/ws_nhk/install/moveit_task_constructor_capabilities/lib:/home/a/ws_nhk/install/moveit_task_constructor_core/lib:/home/a/ws_nhk/install/moveit_setup_assistant/lib:/home/a/ws_nhk/install/moveit_setup_srdf_plugins/lib:/home/a/ws_nhk/install/moveit_setup_core_plugins/lib:/home/a/ws_nhk/install/moveit_setup_controllers/lib:/home/a/ws_nhk/install/moveit_setup_app_plugins/lib:/home/a/ws_nhk/install/moveit_setup_framework/lib:/home/a/ws_nhk/install/moveit_servo/lib:/home/a/ws_nhk/install/moveit_ros_visualization/lib:/home/a/ws_nhk/install/moveit_hybrid_planning/lib:/home/a/ws_nhk/install/moveit_ros_planning_interface/lib:/home/a/ws_nhk/install/moveit_ros_move_group/lib:/home/a/ws_nhk/install/moveit_kinematics/lib:/home/a/ws_nhk/install/trac_ik_kinematics_plugin/lib:/home/a/ws_nhk/install/trac_ik_lib/lib:/home/a/ws_nhk/install/pilz_industrial_motion_planner_testutils/lib:/home/a/ws_nhk/install/moveit_visual_tools/lib:/home/a/ws_nhk/install/moveit_ros_control_interface/lib:/home/a/ws_nhk/install/moveit_simple_controller_manager/lib:/home/a/ws_nhk/install/moveit_ros_benchmarks/lib:/home/a/ws_nhk/install/moveit_ros_warehouse/lib:/home/a/ws_nhk/install/moveit_ros_robot_interaction/lib:/home/a/ws_nhk/install/moveit_ros_perception/lib:/home/a/ws_nhk/install/moveit_planners_ompl/lib:/home/a/ws_nhk/install/moveit_ros_planning/lib:/home/a/ws_nhk/install/moveit_ros_occupancy_map_monitor/lib:/home/a/ws_nhk/install/moveit_resources_prbt_ikfast_manipulator_plugin/lib:/home/a/ws_nhk/install/moveit_planners_chomp/lib:/home/a/ws_nhk/install/moveit_chomp_optimizer_adapter/lib:/home/a/ws_nhk/install/chomp_motion_planner/lib:/home/a/ws_nhk/install/moveit_core/lib:/home/a/ws_nhk/install/srdfdom/lib:/home/a/ws_nhk/install/rviz_marker_tools/lib:/home/a/ws_nhk/install/rosparam_shortcuts/lib:/home/a/ws_nhk/install/rogidrive_msg/lib:/home/a/ws_nhk/install/moveit_task_constructor_msgs/lib:/home/a/ws_nhk/install/dynamixel_sdk_custom_interfaces/lib:/home/a/ws_nhk/install/dynamixel_controller/lib:/usr/local/lib:/usr/lib/x86_64-linux-gnu/gazebo-11/plugins:/opt/ros/humble/opt/rviz_ogre_vendor/lib:/opt/ros/humble/lib/x86_64-linux-gnu:/opt/ros/humble/lib /usr/bin/cmake --install /home/a/ws_nhk/build/dynamixel_controller
