[0.018s] Invoking command in '/home/a/ws_nhk/build/arm_v20_description': CMAKE_PREFIX_PATH=${CMAKE_PREFIX_PATH}:/home/a/ws_nhk/install/ikeyaMD_wizard:/home/a/ws_nhk/install/moveit_configs_utils:/home/a/ws_nhk/install/rogidrive:/home/a/ws_nhk/install/launch_param_builder:/home/a/ws_nhk/install/dynamixel_controller_gui:/home/a/ws_nhk/install/dynamixel_controller_client:/opt/ros/humble /usr/bin/cmake /home/a/ws_nhk/src/arm_v20_description-20251026T114629Z-1-001/arm_v20_description -DCMAKE_BUILD_TYPE=Release -DCMAKE_INSTALL_PREFIX=/home/a/ws_nhk/install/arm_v20_description
[0.037s] -- Found ament_cmake: 1.3.12 (/opt/ros/humble/share/ament_cmake/cmake)
[0.232s] -- Found urdf: 2.6.1 (/opt/ros/humble/share/urdf/cmake)
[0.383s] -- Configuring done
[0.386s] -- Generating done
[0.388s] -- Build files have been written to: /home/a/ws_nhk/build/arm_v20_description
[0.395s] Invoked command in '/home/a/ws_nhk/build/arm_v20_description' returned '0': CMAKE_PREFIX_PATH=${CMAKE_PREFIX_PATH}:/home/a/ws_nhk/install/ikeyaMD_wizard:/home/a/ws_nhk/install/moveit_configs_utils:/home/a/ws_nhk/install/rogidrive:/home/a/ws_nhk/install/launch_param_builder:/home/a/ws_nhk/install/dynamixel_controller_gui:/home/a/ws_nhk/install/dynamixel_controller_client:/opt/ros/humble /usr/bin/cmake /home/a/ws_nhk/src/arm_v20_description-20251026T114629Z-1-001/arm_v20_description -DCMAKE_BUILD_TYPE=Release -DCMAKE_INSTALL_PREFIX=/home/a/ws_nhk/install/arm_v20_description
[0.397s] Invoking command in '/home/a/ws_nhk/build/arm_v20_description': CMAKE_PREFIX_PATH=${CMAKE_PREFIX_PATH}:/home/a/ws_nhk/install/ikeyaMD_wizard:/home/a/ws_nhk/install/moveit_configs_utils:/home/a/ws_nhk/install/rogidrive:/home/a/ws_nhk/install/launch_param_builder:/home/a/ws_nhk/install/dynamixel_controller_gui:/home/a/ws_nhk/install/dynamixel_controller_client:/opt/ros/humble /usr/bin/cmake --build /home/a/ws_nhk/build/arm_v20_description -- -j22 -l22
[0.462s] Invoked command in '/home/a/ws_nhk/build/arm_v20_description' returned '0': CMAKE_PREFIX_PATH=${CMAKE_PREFIX_PATH}:/home/a/ws_nhk/install/ikeyaMD_wizard:/home/a/ws_nhk/install/moveit_configs_utils:/home/a/ws_nhk/install/rogidrive:/home/a/ws_nhk/install/launch_param_builder:/home/a/ws_nhk/install/dynamixel_controller_gui:/home/a/ws_nhk/install/dynamixel_controller_client:/opt/ros/humble /usr/bin/cmake --build /home/a/ws_nhk/build/arm_v20_description -- -j22 -l22
[0.464s] Invoking command in '/home/a/ws_nhk/build/arm_v20_description': CMAKE_PREFIX_PATH=${CMAKE_PREFIX_PATH}:/home/a/ws_nhk/install/ikeyaMD_wizard:/home/a/ws_nhk/install/moveit_configs_utils:/home/a/ws_nhk/install/rogidrive:/home/a/ws_nhk/install/launch_param_builder:/home/a/ws_nhk/install/dynamixel_controller_gui:/home/a/ws_nhk/install/dynamixel_controller_client:/opt/ros/humble /usr/bin/cmake --install /home/a/ws_nhk/build/arm_v20_description
[0.477s] -- Install configuration: "Release"
[0.477s] -- Up-to-date: /home/a/ws_nhk/install/arm_v20_description/share/arm_v20_description/meshes
[0.477s] -- Up-to-date: /home/a/ws_nhk/install/arm_v20_description/share/arm_v20_description/meshes/link5_1.stl
[0.477s] -- Up-to-date: /home/a/ws_nhk/install/arm_v20_description/share/arm_v20_description/meshes/base_link.stl
[0.477s] -- Up-to-date: /home/a/ws_nhk/install/arm_v20_description/share/arm_v20_description/meshes/link1_1.stl
[0.477s] -- Up-to-date: /home/a/ws_nhk/install/arm_v20_description/share/arm_v20_description/meshes/link4_1.stl
[0.478s] -- Up-to-date: /home/a/ws_nhk/install/arm_v20_description/share/arm_v20_description/meshes/endeffector_1.stl
[0.478s] -- Up-to-date: /home/a/ws_nhk/install/arm_v20_description/share/arm_v20_description/meshes/link2_1.stl
[0.478s] -- Up-to-date: /home/a/ws_nhk/install/arm_v20_description/share/arm_v20_description/meshes/link3_1.stl
[0.478s] -- Up-to-date: /home/a/ws_nhk/install/arm_v20_description/share/arm_v20_description/urdf
[0.478s] -- Up-to-date: /home/a/ws_nhk/install/arm_v20_description/share/arm_v20_description/urdf/arm_v20.trans
[0.478s] -- Up-to-date: /home/a/ws_nhk/install/arm_v20_description/share/arm_v20_description/urdf/materials.xacro
[0.478s] -- Up-to-date: /home/a/ws_nhk/install/arm_v20_description/share/arm_v20_description/urdf/materials.urdf
[0.478s] -- Up-to-date: /home/a/ws_nhk/install/arm_v20_description/share/arm_v20_description/urdf/arm_v20.xacro
[0.478s] -- Up-to-date: /home/a/ws_nhk/install/arm_v20_description/share/arm_v20_description/urdf/arm_v20.urdf
[0.478s] -- Up-to-date: /home/a/ws_nhk/install/arm_v20_description/share/arm_v20_description/launch
[0.478s] -- Up-to-date: /home/a/ws_nhk/install/arm_v20_description/share/arm_v20_description/launch/robot_description.launch.py
[0.478s] -- Up-to-date: /home/a/ws_nhk/install/arm_v20_description/share/ament_index/resource_index/package_run_dependencies/arm_v20_description
[0.478s] -- Installing: /home/a/ws_nhk/install/arm_v20_description/share/ament_index/resource_index/parent_prefix_path/arm_v20_description
[0.479s] -- Up-to-date: /home/a/ws_nhk/install/arm_v20_description/share/arm_v20_description/environment/ament_prefix_path.sh
[0.479s] -- Installing: /home/a/ws_nhk/install/arm_v20_description/share/arm_v20_description/environment/ament_prefix_path.dsv
[0.479s] -- Up-to-date: /home/a/ws_nhk/install/arm_v20_description/share/arm_v20_description/environment/path.sh
[0.479s] -- Installing: /home/a/ws_nhk/install/arm_v20_description/share/arm_v20_description/environment/path.dsv
[0.479s] -- Up-to-date: /home/a/ws_nhk/install/arm_v20_description/share/arm_v20_description/local_setup.bash
[0.479s] -- Up-to-date: /home/a/ws_nhk/install/arm_v20_description/share/arm_v20_description/local_setup.sh
[0.479s] -- Up-to-date: /home/a/ws_nhk/install/arm_v20_description/share/arm_v20_description/local_setup.zsh
[0.479s] -- Installing: /home/a/ws_nhk/install/arm_v20_description/share/arm_v20_description/local_setup.dsv
[0.479s] -- Installing: /home/a/ws_nhk/install/arm_v20_description/share/arm_v20_description/package.dsv
[0.479s] -- Up-to-date: /home/a/ws_nhk/install/arm_v20_description/share/ament_index/resource_index/packages/arm_v20_description
[0.479s] -- Up-to-date: /home/a/ws_nhk/install/arm_v20_description/share/arm_v20_description/cmake/arm_v20_descriptionConfig.cmake
[0.479s] -- Up-to-date: /home/a/ws_nhk/install/arm_v20_description/share/arm_v20_description/cmake/arm_v20_descriptionConfig-version.cmake
[0.479s] -- Up-to-date: /home/a/ws_nhk/install/arm_v20_description/share/arm_v20_description/package.xml
[0.482s] Invoked command in '/home/a/ws_nhk/build/arm_v20_description' returned '0': CMAKE_PREFIX_PATH=${CMAKE_PREFIX_PATH}:/home/a/ws_nhk/install/ikeyaMD_wizard:/home/a/ws_nhk/install/moveit_configs_utils:/home/a/ws_nhk/install/rogidrive:/home/a/ws_nhk/install/launch_param_builder:/home/a/ws_nhk/install/dynamixel_controller_gui:/home/a/ws_nhk/install/dynamixel_controller_client:/opt/ros/humble /usr/bin/cmake --install /home/a/ws_nhk/build/arm_v20_description
