[2.990s] Invoking command in '/home/a/ws_nhk/build/nhk_bt': CMAKE_PREFIX_PATH=${CMAKE_PREFIX_PATH}:/home/a/ws_nhk/install/moveit_configs_utils:/home/a/ws_nhk/install/rogidrive:/home/a/ws_nhk/install/launch_param_builder:/home/a/ws_nhk/install/dynamixel_controller_gui:/home/a/ws_nhk/install/dynamixel_controller_client:/opt/ros/humble /usr/bin/cmake --build /home/a/ws_nhk/build/nhk_bt -- -j22 -l22
[3.553s] [100%] Built target remote_control_bt_node
[4.182s] Invoked command in '/home/a/ws_nhk/build/nhk_bt' returned '0': CMAKE_PREFIX_PATH=${CMAKE_PREFIX_PATH}:/home/a/ws_nhk/install/moveit_configs_utils:/home/a/ws_nhk/install/rogidrive:/home/a/ws_nhk/install/launch_param_builder:/home/a/ws_nhk/install/dynamixel_controller_gui:/home/a/ws_nhk/install/dynamixel_controller_client:/opt/ros/humble /usr/bin/cmake --build /home/a/ws_nhk/build/nhk_bt -- -j22 -l22
[4.185s] Invoking command in '/home/a/ws_nhk/build/nhk_bt': CMAKE_PREFIX_PATH=${CMAKE_PREFIX_PATH}:/home/a/ws_nhk/install/moveit_configs_utils:/home/a/ws_nhk/install/rogidrive:/home/a/ws_nhk/install/launch_param_builder:/home/a/ws_nhk/install/dynamixel_controller_gui:/home/a/ws_nhk/install/dynamixel_controller_client:/opt/ros/humble /usr/bin/cmake --install /home/a/ws_nhk/build/nhk_bt
[4.308s] -- Install configuration: "Release"
[4.308s] -- Up-to-date: /home/a/ws_nhk/install/nhk_bt/lib/nhk_bt/remote_control_bt_node
[4.308s] -- Up-to-date: /home/a/ws_nhk/install/nhk_bt/share/nhk_bt/config
[4.308s] -- Up-to-date: /home/a/ws_nhk/install/nhk_bt/share/nhk_bt/config/remote_control_sequence.xml
[4.309s] -- Up-to-date: /home/a/ws_nhk/install/nhk_bt/share/nhk_bt/launch
[4.309s] -- Up-to-date: /home/a/ws_nhk/install/nhk_bt/share/nhk_bt/launch/remote_control_bt.launch.py
[4.309s] -- Up-to-date: /home/a/ws_nhk/install/nhk_bt/include
[4.309s] -- Up-to-date: /home/a/ws_nhk/install/nhk_bt/include/nhk_bt
[4.309s] -- Up-to-date: /home/a/ws_nhk/install/nhk_bt/include/nhk_bt/remote_control_nodes.hpp
[4.309s] -- Up-to-date: /home/a/ws_nhk/install/nhk_bt/share/ament_index/resource_index/package_run_dependencies/nhk_bt
[4.309s] -- Up-to-date: /home/a/ws_nhk/install/nhk_bt/share/ament_index/resource_index/parent_prefix_path/nhk_bt
[4.310s] -- Up-to-date: /home/a/ws_nhk/install/nhk_bt/share/nhk_bt/environment/ament_prefix_path.sh
[4.310s] -- Up-to-date: /home/a/ws_nhk/install/nhk_bt/share/nhk_bt/environment/ament_prefix_path.dsv
[4.310s] -- Up-to-date: /home/a/ws_nhk/install/nhk_bt/share/nhk_bt/environment/path.sh
[4.310s] -- Up-to-date: /home/a/ws_nhk/install/nhk_bt/share/nhk_bt/environment/path.dsv
[4.310s] -- Up-to-date: /home/a/ws_nhk/install/nhk_bt/share/nhk_bt/local_setup.bash
[4.310s] -- Up-to-date: /home/a/ws_nhk/install/nhk_bt/share/nhk_bt/local_setup.sh
[4.311s] -- Up-to-date: /home/a/ws_nhk/install/nhk_bt/share/nhk_bt/local_setup.zsh
[4.311s] -- Up-to-date: /home/a/ws_nhk/install/nhk_bt/share/nhk_bt/local_setup.dsv
[4.311s] -- Installing: /home/a/ws_nhk/install/nhk_bt/share/nhk_bt/package.dsv
[4.311s] -- Up-to-date: /home/a/ws_nhk/install/nhk_bt/share/ament_index/resource_index/packages/nhk_bt
[4.311s] -- Up-to-date: /home/a/ws_nhk/install/nhk_bt/share/nhk_bt/cmake/nhk_btConfig.cmake
[4.311s] -- Up-to-date: /home/a/ws_nhk/install/nhk_bt/share/nhk_bt/cmake/nhk_btConfig-version.cmake
[4.311s] -- Up-to-date: /home/a/ws_nhk/install/nhk_bt/share/nhk_bt/package.xml
[4.464s] Invoked command in '/home/a/ws_nhk/build/nhk_bt' returned '0': CMAKE_PREFIX_PATH=${CMAKE_PREFIX_PATH}:/home/a/ws_nhk/install/moveit_configs_utils:/home/a/ws_nhk/install/rogidrive:/home/a/ws_nhk/install/launch_param_builder:/home/a/ws_nhk/install/dynamixel_controller_gui:/home/a/ws_nhk/install/dynamixel_controller_client:/opt/ros/humble /usr/bin/cmake --install /home/a/ws_nhk/build/nhk_bt
