[0.254s] Invoking command in '/home/a/ws_nhk/build/stm32_mavlink_msgs': CMAKE_PREFIX_PATH=${CMAKE_PREFIX_PATH}:/home/a/ws_nhk/install/moveit_configs_utils:/home/a/ws_nhk/install/rogidrive:/home/a/ws_nhk/install/launch_param_builder:/home/a/ws_nhk/install/dynamixel_controller_gui:/home/a/ws_nhk/install/dynamixel_controller_client:/opt/ros/humble /usr/bin/cmake --build /home/a/ws_nhk/build/stm32_mavlink_msgs -- -j22 -l22
[0.890s] [  1%] [34m[1mGenerating C code for ROS interfaces[0m
[0.890s] [  1%] [34m[1mGenerating C++ code for ROS interfaces[0m
[0.890s] [  1%] Built target ament_cmake_python_copy_stm32_mavlink_msgs
[0.890s] running egg_info
[0.890s] writing stm32_mavlink_msgs.egg-info/PKG-INFO
[0.890s] writing dependency_links to stm32_mavlink_msgs.egg-info/dependency_links.txt
[0.890s] writing top-level names to stm32_mavlink_msgs.egg-info/top_level.txt
[0.890s] reading manifest file 'stm32_mavlink_msgs.egg-info/SOURCES.txt'
[0.890s] writing manifest file 'stm32_mavlink_msgs.egg-info/SOURCES.txt'
[0.890s] [  1%] Built target ament_cmake_python_build_stm32_mavlink_msgs_egg
[33.389s] Traceback (most recent call last):
[33.389s]   File "/opt/ros/humble/share/rosidl_generator_cpp/cmake/../../../lib/rosidl_generator_cpp/rosidl_generator_cpp", line 38, in <module>
[33.390s]     sys.exit(main())
[33.397s]   File "/opt/ros/humble/share/rosidl_generator_cpp/cmake/../../../lib/rosidl_generator_cpp/rosidl_generator_cpp", line 34, in main
[33.397s]     generate_cpp(args.generator_arguments_file)
[33.398s]   File "/opt/ros/humble/local/lib/python3.10/dist-packages/rosidl_generator_cpp/__init__.py", line 39, in generate_cpp
[33.415s]     return generate_files(
[33.415s]   File "/opt/ros/humble/local/lib/python3.10/dist-packages/rosidl_cmake/__init__.py", line 87, in generate_files
[33.416s]     expand_template(
[33.416s]   File "/opt/ros/humble/local/lib/python3.10/dist-packages/rosidl_cmake/__init__.py", line 149, in expand_template
[33.417s]     interpreter.string(template_content, template_path, locals=data)
[33.417s]   File "/usr/lib/python3/dist-packages/em.py", line 2391, in string
[33.448s] gmake[2]: *** Deleting file 'rosidl_generator_cpp/stm32_mavlink_msgs/msg/servo_command.hpp'
[33.449s] Traceback (most recent call last):
[33.449s]   File "/opt/ros/humble/share/rosidl_generator_c/cmake/../../../lib/rosidl_generator_c/rosidl_generator_c", line 38, in <module>
[33.482s]     sys.exit(main())
[33.483s]   File "/opt/ros/humble/share/rosidl_generator_c/cmake/../../../lib/rosidl_generator_c/rosidl_generator_c", line 34, in main
[33.492s]     self.safe(scanner, True, locals)
[33.492s]   File "/usr/lib/python3/dist-packages/em.py", line 2401, in safe
[33.493s]     generate_c(args.generator_arguments_file)
[33.493s]   File "/opt/ros/humble/local/lib/python3.10/dist-packages/rosidl_generator_c/__init__.py", line 37, in generate_c
[33.493s]     return generate_files(
[33.494s]   File "/opt/ros/humble/local/lib/python3.10/dist-packages/rosidl_cmake/__init__.py", line 74, in generate_files
[33.494s]     idl_file = parse_idl_file(locator)
[33.494s]   File "/opt/ros/humble/local/lib/python3.10/dist-packages/rosidl_parser/parser.py", line 64, in parse_idl_file
[33.520s]     content = parse_idl_string(string, png_file=png_file)
[33.521s]   File "/opt/ros/humble/local/lib/python3.10/dist-packages/rosidl_parser/parser.py", line 72, in parse_idl_string
[33.521s]     tree = get_ast_from_idl_string(idl_string)
[33.521s]   File "/opt/ros/humble/local/lib/python3.10/dist-packages/rosidl_parser/parser.py", line 89, in get_ast_from_idl_string
[33.530s]     return _parser.parse(idl_string)
[33.530s]   File "/home/a/.local/lib/python3.10/site-packages/lark/lark.py", line 676, in parse
[33.531s]     self.parse(scanner, locals)
[33.531s]   File "/usr/lib/python3/dist-packages/em.py", line 2421, in parse
[33.531s]     return self.parser.parse(text, start=start, on_error=on_error)
[33.532s]   File "/home/a/.local/lib/python3.10/site-packages/lark/parser_frontends.py", line 123, in parse
[33.532s]     return self.parser.parse(stream, chosen_start, **kw)
[33.532s]   File "/home/a/.local/lib/python3.10/site-packages/lark/parsers/earley.py", line 280, in parse
[33.533s]     to_scan = self._parse(lexer, columns, to_scan, start_symbol)
[33.533s]   File "/home/a/.local/lib/python3.10/site-packages/lark/parsers/xearley.py", line 151, in _parse
[33.533s]     self.predict_and_complete(i, to_scan, columns, transitives, node_cache)
[33.542s]   File "/home/a/.local/lib/python3.10/site-packages/lark/parsers/earley.py", line 166, in predict_and_complete
[33.542s]     token.run(self, locals)
[33.543s]   File "/usr/lib/python3/dist-packages/em.py", line 1547, in run
[33.543s]     elif new_item not in column:
[33.543s]   File "/home/a/.local/lib/python3.10/site-packages/lark/utils.py", line 397, in __contains__
[33.544s]     return item in self.d
[33.544s]   File "/home/a/.local/lib/python3.10/site-packages/lark/parsers/earley_common.py", line 29, in __eq__
[33.544s]     return self is other or (self.s == other.s and self.start == other.start and self.rule == other.rule)
[33.545s]   File "/home/a/.local/lib/python3.10/site-packages/lark/grammar.py", line 133, in __eq__
[33.545s]     return self.origin == other.origin and self.expansion == other.expansion
[33.545s]   File "/home/a/.local/lib/python3.10/site-packages/lark/grammar.py", line 21, in __eq__
[33.546s]     return self.is_term == other.is_term and self.name == other.name
[33.551s]     self.subrun(info[0][1], interpreter, locals)
[33.552s]   File "/home/a/.local/lib/python3.10/site-packages/lark/lexer.py", line 265, in __eq__
[33.552s]   File "/usr/lib/python3/dist-packages/em.py", line 1631, in subrun
[33.553s]     def __eq__(self, other):
[33.553s] KeyboardInterrupt
[33.553s]     token.run(interpreter, locals)
[33.554s]   File "/usr/lib/python3/dist-packages/em.py", line 1425, in run
[33.558s]     interpreter.execute(self.code, locals)
[33.559s]   File "/usr/lib/python3/dist-packages/em.py", line 2596, in execute
[33.559s]     _exec(statements, self.globals, locals)
[33.559s]   File "<string>", line 2, in <module>
[33.560s]   File "/opt/ros/humble/local/lib/python3.10/dist-packages/rosidl_cmake/__init__.py", line 198, in _expand_template
[33.566s]     interpreter.string(content, str(template_path), kwargs)
[33.566s]   File "/usr/lib/python3/dist-packages/em.py", line 2391, in string
[33.567s]     self.safe(scanner, True, locals)
[33.571s]   File "/usr/lib/python3/dist-packages/em.py", line 2401, in safe
[33.572s]     self.parse(scanner, locals)
[33.572s]   File "/usr/lib/python3/dist-packages/em.py", line 2421, in parse
[33.573s] gmake[2]: *** Deleting file 'rosidl_generator_c/stm32_mavlink_msgs/msg/servo_command.h'
[33.573s]     token.run(self, locals)
[33.573s]   File "/usr/lib/python3/dist-packages/em.py", line 1425, in run
[33.574s]     interpreter.execute(self.code, locals)
[33.574s]   File "/usr/lib/python3/dist-packages/em.py", line 2596, in execute
[33.585s]     _exec(statements, self.globals, locals)
[33.585s]   File "<string>", line 2, in <module>
[33.585s]   File "/opt/ros/humble/local/lib/python3.10/dist-packages/rosidl_cmake/__init__.py", line 198, in _expand_template
[33.586s]     interpreter.string(content, str(template_path), kwargs)
[33.586s]   File "/usr/lib/python3/dist-packages/em.py", line 2391, in string
[33.594s]     self.safe(scanner, True, locals)
[33.595s]   File "/usr/lib/python3/dist-packages/em.py", line 2401, in safe
[33.596s]     self.parse(scanner, locals)
[33.596s]   File "/usr/lib/python3/dist-packages/em.py", line 2417, in parse
[33.596s]     token = scanner.one()
[33.597s]   File "/usr/lib/python3/dist-packages/em.py", line 1984, in one
[33.597s]     token.scan(self)
[33.598s]   File "/usr/lib/python3/dist-packages/em.py", line 1309, in scan
[33.598s]     z = scanner.complex('(', ')', 0)
[33.599s]   File "/usr/lib/python3/dist-packages/em.py", line 1893, in complex
[33.599s]     newQuote = self.check(i, quote)
[33.599s]   File "/usr/lib/python3/dist-packages/em.py", line 1766, in check
[33.600s]     if self[i] in '\'\"':
[33.600s] KeyboardInterrupt
[33.663s] Exception ignored in: <function Interpreter.__del__ at 0x8db1ee04820>
[33.663s] Traceback (most recent call last):
[33.663s]   File "/usr/lib/python3/dist-packages/em.py", line 2094, in __del__
[33.664s]   File "/usr/lib/python3/dist-packages/em.py", line 2157, in shutdown
[33.664s]   File "/usr/lib/python3/dist-packages/em.py", line 2647, in finalize
[33.664s]   File "/usr/lib/python3/dist-packages/em.py", line 2200, in push
[33.665s] AttributeError: '_io.TextIOWrapper' object has no attribute 'push'
[33.666s] gmake[2]: *** [CMakeFiles/stm32_mavlink_msgs__rosidl_generator_c.dir/build.make:181: rosidl_generator_c/stm32_mavlink_msgs/msg/servo_command.h] Interrupt
[33.666s] gmake[1]: *** [CMakeFiles/Makefile2:212: CMakeFiles/stm32_mavlink_msgs__rosidl_generator_c.dir/all] Interrupt
[33.666s] gmake: *** [Makefile:146: all] Interrupt
[33.674s] gmake[2]: *** [CMakeFiles/stm32_mavlink_msgs__cpp.dir/build.make:337: rosidl_generator_cpp/stm32_mavlink_msgs/msg/servo_command.hpp] Interrupt
