[0.059s] Invoking command in '/home/a/ws_nhk/build/dynamixel_sdk_examples': AMENT_PREFIX_PATH=/home/a/ws_nhk/install/dynamixel_sdk_custom_interfaces:/home/a/ws_nhk/install/dynamixel_sdk:${AMENT_PREFIX_PATH} CMAKE_PREFIX_PATH=/home/a/ws_nhk/install/dynamixel_sdk_custom_interfaces:/home/a/ws_nhk/install/dynamixel_sdk:/home/a/install/field_description_test:/opt/ros/humble LD_LIBRARY_PATH=/home/a/ws_nhk/install/dynamixel_sdk_custom_interfaces/lib:/home/a/ws_nhk/install/dynamixel_sdk/lib:${LD_LIBRARY_PATH} PYTHONPATH=/home/a/ws_nhk/install/dynamixel_sdk_custom_interfaces/local/lib/python3.10/dist-packages:${PYTHONPATH} /usr/bin/cmake --build /home/a/ws_nhk/build/dynamixel_sdk_examples -- -j22 -l22
[0.178s] -- Found ament_cmake: 1.3.12 (/opt/ros/humble/share/ament_cmake/cmake)
[1.058s] -- Found dynamixel_sdk: 3.7.60 (/home/a/ws_nhk/install/dynamixel_sdk/share/dynamixel_sdk/cmake)
[1.069s] -- Found dynamixel_sdk_custom_interfaces: 3.7.60 (/home/a/ws_nhk/install/dynamixel_sdk_custom_interfaces/share/dynamixel_sdk_custom_interfaces/cmake)
[1.364s] -- Found rosidl_generator_c: 3.1.7 (/opt/ros/humble/share/rosidl_generator_c/cmake)
[1.407s] -- Found rosidl_adapter: 3.1.7 (/opt/ros/humble/share/rosidl_adapter/cmake)
[1.519s] -- Found rosidl_generator_cpp: 3.1.7 (/opt/ros/humble/share/rosidl_generator_cpp/cmake)
[1.638s] -- Using all available rosidl_typesupport_c: rosidl_typesupport_fastrtps_c;rosidl_typesupport_introspection_c
[1.706s] -- Using all available rosidl_typesupport_cpp: rosidl_typesupport_fastrtps_cpp;rosidl_typesupport_introspection_cpp
[1.972s] -- Found rclcpp: 16.0.16 (/opt/ros/humble/share/rclcpp/cmake)
[2.195s] -- Found rmw_implementation_cmake: 6.1.2 (/opt/ros/humble/share/rmw_implementation_cmake/cmake)
[2.204s] -- Found rmw_fastrtps_cpp: 6.2.9 (/opt/ros/humble/share/rmw_fastrtps_cpp/cmake)
[2.843s] -- Using RMW implementation 'rmw_fastrtps_cpp' as default
[3.065s] -- Found geometry_msgs: 4.9.0 (/opt/ros/humble/share/geometry_msgs/cmake)
[3.193s] -- Found ament_lint_auto: 0.12.14 (/opt/ros/humble/share/ament_lint_auto/cmake)
[3.654s] -- Added test 'copyright' to check source files copyright and LICENSE
[3.661s] -- Added test 'cppcheck' to perform static code analysis on C / C++ code
[3.665s] -- Configured cppcheck include dirs: /home/a/ws_nhk/src/dynamixel_ros2/DynamixelSDK/dynamixel_sdk_examples/include
[3.666s] -- Configured cppcheck exclude dirs and/or files: 
[3.671s] -- Added test 'cpplint' to check C / C++ code against the Google style
[3.671s] -- Configured cpplint exclude dirs and/or files: 
[3.674s] -- Added test 'lint_cmake' to check CMake code style
[3.680s] -- Added test 'uncrustify' to check C / C++ code style
[3.681s] -- Configured uncrustify additional arguments: 
[3.683s] -- Added test 'xmllint' to check XML markup files
[3.692s] -- Configuring done
[3.940s] -- Generating done
[4.065s] -- Build files have been written to: /home/a/ws_nhk/build/dynamixel_sdk_examples
[4.265s] [35m[1mConsolidate compiler generated dependencies of target read_write_current_node[0m
[4.274s] [35m[1mConsolidate compiler generated dependencies of target pub_velocity_node[0m
[4.296s] [35m[1mConsolidate compiler generated dependencies of target pub_current_pos_v2_node[0m
[4.310s] [35m[1mConsolidate compiler generated dependencies of target read_write_current_pos_v2_node[0m
[4.318s] [35m[1mConsolidate compiler generated dependencies of target read_write_velocity_node[0m
[4.327s] [35m[1mConsolidate compiler generated dependencies of target pub_current_node[0m
[4.327s] [35m[1mConsolidate compiler generated dependencies of target read_write_position_node[0m
[4.328s] [35m[1mConsolidate compiler generated dependencies of target pub_position_node[0m
[4.336s] [35m[1mConsolidate compiler generated dependencies of target pub_current_pos_v1_node[0m
[4.336s] [35m[1mConsolidate compiler generated dependencies of target read_write_current_pos_v1_node[0m
[4.463s] [  5%] [32mBuilding CXX object CMakeFiles/pub_velocity_node.dir/src/pub_velocity_node.cpp.o[0m
[4.490s] [ 10%] [32mBuilding CXX object CMakeFiles/pub_position_node.dir/src/pub_position_node.cpp.o[0m
[4.505s] [ 15%] [32mBuilding CXX object CMakeFiles/read_write_current_node.dir/src/read_write_current_node.cpp.o[0m
[4.508s] [ 20%] [32mBuilding CXX object CMakeFiles/pub_current_pos_v2_node.dir/src/pub_current_pos_v2_node.cpp.o[0m
[4.552s] [ 25%] [32mBuilding CXX object CMakeFiles/read_write_velocity_node.dir/src/read_write_velocity_node.cpp.o[0m
[4.553s] [ 30%] [32mBuilding CXX object CMakeFiles/pub_current_pos_v1_node.dir/src/pub_current_pos_v1_node.cpp.o[0m
[4.569s] [ 35%] [32mBuilding CXX object CMakeFiles/read_write_position_node.dir/src/read_write_position_node.cpp.o[0m
[4.570s] [ 40%] [32mBuilding CXX object CMakeFiles/read_write_current_pos_v1_node.dir/src/read_write_current_pos_v1_node.cpp.o[0m
[4.592s] [ 45%] [32mBuilding CXX object CMakeFiles/pub_current_node.dir/src/pub_current_node.cpp.o[0m
[4.618s] [ 50%] [32mBuilding CXX object CMakeFiles/read_write_current_pos_v2_node.dir/src/read_write_current_pos_v2_node.cpp.o[0m
[49.259s] [ 55%] [32m[1mLinking CXX executable pub_position_node[0m
[50.423s] [ 55%] Built target pub_position_node
[51.207s] [ 60%] [32m[1mLinking CXX executable pub_current_node[0m
[51.517s] [ 65%] [32m[1mLinking CXX executable pub_current_pos_v2_node[0m
[52.006s] [ 70%] [32m[1mLinking CXX executable pub_velocity_node[0m
[52.523s] [ 70%] Built target pub_current_node
[52.662s] [ 70%] Built target pub_current_pos_v2_node
[53.180s] [ 70%] Built target pub_velocity_node
[54.018s] [ 75%] [32m[1mLinking CXX executable pub_current_pos_v1_node[0m
[54.815s] [ 75%] Built target pub_current_pos_v1_node
[67.860s] [ 80%] [32m[1mLinking CXX executable read_write_current_pos_v2_node[0m
[69.060s] [ 85%] [32m[1mLinking CXX executable read_write_current_node[0m
[69.727s] [ 85%] Built target read_write_current_pos_v2_node
[70.208s] [ 90%] [32m[1mLinking CXX executable read_write_current_pos_v1_node[0m
[70.605s] [ 90%] Built target read_write_current_node
[71.621s] [ 90%] Built target read_write_current_pos_v1_node
[72.148s] [ 95%] [32m[1mLinking CXX executable read_write_velocity_node[0m
[73.703s] [ 95%] Built target read_write_velocity_node
[74.216s] [100%] [32m[1mLinking CXX executable read_write_position_node[0m
[75.517s] [100%] Built target read_write_position_node
[75.552s] Invoked command in '/home/a/ws_nhk/build/dynamixel_sdk_examples' returned '0': AMENT_PREFIX_PATH=/home/a/ws_nhk/install/dynamixel_sdk_custom_interfaces:/home/a/ws_nhk/install/dynamixel_sdk:${AMENT_PREFIX_PATH} CMAKE_PREFIX_PATH=/home/a/ws_nhk/install/dynamixel_sdk_custom_interfaces:/home/a/ws_nhk/install/dynamixel_sdk:/home/a/install/field_description_test:/opt/ros/humble LD_LIBRARY_PATH=/home/a/ws_nhk/install/dynamixel_sdk_custom_interfaces/lib:/home/a/ws_nhk/install/dynamixel_sdk/lib:${LD_LIBRARY_PATH} PYTHONPATH=/home/a/ws_nhk/install/dynamixel_sdk_custom_interfaces/local/lib/python3.10/dist-packages:${PYTHONPATH} /usr/bin/cmake --build /home/a/ws_nhk/build/dynamixel_sdk_examples -- -j22 -l22
[75.561s] Invoking command in '/home/a/ws_nhk/build/dynamixel_sdk_examples': AMENT_PREFIX_PATH=/home/a/ws_nhk/install/dynamixel_sdk_custom_interfaces:/home/a/ws_nhk/install/dynamixel_sdk:${AMENT_PREFIX_PATH} CMAKE_PREFIX_PATH=/home/a/ws_nhk/install/dynamixel_sdk_custom_interfaces:/home/a/ws_nhk/install/dynamixel_sdk:/home/a/install/field_description_test:/opt/ros/humble LD_LIBRARY_PATH=/home/a/ws_nhk/install/dynamixel_sdk_custom_interfaces/lib:/home/a/ws_nhk/install/dynamixel_sdk/lib:${LD_LIBRARY_PATH} PYTHONPATH=/home/a/ws_nhk/install/dynamixel_sdk_custom_interfaces/local/lib/python3.10/dist-packages:${PYTHONPATH} /usr/bin/cmake --install /home/a/ws_nhk/build/dynamixel_sdk_examples
[75.584s] -- Install configuration: ""
[75.586s] -- Installing: /home/a/ws_nhk/install/dynamixel_sdk_examples/lib/dynamixel_sdk_examples/read_write_current_node
[75.597s] -- Set runtime path of "/home/a/ws_nhk/install/dynamixel_sdk_examples/lib/dynamixel_sdk_examples/read_write_current_node" to ""
[75.599s] -- Installing: /home/a/ws_nhk/install/dynamixel_sdk_examples/lib/dynamixel_sdk_examples/pub_current_node
[75.603s] -- Set runtime path of "/home/a/ws_nhk/install/dynamixel_sdk_examples/lib/dynamixel_sdk_examples/pub_current_node" to ""
[75.604s] -- Installing: /home/a/ws_nhk/install/dynamixel_sdk_examples/lib/dynamixel_sdk_examples/read_write_velocity_node
[75.613s] -- Set runtime path of "/home/a/ws_nhk/install/dynamixel_sdk_examples/lib/dynamixel_sdk_examples/read_write_velocity_node" to ""
[75.613s] -- Installing: /home/a/ws_nhk/install/dynamixel_sdk_examples/lib/dynamixel_sdk_examples/pub_velocity_node
[75.618s] -- Set runtime path of "/home/a/ws_nhk/install/dynamixel_sdk_examples/lib/dynamixel_sdk_examples/pub_velocity_node" to ""
[75.619s] -- Installing: /home/a/ws_nhk/install/dynamixel_sdk_examples/lib/dynamixel_sdk_examples/read_write_position_node
[75.630s] -- Set runtime path of "/home/a/ws_nhk/install/dynamixel_sdk_examples/lib/dynamixel_sdk_examples/read_write_position_node" to ""
[75.631s] -- Installing: /home/a/ws_nhk/install/dynamixel_sdk_examples/lib/dynamixel_sdk_examples/pub_position_node
[75.633s] -- Set runtime path of "/home/a/ws_nhk/install/dynamixel_sdk_examples/lib/dynamixel_sdk_examples/pub_position_node" to ""
[75.634s] -- Installing: /home/a/ws_nhk/install/dynamixel_sdk_examples/lib/dynamixel_sdk_examples/read_write_current_pos_v1_node
[75.641s] -- Set runtime path of "/home/a/ws_nhk/install/dynamixel_sdk_examples/lib/dynamixel_sdk_examples/read_write_current_pos_v1_node" to ""
[75.642s] -- Installing: /home/a/ws_nhk/install/dynamixel_sdk_examples/lib/dynamixel_sdk_examples/pub_current_pos_v1_node
[75.644s] -- Set runtime path of "/home/a/ws_nhk/install/dynamixel_sdk_examples/lib/dynamixel_sdk_examples/pub_current_pos_v1_node" to ""
[75.645s] -- Installing: /home/a/ws_nhk/install/dynamixel_sdk_examples/lib/dynamixel_sdk_examples/read_write_current_pos_v2_node
[75.652s] -- Set runtime path of "/home/a/ws_nhk/install/dynamixel_sdk_examples/lib/dynamixel_sdk_examples/read_write_current_pos_v2_node" to ""
[75.653s] -- Installing: /home/a/ws_nhk/install/dynamixel_sdk_examples/lib/dynamixel_sdk_examples/pub_current_pos_v2_node
[75.655s] -- Set runtime path of "/home/a/ws_nhk/install/dynamixel_sdk_examples/lib/dynamixel_sdk_examples/pub_current_pos_v2_node" to ""
[75.655s] -- Up-to-date: /home/a/ws_nhk/install/dynamixel_sdk_examples/share/ament_index/resource_index/package_run_dependencies/dynamixel_sdk_examples
[75.656s] -- Installing: /home/a/ws_nhk/install/dynamixel_sdk_examples/share/ament_index/resource_index/parent_prefix_path/dynamixel_sdk_examples
[75.656s] -- Up-to-date: /home/a/ws_nhk/install/dynamixel_sdk_examples/share/dynamixel_sdk_examples/environment/ament_prefix_path.sh
[75.657s] -- Installing: /home/a/ws_nhk/install/dynamixel_sdk_examples/share/dynamixel_sdk_examples/environment/ament_prefix_path.dsv
[75.657s] -- Up-to-date: /home/a/ws_nhk/install/dynamixel_sdk_examples/share/dynamixel_sdk_examples/environment/path.sh
[75.657s] -- Installing: /home/a/ws_nhk/install/dynamixel_sdk_examples/share/dynamixel_sdk_examples/environment/path.dsv
[75.658s] -- Up-to-date: /home/a/ws_nhk/install/dynamixel_sdk_examples/share/dynamixel_sdk_examples/local_setup.bash
[75.658s] -- Up-to-date: /home/a/ws_nhk/install/dynamixel_sdk_examples/share/dynamixel_sdk_examples/local_setup.sh
[75.658s] -- Up-to-date: /home/a/ws_nhk/install/dynamixel_sdk_examples/share/dynamixel_sdk_examples/local_setup.zsh
[75.659s] -- Installing: /home/a/ws_nhk/install/dynamixel_sdk_examples/share/dynamixel_sdk_examples/local_setup.dsv
[75.659s] -- Installing: /home/a/ws_nhk/install/dynamixel_sdk_examples/share/dynamixel_sdk_examples/package.dsv
[75.659s] -- Up-to-date: /home/a/ws_nhk/install/dynamixel_sdk_examples/share/ament_index/resource_index/packages/dynamixel_sdk_examples
[75.659s] -- Up-to-date: /home/a/ws_nhk/install/dynamixel_sdk_examples/share/dynamixel_sdk_examples/cmake/dynamixel_sdk_examplesConfig.cmake
[75.659s] -- Up-to-date: /home/a/ws_nhk/install/dynamixel_sdk_examples/share/dynamixel_sdk_examples/cmake/dynamixel_sdk_examplesConfig-version.cmake
[75.660s] -- Up-to-date: /home/a/ws_nhk/install/dynamixel_sdk_examples/share/dynamixel_sdk_examples/package.xml
[75.665s] Invoked command in '/home/a/ws_nhk/build/dynamixel_sdk_examples' returned '0': AMENT_PREFIX_PATH=/home/a/ws_nhk/install/dynamixel_sdk_custom_interfaces:/home/a/ws_nhk/install/dynamixel_sdk:${AMENT_PREFIX_PATH} CMAKE_PREFIX_PATH=/home/a/ws_nhk/install/dynamixel_sdk_custom_interfaces:/home/a/ws_nhk/install/dynamixel_sdk:/home/a/install/field_description_test:/opt/ros/humble LD_LIBRARY_PATH=/home/a/ws_nhk/install/dynamixel_sdk_custom_interfaces/lib:/home/a/ws_nhk/install/dynamixel_sdk/lib:${LD_LIBRARY_PATH} PYTHONPATH=/home/a/ws_nhk/install/dynamixel_sdk_custom_interfaces/local/lib/python3.10/dist-packages:${PYTHONPATH} /usr/bin/cmake --install /home/a/ws_nhk/build/dynamixel_sdk_examples
