[1.448s] Invoking command in '/home/a/ws_nhk/build/rosparam_shortcuts': CMAKE_PREFIX_PATH=${CMAKE_PREFIX_PATH}:/home/a/ws_nhk/install/moveit_configs_utils:/home/a/ws_nhk/install/launch_param_builder:/home/a/ws_nhk/install/dynamixel_controller_gui:/home/a/ws_nhk/install/dynamixel_controller_client:/opt/ros/humble /usr/bin/cmake --build /home/a/ws_nhk/build/rosparam_shortcuts -- -j22 -l22
[1.753s] [ 15%] Built target gtest_main
[1.755s] [ 30%] Built target gtest
[1.758s] [ 53%] Built target rosparam_shortcuts
[1.852s] [ 69%] Built target rosparam_shortcuts_example
[1.853s] [ 84%] Built target test_node_parameters
[1.853s] [100%] Built target rosparam_shortcuts_node_parameters_example
[2.344s] Invoked command in '/home/a/ws_nhk/build/rosparam_shortcuts' returned '0': CMAKE_PREFIX_PATH=${CMAKE_PREFIX_PATH}:/home/a/ws_nhk/install/moveit_configs_utils:/home/a/ws_nhk/install/launch_param_builder:/home/a/ws_nhk/install/dynamixel_controller_gui:/home/a/ws_nhk/install/dynamixel_controller_client:/opt/ros/humble /usr/bin/cmake --build /home/a/ws_nhk/build/rosparam_shortcuts -- -j22 -l22
[2.350s] Invoking command in '/home/a/ws_nhk/build/rosparam_shortcuts': CMAKE_PREFIX_PATH=${CMAKE_PREFIX_PATH}:/home/a/ws_nhk/install/moveit_configs_utils:/home/a/ws_nhk/install/launch_param_builder:/home/a/ws_nhk/install/dynamixel_controller_gui:/home/a/ws_nhk/install/dynamixel_controller_client:/opt/ros/humble /usr/bin/cmake --install /home/a/ws_nhk/build/rosparam_shortcuts
[2.441s] -- Install configuration: "Release"
[2.443s] -- Up-to-date: /home/a/ws_nhk/install/rosparam_shortcuts/lib/librosparam_shortcuts.so
[2.454s] -- Up-to-date: /home/a/ws_nhk/install/rosparam_shortcuts/lib/rosparam_shortcuts/example
[2.454s] -- Up-to-date: /home/a/ws_nhk/install/rosparam_shortcuts/lib/rosparam_shortcuts/node_parameters_example
[2.454s] -- Up-to-date: /home/a/ws_nhk/install/rosparam_shortcuts/include
[2.455s] -- Up-to-date: /home/a/ws_nhk/install/rosparam_shortcuts/include/rosparam_shortcuts
[2.455s] -- Up-to-date: /home/a/ws_nhk/install/rosparam_shortcuts/include/rosparam_shortcuts/rosparam_shortcuts.h
[2.455s] -- Up-to-date: /home/a/ws_nhk/install/rosparam_shortcuts/include/rosparam_shortcuts/node_parameters.h
[2.458s] -- Up-to-date: /home/a/ws_nhk/install/rosparam_shortcuts/share/rosparam_shortcuts/launch
[2.458s] -- Up-to-date: /home/a/ws_nhk/install/rosparam_shortcuts/share/rosparam_shortcuts/launch/example.launch.py
[2.459s] -- Up-to-date: /home/a/ws_nhk/install/rosparam_shortcuts/share/rosparam_shortcuts/config
[2.461s] -- Up-to-date: /home/a/ws_nhk/install/rosparam_shortcuts/share/rosparam_shortcuts/config/example.yaml
[2.462s] -- Up-to-date: /home/a/ws_nhk/install/rosparam_shortcuts/share/rosparam_shortcuts/environment/library_path.sh
[2.462s] -- Up-to-date: /home/a/ws_nhk/install/rosparam_shortcuts/share/rosparam_shortcuts/environment/library_path.dsv
[2.462s] -- Up-to-date: /home/a/ws_nhk/install/rosparam_shortcuts/share/ament_index/resource_index/package_run_dependencies/rosparam_shortcuts
[2.463s] -- Up-to-date: /home/a/ws_nhk/install/rosparam_shortcuts/share/ament_index/resource_index/parent_prefix_path/rosparam_shortcuts
[2.463s] -- Up-to-date: /home/a/ws_nhk/install/rosparam_shortcuts/share/rosparam_shortcuts/environment/ament_prefix_path.sh
[2.463s] -- Up-to-date: /home/a/ws_nhk/install/rosparam_shortcuts/share/rosparam_shortcuts/environment/ament_prefix_path.dsv
[2.463s] -- Up-to-date: /home/a/ws_nhk/install/rosparam_shortcuts/share/rosparam_shortcuts/environment/path.sh
[2.464s] -- Up-to-date: /home/a/ws_nhk/install/rosparam_shortcuts/share/rosparam_shortcuts/environment/path.dsv
[2.464s] -- Up-to-date: /home/a/ws_nhk/install/rosparam_shortcuts/share/rosparam_shortcuts/local_setup.bash
[2.464s] -- Up-to-date: /home/a/ws_nhk/install/rosparam_shortcuts/share/rosparam_shortcuts/local_setup.sh
[2.464s] -- Up-to-date: /home/a/ws_nhk/install/rosparam_shortcuts/share/rosparam_shortcuts/local_setup.zsh
[2.465s] -- Up-to-date: /home/a/ws_nhk/install/rosparam_shortcuts/share/rosparam_shortcuts/local_setup.dsv
[2.465s] -- Installing: /home/a/ws_nhk/install/rosparam_shortcuts/share/rosparam_shortcuts/package.dsv
[2.466s] -- Up-to-date: /home/a/ws_nhk/install/rosparam_shortcuts/share/ament_index/resource_index/packages/rosparam_shortcuts
[2.466s] -- Up-to-date: /home/a/ws_nhk/install/rosparam_shortcuts/share/rosparam_shortcuts/cmake/export_rosparam_shortcutsExport.cmake
[2.467s] -- Up-to-date: /home/a/ws_nhk/install/rosparam_shortcuts/share/rosparam_shortcuts/cmake/export_rosparam_shortcutsExport-release.cmake
[2.467s] -- Up-to-date: /home/a/ws_nhk/install/rosparam_shortcuts/share/rosparam_shortcuts/cmake/ament_cmake_export_targets-extras.cmake
[2.467s] -- Up-to-date: /home/a/ws_nhk/install/rosparam_shortcuts/share/rosparam_shortcuts/cmake/ament_cmake_export_dependencies-extras.cmake
[2.467s] -- Up-to-date: /home/a/ws_nhk/install/rosparam_shortcuts/share/rosparam_shortcuts/cmake/rosparam_shortcutsConfig.cmake
[2.468s] -- Up-to-date: /home/a/ws_nhk/install/rosparam_shortcuts/share/rosparam_shortcuts/cmake/rosparam_shortcutsConfig-version.cmake
[2.468s] -- Up-to-date: /home/a/ws_nhk/install/rosparam_shortcuts/share/rosparam_shortcuts/package.xml
[2.504s] Invoked command in '/home/a/ws_nhk/build/rosparam_shortcuts' returned '0': CMAKE_PREFIX_PATH=${CMAKE_PREFIX_PATH}:/home/a/ws_nhk/install/moveit_configs_utils:/home/a/ws_nhk/install/launch_param_builder:/home/a/ws_nhk/install/dynamixel_controller_gui:/home/a/ws_nhk/install/dynamixel_controller_client:/opt/ros/humble /usr/bin/cmake --install /home/a/ws_nhk/build/rosparam_shortcuts
