[0.024s] Invoking command in '/home/a/ws_nhk/build/chomp_motion_planner': AMENT_PREFIX_PATH=/home/a/ws_nhk/install/moveit_core:/home/a/ws_nhk/install/moveit_resources_panda_moveit_config:/home/a/ws_nhk/install/srdfdom:/home/a/ws_nhk/install/moveit_resources_pr2_description:/home/a/ws_nhk/install/moveit_resources_panda_description:/home/a/ws_nhk/install/moveit_common:${AMENT_PREFIX_PATH} CMAKE_PREFIX_PATH=/home/a/ws_nhk/install/moveit_core:/home/a/ws_nhk/install/moveit_resources_panda_moveit_config:/home/a/ws_nhk/install/srdfdom:/home/a/ws_nhk/install/moveit_resources_pr2_description:/home/a/ws_nhk/install/moveit_resources_panda_description:/home/a/ws_nhk/install/moveit_common:/home/a/install/field_description_test:/opt/ros/humble LD_LIBRARY_PATH=/home/a/ws_nhk/install/moveit_core/lib:/home/a/ws_nhk/install/srdfdom/lib:${LD_LIBRARY_PATH} PATH=/home/a/ws_nhk/install/moveit_core/bin:${PATH} PYTHONPATH=/home/a/ws_nhk/install/srdfdom/local/lib/python3.10/dist-packages:${PYTHONPATH} /usr/bin/cmake /home/a/ws_nhk/src/moveit2/moveit_planners/chomp/chomp_motion_planner -DCMAKE_BUILD_TYPE=Release -DCMAKE_INSTALL_PREFIX=/home/a/ws_nhk/install/chomp_motion_planner
[0.042s] -- Found moveit_common: 2.5.9 (/home/a/ws_nhk/install/moveit_common/share/moveit_common/cmake)
[0.042s] -- Found ament_cmake: 1.3.12 (/opt/ros/humble/share/ament_cmake/cmake)
[0.316s] -- Found moveit_core: 2.5.9 (/home/a/ws_nhk/install/moveit_core/share/moveit_core/cmake)
[0.340s] -- Found Boost: /usr/lib/x86_64-linux-gnu/cmake/Boost-1.74.0/BoostConfig.cmake (found version "1.74.0") found components: chrono date_time filesystem iostreams program_options regex serialization system thread 
[0.395s] -- Found parameter_traits: 0.5.0 (/opt/ros/humble/share/parameter_traits/cmake)
[0.432s] -- Found rosidl_generator_c: 3.1.7 (/opt/ros/humble/share/rosidl_generator_c/cmake)
[0.435s] -- Found rosidl_adapter: 3.1.7 (/opt/ros/humble/share/rosidl_adapter/cmake)
[0.444s] -- Found rosidl_generator_cpp: 3.1.7 (/opt/ros/humble/share/rosidl_generator_cpp/cmake)
[0.462s] -- Using all available rosidl_typesupport_c: rosidl_typesupport_fastrtps_c;rosidl_typesupport_introspection_c
[0.482s] -- Using all available rosidl_typesupport_cpp: rosidl_typesupport_fastrtps_cpp;rosidl_typesupport_introspection_cpp
[0.543s] -- Found rmw_implementation_cmake: 6.1.2 (/opt/ros/humble/share/rmw_implementation_cmake/cmake)
[0.545s] -- Found rmw_fastrtps_cpp: 6.2.9 (/opt/ros/humble/share/rmw_fastrtps_cpp/cmake)
[0.731s] -- Using RMW implementation 'rmw_fastrtps_cpp' as default
[0.839s] -- Found rclcpp_lifecycle: 16.0.16 (/opt/ros/humble/share/rclcpp_lifecycle/cmake)
[0.881s] -- Found Boost: /usr/lib/x86_64-linux-gnu/cmake/Boost-1.74.0/BoostConfig.cmake (found version "1.74.0") found components: filesystem 
[0.970s] -- library: /usr/lib/x86_64-linux-gnu/libcurl.so
[1.078s] -- Ensuring Eigen3 include directory is part of orocos-kdl CMake target
[1.474s] -- Found ament_lint_auto: 0.12.14 (/opt/ros/humble/share/ament_lint_auto/cmake)
[1.491s] -- Added test 'cppcheck' to perform static code analysis on C / C++ code
[1.491s] -- Configured cppcheck include dirs: /home/a/ws_nhk/src/moveit2/moveit_planners/chomp/chomp_motion_planner/include
[1.491s] -- Configured cppcheck exclude dirs and/or files: 
[1.492s] -- Added test 'xmllint' to check XML markup files
[1.495s] -- Configuring done
[1.545s] -- Generating done
[1.565s] -- Build files have been written to: /home/a/ws_nhk/build/chomp_motion_planner
[1.600s] Invoked command in '/home/a/ws_nhk/build/chomp_motion_planner' returned '0': AMENT_PREFIX_PATH=/home/a/ws_nhk/install/moveit_core:/home/a/ws_nhk/install/moveit_resources_panda_moveit_config:/home/a/ws_nhk/install/srdfdom:/home/a/ws_nhk/install/moveit_resources_pr2_description:/home/a/ws_nhk/install/moveit_resources_panda_description:/home/a/ws_nhk/install/moveit_common:${AMENT_PREFIX_PATH} CMAKE_PREFIX_PATH=/home/a/ws_nhk/install/moveit_core:/home/a/ws_nhk/install/moveit_resources_panda_moveit_config:/home/a/ws_nhk/install/srdfdom:/home/a/ws_nhk/install/moveit_resources_pr2_description:/home/a/ws_nhk/install/moveit_resources_panda_description:/home/a/ws_nhk/install/moveit_common:/home/a/install/field_description_test:/opt/ros/humble LD_LIBRARY_PATH=/home/a/ws_nhk/install/moveit_core/lib:/home/a/ws_nhk/install/srdfdom/lib:${LD_LIBRARY_PATH} PATH=/home/a/ws_nhk/install/moveit_core/bin:${PATH} PYTHONPATH=/home/a/ws_nhk/install/srdfdom/local/lib/python3.10/dist-packages:${PYTHONPATH} /usr/bin/cmake /home/a/ws_nhk/src/moveit2/moveit_planners/chomp/chomp_motion_planner -DCMAKE_BUILD_TYPE=Release -DCMAKE_INSTALL_PREFIX=/home/a/ws_nhk/install/chomp_motion_planner
[1.604s] Invoking command in '/home/a/ws_nhk/build/chomp_motion_planner': AMENT_PREFIX_PATH=/home/a/ws_nhk/install/moveit_core:/home/a/ws_nhk/install/moveit_resources_panda_moveit_config:/home/a/ws_nhk/install/srdfdom:/home/a/ws_nhk/install/moveit_resources_pr2_description:/home/a/ws_nhk/install/moveit_resources_panda_description:/home/a/ws_nhk/install/moveit_common:${AMENT_PREFIX_PATH} CMAKE_PREFIX_PATH=/home/a/ws_nhk/install/moveit_core:/home/a/ws_nhk/install/moveit_resources_panda_moveit_config:/home/a/ws_nhk/install/srdfdom:/home/a/ws_nhk/install/moveit_resources_pr2_description:/home/a/ws_nhk/install/moveit_resources_panda_description:/home/a/ws_nhk/install/moveit_common:/home/a/install/field_description_test:/opt/ros/humble LD_LIBRARY_PATH=/home/a/ws_nhk/install/moveit_core/lib:/home/a/ws_nhk/install/srdfdom/lib:${LD_LIBRARY_PATH} PATH=/home/a/ws_nhk/install/moveit_core/bin:${PATH} PYTHONPATH=/home/a/ws_nhk/install/srdfdom/local/lib/python3.10/dist-packages:${PYTHONPATH} /usr/bin/cmake --build /home/a/ws_nhk/build/chomp_motion_planner -- -j22 -l22
[1.706s] [35m[1mConsolidate compiler generated dependencies of target chomp_motion_planner[0m
[1.787s] [100%] Built target chomp_motion_planner
[1.813s] Invoked command in '/home/a/ws_nhk/build/chomp_motion_planner' returned '0': AMENT_PREFIX_PATH=/home/a/ws_nhk/install/moveit_core:/home/a/ws_nhk/install/moveit_resources_panda_moveit_config:/home/a/ws_nhk/install/srdfdom:/home/a/ws_nhk/install/moveit_resources_pr2_description:/home/a/ws_nhk/install/moveit_resources_panda_description:/home/a/ws_nhk/install/moveit_common:${AMENT_PREFIX_PATH} CMAKE_PREFIX_PATH=/home/a/ws_nhk/install/moveit_core:/home/a/ws_nhk/install/moveit_resources_panda_moveit_config:/home/a/ws_nhk/install/srdfdom:/home/a/ws_nhk/install/moveit_resources_pr2_description:/home/a/ws_nhk/install/moveit_resources_panda_description:/home/a/ws_nhk/install/moveit_common:/home/a/install/field_description_test:/opt/ros/humble LD_LIBRARY_PATH=/home/a/ws_nhk/install/moveit_core/lib:/home/a/ws_nhk/install/srdfdom/lib:${LD_LIBRARY_PATH} PATH=/home/a/ws_nhk/install/moveit_core/bin:${PATH} PYTHONPATH=/home/a/ws_nhk/install/srdfdom/local/lib/python3.10/dist-packages:${PYTHONPATH} /usr/bin/cmake --build /home/a/ws_nhk/build/chomp_motion_planner -- -j22 -l22
[1.818s] Invoking command in '/home/a/ws_nhk/build/chomp_motion_planner': AMENT_PREFIX_PATH=/home/a/ws_nhk/install/moveit_core:/home/a/ws_nhk/install/moveit_resources_panda_moveit_config:/home/a/ws_nhk/install/srdfdom:/home/a/ws_nhk/install/moveit_resources_pr2_description:/home/a/ws_nhk/install/moveit_resources_panda_description:/home/a/ws_nhk/install/moveit_common:${AMENT_PREFIX_PATH} CMAKE_PREFIX_PATH=/home/a/ws_nhk/install/moveit_core:/home/a/ws_nhk/install/moveit_resources_panda_moveit_config:/home/a/ws_nhk/install/srdfdom:/home/a/ws_nhk/install/moveit_resources_pr2_description:/home/a/ws_nhk/install/moveit_resources_panda_description:/home/a/ws_nhk/install/moveit_common:/home/a/install/field_description_test:/opt/ros/humble LD_LIBRARY_PATH=/home/a/ws_nhk/install/moveit_core/lib:/home/a/ws_nhk/install/srdfdom/lib:${LD_LIBRARY_PATH} PATH=/home/a/ws_nhk/install/moveit_core/bin:${PATH} PYTHONPATH=/home/a/ws_nhk/install/srdfdom/local/lib/python3.10/dist-packages:${PYTHONPATH} /usr/bin/cmake --install /home/a/ws_nhk/build/chomp_motion_planner
[1.835s] -- Install configuration: "Release"
[1.836s] -- Up-to-date: /home/a/ws_nhk/install/chomp_motion_planner/lib/libchomp_motion_planner.so.2.5.9
[1.836s] -- Up-to-date: /home/a/ws_nhk/install/chomp_motion_planner/lib/libchomp_motion_planner.so
[1.836s] -- Up-to-date: /home/a/ws_nhk/install/chomp_motion_planner/include
[1.837s] -- Up-to-date: /home/a/ws_nhk/install/chomp_motion_planner/include/chomp_motion_planner
[1.837s] -- Up-to-date: /home/a/ws_nhk/install/chomp_motion_planner/include/chomp_motion_planner/multivariate_gaussian.h
[1.837s] -- Up-to-date: /home/a/ws_nhk/install/chomp_motion_planner/include/chomp_motion_planner/chomp_utils.h
[1.837s] -- Up-to-date: /home/a/ws_nhk/install/chomp_motion_planner/include/chomp_motion_planner/chomp_parameters.h
[1.837s] -- Up-to-date: /home/a/ws_nhk/install/chomp_motion_planner/include/chomp_motion_planner/chomp_optimizer.h
[1.837s] -- Up-to-date: /home/a/ws_nhk/install/chomp_motion_planner/include/chomp_motion_planner/chomp_cost.h
[1.838s] -- Up-to-date: /home/a/ws_nhk/install/chomp_motion_planner/include/chomp_motion_planner/chomp_trajectory.h
[1.838s] -- Up-to-date: /home/a/ws_nhk/install/chomp_motion_planner/include/chomp_motion_planner/chomp_planner.h
[1.838s] -- Up-to-date: /home/a/ws_nhk/install/chomp_motion_planner/share/chomp_motion_planner/environment/library_path.sh
[1.838s] -- Installing: /home/a/ws_nhk/install/chomp_motion_planner/share/chomp_motion_planner/environment/library_path.dsv
[1.838s] -- Up-to-date: /home/a/ws_nhk/install/chomp_motion_planner/share/ament_index/resource_index/package_run_dependencies/chomp_motion_planner
[1.838s] -- Up-to-date: /home/a/ws_nhk/install/chomp_motion_planner/share/ament_index/resource_index/parent_prefix_path/chomp_motion_planner
[1.838s] -- Up-to-date: /home/a/ws_nhk/install/chomp_motion_planner/share/chomp_motion_planner/environment/ament_prefix_path.sh
[1.839s] -- Installing: /home/a/ws_nhk/install/chomp_motion_planner/share/chomp_motion_planner/environment/ament_prefix_path.dsv
[1.839s] -- Up-to-date: /home/a/ws_nhk/install/chomp_motion_planner/share/chomp_motion_planner/environment/path.sh
[1.839s] -- Installing: /home/a/ws_nhk/install/chomp_motion_planner/share/chomp_motion_planner/environment/path.dsv
[1.839s] -- Up-to-date: /home/a/ws_nhk/install/chomp_motion_planner/share/chomp_motion_planner/local_setup.bash
[1.839s] -- Up-to-date: /home/a/ws_nhk/install/chomp_motion_planner/share/chomp_motion_planner/local_setup.sh
[1.840s] -- Up-to-date: /home/a/ws_nhk/install/chomp_motion_planner/share/chomp_motion_planner/local_setup.zsh
[1.840s] -- Installing: /home/a/ws_nhk/install/chomp_motion_planner/share/chomp_motion_planner/local_setup.dsv
[1.840s] -- Installing: /home/a/ws_nhk/install/chomp_motion_planner/share/chomp_motion_planner/package.dsv
[1.840s] -- Up-to-date: /home/a/ws_nhk/install/chomp_motion_planner/share/ament_index/resource_index/packages/chomp_motion_planner
[1.841s] -- Up-to-date: /home/a/ws_nhk/install/chomp_motion_planner/share/chomp_motion_planner/cmake/chomp_motion_plannerTargetsExport.cmake
[1.841s] -- Up-to-date: /home/a/ws_nhk/install/chomp_motion_planner/share/chomp_motion_planner/cmake/chomp_motion_plannerTargetsExport-release.cmake
[1.841s] -- Up-to-date: /home/a/ws_nhk/install/chomp_motion_planner/share/chomp_motion_planner/cmake/ament_cmake_export_targets-extras.cmake
[1.841s] -- Up-to-date: /home/a/ws_nhk/install/chomp_motion_planner/share/chomp_motion_planner/cmake/chomp_motion_plannerConfig.cmake
[1.841s] -- Up-to-date: /home/a/ws_nhk/install/chomp_motion_planner/share/chomp_motion_planner/cmake/chomp_motion_plannerConfig-version.cmake
[1.841s] -- Up-to-date: /home/a/ws_nhk/install/chomp_motion_planner/share/chomp_motion_planner/package.xml
[1.847s] Invoked command in '/home/a/ws_nhk/build/chomp_motion_planner' returned '0': AMENT_PREFIX_PATH=/home/a/ws_nhk/install/moveit_core:/home/a/ws_nhk/install/moveit_resources_panda_moveit_config:/home/a/ws_nhk/install/srdfdom:/home/a/ws_nhk/install/moveit_resources_pr2_description:/home/a/ws_nhk/install/moveit_resources_panda_description:/home/a/ws_nhk/install/moveit_common:${AMENT_PREFIX_PATH} CMAKE_PREFIX_PATH=/home/a/ws_nhk/install/moveit_core:/home/a/ws_nhk/install/moveit_resources_panda_moveit_config:/home/a/ws_nhk/install/srdfdom:/home/a/ws_nhk/install/moveit_resources_pr2_description:/home/a/ws_nhk/install/moveit_resources_panda_description:/home/a/ws_nhk/install/moveit_common:/home/a/install/field_description_test:/opt/ros/humble LD_LIBRARY_PATH=/home/a/ws_nhk/install/moveit_core/lib:/home/a/ws_nhk/install/srdfdom/lib:${LD_LIBRARY_PATH} PATH=/home/a/ws_nhk/install/moveit_core/bin:${PATH} PYTHONPATH=/home/a/ws_nhk/install/srdfdom/local/lib/python3.10/dist-packages:${PYTHONPATH} /usr/bin/cmake --install /home/a/ws_nhk/build/chomp_motion_planner
