[0.059s] Invoking command in '/home/a/ws_nhk/build/srdfdom': CMAKE_PREFIX_PATH=${CMAKE_PREFIX_PATH}:/home/a/ws_nhk/install/moveit_configs_utils:/home/a/ws_nhk/install/launch_param_builder:/home/a/ws_nhk/install/dynamixel_controller_gui:/home/a/ws_nhk/install/dynamixel_controller_client:/opt/ros/humble /usr/bin/cmake --build /home/a/ws_nhk/build/srdfdom -- -j22 -l22
[0.457s] [ 18%] Built target gtest_main
[0.457s] [ 36%] Built target gtest
[0.457s] [ 36%] Built target ament_cmake_python_copy_srdfdom
[0.457s] [ 63%] Built target srdfdom
[0.457s] [ 81%] Built target test_cpp_C
[0.457s] [100%] Built target test_cpp_nl_NL.UTF-8
[0.458s] running egg_info
[0.458s] writing srdfdom.egg-info/PKG-INFO
[0.458s] writing dependency_links to srdfdom.egg-info/dependency_links.txt
[0.458s] writing top-level names to srdfdom.egg-info/top_level.txt
[0.458s] reading manifest file 'srdfdom.egg-info/SOURCES.txt'
[0.458s] writing manifest file 'srdfdom.egg-info/SOURCES.txt'
[0.458s] [100%] Built target ament_cmake_python_build_srdfdom_egg
[0.490s] Invoked command in '/home/a/ws_nhk/build/srdfdom' returned '0': CMAKE_PREFIX_PATH=${CMAKE_PREFIX_PATH}:/home/a/ws_nhk/install/moveit_configs_utils:/home/a/ws_nhk/install/launch_param_builder:/home/a/ws_nhk/install/dynamixel_controller_gui:/home/a/ws_nhk/install/dynamixel_controller_client:/opt/ros/humble /usr/bin/cmake --build /home/a/ws_nhk/build/srdfdom -- -j22 -l22
[0.492s] Invoking command in '/home/a/ws_nhk/build/srdfdom': CMAKE_PREFIX_PATH=${CMAKE_PREFIX_PATH}:/home/a/ws_nhk/install/moveit_configs_utils:/home/a/ws_nhk/install/launch_param_builder:/home/a/ws_nhk/install/dynamixel_controller_gui:/home/a/ws_nhk/install/dynamixel_controller_client:/opt/ros/humble /usr/bin/cmake --install /home/a/ws_nhk/build/srdfdom
[0.558s] -- Install configuration: "Release"
[0.560s] -- Up-to-date: /home/a/ws_nhk/install/srdfdom/lib/libsrdfdom.so.2.0.8
[0.560s] -- Up-to-date: /home/a/ws_nhk/install/srdfdom/lib/libsrdfdom.so
[0.560s] -- Up-to-date: /home/a/ws_nhk/install/srdfdom/include/srdfdom
[0.561s] -- Up-to-date: /home/a/ws_nhk/install/srdfdom/include/srdfdom/srdfdom
[0.561s] -- Up-to-date: /home/a/ws_nhk/install/srdfdom/include/srdfdom/srdfdom/srdf_writer.h
[0.561s] -- Up-to-date: /home/a/ws_nhk/install/srdfdom/include/srdfdom/srdfdom/model.h
[0.561s] -- Up-to-date: /home/a/ws_nhk/install/srdfdom/include/srdfdom/srdfdom/visibility_control.h
[0.561s] -- Up-to-date: /home/a/ws_nhk/install/srdfdom/lib/srdfdom/display_srdf
[0.562s] -- Up-to-date: /home/a/ws_nhk/install/srdfdom/share/srdfdom/environment/pythonpath.sh
[0.562s] -- Up-to-date: /home/a/ws_nhk/install/srdfdom/share/srdfdom/environment/pythonpath.dsv
[0.562s] -- Up-to-date: /home/a/ws_nhk/install/srdfdom/local/lib/python3.10/dist-packages/srdfdom-2.0.8-py3.10.egg-info
[0.562s] -- Installing: /home/a/ws_nhk/install/srdfdom/local/lib/python3.10/dist-packages/srdfdom-2.0.8-py3.10.egg-info/top_level.txt
[0.562s] -- Installing: /home/a/ws_nhk/install/srdfdom/local/lib/python3.10/dist-packages/srdfdom-2.0.8-py3.10.egg-info/SOURCES.txt
[0.562s] -- Installing: /home/a/ws_nhk/install/srdfdom/local/lib/python3.10/dist-packages/srdfdom-2.0.8-py3.10.egg-info/PKG-INFO
[0.562s] -- Installing: /home/a/ws_nhk/install/srdfdom/local/lib/python3.10/dist-packages/srdfdom-2.0.8-py3.10.egg-info/dependency_links.txt
[0.562s] -- Up-to-date: /home/a/ws_nhk/install/srdfdom/local/lib/python3.10/dist-packages/srdfdom
[0.562s] -- Up-to-date: /home/a/ws_nhk/install/srdfdom/local/lib/python3.10/dist-packages/srdfdom/srdf.py
[0.562s] -- Up-to-date: /home/a/ws_nhk/install/srdfdom/local/lib/python3.10/dist-packages/srdfdom/__init__.py
[0.566s] Listing '/home/a/ws_nhk/install/srdfdom/local/lib/python3.10/dist-packages/srdfdom'...
[0.567s] -- Up-to-date: /home/a/ws_nhk/install/srdfdom/share/srdfdom/environment/library_path.sh
[0.567s] -- Up-to-date: /home/a/ws_nhk/install/srdfdom/share/srdfdom/environment/library_path.dsv
[0.567s] -- Up-to-date: /home/a/ws_nhk/install/srdfdom/share/ament_index/resource_index/package_run_dependencies/srdfdom
[0.567s] -- Up-to-date: /home/a/ws_nhk/install/srdfdom/share/ament_index/resource_index/parent_prefix_path/srdfdom
[0.568s] -- Up-to-date: /home/a/ws_nhk/install/srdfdom/share/srdfdom/environment/ament_prefix_path.sh
[0.568s] -- Up-to-date: /home/a/ws_nhk/install/srdfdom/share/srdfdom/environment/ament_prefix_path.dsv
[0.568s] -- Up-to-date: /home/a/ws_nhk/install/srdfdom/share/srdfdom/environment/path.sh
[0.568s] -- Up-to-date: /home/a/ws_nhk/install/srdfdom/share/srdfdom/environment/path.dsv
[0.568s] -- Up-to-date: /home/a/ws_nhk/install/srdfdom/share/srdfdom/local_setup.bash
[0.568s] -- Up-to-date: /home/a/ws_nhk/install/srdfdom/share/srdfdom/local_setup.sh
[0.568s] -- Up-to-date: /home/a/ws_nhk/install/srdfdom/share/srdfdom/local_setup.zsh
[0.568s] -- Up-to-date: /home/a/ws_nhk/install/srdfdom/share/srdfdom/local_setup.dsv
[0.568s] -- Installing: /home/a/ws_nhk/install/srdfdom/share/srdfdom/package.dsv
[0.568s] -- Up-to-date: /home/a/ws_nhk/install/srdfdom/share/ament_index/resource_index/packages/srdfdom
[0.568s] -- Up-to-date: /home/a/ws_nhk/install/srdfdom/share/srdfdom/cmake/srdfdomTargetsExport.cmake
[0.569s] -- Up-to-date: /home/a/ws_nhk/install/srdfdom/share/srdfdom/cmake/srdfdomTargetsExport-release.cmake
[0.569s] -- Up-to-date: /home/a/ws_nhk/install/srdfdom/share/srdfdom/cmake/ament_cmake_export_targets-extras.cmake
[0.569s] -- Up-to-date: /home/a/ws_nhk/install/srdfdom/share/srdfdom/cmake/ament_cmake_export_dependencies-extras.cmake
[0.569s] -- Up-to-date: /home/a/ws_nhk/install/srdfdom/share/srdfdom/cmake/srdfdomConfig.cmake
[0.569s] -- Up-to-date: /home/a/ws_nhk/install/srdfdom/share/srdfdom/cmake/srdfdomConfig-version.cmake
[0.569s] -- Up-to-date: /home/a/ws_nhk/install/srdfdom/share/srdfdom/package.xml
[0.669s] Invoked command in '/home/a/ws_nhk/build/srdfdom' returned '0': CMAKE_PREFIX_PATH=${CMAKE_PREFIX_PATH}:/home/a/ws_nhk/install/moveit_configs_utils:/home/a/ws_nhk/install/launch_param_builder:/home/a/ws_nhk/install/dynamixel_controller_gui:/home/a/ws_nhk/install/dynamixel_controller_client:/opt/ros/humble /usr/bin/cmake --install /home/a/ws_nhk/build/srdfdom
