[3.167s] Invoking command in '/home/a/ws_nhk/src/launch_param_builder': PYTHONPATH=/home/a/ws_nhk/build/launch_param_builder/prefix_override:/usr/lib/python3/dist-packages/colcon_core/task/python/colcon_distutils_commands:/home/a/ws_nhk/install/launch_param_builder/lib/python3.10/site-packages:${PYTHONPATH} /usr/bin/python3 -W ignore:setup.py install is deprecated -W ignore:easy_install command is deprecated setup.py egg_info --egg-base ../../build/launch_param_builder build --build-base /home/a/ws_nhk/build/launch_param_builder/build install --record /home/a/ws_nhk/build/launch_param_builder/install.log --single-version-externally-managed install_data
[4.720s] running egg_info
[4.726s] writing ../../build/launch_param_builder/launch_param_builder.egg-info/PKG-INFO
[4.728s] writing dependency_links to ../../build/launch_param_builder/launch_param_builder.egg-info/dependency_links.txt
[4.730s] writing entry points to ../../build/launch_param_builder/launch_param_builder.egg-info/entry_points.txt
[4.730s] writing requirements to ../../build/launch_param_builder/launch_param_builder.egg-info/requires.txt
[4.730s] writing top-level names to ../../build/launch_param_builder/launch_param_builder.egg-info/top_level.txt
[4.742s] reading manifest file '../../build/launch_param_builder/launch_param_builder.egg-info/SOURCES.txt'
[4.743s] adding license file 'LICENSE'
[4.747s] writing manifest file '../../build/launch_param_builder/launch_param_builder.egg-info/SOURCES.txt'
[4.748s] running build
[4.748s] running build_py
[4.749s] running install
[4.751s] running install_lib
[4.759s] running install_data
[4.762s] running install_egg_info
[4.774s] removing '/home/a/ws_nhk/install/launch_param_builder/lib/python3.10/site-packages/launch_param_builder-0.1.1-py3.10.egg-info' (and everything under it)
[4.775s] Copying ../../build/launch_param_builder/launch_param_builder.egg-info to /home/a/ws_nhk/install/launch_param_builder/lib/python3.10/site-packages/launch_param_builder-0.1.1-py3.10.egg-info
[4.779s] running install_scripts
[4.889s] writing list of installed files to '/home/a/ws_nhk/build/launch_param_builder/install.log'
[5.083s] Invoked command in '/home/a/ws_nhk/src/launch_param_builder' returned '0': PYTHONPATH=/home/a/ws_nhk/build/launch_param_builder/prefix_override:/usr/lib/python3/dist-packages/colcon_core/task/python/colcon_distutils_commands:/home/a/ws_nhk/install/launch_param_builder/lib/python3.10/site-packages:${PYTHONPATH} /usr/bin/python3 -W ignore:setup.py install is deprecated -W ignore:easy_install command is deprecated setup.py egg_info --egg-base ../../build/launch_param_builder build --build-base /home/a/ws_nhk/build/launch_param_builder/build install --record /home/a/ws_nhk/build/launch_param_builder/install.log --single-version-externally-managed install_data
