[0.369s] Invoking command in '/home/a/ws_nhk/build/moveit_task_constructor_core': AMENT_PREFIX_PATH=/home/a/ws_nhk/install/moveit_planners:/home/a/ws_nhk/install/pilz_industrial_motion_planner:/home/a/ws_nhk/install/moveit_resources_prbt_pg70_support:/home/a/ws_nhk/install/moveit_ros_planning_interface:/home/a/ws_nhk/install/moveit_resources_prbt_moveit_config:/home/a/ws_nhk/install/moveit_ros_move_group:/home/a/ws_nhk/install/moveit_ros_warehouse:/home/a/ws_nhk/install/moveit_planners_ompl:/home/a/ws_nhk/install/moveit_kinematics:/home/a/ws_nhk/install/trac_ik:/home/a/ws_nhk/install/moveit_ros_planning:/home/a/ws_nhk/install/moveit_planners_chomp:/home/a/ws_nhk/install/trac_ik_kinematics_plugin:/home/a/ws_nhk/install/pilz_industrial_motion_planner_testutils:/home/a/ws_nhk/install/moveit_simple_controller_manager:/home/a/ws_nhk/install/moveit_ros_occupancy_map_monitor:/home/a/ws_nhk/install/moveit_resources_prbt_ikfast_manipulator_plugin:/home/a/ws_nhk/install/chomp_motion_planner:/home/a/ws_nhk/install/moveit_core:/home/a/ws_nhk/install/rviz_marker_tools:/home/a/ws_nhk/install/moveit_resources_panda_moveit_config:/home/a/ws_nhk/install/moveit_resources_fanuc_moveit_config:/home/a/ws_nhk/install/moveit_configs_utils:/home/a/ws_nhk/install/trac_ik_lib:/home/a/ws_nhk/install/srdfdom:/home/a/ws_nhk/install/moveit_task_constructor_msgs:/home/a/ws_nhk/install/moveit_resources_prbt_support:/home/a/ws_nhk/install/moveit_resources_pr2_description:/home/a/ws_nhk/install/moveit_resources_panda_description:/home/a/ws_nhk/install/moveit_resources_fanuc_description:/home/a/ws_nhk/install/moveit_common:/home/a/ws_nhk/install/launch_param_builder:${AMENT_PREFIX_PATH} CMAKE_PREFIX_PATH=/home/a/ws_nhk/install/moveit_planners:/home/a/ws_nhk/install/pilz_industrial_motion_planner:/home/a/ws_nhk/install/moveit_resources_prbt_pg70_support:/home/a/ws_nhk/install/moveit_ros_planning_interface:/home/a/ws_nhk/install/moveit_resources_prbt_moveit_config:/home/a/ws_nhk/install/moveit_ros_move_group:/home/a/ws_nhk/install/moveit_ros_warehouse:/home/a/ws_nhk/install/moveit_planners_ompl:/home/a/ws_nhk/install/moveit_kinematics:/home/a/ws_nhk/install/trac_ik:/home/a/ws_nhk/install/moveit_ros_planning:/home/a/ws_nhk/install/moveit_planners_chomp:/home/a/ws_nhk/install/trac_ik_kinematics_plugin:/home/a/ws_nhk/install/pilz_industrial_motion_planner_testutils:/home/a/ws_nhk/install/moveit_simple_controller_manager:/home/a/ws_nhk/install/moveit_ros_occupancy_map_monitor:/home/a/ws_nhk/install/moveit_resources_prbt_ikfast_manipulator_plugin:/home/a/ws_nhk/install/chomp_motion_planner:/home/a/ws_nhk/install/moveit_core:/home/a/ws_nhk/install/rviz_marker_tools:/home/a/ws_nhk/install/moveit_resources_panda_moveit_config:/home/a/ws_nhk/install/moveit_resources_fanuc_moveit_config:/home/a/ws_nhk/install/trac_ik_lib:/home/a/ws_nhk/install/srdfdom:/home/a/ws_nhk/install/moveit_task_constructor_msgs:/home/a/ws_nhk/install/moveit_resources_prbt_support:/home/a/ws_nhk/install/moveit_resources_pr2_description:/home/a/ws_nhk/install/moveit_resources_panda_description:/home/a/ws_nhk/install/moveit_resources_fanuc_description:/home/a/ws_nhk/install/moveit_common:/home/a/install/field_description_test:/opt/ros/humble LD_LIBRARY_PATH=/home/a/ws_nhk/install/pilz_industrial_motion_planner/lib:/home/a/ws_nhk/install/moveit_ros_planning_interface/lib:/home/a/ws_nhk/install/moveit_ros_move_group/lib:/home/a/ws_nhk/install/moveit_ros_warehouse/lib:/home/a/ws_nhk/install/moveit_planners_ompl/lib:/home/a/ws_nhk/install/moveit_kinematics/lib:/home/a/ws_nhk/install/moveit_ros_planning/lib:/home/a/ws_nhk/install/moveit_planners_chomp/lib:/home/a/ws_nhk/install/trac_ik_kinematics_plugin/lib:/home/a/ws_nhk/install/pilz_industrial_motion_planner_testutils/lib:/home/a/ws_nhk/install/moveit_simple_controller_manager/lib:/home/a/ws_nhk/install/moveit_ros_occupancy_map_monitor/lib:/home/a/ws_nhk/install/moveit_resources_prbt_ikfast_manipulator_plugin/lib:/home/a/ws_nhk/install/chomp_motion_planner/lib:/home/a/ws_nhk/install/moveit_core/lib:/home/a/ws_nhk/install/rviz_marker_tools/lib:/home/a/ws_nhk/install/trac_ik_lib/lib:/home/a/ws_nhk/install/srdfdom/lib:/home/a/ws_nhk/install/moveit_task_constructor_msgs/lib:${LD_LIBRARY_PATH} PATH=/home/a/ws_nhk/install/moveit_core/bin:${PATH} PYTHONPATH=/home/a/ws_nhk/install/moveit_configs_utils/lib/python3.10/site-packages:/home/a/ws_nhk/install/srdfdom/local/lib/python3.10/dist-packages:/home/a/ws_nhk/install/moveit_task_constructor_msgs/local/lib/python3.10/dist-packages:/home/a/ws_nhk/install/launch_param_builder/lib/python3.10/site-packages:${PYTHONPATH} /usr/bin/cmake --build /home/a/ws_nhk/build/moveit_task_constructor_core -- -j22 -l22
[0.544s] -- Found ament_cmake: 1.3.12 (/opt/ros/humble/share/ament_cmake/cmake)
[0.926s] -- Found Python3: /usr/bin/python3 (found version "3.10.12") found components: Interpreter 
[1.372s] -- Found Boost: /usr/lib/x86_64-linux-gnu/cmake/Boost-1.74.0/BoostConfig.cmake (found version "1.74.0")  
[1.379s] -- Found geometry_msgs: 4.9.0 (/opt/ros/humble/share/geometry_msgs/cmake)
[1.518s] -- Found rosidl_generator_c: 3.1.7 (/opt/ros/humble/share/rosidl_generator_c/cmake)
[1.530s] -- Found rosidl_adapter: 3.1.7 (/opt/ros/humble/share/rosidl_adapter/cmake)
[1.561s] -- Found rosidl_generator_cpp: 3.1.7 (/opt/ros/humble/share/rosidl_generator_cpp/cmake)
[1.616s] -- Using all available rosidl_typesupport_c: rosidl_typesupport_fastrtps_c;rosidl_typesupport_introspection_c
[1.682s] -- Using all available rosidl_typesupport_cpp: rosidl_typesupport_fastrtps_cpp;rosidl_typesupport_introspection_cpp
[1.922s] -- Found moveit_common: 2.5.9 (/home/a/ws_nhk/install/moveit_common/share/moveit_common/cmake)
[2.429s] -- Found moveit_core: 2.5.9 (/home/a/ws_nhk/install/moveit_core/share/moveit_core/cmake)
[2.531s] -- Found Boost: /usr/lib/x86_64-linux-gnu/cmake/Boost-1.74.0/BoostConfig.cmake (found version "1.74.0") found components: chrono date_time filesystem iostreams program_options regex serialization system thread 
[2.715s] -- Found parameter_traits: 0.5.0 (/opt/ros/humble/share/parameter_traits/cmake)
[2.895s] -- Found rmw_implementation_cmake: 6.1.2 (/opt/ros/humble/share/rmw_implementation_cmake/cmake)
[2.912s] -- Found rmw_fastrtps_cpp: 6.2.9 (/opt/ros/humble/share/rmw_fastrtps_cpp/cmake)
[3.631s] -- Using RMW implementation 'rmw_fastrtps_cpp' as default
[3.925s] -- Found rclcpp_lifecycle: 16.0.16 (/opt/ros/humble/share/rclcpp_lifecycle/cmake)
[4.063s] -- Found Boost: /usr/lib/x86_64-linux-gnu/cmake/Boost-1.74.0/BoostConfig.cmake (found version "1.74.0") found components: filesystem 
[4.331s] -- library: /usr/lib/x86_64-linux-gnu/libcurl.so
[4.772s] -- Ensuring Eigen3 include directory is part of orocos-kdl CMake target
[6.443s] -- Found moveit_ros_planning: 2.5.9 (/home/a/ws_nhk/install/moveit_ros_planning/share/moveit_ros_planning/cmake)
[6.484s] -- Found Boost: /usr/lib/x86_64-linux-gnu/cmake/Boost-1.74.0/BoostConfig.cmake (found version "1.74.0") found components: system filesystem date_time program_options thread chrono 
[6.666s] -- Found moveit_ros_planning_interface: 2.5.9 (/home/a/ws_nhk/install/moveit_ros_planning_interface/share/moveit_ros_planning_interface/cmake)
[6.707s] -- Found Boost: /usr/lib/x86_64-linux-gnu/cmake/Boost-1.74.0/BoostConfig.cmake (found version "1.74.0") found components: date_time filesystem program_options system thread 
[6.818s] -- Found Boost: /usr/lib/x86_64-linux-gnu/cmake/Boost-1.74.0/BoostConfig.cmake (found version "1.74.0") found components: thread system filesystem regex date_time program_options 
[6.990s] -- Found Boost: /usr/lib/x86_64-linux-gnu/cmake/Boost-1.74.0/BoostConfig.cmake (found version "1.74.0") found components: system filesystem date_time program_options thread 
[7.223s] -- Found moveit_task_constructor_msgs: 0.1.3 (/home/a/ws_nhk/install/moveit_task_constructor_msgs/share/moveit_task_constructor_msgs/cmake)
[7.464s] -- Found py_binding_tools: 2.0.1 (/opt/ros/humble/share/py_binding_tools/cmake)
[7.485s] -- Found rviz_marker_tools: 0.1.3 (/home/a/ws_nhk/install/rviz_marker_tools/share/rviz_marker_tools/cmake)
[8.229s] -- Found Python3: /usr/bin/python3 (found version "3.10.12") found components: Interpreter Development Development.Module Development.Embed 
[8.283s] -- pybind11 v2.13.0 dev1
[8.469s] -- Found PythonInterp: /usr/bin/python3 (found suitable version "3.10.12", minimum required is "3.10.12") 
[8.705s] -- Found ament_cmake_pytest: 1.3.12 (/opt/ros/humble/share/ament_cmake_pytest/cmake)
[8.712s] -- Found launch_testing_ament_cmake: 1.0.13 (/opt/ros/humble/share/launch_testing_ament_cmake/cmake)
[8.716s] -- Found python_cmake_module: 0.10.0 (/opt/ros/humble/share/python_cmake_module/cmake)
[8.895s] -- Found PythonInterp: /usr/bin/python3 (found suitable version "3.10.12", minimum required is "3.6") 
[8.910s] -- Using PYTHON_EXECUTABLE: /usr/bin/python3
[8.910s] -- Using PYTHON_INCLUDE_DIRS: /usr/include/python3.10
[8.911s] -- Using PYTHON_LIBRARIES: /usr/lib/x86_64-linux-gnu/libpython3.10.so
[12.363s] -- Found ament_cmake_gtest: 1.3.12 (/opt/ros/humble/share/ament_cmake_gtest/cmake)
[12.367s] -- Found ament_cmake_gmock: 1.3.12 (/opt/ros/humble/share/ament_cmake_gmock/cmake)
[12.370s] -- Found launch_testing_ament_cmake: 1.0.13 (/opt/ros/humble/share/launch_testing_ament_cmake/cmake)
[12.374s] -- Found python_cmake_module: 0.10.0 (/opt/ros/humble/share/python_cmake_module/cmake)
[12.573s] -- Using PYTHON_EXECUTABLE: /usr/bin/python3
[12.573s] -- Using PYTHON_INCLUDE_DIRS: /usr/include/python3.10
[12.574s] -- Using PYTHON_LIBRARIES: /usr/lib/x86_64-linux-gnu/libpython3.10.so
[12.584s] -- Found gmock sources under '/opt/ros/humble/src/gmock_vendor': C++ tests using 'Google Mock' will be built
[12.608s] -- Found gtest sources under '/opt/ros/humble/src/gtest_vendor': C++ tests using 'Google Test' will be built
[12.797s] -- Configuring done
[15.371s] -- Generating done
[16.025s] -- Build files have been written to: /home/a/ws_nhk/build/moveit_task_constructor_core
[16.289s] [35m[1mConsolidate compiler generated dependencies of target gtest_main[0m
[16.289s] [35m[1mConsolidate compiler generated dependencies of target gmock_main[0m
[16.292s] [35m[1mConsolidate compiler generated dependencies of target gtest[0m
[16.295s] [35m[1mConsolidate compiler generated dependencies of target gmock[0m
[16.404s] [  2%] Built target gmock_main
[16.407s] [  4%] Built target gtest
[16.423s] [  7%] Built target gtest_main
[16.432s] [ 10%] Built target gmock
[16.443s] [ 10%] Built target ament_cmake_python_copy_moveit
[16.482s] [35m[1mConsolidate compiler generated dependencies of target moveit_task_constructor_core[0m
[17.014s] [ 11%] [32mBuilding CXX object src/CMakeFiles/moveit_task_constructor_core.dir/container.cpp.o[0m
[17.023s] [ 12%] [32mBuilding CXX object src/CMakeFiles/moveit_task_constructor_core.dir/cost_terms.cpp.o[0m
[17.028s] [ 14%] [32mBuilding CXX object src/CMakeFiles/moveit_task_constructor_core.dir/introspection.cpp.o[0m
[17.050s] [ 15%] [32mBuilding CXX object src/CMakeFiles/moveit_task_constructor_core.dir/merge.cpp.o[0m
[17.057s] [ 16%] [32mBuilding CXX object src/CMakeFiles/moveit_task_constructor_core.dir/marker_tools.cpp.o[0m
[17.088s] [ 17%] [32mBuilding CXX object src/CMakeFiles/moveit_task_constructor_core.dir/properties.cpp.o[0m
[17.095s] [ 18%] [32mBuilding CXX object src/CMakeFiles/moveit_task_constructor_core.dir/stage.cpp.o[0m
[17.133s] [ 20%] [32mBuilding CXX object src/CMakeFiles/moveit_task_constructor_core.dir/storage.cpp.o[0m
[17.241s] [ 21%] [32mBuilding CXX object src/CMakeFiles/moveit_task_constructor_core.dir/task.cpp.o[0m
[17.253s] [ 22%] [32mBuilding CXX object src/CMakeFiles/moveit_task_constructor_core.dir/solvers/planner_interface.cpp.o[0m
[17.254s] [ 23%] [32mBuilding CXX object src/CMakeFiles/moveit_task_constructor_core.dir/utils.cpp.o[0m
[17.301s] [ 24%] [32mBuilding CXX object src/CMakeFiles/moveit_task_constructor_core.dir/solvers/cartesian_path.cpp.o[0m
[17.349s] [ 25%] [32mBuilding CXX object src/CMakeFiles/moveit_task_constructor_core.dir/solvers/joint_interpolation.cpp.o[0m
[17.454s] [ 27%] [32mBuilding CXX object src/CMakeFiles/moveit_task_constructor_core.dir/solvers/pipeline_planner.cpp.o[0m
[17.468s] [ 28%] [32mBuilding CXX object src/CMakeFiles/moveit_task_constructor_core.dir/solvers/multi_planner.cpp.o[0m
[18.859s] running egg_info
[18.867s] writing moveit.egg-info/PKG-INFO
[18.871s] writing dependency_links to moveit.egg-info/dependency_links.txt
[18.872s] writing top-level names to moveit.egg-info/top_level.txt
[18.890s] reading manifest file 'moveit.egg-info/SOURCES.txt'
[18.902s] writing manifest file 'moveit.egg-info/SOURCES.txt'
[19.212s] [ 28%] Built target ament_cmake_python_build_moveit_egg
[163.425s] [ 29%] [32m[1mLinking CXX shared library libmoveit_task_constructor_core.so[0m
[164.894s] [ 29%] Built target moveit_task_constructor_core
[164.968s] [35m[1mConsolidate compiler generated dependencies of target gtest_utils[0m
[165.084s] [35m[1mConsolidate compiler generated dependencies of target moveit_task_constructor_core_stages[0m
[165.113s] [ 30%] [32mBuilding CXX object test/CMakeFiles/gtest_utils.dir/stage_mockups.cpp.o[0m
[165.114s] [ 31%] [32mBuilding CXX object test/CMakeFiles/gtest_utils.dir/gtest_value_printers.cpp.o[0m
[165.118s] [ 32%] [32mBuilding CXX object test/CMakeFiles/gtest_utils.dir/models.cpp.o[0m
[165.576s] [ 34%] [32mBuilding CXX object src/stages/CMakeFiles/moveit_task_constructor_core_stages.dir/modify_planning_scene.cpp.o[0m
[165.589s] [ 35%] [32mBuilding CXX object src/stages/CMakeFiles/moveit_task_constructor_core_stages.dir/current_state.cpp.o[0m
[165.591s] [ 36%] [32mBuilding CXX object src/stages/CMakeFiles/moveit_task_constructor_core_stages.dir/fix_collision_objects.cpp.o[0m
[165.605s] [ 37%] [32mBuilding CXX object src/stages/CMakeFiles/moveit_task_constructor_core_stages.dir/fixed_state.cpp.o[0m
[165.618s] [ 38%] [32mBuilding CXX object src/stages/CMakeFiles/moveit_task_constructor_core_stages.dir/generate_random_pose.cpp.o[0m
[165.618s] [ 40%] [32mBuilding CXX object src/stages/CMakeFiles/moveit_task_constructor_core_stages.dir/fixed_cartesian_poses.cpp.o[0m
[165.623s] [ 41%] [32mBuilding CXX object src/stages/CMakeFiles/moveit_task_constructor_core_stages.dir/generate_pose.cpp.o[0m
[165.639s] [ 42%] [32mBuilding CXX object src/stages/CMakeFiles/moveit_task_constructor_core_stages.dir/generate_grasp_pose.cpp.o[0m
[165.656s] [ 43%] [32mBuilding CXX object src/stages/CMakeFiles/moveit_task_constructor_core_stages.dir/generate_place_pose.cpp.o[0m
[165.661s] [ 44%] [32mBuilding CXX object src/stages/CMakeFiles/moveit_task_constructor_core_stages.dir/compute_ik.cpp.o[0m
[165.662s] [ 45%] [32mBuilding CXX object src/stages/CMakeFiles/moveit_task_constructor_core_stages.dir/passthrough.cpp.o[0m
[165.676s] [ 47%] [32mBuilding CXX object src/stages/CMakeFiles/moveit_task_constructor_core_stages.dir/predicate_filter.cpp.o[0m
[165.707s] [ 48%] [32mBuilding CXX object src/stages/CMakeFiles/moveit_task_constructor_core_stages.dir/connect.cpp.o[0m
[165.743s] [ 49%] [32mBuilding CXX object src/stages/CMakeFiles/moveit_task_constructor_core_stages.dir/move_to.cpp.o[0m
[165.743s] [ 50%] [32mBuilding CXX object src/stages/CMakeFiles/moveit_task_constructor_core_stages.dir/move_relative.cpp.o[0m
[165.770s] [ 51%] [32mBuilding CXX object src/stages/CMakeFiles/moveit_task_constructor_core_stages.dir/simple_grasp.cpp.o[0m
[165.794s] [ 52%] [32mBuilding CXX object src/stages/CMakeFiles/moveit_task_constructor_core_stages.dir/pick.cpp.o[0m
[255.530s] [ 54%] [32m[1mLinking CXX shared library libgtest_utils.so[0m
[256.626s] [ 54%] Built target gtest_utils
[279.195s] [ 55%] [32m[1mLinking CXX shared library libmoveit_task_constructor_core_stages.so[0m
[280.217s] [ 55%] Built target moveit_task_constructor_core_stages
[280.283s] [35m[1mConsolidate compiler generated dependencies of target moveit_task_constructor_core-test-properties[0m
[280.287s] [35m[1mConsolidate compiler generated dependencies of target moveit_task_constructor_core-test-interface-state[0m
[280.289s] [35m[1mConsolidate compiler generated dependencies of target moveit_task_constructor_core-test-move-to[0m
[280.289s] [35m[1mConsolidate compiler generated dependencies of target moveit_task_constructor_core-test-stage[0m
[280.290s] [35m[1mConsolidate compiler generated dependencies of target moveit_task_constructor_core_stage_plugins[0m
[280.290s] [35m[1mConsolidate compiler generated dependencies of target moveit_task_constructor_core-test-pruning[0m
[280.291s] [35m[1mConsolidate compiler generated dependencies of target moveit_task_constructor_core-test-cost-queue[0m
[280.291s] [35m[1mConsolidate compiler generated dependencies of target moveit_task_constructor_core-test-serial[0m
[280.298s] [35m[1mConsolidate compiler generated dependencies of target pick_ur5[0m
[280.298s] [35m[1mConsolidate compiler generated dependencies of target moveit_task_constructor_core-test-container[0m
[280.299s] [35m[1mConsolidate compiler generated dependencies of target moveit_task_constructor_core-test-mockups[0m
[280.299s] [35m[1mConsolidate compiler generated dependencies of target moveit_task_constructor_core-test-fallback[0m
[280.300s] [35m[1mConsolidate compiler generated dependencies of target moveit_task_constructor_core-test-cost-terms[0m
[280.306s] [35m[1mConsolidate compiler generated dependencies of target pick_pr2[0m
[280.308s] [35m[1mConsolidate compiler generated dependencies of target moveit_task_constructor_core-test-move-relative[0m
[280.308s] [35m[1mConsolidate compiler generated dependencies of target pick_pa10[0m
[280.335s] [35m[1mConsolidate compiler generated dependencies of target pymoveit_mtc[0m
[280.381s] [ 56%] [32mBuilding CXX object test/CMakeFiles/moveit_task_constructor_core-test-properties.dir/test_properties.cpp.o[0m
[280.396s] [ 57%] [32mBuilding CXX object test/CMakeFiles/moveit_task_constructor_core-test-cost-queue.dir/test_cost_queue.cpp.o[0m
[280.400s] [ 58%] [32mBuilding CXX object src/stages/CMakeFiles/moveit_task_constructor_core_stage_plugins.dir/plugins.cpp.o[0m
[280.413s] [ 60%] [32mBuilding CXX object test/CMakeFiles/moveit_task_constructor_core-test-interface-state.dir/test_interface_state.cpp.o[0m
[280.425s] [ 61%] [32mBuilding CXX object test/CMakeFiles/moveit_task_constructor_core-test-pruning.dir/test_pruning.cpp.o[0m
[280.435s] [ 62%] [32mBuilding CXX object test/CMakeFiles/moveit_task_constructor_core-test-stage.dir/test_stage.cpp.o[0m
[280.437s] [ 63%] [32mBuilding CXX object test/CMakeFiles/pick_ur5.dir/pick_ur5.cpp.o[0m
[280.442s] [ 64%] [32mBuilding CXX object test/CMakeFiles/moveit_task_constructor_core-test-move-to.dir/test_move_to.cpp.o[0m
[280.448s] [ 65%] [32mBuilding CXX object test/CMakeFiles/moveit_task_constructor_core-test-serial.dir/test_serial.cpp.o[0m
[280.449s] [ 67%] [32mBuilding CXX object test/CMakeFiles/pick_pr2.dir/pick_pr2.cpp.o[0m
[280.458s] [ 68%] [32mBuilding CXX object test/CMakeFiles/pick_pa10.dir/pick_pa10.cpp.o[0m
[280.460s] [ 69%] [32mBuilding CXX object test/CMakeFiles/moveit_task_constructor_core-test-move-relative.dir/test_move_relative.cpp.o[0m
[280.480s] [ 70%] [32mBuilding CXX object test/CMakeFiles/moveit_task_constructor_core-test-container.dir/test_container.cpp.o[0m
[280.484s] [ 71%] [32mBuilding CXX object test/CMakeFiles/moveit_task_constructor_core-test-cost-terms.dir/test_cost_terms.cpp.o[0m
[280.488s] [ 72%] [32mBuilding CXX object test/CMakeFiles/moveit_task_constructor_core-test-mockups.dir/test_mockups.cpp.o[0m
[280.498s] [ 74%] [32mBuilding CXX object test/CMakeFiles/moveit_task_constructor_core-test-fallback.dir/test_fallback.cpp.o[0m
[280.613s] [ 75%] [32mBuilding CXX object python/bindings/CMakeFiles/pymoveit_mtc.dir/src/properties.cpp.o[0m
[280.653s] [ 76%] [32mBuilding CXX object python/bindings/CMakeFiles/pymoveit_mtc.dir/src/solvers.cpp.o[0m
[280.712s] [ 77%] [32mBuilding CXX object python/bindings/CMakeFiles/pymoveit_mtc.dir/src/module.cpp.o[0m
[280.734s] [ 78%] [32mBuilding CXX object python/bindings/CMakeFiles/pymoveit_mtc.dir/src/core.cpp.o[0m
[280.750s] [ 80%] [32mBuilding CXX object python/bindings/CMakeFiles/pymoveit_mtc.dir/src/stages.cpp.o[0m
[300.080s] [ 81%] [32m[1mLinking CXX shared library libmoveit_task_constructor_core_stage_plugins.so[0m
[302.641s] [ 81%] Built target moveit_task_constructor_core_stage_plugins
[309.493s] [ 82%] [32m[1mLinking CXX executable moveit_task_constructor_core-test-properties[0m
[312.322s] [ 82%] Built target moveit_task_constructor_core-test-properties
[322.869s] [ 83%] [32m[1mLinking CXX executable moveit_task_constructor_core-test-cost-queue[0m
[325.790s] [ 83%] Built target moveit_task_constructor_core-test-cost-queue
[352.210s] [ 84%] [32m[1mLinking CXX executable moveit_task_constructor_core-test-stage[0m
[354.290s] [ 84%] Built target moveit_task_constructor_core-test-stage
[356.684s] [ 85%] [32m[1mLinking CXX executable pick_ur5[0m
[358.180s] [ 85%] Built target pick_ur5
[358.945s] [ 87%] [32m[1mLinking CXX executable moveit_task_constructor_core-test-pruning[0m
[359.380s] [ 88%] [32m[1mLinking CXX executable moveit_task_constructor_core-test-interface-state[0m
[359.457s] [ 89%] [32m[1mLinking CXX executable pick_pr2[0m
[360.207s] [ 89%] Built target moveit_task_constructor_core-test-pruning
[360.596s] [ 90%] [32m[1mLinking CXX executable pick_pa10[0m
[360.957s] [ 90%] Built target moveit_task_constructor_core-test-interface-state
[361.019s] [ 91%] [32m[1mLinking CXX executable moveit_task_constructor_core-test-move-relative[0m
[361.113s] [ 91%] Built target pick_pr2
[361.448s] [ 92%] [32m[1mLinking CXX executable moveit_task_constructor_core-test-serial[0m
[362.603s] [ 92%] Built target moveit_task_constructor_core-test-move-relative
[362.875s] [ 94%] [32m[1mLinking CXX executable moveit_task_constructor_core-test-mockups[0m
[363.019s] [ 94%] Built target pick_pa10
[363.051s] [ 94%] Built target moveit_task_constructor_core-test-serial
[363.136s] [ 95%] [32m[1mLinking CXX executable moveit_task_constructor_core-test-move-to[0m
[364.899s] [ 95%] Built target moveit_task_constructor_core-test-move-to
[365.044s] [ 95%] Built target moveit_task_constructor_core-test-mockups
[365.298s] [ 96%] [32m[1mLinking CXX executable moveit_task_constructor_core-test-container[0m
[366.843s] [ 96%] Built target moveit_task_constructor_core-test-container
[367.372s] [ 97%] [32m[1mLinking CXX executable moveit_task_constructor_core-test-cost-terms[0m
[368.711s] [ 97%] Built target moveit_task_constructor_core-test-cost-terms
[368.730s] [ 98%] [32m[1mLinking CXX executable moveit_task_constructor_core-test-fallback[0m
[369.988s] [ 98%] Built target moveit_task_constructor_core-test-fallback
[379.268s] [100%] [32m[1mLinking CXX shared module pymoveit_mtc.cpython-310-x86_64-linux-gnu.so[0m
[381.992s] lto-wrapper: warning: using serial compilation of 12 LTRANS jobs
[431.938s] [100%] Built target pymoveit_mtc
[431.975s] Invoked command in '/home/a/ws_nhk/build/moveit_task_constructor_core' returned '0': AMENT_PREFIX_PATH=/home/a/ws_nhk/install/moveit_planners:/home/a/ws_nhk/install/pilz_industrial_motion_planner:/home/a/ws_nhk/install/moveit_resources_prbt_pg70_support:/home/a/ws_nhk/install/moveit_ros_planning_interface:/home/a/ws_nhk/install/moveit_resources_prbt_moveit_config:/home/a/ws_nhk/install/moveit_ros_move_group:/home/a/ws_nhk/install/moveit_ros_warehouse:/home/a/ws_nhk/install/moveit_planners_ompl:/home/a/ws_nhk/install/moveit_kinematics:/home/a/ws_nhk/install/trac_ik:/home/a/ws_nhk/install/moveit_ros_planning:/home/a/ws_nhk/install/moveit_planners_chomp:/home/a/ws_nhk/install/trac_ik_kinematics_plugin:/home/a/ws_nhk/install/pilz_industrial_motion_planner_testutils:/home/a/ws_nhk/install/moveit_simple_controller_manager:/home/a/ws_nhk/install/moveit_ros_occupancy_map_monitor:/home/a/ws_nhk/install/moveit_resources_prbt_ikfast_manipulator_plugin:/home/a/ws_nhk/install/chomp_motion_planner:/home/a/ws_nhk/install/moveit_core:/home/a/ws_nhk/install/rviz_marker_tools:/home/a/ws_nhk/install/moveit_resources_panda_moveit_config:/home/a/ws_nhk/install/moveit_resources_fanuc_moveit_config:/home/a/ws_nhk/install/moveit_configs_utils:/home/a/ws_nhk/install/trac_ik_lib:/home/a/ws_nhk/install/srdfdom:/home/a/ws_nhk/install/moveit_task_constructor_msgs:/home/a/ws_nhk/install/moveit_resources_prbt_support:/home/a/ws_nhk/install/moveit_resources_pr2_description:/home/a/ws_nhk/install/moveit_resources_panda_description:/home/a/ws_nhk/install/moveit_resources_fanuc_description:/home/a/ws_nhk/install/moveit_common:/home/a/ws_nhk/install/launch_param_builder:${AMENT_PREFIX_PATH} CMAKE_PREFIX_PATH=/home/a/ws_nhk/install/moveit_planners:/home/a/ws_nhk/install/pilz_industrial_motion_planner:/home/a/ws_nhk/install/moveit_resources_prbt_pg70_support:/home/a/ws_nhk/install/moveit_ros_planning_interface:/home/a/ws_nhk/install/moveit_resources_prbt_moveit_config:/home/a/ws_nhk/install/moveit_ros_move_group:/home/a/ws_nhk/install/moveit_ros_warehouse:/home/a/ws_nhk/install/moveit_planners_ompl:/home/a/ws_nhk/install/moveit_kinematics:/home/a/ws_nhk/install/trac_ik:/home/a/ws_nhk/install/moveit_ros_planning:/home/a/ws_nhk/install/moveit_planners_chomp:/home/a/ws_nhk/install/trac_ik_kinematics_plugin:/home/a/ws_nhk/install/pilz_industrial_motion_planner_testutils:/home/a/ws_nhk/install/moveit_simple_controller_manager:/home/a/ws_nhk/install/moveit_ros_occupancy_map_monitor:/home/a/ws_nhk/install/moveit_resources_prbt_ikfast_manipulator_plugin:/home/a/ws_nhk/install/chomp_motion_planner:/home/a/ws_nhk/install/moveit_core:/home/a/ws_nhk/install/rviz_marker_tools:/home/a/ws_nhk/install/moveit_resources_panda_moveit_config:/home/a/ws_nhk/install/moveit_resources_fanuc_moveit_config:/home/a/ws_nhk/install/trac_ik_lib:/home/a/ws_nhk/install/srdfdom:/home/a/ws_nhk/install/moveit_task_constructor_msgs:/home/a/ws_nhk/install/moveit_resources_prbt_support:/home/a/ws_nhk/install/moveit_resources_pr2_description:/home/a/ws_nhk/install/moveit_resources_panda_description:/home/a/ws_nhk/install/moveit_resources_fanuc_description:/home/a/ws_nhk/install/moveit_common:/home/a/install/field_description_test:/opt/ros/humble LD_LIBRARY_PATH=/home/a/ws_nhk/install/pilz_industrial_motion_planner/lib:/home/a/ws_nhk/install/moveit_ros_planning_interface/lib:/home/a/ws_nhk/install/moveit_ros_move_group/lib:/home/a/ws_nhk/install/moveit_ros_warehouse/lib:/home/a/ws_nhk/install/moveit_planners_ompl/lib:/home/a/ws_nhk/install/moveit_kinematics/lib:/home/a/ws_nhk/install/moveit_ros_planning/lib:/home/a/ws_nhk/install/moveit_planners_chomp/lib:/home/a/ws_nhk/install/trac_ik_kinematics_plugin/lib:/home/a/ws_nhk/install/pilz_industrial_motion_planner_testutils/lib:/home/a/ws_nhk/install/moveit_simple_controller_manager/lib:/home/a/ws_nhk/install/moveit_ros_occupancy_map_monitor/lib:/home/a/ws_nhk/install/moveit_resources_prbt_ikfast_manipulator_plugin/lib:/home/a/ws_nhk/install/chomp_motion_planner/lib:/home/a/ws_nhk/install/moveit_core/lib:/home/a/ws_nhk/install/rviz_marker_tools/lib:/home/a/ws_nhk/install/trac_ik_lib/lib:/home/a/ws_nhk/install/srdfdom/lib:/home/a/ws_nhk/install/moveit_task_constructor_msgs/lib:${LD_LIBRARY_PATH} PATH=/home/a/ws_nhk/install/moveit_core/bin:${PATH} PYTHONPATH=/home/a/ws_nhk/install/moveit_configs_utils/lib/python3.10/site-packages:/home/a/ws_nhk/install/srdfdom/local/lib/python3.10/dist-packages:/home/a/ws_nhk/install/moveit_task_constructor_msgs/local/lib/python3.10/dist-packages:/home/a/ws_nhk/install/launch_param_builder/lib/python3.10/site-packages:${PYTHONPATH} /usr/bin/cmake --build /home/a/ws_nhk/build/moveit_task_constructor_core -- -j22 -l22
[431.980s] Invoking command in '/home/a/ws_nhk/build/moveit_task_constructor_core': AMENT_PREFIX_PATH=/home/a/ws_nhk/install/moveit_planners:/home/a/ws_nhk/install/pilz_industrial_motion_planner:/home/a/ws_nhk/install/moveit_resources_prbt_pg70_support:/home/a/ws_nhk/install/moveit_ros_planning_interface:/home/a/ws_nhk/install/moveit_resources_prbt_moveit_config:/home/a/ws_nhk/install/moveit_ros_move_group:/home/a/ws_nhk/install/moveit_ros_warehouse:/home/a/ws_nhk/install/moveit_planners_ompl:/home/a/ws_nhk/install/moveit_kinematics:/home/a/ws_nhk/install/trac_ik:/home/a/ws_nhk/install/moveit_ros_planning:/home/a/ws_nhk/install/moveit_planners_chomp:/home/a/ws_nhk/install/trac_ik_kinematics_plugin:/home/a/ws_nhk/install/pilz_industrial_motion_planner_testutils:/home/a/ws_nhk/install/moveit_simple_controller_manager:/home/a/ws_nhk/install/moveit_ros_occupancy_map_monitor:/home/a/ws_nhk/install/moveit_resources_prbt_ikfast_manipulator_plugin:/home/a/ws_nhk/install/chomp_motion_planner:/home/a/ws_nhk/install/moveit_core:/home/a/ws_nhk/install/rviz_marker_tools:/home/a/ws_nhk/install/moveit_resources_panda_moveit_config:/home/a/ws_nhk/install/moveit_resources_fanuc_moveit_config:/home/a/ws_nhk/install/moveit_configs_utils:/home/a/ws_nhk/install/trac_ik_lib:/home/a/ws_nhk/install/srdfdom:/home/a/ws_nhk/install/moveit_task_constructor_msgs:/home/a/ws_nhk/install/moveit_resources_prbt_support:/home/a/ws_nhk/install/moveit_resources_pr2_description:/home/a/ws_nhk/install/moveit_resources_panda_description:/home/a/ws_nhk/install/moveit_resources_fanuc_description:/home/a/ws_nhk/install/moveit_common:/home/a/ws_nhk/install/launch_param_builder:${AMENT_PREFIX_PATH} CMAKE_PREFIX_PATH=/home/a/ws_nhk/install/moveit_planners:/home/a/ws_nhk/install/pilz_industrial_motion_planner:/home/a/ws_nhk/install/moveit_resources_prbt_pg70_support:/home/a/ws_nhk/install/moveit_ros_planning_interface:/home/a/ws_nhk/install/moveit_resources_prbt_moveit_config:/home/a/ws_nhk/install/moveit_ros_move_group:/home/a/ws_nhk/install/moveit_ros_warehouse:/home/a/ws_nhk/install/moveit_planners_ompl:/home/a/ws_nhk/install/moveit_kinematics:/home/a/ws_nhk/install/trac_ik:/home/a/ws_nhk/install/moveit_ros_planning:/home/a/ws_nhk/install/moveit_planners_chomp:/home/a/ws_nhk/install/trac_ik_kinematics_plugin:/home/a/ws_nhk/install/pilz_industrial_motion_planner_testutils:/home/a/ws_nhk/install/moveit_simple_controller_manager:/home/a/ws_nhk/install/moveit_ros_occupancy_map_monitor:/home/a/ws_nhk/install/moveit_resources_prbt_ikfast_manipulator_plugin:/home/a/ws_nhk/install/chomp_motion_planner:/home/a/ws_nhk/install/moveit_core:/home/a/ws_nhk/install/rviz_marker_tools:/home/a/ws_nhk/install/moveit_resources_panda_moveit_config:/home/a/ws_nhk/install/moveit_resources_fanuc_moveit_config:/home/a/ws_nhk/install/trac_ik_lib:/home/a/ws_nhk/install/srdfdom:/home/a/ws_nhk/install/moveit_task_constructor_msgs:/home/a/ws_nhk/install/moveit_resources_prbt_support:/home/a/ws_nhk/install/moveit_resources_pr2_description:/home/a/ws_nhk/install/moveit_resources_panda_description:/home/a/ws_nhk/install/moveit_resources_fanuc_description:/home/a/ws_nhk/install/moveit_common:/home/a/install/field_description_test:/opt/ros/humble LD_LIBRARY_PATH=/home/a/ws_nhk/install/pilz_industrial_motion_planner/lib:/home/a/ws_nhk/install/moveit_ros_planning_interface/lib:/home/a/ws_nhk/install/moveit_ros_move_group/lib:/home/a/ws_nhk/install/moveit_ros_warehouse/lib:/home/a/ws_nhk/install/moveit_planners_ompl/lib:/home/a/ws_nhk/install/moveit_kinematics/lib:/home/a/ws_nhk/install/moveit_ros_planning/lib:/home/a/ws_nhk/install/moveit_planners_chomp/lib:/home/a/ws_nhk/install/trac_ik_kinematics_plugin/lib:/home/a/ws_nhk/install/pilz_industrial_motion_planner_testutils/lib:/home/a/ws_nhk/install/moveit_simple_controller_manager/lib:/home/a/ws_nhk/install/moveit_ros_occupancy_map_monitor/lib:/home/a/ws_nhk/install/moveit_resources_prbt_ikfast_manipulator_plugin/lib:/home/a/ws_nhk/install/chomp_motion_planner/lib:/home/a/ws_nhk/install/moveit_core/lib:/home/a/ws_nhk/install/rviz_marker_tools/lib:/home/a/ws_nhk/install/trac_ik_lib/lib:/home/a/ws_nhk/install/srdfdom/lib:/home/a/ws_nhk/install/moveit_task_constructor_msgs/lib:${LD_LIBRARY_PATH} PATH=/home/a/ws_nhk/install/moveit_core/bin:${PATH} PYTHONPATH=/home/a/ws_nhk/install/moveit_configs_utils/lib/python3.10/site-packages:/home/a/ws_nhk/install/srdfdom/local/lib/python3.10/dist-packages:/home/a/ws_nhk/install/moveit_task_constructor_msgs/local/lib/python3.10/dist-packages:/home/a/ws_nhk/install/launch_param_builder/lib/python3.10/site-packages:${PYTHONPATH} /usr/bin/cmake --install /home/a/ws_nhk/build/moveit_task_constructor_core
[432.000s] -- Install configuration: "Release"
[432.002s] -- Installing: /home/a/ws_nhk/install/moveit_task_constructor_core/lib/libmoveit_task_constructor_core_stages.so
[432.004s] -- Set runtime path of "/home/a/ws_nhk/install/moveit_task_constructor_core/lib/libmoveit_task_constructor_core_stages.so" to ""
[432.005s] -- Installing: /home/a/ws_nhk/install/moveit_task_constructor_core/lib/libmoveit_task_constructor_core_stage_plugins.so
[432.005s] -- Set runtime path of "/home/a/ws_nhk/install/moveit_task_constructor_core/lib/libmoveit_task_constructor_core_stage_plugins.so" to ""
[432.006s] -- Installing: /home/a/ws_nhk/install/moveit_task_constructor_core/lib/libmoveit_task_constructor_core.so
[432.009s] -- Set runtime path of "/home/a/ws_nhk/install/moveit_task_constructor_core/lib/libmoveit_task_constructor_core.so" to ""
[432.009s] -- Up-to-date: /home/a/ws_nhk/install/moveit_task_constructor_core/share/moveit_task_constructor_core/environment/pythonpath.sh
[432.010s] -- Installing: /home/a/ws_nhk/install/moveit_task_constructor_core/share/moveit_task_constructor_core/environment/pythonpath.dsv
[432.010s] -- Up-to-date: /home/a/ws_nhk/install/moveit_task_constructor_core/local/lib/python3.10/dist-packages/moveit-0.1.3-py3.10.egg-info
[432.010s] -- Installing: /home/a/ws_nhk/install/moveit_task_constructor_core/local/lib/python3.10/dist-packages/moveit-0.1.3-py3.10.egg-info/top_level.txt
[432.010s] -- Installing: /home/a/ws_nhk/install/moveit_task_constructor_core/local/lib/python3.10/dist-packages/moveit-0.1.3-py3.10.egg-info/SOURCES.txt
[432.011s] -- Installing: /home/a/ws_nhk/install/moveit_task_constructor_core/local/lib/python3.10/dist-packages/moveit-0.1.3-py3.10.egg-info/PKG-INFO
[432.011s] -- Installing: /home/a/ws_nhk/install/moveit_task_constructor_core/local/lib/python3.10/dist-packages/moveit-0.1.3-py3.10.egg-info/dependency_links.txt
[432.011s] -- Up-to-date: /home/a/ws_nhk/install/moveit_task_constructor_core/local/lib/python3.10/dist-packages/moveit
[432.011s] -- Up-to-date: /home/a/ws_nhk/install/moveit_task_constructor_core/local/lib/python3.10/dist-packages/moveit/__init__.py
[432.011s] -- Up-to-date: /home/a/ws_nhk/install/moveit_task_constructor_core/local/lib/python3.10/dist-packages/moveit/task_constructor
[432.012s] -- Up-to-date: /home/a/ws_nhk/install/moveit_task_constructor_core/local/lib/python3.10/dist-packages/moveit/task_constructor/__init__.py
[432.012s] -- Up-to-date: /home/a/ws_nhk/install/moveit_task_constructor_core/local/lib/python3.10/dist-packages/moveit/task_constructor/stages.py
[432.012s] -- Up-to-date: /home/a/ws_nhk/install/moveit_task_constructor_core/local/lib/python3.10/dist-packages/moveit/task_constructor/core.py
[432.072s] Listing '/home/a/ws_nhk/install/moveit_task_constructor_core/local/lib/python3.10/dist-packages/moveit'...
[432.072s] Listing '/home/a/ws_nhk/install/moveit_task_constructor_core/local/lib/python3.10/dist-packages/moveit/task_constructor'...
[432.080s] -- Up-to-date: /home/a/ws_nhk/install/moveit_task_constructor_core/include/moveit/python/pybind11
[432.080s] -- Up-to-date: /home/a/ws_nhk/install/moveit_task_constructor_core/include/moveit/python/pybind11/buffer_info.h
[432.080s] -- Up-to-date: /home/a/ws_nhk/install/moveit_task_constructor_core/include/moveit/python/pybind11/typing.h
[432.081s] -- Up-to-date: /home/a/ws_nhk/install/moveit_task_constructor_core/include/moveit/python/pybind11/gil.h
[432.081s] -- Up-to-date: /home/a/ws_nhk/install/moveit_task_constructor_core/include/moveit/python/pybind11/gil_safe_call_once.h
[432.081s] -- Up-to-date: /home/a/ws_nhk/install/moveit_task_constructor_core/include/moveit/python/pybind11/pytypes.h
[432.081s] -- Up-to-date: /home/a/ws_nhk/install/moveit_task_constructor_core/include/moveit/python/pybind11/stl.h
[432.082s] -- Up-to-date: /home/a/ws_nhk/install/moveit_task_constructor_core/include/moveit/python/pybind11/attr.h
[432.082s] -- Up-to-date: /home/a/ws_nhk/install/moveit_task_constructor_core/include/moveit/python/pybind11/trampoline_self_life_support.h
[432.082s] -- Up-to-date: /home/a/ws_nhk/install/moveit_task_constructor_core/include/moveit/python/pybind11/numpy.h
[432.082s] -- Up-to-date: /home/a/ws_nhk/install/moveit_task_constructor_core/include/moveit/python/pybind11/eigen.h
[432.082s] -- Up-to-date: /home/a/ws_nhk/install/moveit_task_constructor_core/include/moveit/python/pybind11/cast.h
[432.082s] -- Up-to-date: /home/a/ws_nhk/install/moveit_task_constructor_core/include/moveit/python/pybind11/pybind11.h
[432.083s] -- Up-to-date: /home/a/ws_nhk/install/moveit_task_constructor_core/include/moveit/python/pybind11/stl
[432.083s] -- Up-to-date: /home/a/ws_nhk/install/moveit_task_constructor_core/include/moveit/python/pybind11/stl/filesystem.h
[432.083s] -- Up-to-date: /home/a/ws_nhk/install/moveit_task_constructor_core/include/moveit/python/pybind11/eigen
[432.083s] -- Up-to-date: /home/a/ws_nhk/install/moveit_task_constructor_core/include/moveit/python/pybind11/eigen/tensor.h
[432.083s] -- Up-to-date: /home/a/ws_nhk/install/moveit_task_constructor_core/include/moveit/python/pybind11/eigen/matrix.h
[432.083s] -- Up-to-date: /home/a/ws_nhk/install/moveit_task_constructor_core/include/moveit/python/pybind11/eigen/common.h
[432.083s] -- Up-to-date: /home/a/ws_nhk/install/moveit_task_constructor_core/include/moveit/python/pybind11/eval.h
[432.083s] -- Up-to-date: /home/a/ws_nhk/install/moveit_task_constructor_core/include/moveit/python/pybind11/embed.h
[432.083s] -- Up-to-date: /home/a/ws_nhk/install/moveit_task_constructor_core/include/moveit/python/pybind11/operators.h
[432.083s] -- Up-to-date: /home/a/ws_nhk/install/moveit_task_constructor_core/include/moveit/python/pybind11/chrono.h
[432.083s] -- Up-to-date: /home/a/ws_nhk/install/moveit_task_constructor_core/include/moveit/python/pybind11/options.h
[432.083s] -- Up-to-date: /home/a/ws_nhk/install/moveit_task_constructor_core/include/moveit/python/pybind11/stl_bind.h
[432.083s] -- Up-to-date: /home/a/ws_nhk/install/moveit_task_constructor_core/include/moveit/python/pybind11/detail
[432.084s] -- Up-to-date: /home/a/ws_nhk/install/moveit_task_constructor_core/include/moveit/python/pybind11/detail/internals.h
[432.084s] -- Up-to-date: /home/a/ws_nhk/install/moveit_task_constructor_core/include/moveit/python/pybind11/detail/typeid.h
[432.084s] -- Up-to-date: /home/a/ws_nhk/install/moveit_task_constructor_core/include/moveit/python/pybind11/detail/dynamic_raw_ptr_cast_if_possible.h
[432.084s] -- Up-to-date: /home/a/ws_nhk/install/moveit_task_constructor_core/include/moveit/python/pybind11/detail/smart_holder_sfinae_hooks_only.h
[432.084s] -- Up-to-date: /home/a/ws_nhk/install/moveit_task_constructor_core/include/moveit/python/pybind11/detail/smart_holder_poc.h
[432.084s] -- Up-to-date: /home/a/ws_nhk/install/moveit_task_constructor_core/include/moveit/python/pybind11/detail/type_caster_base.h
[432.084s] -- Up-to-date: /home/a/ws_nhk/install/moveit_task_constructor_core/include/moveit/python/pybind11/detail/descr.h
[432.084s] -- Up-to-date: /home/a/ws_nhk/install/moveit_task_constructor_core/include/moveit/python/pybind11/detail/class.h
[432.084s] -- Up-to-date: /home/a/ws_nhk/install/moveit_task_constructor_core/include/moveit/python/pybind11/detail/smart_holder_type_casters.h
[432.084s] -- Up-to-date: /home/a/ws_nhk/install/moveit_task_constructor_core/include/moveit/python/pybind11/detail/type_caster_odr_guard.h
[432.084s] -- Up-to-date: /home/a/ws_nhk/install/moveit_task_constructor_core/include/moveit/python/pybind11/detail/common.h
[432.084s] -- Up-to-date: /home/a/ws_nhk/install/moveit_task_constructor_core/include/moveit/python/pybind11/detail/init.h
[432.085s] -- Up-to-date: /home/a/ws_nhk/install/moveit_task_constructor_core/include/moveit/python/pybind11/complex.h
[432.085s] -- Up-to-date: /home/a/ws_nhk/install/moveit_task_constructor_core/include/moveit/python/pybind11/functional.h
[432.085s] -- Up-to-date: /home/a/ws_nhk/install/moveit_task_constructor_core/include/moveit/python/pybind11/type_caster_pyobject_ptr.h
[432.085s] -- Up-to-date: /home/a/ws_nhk/install/moveit_task_constructor_core/include/moveit/python/pybind11/iostream.h
[432.085s] -- Up-to-date: /home/a/ws_nhk/install/moveit_task_constructor_core/include/moveit/python/pybind11/common.h
[432.085s] -- Up-to-date: /home/a/ws_nhk/install/moveit_task_constructor_core/include/moveit/python/pybind11/smart_holder.h
[432.085s] -- Up-to-date: /home/a/ws_nhk/install/moveit_task_constructor_core/share/moveit_task_constructor_core/cmake/pybind11Config.cmake
[432.085s] -- Up-to-date: /home/a/ws_nhk/install/moveit_task_constructor_core/share/moveit_task_constructor_core/cmake/pybind11ConfigVersion.cmake
[432.085s] -- Up-to-date: /home/a/ws_nhk/install/moveit_task_constructor_core/share/moveit_task_constructor_core/cmake/FindPythonLibsNew.cmake
[432.085s] -- Up-to-date: /home/a/ws_nhk/install/moveit_task_constructor_core/share/moveit_task_constructor_core/cmake/pybind11Common.cmake
[432.085s] -- Up-to-date: /home/a/ws_nhk/install/moveit_task_constructor_core/share/moveit_task_constructor_core/cmake/pybind11Tools.cmake
[432.085s] -- Up-to-date: /home/a/ws_nhk/install/moveit_task_constructor_core/share/moveit_task_constructor_core/cmake/pybind11NewTools.cmake
[432.086s] -- Up-to-date: /home/a/ws_nhk/install/moveit_task_constructor_core/share/moveit_task_constructor_core/cmake/pybind11Targets.cmake
[432.086s] -- Up-to-date: /home/a/ws_nhk/install/moveit_task_constructor_core/share/pkgconfig/pybind11.pc
[432.086s] -- Installing: /home/a/ws_nhk/install/moveit_task_constructor_core/local/lib/python3.10/dist-packages/pymoveit_mtc.cpython-310-x86_64-linux-gnu.so
[432.086s] -- Set runtime path of "/home/a/ws_nhk/install/moveit_task_constructor_core/local/lib/python3.10/dist-packages/pymoveit_mtc.cpython-310-x86_64-linux-gnu.so" to ""
[432.086s] -- Up-to-date: /home/a/ws_nhk/install/moveit_task_constructor_core/include
[432.086s] -- Up-to-date: /home/a/ws_nhk/install/moveit_task_constructor_core/include/moveit
[432.086s] -- Up-to-date: /home/a/ws_nhk/install/moveit_task_constructor_core/include/moveit/python
[432.086s] -- Up-to-date: /home/a/ws_nhk/install/moveit_task_constructor_core/include/moveit/python/task_constructor
[432.086s] -- Up-to-date: /home/a/ws_nhk/install/moveit_task_constructor_core/include/moveit/python/task_constructor/properties.h
[432.087s] -- Up-to-date: /home/a/ws_nhk/install/moveit_task_constructor_core/include/moveit/task_constructor
[432.087s] -- Up-to-date: /home/a/ws_nhk/install/moveit_task_constructor_core/include/moveit/task_constructor/solvers.h
[432.087s] -- Up-to-date: /home/a/ws_nhk/install/moveit_task_constructor_core/include/moveit/task_constructor/stages
[432.087s] -- Up-to-date: /home/a/ws_nhk/install/moveit_task_constructor_core/include/moveit/task_constructor/stages/generate_place_pose.h
[432.087s] -- Up-to-date: /home/a/ws_nhk/install/moveit_task_constructor_core/include/moveit/task_constructor/stages/move_to.h
[432.087s] -- Up-to-date: /home/a/ws_nhk/install/moveit_task_constructor_core/include/moveit/task_constructor/stages/fixed_cartesian_poses.h
[432.087s] -- Up-to-date: /home/a/ws_nhk/install/moveit_task_constructor_core/include/moveit/task_constructor/stages/generate_pose.h
[432.087s] -- Up-to-date: /home/a/ws_nhk/install/moveit_task_constructor_core/include/moveit/task_constructor/stages/generate_grasp_pose.h
[432.087s] -- Up-to-date: /home/a/ws_nhk/install/moveit_task_constructor_core/include/moveit/task_constructor/stages/passthrough.h
[432.087s] -- Up-to-date: /home/a/ws_nhk/install/moveit_task_constructor_core/include/moveit/task_constructor/stages/fixed_state.h
[432.088s] -- Up-to-date: /home/a/ws_nhk/install/moveit_task_constructor_core/include/moveit/task_constructor/stages/simple_grasp.h
[432.088s] -- Up-to-date: /home/a/ws_nhk/install/moveit_task_constructor_core/include/moveit/task_constructor/stages/modify_planning_scene.h
[432.088s] -- Up-to-date: /home/a/ws_nhk/install/moveit_task_constructor_core/include/moveit/task_constructor/stages/compute_ik.h
[432.088s] -- Up-to-date: /home/a/ws_nhk/install/moveit_task_constructor_core/include/moveit/task_constructor/stages/pick.h
[432.088s] -- Up-to-date: /home/a/ws_nhk/install/moveit_task_constructor_core/include/moveit/task_constructor/stages/connect.h
[432.088s] -- Up-to-date: /home/a/ws_nhk/install/moveit_task_constructor_core/include/moveit/task_constructor/stages/predicate_filter.h
[432.088s] -- Up-to-date: /home/a/ws_nhk/install/moveit_task_constructor_core/include/moveit/task_constructor/stages/generate_random_pose.h
[432.088s] -- Up-to-date: /home/a/ws_nhk/install/moveit_task_constructor_core/include/moveit/task_constructor/stages/fix_collision_objects.h
[432.088s] -- Up-to-date: /home/a/ws_nhk/install/moveit_task_constructor_core/include/moveit/task_constructor/stages/noop.h
[432.088s] -- Up-to-date: /home/a/ws_nhk/install/moveit_task_constructor_core/include/moveit/task_constructor/stages/move_relative.h
[432.089s] -- Up-to-date: /home/a/ws_nhk/install/moveit_task_constructor_core/include/moveit/task_constructor/stages/current_state.h
[432.089s] -- Up-to-date: /home/a/ws_nhk/install/moveit_task_constructor_core/include/moveit/task_constructor/marker_tools.h
[432.089s] -- Up-to-date: /home/a/ws_nhk/install/moveit_task_constructor_core/include/moveit/task_constructor/cost_terms.h
[432.089s] -- Up-to-date: /home/a/ws_nhk/install/moveit_task_constructor_core/include/moveit/task_constructor/stage.h
[432.089s] -- Up-to-date: /home/a/ws_nhk/install/moveit_task_constructor_core/include/moveit/task_constructor/container.h
[432.089s] -- Up-to-date: /home/a/ws_nhk/install/moveit_task_constructor_core/include/moveit/task_constructor/utils.h
[432.089s] -- Up-to-date: /home/a/ws_nhk/install/moveit_task_constructor_core/include/moveit/task_constructor/solvers
[432.089s] -- Up-to-date: /home/a/ws_nhk/install/moveit_task_constructor_core/include/moveit/task_constructor/solvers/pipeline_planner.h
[432.089s] -- Up-to-date: /home/a/ws_nhk/install/moveit_task_constructor_core/include/moveit/task_constructor/solvers/cartesian_path.h
[432.089s] -- Up-to-date: /home/a/ws_nhk/install/moveit_task_constructor_core/include/moveit/task_constructor/solvers/multi_planner.h
[432.089s] -- Up-to-date: /home/a/ws_nhk/install/moveit_task_constructor_core/include/moveit/task_constructor/solvers/joint_interpolation.h
[432.090s] -- Up-to-date: /home/a/ws_nhk/install/moveit_task_constructor_core/include/moveit/task_constructor/solvers/planner_interface.h
[432.090s] -- Up-to-date: /home/a/ws_nhk/install/moveit_task_constructor_core/include/moveit/task_constructor/storage.h
[432.090s] -- Up-to-date: /home/a/ws_nhk/install/moveit_task_constructor_core/include/moveit/task_constructor/introspection.h
[432.090s] -- Up-to-date: /home/a/ws_nhk/install/moveit_task_constructor_core/include/moveit/task_constructor/moveit_compat.h
[432.090s] -- Up-to-date: /home/a/ws_nhk/install/moveit_task_constructor_core/include/moveit/task_constructor/task.h
[432.090s] -- Up-to-date: /home/a/ws_nhk/install/moveit_task_constructor_core/include/moveit/task_constructor/trajectory_execution_info.h
[432.090s] -- Up-to-date: /home/a/ws_nhk/install/moveit_task_constructor_core/include/moveit/task_constructor/stages.h
[432.090s] -- Up-to-date: /home/a/ws_nhk/install/moveit_task_constructor_core/include/moveit/task_constructor/properties.h
[432.090s] -- Up-to-date: /home/a/ws_nhk/install/moveit_task_constructor_core/include/moveit/task_constructor/cost_queue.h
[432.090s] -- Up-to-date: /home/a/ws_nhk/install/moveit_task_constructor_core/include/moveit/task_constructor/merge.h
[432.090s] -- Up-to-date: /home/a/ws_nhk/install/moveit_task_constructor_core/include/moveit/task_constructor/type_traits.h
[432.090s] -- Up-to-date: /home/a/ws_nhk/install/moveit_task_constructor_core/share/moveit_task_constructor_core/motion_planning_stages_plugin_description.xml
[432.091s] -- Up-to-date: /home/a/ws_nhk/install/moveit_task_constructor_core/share/moveit_task_constructor_core/environment/library_path.sh
[432.091s] -- Installing: /home/a/ws_nhk/install/moveit_task_constructor_core/share/moveit_task_constructor_core/environment/library_path.dsv
[432.091s] -- Up-to-date: /home/a/ws_nhk/install/moveit_task_constructor_core/share/ament_index/resource_index/package_run_dependencies/moveit_task_constructor_core
[432.091s] -- Installing: /home/a/ws_nhk/install/moveit_task_constructor_core/share/ament_index/resource_index/parent_prefix_path/moveit_task_constructor_core
[432.091s] -- Up-to-date: /home/a/ws_nhk/install/moveit_task_constructor_core/share/moveit_task_constructor_core/environment/ament_prefix_path.sh
[432.091s] -- Installing: /home/a/ws_nhk/install/moveit_task_constructor_core/share/moveit_task_constructor_core/environment/ament_prefix_path.dsv
[432.091s] -- Up-to-date: /home/a/ws_nhk/install/moveit_task_constructor_core/share/moveit_task_constructor_core/environment/path.sh
[432.091s] -- Installing: /home/a/ws_nhk/install/moveit_task_constructor_core/share/moveit_task_constructor_core/environment/path.dsv
[432.091s] -- Up-to-date: /home/a/ws_nhk/install/moveit_task_constructor_core/share/moveit_task_constructor_core/local_setup.bash
[432.091s] -- Up-to-date: /home/a/ws_nhk/install/moveit_task_constructor_core/share/moveit_task_constructor_core/local_setup.sh
[432.092s] -- Up-to-date: /home/a/ws_nhk/install/moveit_task_constructor_core/share/moveit_task_constructor_core/local_setup.zsh
[432.092s] -- Installing: /home/a/ws_nhk/install/moveit_task_constructor_core/share/moveit_task_constructor_core/local_setup.dsv
[432.092s] -- Installing: /home/a/ws_nhk/install/moveit_task_constructor_core/share/moveit_task_constructor_core/package.dsv
[432.092s] -- Up-to-date: /home/a/ws_nhk/install/moveit_task_constructor_core/share/ament_index/resource_index/packages/moveit_task_constructor_core
[432.092s] -- Up-to-date: /home/a/ws_nhk/install/moveit_task_constructor_core/share/ament_index/resource_index/moveit_task_constructor_core__pluginlib__plugin/moveit_task_constructor_core
[432.092s] -- Up-to-date: /home/a/ws_nhk/install/moveit_task_constructor_core/share/moveit_task_constructor_core/cmake/moveit_task_constructor_coreTargetsExport.cmake
[432.092s] -- Up-to-date: /home/a/ws_nhk/install/moveit_task_constructor_core/share/moveit_task_constructor_core/cmake/moveit_task_constructor_coreTargetsExport-release.cmake
[432.092s] -- Up-to-date: /home/a/ws_nhk/install/moveit_task_constructor_core/share/moveit_task_constructor_core/cmake/ament_cmake_export_targets-extras.cmake
[432.092s] -- Up-to-date: /home/a/ws_nhk/install/moveit_task_constructor_core/share/moveit_task_constructor_core/cmake/ament_cmake_export_dependencies-extras.cmake
[432.092s] -- Up-to-date: /home/a/ws_nhk/install/moveit_task_constructor_core/share/moveit_task_constructor_core/cmake/moveit_task_constructor_coreConfig.cmake
[432.092s] -- Up-to-date: /home/a/ws_nhk/install/moveit_task_constructor_core/share/moveit_task_constructor_core/cmake/moveit_task_constructor_coreConfig-version.cmake
[432.092s] -- Up-to-date: /home/a/ws_nhk/install/moveit_task_constructor_core/share/moveit_task_constructor_core/package.xml
[432.096s] Invoked command in '/home/a/ws_nhk/build/moveit_task_constructor_core' returned '0': AMENT_PREFIX_PATH=/home/a/ws_nhk/install/moveit_planners:/home/a/ws_nhk/install/pilz_industrial_motion_planner:/home/a/ws_nhk/install/moveit_resources_prbt_pg70_support:/home/a/ws_nhk/install/moveit_ros_planning_interface:/home/a/ws_nhk/install/moveit_resources_prbt_moveit_config:/home/a/ws_nhk/install/moveit_ros_move_group:/home/a/ws_nhk/install/moveit_ros_warehouse:/home/a/ws_nhk/install/moveit_planners_ompl:/home/a/ws_nhk/install/moveit_kinematics:/home/a/ws_nhk/install/trac_ik:/home/a/ws_nhk/install/moveit_ros_planning:/home/a/ws_nhk/install/moveit_planners_chomp:/home/a/ws_nhk/install/trac_ik_kinematics_plugin:/home/a/ws_nhk/install/pilz_industrial_motion_planner_testutils:/home/a/ws_nhk/install/moveit_simple_controller_manager:/home/a/ws_nhk/install/moveit_ros_occupancy_map_monitor:/home/a/ws_nhk/install/moveit_resources_prbt_ikfast_manipulator_plugin:/home/a/ws_nhk/install/chomp_motion_planner:/home/a/ws_nhk/install/moveit_core:/home/a/ws_nhk/install/rviz_marker_tools:/home/a/ws_nhk/install/moveit_resources_panda_moveit_config:/home/a/ws_nhk/install/moveit_resources_fanuc_moveit_config:/home/a/ws_nhk/install/moveit_configs_utils:/home/a/ws_nhk/install/trac_ik_lib:/home/a/ws_nhk/install/srdfdom:/home/a/ws_nhk/install/moveit_task_constructor_msgs:/home/a/ws_nhk/install/moveit_resources_prbt_support:/home/a/ws_nhk/install/moveit_resources_pr2_description:/home/a/ws_nhk/install/moveit_resources_panda_description:/home/a/ws_nhk/install/moveit_resources_fanuc_description:/home/a/ws_nhk/install/moveit_common:/home/a/ws_nhk/install/launch_param_builder:${AMENT_PREFIX_PATH} CMAKE_PREFIX_PATH=/home/a/ws_nhk/install/moveit_planners:/home/a/ws_nhk/install/pilz_industrial_motion_planner:/home/a/ws_nhk/install/moveit_resources_prbt_pg70_support:/home/a/ws_nhk/install/moveit_ros_planning_interface:/home/a/ws_nhk/install/moveit_resources_prbt_moveit_config:/home/a/ws_nhk/install/moveit_ros_move_group:/home/a/ws_nhk/install/moveit_ros_warehouse:/home/a/ws_nhk/install/moveit_planners_ompl:/home/a/ws_nhk/install/moveit_kinematics:/home/a/ws_nhk/install/trac_ik:/home/a/ws_nhk/install/moveit_ros_planning:/home/a/ws_nhk/install/moveit_planners_chomp:/home/a/ws_nhk/install/trac_ik_kinematics_plugin:/home/a/ws_nhk/install/pilz_industrial_motion_planner_testutils:/home/a/ws_nhk/install/moveit_simple_controller_manager:/home/a/ws_nhk/install/moveit_ros_occupancy_map_monitor:/home/a/ws_nhk/install/moveit_resources_prbt_ikfast_manipulator_plugin:/home/a/ws_nhk/install/chomp_motion_planner:/home/a/ws_nhk/install/moveit_core:/home/a/ws_nhk/install/rviz_marker_tools:/home/a/ws_nhk/install/moveit_resources_panda_moveit_config:/home/a/ws_nhk/install/moveit_resources_fanuc_moveit_config:/home/a/ws_nhk/install/trac_ik_lib:/home/a/ws_nhk/install/srdfdom:/home/a/ws_nhk/install/moveit_task_constructor_msgs:/home/a/ws_nhk/install/moveit_resources_prbt_support:/home/a/ws_nhk/install/moveit_resources_pr2_description:/home/a/ws_nhk/install/moveit_resources_panda_description:/home/a/ws_nhk/install/moveit_resources_fanuc_description:/home/a/ws_nhk/install/moveit_common:/home/a/install/field_description_test:/opt/ros/humble LD_LIBRARY_PATH=/home/a/ws_nhk/install/pilz_industrial_motion_planner/lib:/home/a/ws_nhk/install/moveit_ros_planning_interface/lib:/home/a/ws_nhk/install/moveit_ros_move_group/lib:/home/a/ws_nhk/install/moveit_ros_warehouse/lib:/home/a/ws_nhk/install/moveit_planners_ompl/lib:/home/a/ws_nhk/install/moveit_kinematics/lib:/home/a/ws_nhk/install/moveit_ros_planning/lib:/home/a/ws_nhk/install/moveit_planners_chomp/lib:/home/a/ws_nhk/install/trac_ik_kinematics_plugin/lib:/home/a/ws_nhk/install/pilz_industrial_motion_planner_testutils/lib:/home/a/ws_nhk/install/moveit_simple_controller_manager/lib:/home/a/ws_nhk/install/moveit_ros_occupancy_map_monitor/lib:/home/a/ws_nhk/install/moveit_resources_prbt_ikfast_manipulator_plugin/lib:/home/a/ws_nhk/install/chomp_motion_planner/lib:/home/a/ws_nhk/install/moveit_core/lib:/home/a/ws_nhk/install/rviz_marker_tools/lib:/home/a/ws_nhk/install/trac_ik_lib/lib:/home/a/ws_nhk/install/srdfdom/lib:/home/a/ws_nhk/install/moveit_task_constructor_msgs/lib:${LD_LIBRARY_PATH} PATH=/home/a/ws_nhk/install/moveit_core/bin:${PATH} PYTHONPATH=/home/a/ws_nhk/install/moveit_configs_utils/lib/python3.10/site-packages:/home/a/ws_nhk/install/srdfdom/local/lib/python3.10/dist-packages:/home/a/ws_nhk/install/moveit_task_constructor_msgs/local/lib/python3.10/dist-packages:/home/a/ws_nhk/install/launch_param_builder/lib/python3.10/site-packages:${PYTHONPATH} /usr/bin/cmake --install /home/a/ws_nhk/build/moveit_task_constructor_core
