[0.006s] Invoking command in '/home/a/ws_nhk/build/srdfdom': CMAKE_PREFIX_PATH=${CMAKE_PREFIX_PATH}:/opt/ros/humble /usr/bin/cmake /home/a/ws_nhk/src/srdfdom -DCMAKE_BUILD_TYPE=Release -DCMAKE_INSTALL_PREFIX=/home/a/ws_nhk/install/srdfdom
[0.023s] -- Found ament_cmake: 1.3.12 (/opt/ros/humble/share/ament_cmake/cmake)
[0.106s] -- Found urdf: 2.6.1 (/opt/ros/humble/share/urdf/cmake)
[0.134s] -- Found TinyXML2 via Config file: TinyXML2_DIR-NOTFOUND
[0.170s] -- Found ament_cmake_gtest: 1.3.12 (/opt/ros/humble/share/ament_cmake_gtest/cmake)
[0.172s] -- Found ament_cmake_pytest: 1.3.12 (/opt/ros/humble/share/ament_cmake_pytest/cmake)
[0.442s] -- Found gtest sources under '/opt/ros/humble/src/gtest_vendor': C++ tests using 'Google Test' will be built
[0.447s] -- Found ament_lint_auto: 0.12.14 (/opt/ros/humble/share/ament_lint_auto/cmake)
[0.460s] -- Configuring done
[0.472s] -- Generating done
[0.474s] -- Build files have been written to: /home/a/ws_nhk/build/srdfdom
[0.478s] Invoked command in '/home/a/ws_nhk/build/srdfdom' returned '0': CMAKE_PREFIX_PATH=${CMAKE_PREFIX_PATH}:/opt/ros/humble /usr/bin/cmake /home/a/ws_nhk/src/srdfdom -DCMAKE_BUILD_TYPE=Release -DCMAKE_INSTALL_PREFIX=/home/a/ws_nhk/install/srdfdom
[0.478s] Invoking command in '/home/a/ws_nhk/build/srdfdom': CMAKE_PREFIX_PATH=${CMAKE_PREFIX_PATH}:/opt/ros/humble /usr/bin/cmake --build /home/a/ws_nhk/build/srdfdom -- -j22 -l22
[0.510s] [35m[1mConsolidate compiler generated dependencies of target gtest[0m
[0.510s] [35m[1mConsolidate compiler generated dependencies of target gtest_main[0m
[0.510s] [35m[1mConsolidate compiler generated dependencies of target srdfdom[0m
[0.525s] [ 18%] Built target gtest_main
[0.526s] [ 18%] Built target ament_cmake_python_copy_srdfdom
[0.527s] [ 36%] Built target gtest
[0.535s] [ 63%] Built target srdfdom
[0.543s] [35m[1mConsolidate compiler generated dependencies of target test_cpp_C[0m
[0.544s] [35m[1mConsolidate compiler generated dependencies of target test_cpp_nl_NL.UTF-8[0m
[0.554s] [ 81%] Built target test_cpp_C
[0.555s] [100%] Built target test_cpp_nl_NL.UTF-8
[0.683s] running egg_info
[0.684s] writing srdfdom.egg-info/PKG-INFO
[0.684s] writing dependency_links to srdfdom.egg-info/dependency_links.txt
[0.684s] writing top-level names to srdfdom.egg-info/top_level.txt
[0.685s] reading manifest file 'srdfdom.egg-info/SOURCES.txt'
[0.686s] writing manifest file 'srdfdom.egg-info/SOURCES.txt'
[0.704s] [100%] Built target ament_cmake_python_build_srdfdom_egg
[0.714s] Invoked command in '/home/a/ws_nhk/build/srdfdom' returned '0': CMAKE_PREFIX_PATH=${CMAKE_PREFIX_PATH}:/opt/ros/humble /usr/bin/cmake --build /home/a/ws_nhk/build/srdfdom -- -j22 -l22
[0.717s] Invoking command in '/home/a/ws_nhk/build/srdfdom': CMAKE_PREFIX_PATH=${CMAKE_PREFIX_PATH}:/opt/ros/humble /usr/bin/cmake --install /home/a/ws_nhk/build/srdfdom
[0.720s] -- Install configuration: "Release"
[0.720s] -- Up-to-date: /home/a/ws_nhk/install/srdfdom/lib/libsrdfdom.so.2.0.8
[0.720s] -- Up-to-date: /home/a/ws_nhk/install/srdfdom/lib/libsrdfdom.so
[0.720s] -- Up-to-date: /home/a/ws_nhk/install/srdfdom/include/srdfdom
[0.720s] -- Up-to-date: /home/a/ws_nhk/install/srdfdom/include/srdfdom/srdfdom
[0.720s] -- Up-to-date: /home/a/ws_nhk/install/srdfdom/include/srdfdom/srdfdom/srdf_writer.h
[0.720s] -- Up-to-date: /home/a/ws_nhk/install/srdfdom/include/srdfdom/srdfdom/model.h
[0.721s] -- Up-to-date: /home/a/ws_nhk/install/srdfdom/include/srdfdom/srdfdom/visibility_control.h
[0.721s] -- Up-to-date: /home/a/ws_nhk/install/srdfdom/lib/srdfdom/display_srdf
[0.722s] -- Up-to-date: /home/a/ws_nhk/install/srdfdom/share/srdfdom/environment/pythonpath.sh
[0.722s] -- Installing: /home/a/ws_nhk/install/srdfdom/share/srdfdom/environment/pythonpath.dsv
[0.722s] -- Up-to-date: /home/a/ws_nhk/install/srdfdom/local/lib/python3.10/dist-packages/srdfdom-2.0.8-py3.10.egg-info
[0.722s] -- Installing: /home/a/ws_nhk/install/srdfdom/local/lib/python3.10/dist-packages/srdfdom-2.0.8-py3.10.egg-info/top_level.txt
[0.722s] -- Installing: /home/a/ws_nhk/install/srdfdom/local/lib/python3.10/dist-packages/srdfdom-2.0.8-py3.10.egg-info/SOURCES.txt
[0.722s] -- Installing: /home/a/ws_nhk/install/srdfdom/local/lib/python3.10/dist-packages/srdfdom-2.0.8-py3.10.egg-info/PKG-INFO
[0.722s] -- Installing: /home/a/ws_nhk/install/srdfdom/local/lib/python3.10/dist-packages/srdfdom-2.0.8-py3.10.egg-info/dependency_links.txt
[0.722s] -- Up-to-date: /home/a/ws_nhk/install/srdfdom/local/lib/python3.10/dist-packages/srdfdom
[0.722s] -- Up-to-date: /home/a/ws_nhk/install/srdfdom/local/lib/python3.10/dist-packages/srdfdom/srdf.py
[0.722s] -- Up-to-date: /home/a/ws_nhk/install/srdfdom/local/lib/python3.10/dist-packages/srdfdom/__init__.py
[0.742s] Listing '/home/a/ws_nhk/install/srdfdom/local/lib/python3.10/dist-packages/srdfdom'...
[0.744s] -- Up-to-date: /home/a/ws_nhk/install/srdfdom/share/srdfdom/environment/library_path.sh
[0.744s] -- Installing: /home/a/ws_nhk/install/srdfdom/share/srdfdom/environment/library_path.dsv
[0.745s] -- Up-to-date: /home/a/ws_nhk/install/srdfdom/share/ament_index/resource_index/package_run_dependencies/srdfdom
[0.745s] -- Up-to-date: /home/a/ws_nhk/install/srdfdom/share/ament_index/resource_index/parent_prefix_path/srdfdom
[0.745s] -- Up-to-date: /home/a/ws_nhk/install/srdfdom/share/srdfdom/environment/ament_prefix_path.sh
[0.745s] -- Installing: /home/a/ws_nhk/install/srdfdom/share/srdfdom/environment/ament_prefix_path.dsv
[0.745s] -- Up-to-date: /home/a/ws_nhk/install/srdfdom/share/srdfdom/environment/path.sh
[0.745s] -- Installing: /home/a/ws_nhk/install/srdfdom/share/srdfdom/environment/path.dsv
[0.745s] -- Up-to-date: /home/a/ws_nhk/install/srdfdom/share/srdfdom/local_setup.bash
[0.745s] -- Up-to-date: /home/a/ws_nhk/install/srdfdom/share/srdfdom/local_setup.sh
[0.745s] -- Up-to-date: /home/a/ws_nhk/install/srdfdom/share/srdfdom/local_setup.zsh
[0.745s] -- Installing: /home/a/ws_nhk/install/srdfdom/share/srdfdom/local_setup.dsv
[0.746s] -- Installing: /home/a/ws_nhk/install/srdfdom/share/srdfdom/package.dsv
[0.746s] -- Up-to-date: /home/a/ws_nhk/install/srdfdom/share/ament_index/resource_index/packages/srdfdom
[0.746s] -- Up-to-date: /home/a/ws_nhk/install/srdfdom/share/srdfdom/cmake/srdfdomTargetsExport.cmake
[0.746s] -- Up-to-date: /home/a/ws_nhk/install/srdfdom/share/srdfdom/cmake/srdfdomTargetsExport-release.cmake
[0.747s] -- Up-to-date: /home/a/ws_nhk/install/srdfdom/share/srdfdom/cmake/ament_cmake_export_targets-extras.cmake
[0.747s] -- Up-to-date: /home/a/ws_nhk/install/srdfdom/share/srdfdom/cmake/ament_cmake_export_dependencies-extras.cmake
[0.747s] -- Up-to-date: /home/a/ws_nhk/install/srdfdom/share/srdfdom/cmake/srdfdomConfig.cmake
[0.747s] -- Up-to-date: /home/a/ws_nhk/install/srdfdom/share/srdfdom/cmake/srdfdomConfig-version.cmake
[0.747s] -- Up-to-date: /home/a/ws_nhk/install/srdfdom/share/srdfdom/package.xml
[0.748s] Invoked command in '/home/a/ws_nhk/build/srdfdom' returned '0': CMAKE_PREFIX_PATH=${CMAKE_PREFIX_PATH}:/opt/ros/humble /usr/bin/cmake --install /home/a/ws_nhk/build/srdfdom
