[0.090s] Invoking command in '/home/a/ws_nhk/build/moveit_core': AMENT_PREFIX_PATH=/home/a/ws_nhk/install/moveit_resources_panda_moveit_config:/home/a/ws_nhk/install/srdfdom:/home/a/ws_nhk/install/moveit_resources_pr2_description:/home/a/ws_nhk/install/moveit_resources_panda_description:/home/a/ws_nhk/install/moveit_common:${AMENT_PREFIX_PATH} CMAKE_PREFIX_PATH=/home/a/ws_nhk/install/moveit_resources_panda_moveit_config:/home/a/ws_nhk/install/srdfdom:/home/a/ws_nhk/install/moveit_resources_pr2_description:/home/a/ws_nhk/install/moveit_resources_panda_description:/home/a/ws_nhk/install/moveit_common:/home/a/install/field_description_test:/opt/ros/humble LD_LIBRARY_PATH=/home/a/ws_nhk/install/srdfdom/lib:${LD_LIBRARY_PATH} PYTHONPATH=/home/a/ws_nhk/install/srdfdom/local/lib/python3.10/dist-packages:${PYTHONPATH} /usr/bin/cmake --build /home/a/ws_nhk/build/moveit_core -- -j22 -l22
[0.225s] [35m[1mConsolidate compiler generated dependencies of target moveit_utils[0m
[0.234s] [35m[1mConsolidate compiler generated dependencies of target moveit_exceptions[0m
[0.235s] [35m[1mConsolidate compiler generated dependencies of target moveit_transforms[0m
[0.236s] [35m[1mConsolidate compiler generated dependencies of target moveit_smoothing_base[0m
[0.237s] [35m[1mConsolidate compiler generated dependencies of target moveit_kinematics_base[0m
[0.261s] [  2%] Built target moveit_butterworth_parameters
[0.261s] [35m[1mConsolidate compiler generated dependencies of target moveit_distance_field[0m
[0.269s] [  3%] Built target gtest
[0.270s] [  4%] Built target gmock_main
[0.270s] [  5%] Built target gtest_main
[0.270s] [  6%] Built target moveit_version
[0.270s] [  9%] Built target moveit_utils
[0.270s] [ 10%] Built target moveit_exceptions
[0.276s] [ 12%] Built target gmock
[0.281s] [ 13%] Built target moveit_smoothing_base
[0.290s] [ 14%] Built target moveit_transforms
[0.291s] [ 15%] Built target moveit_kinematics_base
[0.328s] [35m[1mConsolidate compiler generated dependencies of target test_transforms[0m
[0.332s] [ 18%] Built target moveit_distance_field
[0.367s] [35m[1mConsolidate compiler generated dependencies of target test_voxel_grid[0m
[0.367s] [ 19%] Built target test_transforms
[0.377s] [35m[1mConsolidate compiler generated dependencies of target test_distance_field[0m
[0.379s] [35m[1mConsolidate compiler generated dependencies of target moveit_robot_model[0m
[0.405s] [ 20%] Built target test_voxel_grid
[0.438s] [ 21%] Built target test_distance_field
[0.482s] [ 27%] Built target moveit_robot_model
[0.526s] [35m[1mConsolidate compiler generated dependencies of target moveit_butterworth_filter[0m
[0.537s] [35m[1mConsolidate compiler generated dependencies of target moveit_test_utils[0m
[0.553s] [35m[1mConsolidate compiler generated dependencies of target moveit_robot_state[0m
[0.588s] [ 28%] Built target moveit_butterworth_filter
[0.614s] [ 30%] Built target moveit_test_utils
[0.637s] [35m[1mConsolidate compiler generated dependencies of target test_butterworth_filter[0m
[0.651s] [ 33%] Built target moveit_robot_state
[0.668s] [35m[1mConsolidate compiler generated dependencies of target test_robot_model[0m
[0.700s] [35m[1mConsolidate compiler generated dependencies of target moveit_dynamics_solver[0m
[0.702s] [35m[1mConsolidate compiler generated dependencies of target moveit_robot_trajectory[0m
[0.708s] [35m[1mConsolidate compiler generated dependencies of target moveit_kinematics_metrics[0m
[0.708s] [35m[1mConsolidate compiler generated dependencies of target test_robot_state_benchmark[0m
[0.709s] [35m[1mConsolidate compiler generated dependencies of target test_aabb[0m
[0.710s] [35m[1mConsolidate compiler generated dependencies of target test_robot_state[0m
[0.711s] [35m[1mConsolidate compiler generated dependencies of target test_robot_state_complex[0m
[0.712s] [ 34%] Built target test_butterworth_filter
[0.714s] [35m[1mConsolidate compiler generated dependencies of target test_cartesian_interpolator[0m
[0.727s] [ 35%] Built target test_robot_model
[0.762s] [ 36%] Built target moveit_dynamics_solver
[0.767s] [ 37%] Built target moveit_kinematics_metrics
[0.768s] [ 38%] Built target test_robot_state_complex
[0.768s] [ 39%] Built target test_robot_state_benchmark
[0.775s] [ 40%] Built target test_aabb
[0.776s] [ 41%] Built target test_cartesian_interpolator
[0.779s] [35m[1mConsolidate compiler generated dependencies of target moveit_collision_detection[0m
[0.781s] [ 42%] Built target moveit_robot_trajectory
[0.789s] [ 44%] Built target test_robot_state
[0.835s] [35m[1mConsolidate compiler generated dependencies of target test_robot_trajectory[0m
[0.840s] [35m[1mConsolidate compiler generated dependencies of target moveit_planning_interface[0m
[0.855s] [35m[1mConsolidate compiler generated dependencies of target moveit_trajectory_processing[0m
[0.900s] [ 49%] Built target moveit_collision_detection
[0.901s] [ 50%] Built target test_robot_trajectory
[0.904s] [ 52%] Built target moveit_planning_interface
[0.940s] [35m[1mConsolidate compiler generated dependencies of target test_world_diff[0m
[0.949s] [ 55%] Built target moveit_trajectory_processing
[0.953s] [35m[1mConsolidate compiler generated dependencies of target test_world[0m
[0.962s] [35m[1mConsolidate compiler generated dependencies of target test_all_valid[0m
[0.971s] [35m[1mConsolidate compiler generated dependencies of target moveit_collision_detection_fcl[0m
[0.993s] [ 57%] Built target test_world_diff
[0.999s] [35m[1mConsolidate compiler generated dependencies of target moveit_collision_detection_bullet[0m
[0.999s] [35m[1mConsolidate compiler generated dependencies of target test_time_optimal_trajectory_generation[0m
[1.003s] [35m[1mConsolidate compiler generated dependencies of target test_ruckig_traj_smoothing[0m
[1.004s] [35m[1mConsolidate compiler generated dependencies of target test_time_parameterization[0m
[1.010s] [ 58%] Built target test_world
[1.018s] [ 59%] Built target test_all_valid
[1.060s] [ 61%] Built target test_time_optimal_trajectory_generation
[1.071s] [ 63%] Built target moveit_collision_detection_fcl
[1.075s] [ 64%] Built target test_time_parameterization
[1.076s] [ 65%] Built target test_ruckig_traj_smoothing
[1.133s] [35m[1mConsolidate compiler generated dependencies of target test_fcl_collision_detection[0m
[1.138s] [ 70%] Built target moveit_collision_detection_bullet
[1.139s] [35m[1mConsolidate compiler generated dependencies of target test_fcl_collision_detection_panda[0m
[1.139s] [35m[1mConsolidate compiler generated dependencies of target test_fcl_collision_env[0m
[1.149s] [35m[1mConsolidate compiler generated dependencies of target moveit_kinematic_constraints[0m
[1.194s] [35m[1mConsolidate compiler generated dependencies of target test_bullet_collision_detection[0m
[1.199s] [35m[1mConsolidate compiler generated dependencies of target test_bullet_collision_detection_panda[0m
[1.207s] [35m[1mConsolidate compiler generated dependencies of target test_bullet_continuous_collision_checking[0m
[1.217s] [ 71%] Built target test_fcl_collision_detection
[1.218s] [ 73%] Built target test_fcl_collision_detection_panda
[1.222s] [ 74%] Built target test_fcl_collision_env
[1.246s] [ 76%] Built target moveit_kinematic_constraints
[1.264s] [ 77%] Built target test_bullet_collision_detection
[1.276s] [ 79%] Built target test_bullet_collision_detection_panda
[1.280s] [ 80%] Built target test_bullet_continuous_collision_checking
[1.305s] [35m[1mConsolidate compiler generated dependencies of target test_constraints[0m
[1.308s] [35m[1mConsolidate compiler generated dependencies of target test_orientation_constraints[0m
[1.308s] [35m[1mConsolidate compiler generated dependencies of target moveit_planning_scene[0m
[1.372s] [ 81%] Built target test_constraints
[1.381s] [ 82%] Built target test_orientation_constraints
[1.392s] [ 84%] Built target moveit_planning_scene
[1.449s] [35m[1mConsolidate compiler generated dependencies of target test_multi_threaded[0m
[1.449s] [35m[1mConsolidate compiler generated dependencies of target moveit_planning_request_adapter[0m
[1.450s] [35m[1mConsolidate compiler generated dependencies of target collision_detector_bullet_plugin[0m
[1.452s] [35m[1mConsolidate compiler generated dependencies of target test_collision_objects[0m
[1.458s] [35m[1mConsolidate compiler generated dependencies of target collision_detector_fcl_plugin[0m
[1.463s] [35m[1mConsolidate compiler generated dependencies of target test_planning_scene[0m
[1.489s] [35m[1mConsolidate compiler generated dependencies of target moveit_collision_distance_field[0m
[1.494s] [35m[1mConsolidate compiler generated dependencies of target moveit_constraint_samplers[0m
[1.504s] [ 85%] Built target test_multi_threaded
[1.504s] [ 86%] Built target collision_detector_bullet_plugin
[1.521s] [ 88%] Built target moveit_planning_request_adapter
[1.521s] [ 88%] Built target test_collision_objects
[1.533s] [ 89%] Built target collision_detector_fcl_plugin
[1.540s] [ 90%] Built target test_planning_scene
[1.610s] [ 93%] Built target moveit_constraint_samplers
[1.611s] [ 96%] Built target moveit_collision_distance_field
[1.667s] [35m[1mConsolidate compiler generated dependencies of target test_collision_distance_field[0m
[1.687s] [35m[1mConsolidate compiler generated dependencies of target test_constraint_samplers[0m
[1.743s] [ 97%] Built target test_collision_distance_field
[1.785s] [100%] Built target test_constraint_samplers
[2.330s] Invoked command in '/home/a/ws_nhk/build/moveit_core' returned '0': AMENT_PREFIX_PATH=/home/a/ws_nhk/install/moveit_resources_panda_moveit_config:/home/a/ws_nhk/install/srdfdom:/home/a/ws_nhk/install/moveit_resources_pr2_description:/home/a/ws_nhk/install/moveit_resources_panda_description:/home/a/ws_nhk/install/moveit_common:${AMENT_PREFIX_PATH} CMAKE_PREFIX_PATH=/home/a/ws_nhk/install/moveit_resources_panda_moveit_config:/home/a/ws_nhk/install/srdfdom:/home/a/ws_nhk/install/moveit_resources_pr2_description:/home/a/ws_nhk/install/moveit_resources_panda_description:/home/a/ws_nhk/install/moveit_common:/home/a/install/field_description_test:/opt/ros/humble LD_LIBRARY_PATH=/home/a/ws_nhk/install/srdfdom/lib:${LD_LIBRARY_PATH} PYTHONPATH=/home/a/ws_nhk/install/srdfdom/local/lib/python3.10/dist-packages:${PYTHONPATH} /usr/bin/cmake --build /home/a/ws_nhk/build/moveit_core -- -j22 -l22
[2.337s] Invoking command in '/home/a/ws_nhk/build/moveit_core': AMENT_PREFIX_PATH=/home/a/ws_nhk/install/moveit_resources_panda_moveit_config:/home/a/ws_nhk/install/srdfdom:/home/a/ws_nhk/install/moveit_resources_pr2_description:/home/a/ws_nhk/install/moveit_resources_panda_description:/home/a/ws_nhk/install/moveit_common:${AMENT_PREFIX_PATH} CMAKE_PREFIX_PATH=/home/a/ws_nhk/install/moveit_resources_panda_moveit_config:/home/a/ws_nhk/install/srdfdom:/home/a/ws_nhk/install/moveit_resources_pr2_description:/home/a/ws_nhk/install/moveit_resources_panda_description:/home/a/ws_nhk/install/moveit_common:/home/a/install/field_description_test:/opt/ros/humble LD_LIBRARY_PATH=/home/a/ws_nhk/install/srdfdom/lib:${LD_LIBRARY_PATH} PYTHONPATH=/home/a/ws_nhk/install/srdfdom/local/lib/python3.10/dist-packages:${PYTHONPATH} /usr/bin/cmake --install /home/a/ws_nhk/build/moveit_core
[2.357s] -- Install configuration: "Release"
[2.357s] -- Up-to-date: /home/a/ws_nhk/install/moveit_core/include/moveit/version.h
[2.358s] -- Up-to-date: /home/a/ws_nhk/install/moveit_core/include
[2.358s] -- Up-to-date: /home/a/ws_nhk/install/moveit_core/include/moveit
[2.358s] -- Up-to-date: /home/a/ws_nhk/install/moveit_core/include/moveit/collision_distance_field
[2.358s] -- Up-to-date: /home/a/ws_nhk/install/moveit_core/include/moveit/collision_distance_field/collision_distance_field_types.h
[2.358s] -- Up-to-date: /home/a/ws_nhk/install/moveit_core/include/moveit/collision_distance_field/collision_env_hybrid.h
[2.358s] -- Up-to-date: /home/a/ws_nhk/install/moveit_core/include/moveit/collision_distance_field/collision_common_distance_field.h
[2.358s] -- Up-to-date: /home/a/ws_nhk/install/moveit_core/include/moveit/collision_distance_field/collision_detector_allocator_distance_field.h
[2.359s] -- Up-to-date: /home/a/ws_nhk/install/moveit_core/include/moveit/collision_distance_field/collision_env_distance_field.h
[2.359s] -- Up-to-date: /home/a/ws_nhk/install/moveit_core/include/moveit/collision_distance_field/collision_detector_allocator_hybrid.h
[2.359s] -- Up-to-date: /home/a/ws_nhk/install/moveit_core/include/moveit_collision_distance_field_export.h
[2.359s] -- Up-to-date: /home/a/ws_nhk/install/moveit_core/include
[2.359s] -- Up-to-date: /home/a/ws_nhk/install/moveit_core/include/moveit
[2.359s] -- Up-to-date: /home/a/ws_nhk/install/moveit_core/include/moveit/constraint_samplers
[2.359s] -- Up-to-date: /home/a/ws_nhk/install/moveit_core/include/moveit/constraint_samplers/union_constraint_sampler.h
[2.359s] -- Up-to-date: /home/a/ws_nhk/install/moveit_core/include/moveit/constraint_samplers/default_constraint_samplers.h
[2.359s] -- Up-to-date: /home/a/ws_nhk/install/moveit_core/include/moveit/constraint_samplers/constraint_sampler_tools.h
[2.359s] -- Up-to-date: /home/a/ws_nhk/install/moveit_core/include/moveit/constraint_samplers/constraint_sampler_allocator.h
[2.360s] -- Up-to-date: /home/a/ws_nhk/install/moveit_core/include/moveit/constraint_samplers/constraint_sampler.h
[2.360s] -- Up-to-date: /home/a/ws_nhk/install/moveit_core/include/moveit/constraint_samplers/constraint_sampler_manager.h
[2.360s] -- Up-to-date: /home/a/ws_nhk/install/moveit_core/include
[2.360s] -- Up-to-date: /home/a/ws_nhk/install/moveit_core/include/moveit
[2.360s] -- Up-to-date: /home/a/ws_nhk/install/moveit_core/include/moveit/controller_manager
[2.360s] -- Up-to-date: /home/a/ws_nhk/install/moveit_core/include/moveit/controller_manager/controller_manager.h
[2.360s] -- Up-to-date: /home/a/ws_nhk/install/moveit_core/include
[2.360s] -- Up-to-date: /home/a/ws_nhk/install/moveit_core/include/moveit
[2.361s] -- Up-to-date: /home/a/ws_nhk/install/moveit_core/include/moveit/distance_field
[2.361s] -- Up-to-date: /home/a/ws_nhk/install/moveit_core/include/moveit/distance_field/voxel_grid.h
[2.361s] -- Up-to-date: /home/a/ws_nhk/install/moveit_core/include/moveit/distance_field/propagation_distance_field.h
[2.361s] -- Up-to-date: /home/a/ws_nhk/install/moveit_core/include/moveit/distance_field/find_internal_points.h
[2.361s] -- Up-to-date: /home/a/ws_nhk/install/moveit_core/include/moveit/distance_field/distance_field.h
[2.361s] -- Up-to-date: /home/a/ws_nhk/install/moveit_core/include
[2.362s] -- Up-to-date: /home/a/ws_nhk/install/moveit_core/include/moveit
[2.362s] -- Up-to-date: /home/a/ws_nhk/install/moveit_core/include/moveit/dynamics_solver
[2.362s] -- Up-to-date: /home/a/ws_nhk/install/moveit_core/include/moveit/dynamics_solver/dynamics_solver.h
[2.362s] -- Up-to-date: /home/a/ws_nhk/install/moveit_core/include
[2.362s] -- Up-to-date: /home/a/ws_nhk/install/moveit_core/include/moveit
[2.362s] -- Up-to-date: /home/a/ws_nhk/install/moveit_core/include/moveit/exceptions
[2.362s] -- Up-to-date: /home/a/ws_nhk/install/moveit_core/include/moveit/exceptions/exceptions.h
[2.362s] -- Up-to-date: /home/a/ws_nhk/install/moveit_core/include
[2.362s] -- Up-to-date: /home/a/ws_nhk/install/moveit_core/include/moveit
[2.363s] -- Up-to-date: /home/a/ws_nhk/install/moveit_core/include/moveit/kinematics_base
[2.363s] -- Up-to-date: /home/a/ws_nhk/install/moveit_core/include/moveit/kinematics_base/kinematics_base.h
[2.363s] -- Up-to-date: /home/a/ws_nhk/install/moveit_core/include/moveit_kinematics_base_export.h
[2.363s] -- Up-to-date: /home/a/ws_nhk/install/moveit_core/include
[2.363s] -- Up-to-date: /home/a/ws_nhk/install/moveit_core/include/moveit
[2.363s] -- Up-to-date: /home/a/ws_nhk/install/moveit_core/include/moveit/kinematic_constraints
[2.363s] -- Up-to-date: /home/a/ws_nhk/install/moveit_core/include/moveit/kinematic_constraints/utils.h
[2.363s] -- Up-to-date: /home/a/ws_nhk/install/moveit_core/include/moveit/kinematic_constraints/kinematic_constraint.h
[2.364s] -- Up-to-date: /home/a/ws_nhk/install/moveit_core/include
[2.364s] -- Up-to-date: /home/a/ws_nhk/install/moveit_core/include/moveit
[2.364s] -- Up-to-date: /home/a/ws_nhk/install/moveit_core/include/moveit/kinematics_metrics
[2.364s] -- Up-to-date: /home/a/ws_nhk/install/moveit_core/include/moveit/kinematics_metrics/kinematics_metrics.h
[2.364s] -- Up-to-date: /home/a/ws_nhk/install/moveit_core/include
[2.365s] -- Up-to-date: /home/a/ws_nhk/install/moveit_core/include/moveit
[2.365s] -- Up-to-date: /home/a/ws_nhk/install/moveit_core/include/moveit/macros
[2.365s] -- Up-to-date: /home/a/ws_nhk/install/moveit_core/include/moveit/macros/declare_ptr.h
[2.365s] -- Up-to-date: /home/a/ws_nhk/install/moveit_core/include/moveit/macros/deprecation.h
[2.365s] -- Up-to-date: /home/a/ws_nhk/install/moveit_core/include/moveit/macros/class_forward.h
[2.365s] -- Up-to-date: /home/a/ws_nhk/install/moveit_core/include/moveit/macros/console_colors.h
[2.365s] -- Up-to-date: /home/a/ws_nhk/install/moveit_core/include/moveit_core
[2.365s] -- Up-to-date: /home/a/ws_nhk/install/moveit_core/include/moveit_core/moveit_butterworth_parameters.hpp
[2.366s] -- Up-to-date: /home/a/ws_nhk/install/moveit_core/include
[2.366s] -- Up-to-date: /home/a/ws_nhk/install/moveit_core/include/moveit
[2.366s] -- Up-to-date: /home/a/ws_nhk/install/moveit_core/include/moveit/online_signal_smoothing
[2.366s] -- Up-to-date: /home/a/ws_nhk/install/moveit_core/include/moveit/online_signal_smoothing/smoothing_base_class.h
[2.366s] -- Up-to-date: /home/a/ws_nhk/install/moveit_core/include/moveit/online_signal_smoothing/butterworth_filter.h
[2.366s] -- Up-to-date: /home/a/ws_nhk/install/moveit_core/include/moveit_smoothing_base_export.h
[2.366s] -- Up-to-date: /home/a/ws_nhk/install/moveit_core/include/moveit_butterworth_filter_export.h
[2.366s] -- Up-to-date: /home/a/ws_nhk/install/moveit_core/include
[2.367s] -- Up-to-date: /home/a/ws_nhk/install/moveit_core/include/moveit
[2.367s] -- Up-to-date: /home/a/ws_nhk/install/moveit_core/include/moveit/planning_interface
[2.367s] -- Up-to-date: /home/a/ws_nhk/install/moveit_core/include/moveit/planning_interface/planning_request.h
[2.367s] -- Up-to-date: /home/a/ws_nhk/install/moveit_core/include/moveit/planning_interface/planning_interface.h
[2.367s] -- Up-to-date: /home/a/ws_nhk/install/moveit_core/include/moveit/planning_interface/planning_response.h
[2.367s] -- Up-to-date: /home/a/ws_nhk/install/moveit_core/include
[2.367s] -- Up-to-date: /home/a/ws_nhk/install/moveit_core/include/moveit
[2.367s] -- Up-to-date: /home/a/ws_nhk/install/moveit_core/include/moveit/planning_request_adapter
[2.367s] -- Up-to-date: /home/a/ws_nhk/install/moveit_core/include/moveit/planning_request_adapter/planning_request_adapter.h
[2.368s] -- Up-to-date: /home/a/ws_nhk/install/moveit_core/include
[2.368s] -- Up-to-date: /home/a/ws_nhk/install/moveit_core/include/moveit
[2.368s] -- Up-to-date: /home/a/ws_nhk/install/moveit_core/include/moveit/planning_scene
[2.368s] -- Up-to-date: /home/a/ws_nhk/install/moveit_core/include/moveit/planning_scene/planning_scene.h
[2.368s] -- Up-to-date: /home/a/ws_nhk/install/moveit_core/include/moveit_planning_scene_export.h
[2.368s] -- Up-to-date: /home/a/ws_nhk/install/moveit_core/include
[2.369s] -- Up-to-date: /home/a/ws_nhk/install/moveit_core/include/moveit
[2.369s] -- Up-to-date: /home/a/ws_nhk/install/moveit_core/include/moveit/robot_model
[2.369s] -- Up-to-date: /home/a/ws_nhk/install/moveit_core/include/moveit/robot_model/robot_model.h
[2.369s] -- Up-to-date: /home/a/ws_nhk/install/moveit_core/include/moveit/robot_model/link_model.h
[2.369s] -- Up-to-date: /home/a/ws_nhk/install/moveit_core/include/moveit/robot_model/floating_joint_model.h
[2.369s] -- Up-to-date: /home/a/ws_nhk/install/moveit_core/include/moveit/robot_model/joint_model.h
[2.369s] -- Up-to-date: /home/a/ws_nhk/install/moveit_core/include/moveit/robot_model/planar_joint_model.h
[2.369s] -- Up-to-date: /home/a/ws_nhk/install/moveit_core/include/moveit/robot_model/aabb.h
[2.370s] -- Up-to-date: /home/a/ws_nhk/install/moveit_core/include/moveit/robot_model/fixed_joint_model.h
[2.370s] -- Up-to-date: /home/a/ws_nhk/install/moveit_core/include/moveit/robot_model/prismatic_joint_model.h
[2.370s] -- Up-to-date: /home/a/ws_nhk/install/moveit_core/include/moveit/robot_model/revolute_joint_model.h
[2.370s] -- Up-to-date: /home/a/ws_nhk/install/moveit_core/include/moveit/robot_model/joint_model_group.h
[2.370s] -- Up-to-date: /home/a/ws_nhk/install/moveit_core/include
[2.370s] -- Up-to-date: /home/a/ws_nhk/install/moveit_core/include/moveit
[2.370s] -- Up-to-date: /home/a/ws_nhk/install/moveit_core/include/moveit/robot_state
[2.370s] -- Up-to-date: /home/a/ws_nhk/install/moveit_core/include/moveit/robot_state/robot_state.h
[2.371s] -- Up-to-date: /home/a/ws_nhk/install/moveit_core/include/moveit/robot_state/cartesian_interpolator.h
[2.371s] -- Up-to-date: /home/a/ws_nhk/install/moveit_core/include/moveit/robot_state/conversions.h
[2.371s] -- Up-to-date: /home/a/ws_nhk/install/moveit_core/include/moveit/robot_state/attached_body.h
[2.371s] -- Up-to-date: /home/a/ws_nhk/install/moveit_core/include
[2.371s] -- Up-to-date: /home/a/ws_nhk/install/moveit_core/include/moveit
[2.371s] -- Up-to-date: /home/a/ws_nhk/install/moveit_core/include/moveit/robot_trajectory
[2.371s] -- Up-to-date: /home/a/ws_nhk/install/moveit_core/include/moveit/robot_trajectory/robot_trajectory.h
[2.371s] -- Up-to-date: /home/a/ws_nhk/install/moveit_core/include
[2.372s] -- Up-to-date: /home/a/ws_nhk/install/moveit_core/include/moveit
[2.372s] -- Up-to-date: /home/a/ws_nhk/install/moveit_core/include/moveit/sensor_manager
[2.372s] -- Up-to-date: /home/a/ws_nhk/install/moveit_core/include/moveit/sensor_manager/sensor_manager.h
[2.372s] -- Up-to-date: /home/a/ws_nhk/install/moveit_core/include
[2.372s] -- Up-to-date: /home/a/ws_nhk/install/moveit_core/include/moveit
[2.373s] -- Up-to-date: /home/a/ws_nhk/install/moveit_core/include/moveit/trajectory_processing
[2.373s] -- Up-to-date: /home/a/ws_nhk/install/moveit_core/include/moveit/trajectory_processing/iterative_time_parameterization.h
[2.373s] -- Up-to-date: /home/a/ws_nhk/install/moveit_core/include/moveit/trajectory_processing/time_parameterization.h
[2.373s] -- Up-to-date: /home/a/ws_nhk/install/moveit_core/include/moveit/trajectory_processing/trajectory_tools.h
[2.373s] -- Up-to-date: /home/a/ws_nhk/install/moveit_core/include/moveit/trajectory_processing/iterative_spline_parameterization.h
[2.373s] -- Up-to-date: /home/a/ws_nhk/install/moveit_core/include/moveit/trajectory_processing/time_optimal_trajectory_generation.h
[2.373s] -- Up-to-date: /home/a/ws_nhk/install/moveit_core/include/moveit/trajectory_processing/ruckig_traj_smoothing.h
[2.373s] -- Up-to-date: /home/a/ws_nhk/install/moveit_core/include
[2.374s] -- Up-to-date: /home/a/ws_nhk/install/moveit_core/include/moveit
[2.374s] -- Up-to-date: /home/a/ws_nhk/install/moveit_core/include/moveit/transforms
[2.374s] -- Up-to-date: /home/a/ws_nhk/install/moveit_core/include/moveit/transforms/transforms.h
[2.374s] -- Up-to-date: /home/a/ws_nhk/install/moveit_core/include
[2.374s] -- Up-to-date: /home/a/ws_nhk/install/moveit_core/include/moveit
[2.374s] -- Up-to-date: /home/a/ws_nhk/install/moveit_core/include/moveit/utils
[2.374s] -- Up-to-date: /home/a/ws_nhk/install/moveit_core/include/moveit/utils/robot_model_test_utils.h
[2.374s] -- Up-to-date: /home/a/ws_nhk/install/moveit_core/include/moveit/utils/rclcpp_utils.h
[2.374s] -- Up-to-date: /home/a/ws_nhk/install/moveit_core/include/moveit/utils/moveit_error_code.h
[2.375s] -- Up-to-date: /home/a/ws_nhk/install/moveit_core/include/moveit/utils/message_checks.h
[2.375s] -- Up-to-date: /home/a/ws_nhk/install/moveit_core/include/moveit/utils/lexical_casts.h
[2.375s] -- Up-to-date: /home/a/ws_nhk/install/moveit_core/bin/moveit_version
[2.375s] -- Up-to-date: /home/a/ws_nhk/install/moveit_core/include
[2.375s] -- Up-to-date: /home/a/ws_nhk/install/moveit_core/include/moveit
[2.376s] -- Up-to-date: /home/a/ws_nhk/install/moveit_core/include/moveit/collision_detection
[2.376s] -- Up-to-date: /home/a/ws_nhk/install/moveit_core/include/moveit/collision_detection/collision_env.h
[2.376s] -- Up-to-date: /home/a/ws_nhk/install/moveit_core/include/moveit/collision_detection/occupancy_map.h
[2.376s] -- Up-to-date: /home/a/ws_nhk/install/moveit_core/include/moveit/collision_detection/collision_tools.h
[2.376s] -- Up-to-date: /home/a/ws_nhk/install/moveit_core/include/moveit/collision_detection/collision_common.h
[2.376s] -- Up-to-date: /home/a/ws_nhk/install/moveit_core/include/moveit/collision_detection/world_diff.h
[2.376s] -- Up-to-date: /home/a/ws_nhk/install/moveit_core/include/moveit/collision_detection/collision_plugin_cache.h
[2.377s] -- Up-to-date: /home/a/ws_nhk/install/moveit_core/include/moveit/collision_detection/collision_plugin.h
[2.377s] -- Up-to-date: /home/a/ws_nhk/install/moveit_core/include/moveit/collision_detection/test_collision_common_panda.h
[2.377s] -- Up-to-date: /home/a/ws_nhk/install/moveit_core/include/moveit/collision_detection/collision_detector_allocator.h
[2.377s] -- Up-to-date: /home/a/ws_nhk/install/moveit_core/include/moveit/collision_detection/test_collision_common_pr2.h
[2.378s] -- Up-to-date: /home/a/ws_nhk/install/moveit_core/include/moveit/collision_detection/allvalid
[2.378s] -- Up-to-date: /home/a/ws_nhk/install/moveit_core/include/moveit/collision_detection/allvalid/collision_detector_allocator_allvalid.h
[2.378s] -- Up-to-date: /home/a/ws_nhk/install/moveit_core/include/moveit/collision_detection/allvalid/collision_env_allvalid.h
[2.378s] -- Up-to-date: /home/a/ws_nhk/install/moveit_core/include/moveit/collision_detection/collision_matrix.h
[2.378s] -- Up-to-date: /home/a/ws_nhk/install/moveit_core/include/moveit/collision_detection/collision_octomap_filter.h
[2.378s] -- Up-to-date: /home/a/ws_nhk/install/moveit_core/include/moveit/collision_detection/world.h
[2.378s] -- Up-to-date: /home/a/ws_nhk/install/moveit_core/include/moveit_collision_detection_export.h
[2.378s] -- Up-to-date: /home/a/ws_nhk/install/moveit_core/include
[2.378s] -- Up-to-date: /home/a/ws_nhk/install/moveit_core/include/moveit
[2.379s] -- Up-to-date: /home/a/ws_nhk/install/moveit_core/include/moveit/collision_detection_bullet
[2.379s] -- Up-to-date: /home/a/ws_nhk/install/moveit_core/include/moveit/collision_detection_bullet/collision_detector_allocator_bullet.h
[2.379s] -- Up-to-date: /home/a/ws_nhk/install/moveit_core/include/moveit/collision_detection_bullet/collision_env_bullet.h
[2.379s] -- Up-to-date: /home/a/ws_nhk/install/moveit_core/include/moveit/collision_detection_bullet/bullet_integration
[2.379s] -- Up-to-date: /home/a/ws_nhk/install/moveit_core/include/moveit/collision_detection_bullet/bullet_integration/ros_bullet_utils.h
[2.379s] -- Up-to-date: /home/a/ws_nhk/install/moveit_core/include/moveit/collision_detection_bullet/bullet_integration/basic_types.h
[2.379s] -- Up-to-date: /home/a/ws_nhk/install/moveit_core/include/moveit/collision_detection_bullet/bullet_integration/bullet_bvh_manager.h
[2.379s] -- Up-to-date: /home/a/ws_nhk/install/moveit_core/include/moveit/collision_detection_bullet/bullet_integration/bullet_utils.h
[2.379s] -- Up-to-date: /home/a/ws_nhk/install/moveit_core/include/moveit/collision_detection_bullet/bullet_integration/bullet_cast_bvh_manager.h
[2.380s] -- Up-to-date: /home/a/ws_nhk/install/moveit_core/include/moveit/collision_detection_bullet/bullet_integration/bullet_discrete_bvh_manager.h
[2.380s] -- Up-to-date: /home/a/ws_nhk/install/moveit_core/include/moveit/collision_detection_bullet/bullet_integration/contact_checker_common.h
[2.380s] -- Up-to-date: /home/a/ws_nhk/install/moveit_core/include/moveit/collision_detection_bullet/collision_detector_bullet_plugin_loader.h
[2.380s] -- Up-to-date: /home/a/ws_nhk/install/moveit_core/include/moveit_collision_detection_bullet_export.h
[2.380s] -- Up-to-date: /home/a/ws_nhk/install/moveit_core/include
[2.380s] -- Up-to-date: /home/a/ws_nhk/install/moveit_core/include/moveit
[2.380s] -- Up-to-date: /home/a/ws_nhk/install/moveit_core/include/moveit/collision_detection_fcl
[2.380s] -- Up-to-date: /home/a/ws_nhk/install/moveit_core/include/moveit/collision_detection_fcl/collision_common.h
[2.381s] -- Up-to-date: /home/a/ws_nhk/install/moveit_core/include/moveit/collision_detection_fcl/fcl_compat.h
[2.381s] -- Up-to-date: /home/a/ws_nhk/install/moveit_core/include/moveit/collision_detection_fcl/collision_env_fcl.h
[2.381s] -- Up-to-date: /home/a/ws_nhk/install/moveit_core/include/moveit/collision_detection_fcl/collision_detector_fcl_plugin_loader.h
[2.381s] -- Up-to-date: /home/a/ws_nhk/install/moveit_core/include/moveit/collision_detection_fcl/collision_detector_allocator_fcl.h
[2.381s] -- Up-to-date: /home/a/ws_nhk/install/moveit_core/include/moveit_collision_detection_fcl_export.h
[2.381s] -- Up-to-date: /home/a/ws_nhk/install/moveit_core/lib/libcollision_detector_bullet_plugin.so.2.5.9
[2.381s] -- Up-to-date: /home/a/ws_nhk/install/moveit_core/lib/libcollision_detector_bullet_plugin.so
[2.381s] -- Up-to-date: /home/a/ws_nhk/install/moveit_core/lib/libmoveit_butterworth_filter.so.2.5.9
[2.381s] -- Up-to-date: /home/a/ws_nhk/install/moveit_core/lib/libmoveit_butterworth_filter.so
[2.382s] -- Up-to-date: /home/a/ws_nhk/install/moveit_core/lib/libmoveit_collision_distance_field.so.2.5.9
[2.382s] -- Up-to-date: /home/a/ws_nhk/install/moveit_core/lib/libmoveit_collision_distance_field.so
[2.382s] -- Up-to-date: /home/a/ws_nhk/install/moveit_core/lib/libmoveit_collision_detection.so.2.5.9
[2.382s] -- Up-to-date: /home/a/ws_nhk/install/moveit_core/lib/libmoveit_collision_detection.so
[2.383s] -- Up-to-date: /home/a/ws_nhk/install/moveit_core/lib/libmoveit_collision_detection_fcl.so.2.5.9
[2.383s] -- Up-to-date: /home/a/ws_nhk/install/moveit_core/lib/libmoveit_collision_detection_fcl.so
[2.384s] -- Up-to-date: /home/a/ws_nhk/install/moveit_core/lib/libmoveit_collision_detection_bullet.so.2.5.9
[2.384s] -- Up-to-date: /home/a/ws_nhk/install/moveit_core/lib/libmoveit_collision_detection_bullet.so
[2.386s] -- Up-to-date: /home/a/ws_nhk/install/moveit_core/lib/libmoveit_dynamics_solver.so.2.5.9
[2.386s] -- Up-to-date: /home/a/ws_nhk/install/moveit_core/lib/libmoveit_dynamics_solver.so
[2.386s] -- Up-to-date: /home/a/ws_nhk/install/moveit_core/lib/libmoveit_constraint_samplers.so.2.5.9
[2.387s] -- Up-to-date: /home/a/ws_nhk/install/moveit_core/lib/libmoveit_constraint_samplers.so
[2.387s] -- Up-to-date: /home/a/ws_nhk/install/moveit_core/lib/libmoveit_distance_field.so.2.5.9
[2.387s] -- Up-to-date: /home/a/ws_nhk/install/moveit_core/lib/libmoveit_distance_field.so
[2.388s] -- Up-to-date: /home/a/ws_nhk/install/moveit_core/lib/libmoveit_exceptions.so.2.5.9
[2.388s] -- Up-to-date: /home/a/ws_nhk/install/moveit_core/lib/libmoveit_exceptions.so
[2.388s] -- Up-to-date: /home/a/ws_nhk/install/moveit_core/lib/libmoveit_kinematics_base.so
[2.389s] -- Up-to-date: /home/a/ws_nhk/install/moveit_core/lib/libmoveit_kinematic_constraints.so.2.5.9
[2.389s] -- Up-to-date: /home/a/ws_nhk/install/moveit_core/lib/libmoveit_kinematic_constraints.so
[2.390s] -- Up-to-date: /home/a/ws_nhk/install/moveit_core/lib/libmoveit_kinematics_metrics.so.2.5.9
[2.390s] -- Up-to-date: /home/a/ws_nhk/install/moveit_core/lib/libmoveit_kinematics_metrics.so
[2.391s] -- Up-to-date: /home/a/ws_nhk/install/moveit_core/lib/libmoveit_planning_interface.so.2.5.9
[2.392s] -- Up-to-date: /home/a/ws_nhk/install/moveit_core/lib/libmoveit_planning_interface.so
[2.392s] -- Up-to-date: /home/a/ws_nhk/install/moveit_core/lib/libmoveit_planning_scene.so.2.5.9
[2.392s] -- Up-to-date: /home/a/ws_nhk/install/moveit_core/lib/libmoveit_planning_scene.so
[2.393s] -- Up-to-date: /home/a/ws_nhk/install/moveit_core/lib/libmoveit_planning_request_adapter.so.2.5.9
[2.393s] -- Up-to-date: /home/a/ws_nhk/install/moveit_core/lib/libmoveit_planning_request_adapter.so
[2.394s] -- Up-to-date: /home/a/ws_nhk/install/moveit_core/lib/libmoveit_robot_model.so.2.5.9
[2.394s] -- Up-to-date: /home/a/ws_nhk/install/moveit_core/lib/libmoveit_robot_model.so
[2.395s] -- Up-to-date: /home/a/ws_nhk/install/moveit_core/lib/libmoveit_robot_state.so.2.5.9
[2.395s] -- Up-to-date: /home/a/ws_nhk/install/moveit_core/lib/libmoveit_robot_state.so
[2.395s] -- Up-to-date: /home/a/ws_nhk/install/moveit_core/lib/libmoveit_robot_trajectory.so.2.5.9
[2.396s] -- Up-to-date: /home/a/ws_nhk/install/moveit_core/lib/libmoveit_robot_trajectory.so
[2.396s] -- Up-to-date: /home/a/ws_nhk/install/moveit_core/lib/libmoveit_smoothing_base.so.2.5.9
[2.396s] -- Up-to-date: /home/a/ws_nhk/install/moveit_core/lib/libmoveit_smoothing_base.so
[2.397s] -- Up-to-date: /home/a/ws_nhk/install/moveit_core/lib/libmoveit_test_utils.so.2.5.9
[2.397s] -- Up-to-date: /home/a/ws_nhk/install/moveit_core/lib/libmoveit_test_utils.so
[2.398s] -- Up-to-date: /home/a/ws_nhk/install/moveit_core/lib/libmoveit_trajectory_processing.so.2.5.9
[2.398s] -- Up-to-date: /home/a/ws_nhk/install/moveit_core/lib/libmoveit_trajectory_processing.so
[2.399s] -- Up-to-date: /home/a/ws_nhk/install/moveit_core/lib/libmoveit_transforms.so.2.5.9
[2.399s] -- Up-to-date: /home/a/ws_nhk/install/moveit_core/lib/libmoveit_transforms.so
[2.399s] -- Up-to-date: /home/a/ws_nhk/install/moveit_core/lib/libmoveit_utils.so.2.5.9
[2.400s] -- Up-to-date: /home/a/ws_nhk/install/moveit_core/lib/libmoveit_utils.so
[2.400s] -- Up-to-date: /home/a/ws_nhk/install/moveit_core/share/moveit_core/environment/library_path.sh
[2.400s] -- Up-to-date: /home/a/ws_nhk/install/moveit_core/share/moveit_core/environment/library_path.dsv
[2.400s] -- Up-to-date: /home/a/ws_nhk/install/moveit_core/share/moveit_core/collision_detector_fcl_description.xml
[2.400s] -- Up-to-date: /home/a/ws_nhk/install/moveit_core/share/moveit_core/collision_detector_bullet_description.xml
[2.401s] -- Up-to-date: /home/a/ws_nhk/install/moveit_core/share/moveit_core/filter_plugin_butterworth.xml
[2.401s] -- Up-to-date: /home/a/ws_nhk/install/moveit_core/share/ament_index/resource_index/package_run_dependencies/moveit_core
[2.401s] -- Up-to-date: /home/a/ws_nhk/install/moveit_core/share/ament_index/resource_index/parent_prefix_path/moveit_core
[2.401s] -- Up-to-date: /home/a/ws_nhk/install/moveit_core/share/moveit_core/environment/ament_prefix_path.sh
[2.401s] -- Up-to-date: /home/a/ws_nhk/install/moveit_core/share/moveit_core/environment/ament_prefix_path.dsv
[2.402s] -- Up-to-date: /home/a/ws_nhk/install/moveit_core/share/moveit_core/environment/path.sh
[2.402s] -- Up-to-date: /home/a/ws_nhk/install/moveit_core/share/moveit_core/environment/path.dsv
[2.402s] -- Up-to-date: /home/a/ws_nhk/install/moveit_core/share/moveit_core/local_setup.bash
[2.402s] -- Up-to-date: /home/a/ws_nhk/install/moveit_core/share/moveit_core/local_setup.sh
[2.402s] -- Up-to-date: /home/a/ws_nhk/install/moveit_core/share/moveit_core/local_setup.zsh
[2.402s] -- Up-to-date: /home/a/ws_nhk/install/moveit_core/share/moveit_core/local_setup.dsv
[2.402s] -- Installing: /home/a/ws_nhk/install/moveit_core/share/moveit_core/package.dsv
[2.403s] -- Up-to-date: /home/a/ws_nhk/install/moveit_core/share/ament_index/resource_index/packages/moveit_core
[2.403s] -- Up-to-date: /home/a/ws_nhk/install/moveit_core/share/ament_index/resource_index/moveit_core__pluginlib__plugin/moveit_core
[2.403s] -- Up-to-date: /home/a/ws_nhk/install/moveit_core/share/moveit_core/cmake/export_moveit_coreExport.cmake
[2.403s] -- Up-to-date: /home/a/ws_nhk/install/moveit_core/share/moveit_core/cmake/export_moveit_coreExport-release.cmake
[2.404s] -- Up-to-date: /home/a/ws_nhk/install/moveit_core/share/moveit_core/cmake/ConfigExtras.cmake
[2.404s] -- Up-to-date: /home/a/ws_nhk/install/moveit_core/share/moveit_core/cmake/ament_cmake_export_targets-extras.cmake
[2.404s] -- Up-to-date: /home/a/ws_nhk/install/moveit_core/share/moveit_core/cmake/ament_cmake_export_dependencies-extras.cmake
[2.404s] -- Up-to-date: /home/a/ws_nhk/install/moveit_core/share/moveit_core/cmake/moveit_coreConfig.cmake
[2.404s] -- Up-to-date: /home/a/ws_nhk/install/moveit_core/share/moveit_core/cmake/moveit_coreConfig-version.cmake
[2.404s] -- Up-to-date: /home/a/ws_nhk/install/moveit_core/share/moveit_core/package.xml
[2.410s] Invoked command in '/home/a/ws_nhk/build/moveit_core' returned '0': AMENT_PREFIX_PATH=/home/a/ws_nhk/install/moveit_resources_panda_moveit_config:/home/a/ws_nhk/install/srdfdom:/home/a/ws_nhk/install/moveit_resources_pr2_description:/home/a/ws_nhk/install/moveit_resources_panda_description:/home/a/ws_nhk/install/moveit_common:${AMENT_PREFIX_PATH} CMAKE_PREFIX_PATH=/home/a/ws_nhk/install/moveit_resources_panda_moveit_config:/home/a/ws_nhk/install/srdfdom:/home/a/ws_nhk/install/moveit_resources_pr2_description:/home/a/ws_nhk/install/moveit_resources_panda_description:/home/a/ws_nhk/install/moveit_common:/home/a/install/field_description_test:/opt/ros/humble LD_LIBRARY_PATH=/home/a/ws_nhk/install/srdfdom/lib:${LD_LIBRARY_PATH} PYTHONPATH=/home/a/ws_nhk/install/srdfdom/local/lib/python3.10/dist-packages:${PYTHONPATH} /usr/bin/cmake --install /home/a/ws_nhk/build/moveit_core
