[0.021s] Invoking command in '/home/a/ws_nhk/build/moveit_ros_warehouse': AMENT_PREFIX_PATH=/home/a/ws_nhk/install/moveit_ros_planning:/home/a/ws_nhk/install/moveit_ros_occupancy_map_monitor:/home/a/ws_nhk/install/moveit_core:/home/a/ws_nhk/install/moveit_resources_panda_moveit_config:/home/a/ws_nhk/install/moveit_configs_utils:/home/a/ws_nhk/install/srdfdom:/home/a/ws_nhk/install/moveit_resources_pr2_description:/home/a/ws_nhk/install/moveit_resources_panda_description:/home/a/ws_nhk/install/moveit_common:/home/a/ws_nhk/install/launch_param_builder:${AMENT_PREFIX_PATH} CMAKE_PREFIX_PATH=/home/a/ws_nhk/install/moveit_ros_planning:/home/a/ws_nhk/install/moveit_ros_occupancy_map_monitor:/home/a/ws_nhk/install/moveit_core:/home/a/ws_nhk/install/moveit_resources_panda_moveit_config:/home/a/ws_nhk/install/srdfdom:/home/a/ws_nhk/install/moveit_resources_pr2_description:/home/a/ws_nhk/install/moveit_resources_panda_description:/home/a/ws_nhk/install/moveit_common:/home/a/install/field_description_test:/opt/ros/humble LD_LIBRARY_PATH=/home/a/ws_nhk/install/moveit_ros_planning/lib:/home/a/ws_nhk/install/moveit_ros_occupancy_map_monitor/lib:/home/a/ws_nhk/install/moveit_core/lib:/home/a/ws_nhk/install/srdfdom/lib:${LD_LIBRARY_PATH} PATH=/home/a/ws_nhk/install/moveit_core/bin:${PATH} PYTHONPATH=/home/a/ws_nhk/install/moveit_configs_utils/lib/python3.10/site-packages:/home/a/ws_nhk/install/srdfdom/local/lib/python3.10/dist-packages:/home/a/ws_nhk/install/launch_param_builder/lib/python3.10/site-packages:${PYTHONPATH} /usr/bin/cmake --build /home/a/ws_nhk/build/moveit_ros_warehouse -- -j22 -l22
[0.107s] [  5%] [32m[1mLinking CXX shared library libmoveit_warehouse.so[0m
[1.290s] [ 40%] Built target moveit_warehouse
[1.390s] [ 45%] [32m[1mLinking CXX executable moveit_warehouse_services[0m
[1.391s] [ 50%] [32m[1mLinking CXX executable moveit_warehouse_broadcast[0m
[1.407s] [ 55%] [32m[1mLinking CXX executable moveit_init_demo_warehouse[0m
[1.408s] [ 60%] [32m[1mLinking CXX executable moveit_warehouse_import_from_text[0m
[1.416s] [ 65%] [32m[1mLinking CXX executable moveit_save_to_warehouse[0m
[1.427s] [ 70%] [32m[1mLinking CXX executable moveit_warehouse_save_as_text[0m
[2.420s] [ 75%] Built target moveit_warehouse_services
[2.744s] [ 80%] Built target moveit_warehouse_broadcast
[2.912s] [ 85%] Built target moveit_save_to_warehouse
[3.024s] [ 90%] Built target moveit_warehouse_import_from_text
[3.088s] [ 95%] Built target moveit_warehouse_save_as_text
[3.268s] [100%] Built target moveit_init_demo_warehouse
[3.301s] Invoked command in '/home/a/ws_nhk/build/moveit_ros_warehouse' returned '0': AMENT_PREFIX_PATH=/home/a/ws_nhk/install/moveit_ros_planning:/home/a/ws_nhk/install/moveit_ros_occupancy_map_monitor:/home/a/ws_nhk/install/moveit_core:/home/a/ws_nhk/install/moveit_resources_panda_moveit_config:/home/a/ws_nhk/install/moveit_configs_utils:/home/a/ws_nhk/install/srdfdom:/home/a/ws_nhk/install/moveit_resources_pr2_description:/home/a/ws_nhk/install/moveit_resources_panda_description:/home/a/ws_nhk/install/moveit_common:/home/a/ws_nhk/install/launch_param_builder:${AMENT_PREFIX_PATH} CMAKE_PREFIX_PATH=/home/a/ws_nhk/install/moveit_ros_planning:/home/a/ws_nhk/install/moveit_ros_occupancy_map_monitor:/home/a/ws_nhk/install/moveit_core:/home/a/ws_nhk/install/moveit_resources_panda_moveit_config:/home/a/ws_nhk/install/srdfdom:/home/a/ws_nhk/install/moveit_resources_pr2_description:/home/a/ws_nhk/install/moveit_resources_panda_description:/home/a/ws_nhk/install/moveit_common:/home/a/install/field_description_test:/opt/ros/humble LD_LIBRARY_PATH=/home/a/ws_nhk/install/moveit_ros_planning/lib:/home/a/ws_nhk/install/moveit_ros_occupancy_map_monitor/lib:/home/a/ws_nhk/install/moveit_core/lib:/home/a/ws_nhk/install/srdfdom/lib:${LD_LIBRARY_PATH} PATH=/home/a/ws_nhk/install/moveit_core/bin:${PATH} PYTHONPATH=/home/a/ws_nhk/install/moveit_configs_utils/lib/python3.10/site-packages:/home/a/ws_nhk/install/srdfdom/local/lib/python3.10/dist-packages:/home/a/ws_nhk/install/launch_param_builder/lib/python3.10/site-packages:${PYTHONPATH} /usr/bin/cmake --build /home/a/ws_nhk/build/moveit_ros_warehouse -- -j22 -l22
[3.307s] Invoking command in '/home/a/ws_nhk/build/moveit_ros_warehouse': AMENT_PREFIX_PATH=/home/a/ws_nhk/install/moveit_ros_planning:/home/a/ws_nhk/install/moveit_ros_occupancy_map_monitor:/home/a/ws_nhk/install/moveit_core:/home/a/ws_nhk/install/moveit_resources_panda_moveit_config:/home/a/ws_nhk/install/moveit_configs_utils:/home/a/ws_nhk/install/srdfdom:/home/a/ws_nhk/install/moveit_resources_pr2_description:/home/a/ws_nhk/install/moveit_resources_panda_description:/home/a/ws_nhk/install/moveit_common:/home/a/ws_nhk/install/launch_param_builder:${AMENT_PREFIX_PATH} CMAKE_PREFIX_PATH=/home/a/ws_nhk/install/moveit_ros_planning:/home/a/ws_nhk/install/moveit_ros_occupancy_map_monitor:/home/a/ws_nhk/install/moveit_core:/home/a/ws_nhk/install/moveit_resources_panda_moveit_config:/home/a/ws_nhk/install/srdfdom:/home/a/ws_nhk/install/moveit_resources_pr2_description:/home/a/ws_nhk/install/moveit_resources_panda_description:/home/a/ws_nhk/install/moveit_common:/home/a/install/field_description_test:/opt/ros/humble LD_LIBRARY_PATH=/home/a/ws_nhk/install/moveit_ros_planning/lib:/home/a/ws_nhk/install/moveit_ros_occupancy_map_monitor/lib:/home/a/ws_nhk/install/moveit_core/lib:/home/a/ws_nhk/install/srdfdom/lib:${LD_LIBRARY_PATH} PATH=/home/a/ws_nhk/install/moveit_core/bin:${PATH} PYTHONPATH=/home/a/ws_nhk/install/moveit_configs_utils/lib/python3.10/site-packages:/home/a/ws_nhk/install/srdfdom/local/lib/python3.10/dist-packages:/home/a/ws_nhk/install/launch_param_builder/lib/python3.10/site-packages:${PYTHONPATH} /usr/bin/cmake --install /home/a/ws_nhk/build/moveit_ros_warehouse
[3.328s] -- Install configuration: "Release"
[3.328s] -- Installing: /home/a/ws_nhk/install/moveit_ros_warehouse/lib/moveit_ros_warehouse/moveit_save_to_warehouse
[3.333s] -- Set runtime path of "/home/a/ws_nhk/install/moveit_ros_warehouse/lib/moveit_ros_warehouse/moveit_save_to_warehouse" to ""
[3.333s] -- Installing: /home/a/ws_nhk/install/moveit_ros_warehouse/lib/moveit_ros_warehouse/moveit_warehouse_broadcast
[3.336s] -- Set runtime path of "/home/a/ws_nhk/install/moveit_ros_warehouse/lib/moveit_ros_warehouse/moveit_warehouse_broadcast" to ""
[3.336s] -- Installing: /home/a/ws_nhk/install/moveit_ros_warehouse/lib/moveit_ros_warehouse/moveit_warehouse_import_from_text
[3.337s] -- Set runtime path of "/home/a/ws_nhk/install/moveit_ros_warehouse/lib/moveit_ros_warehouse/moveit_warehouse_import_from_text" to ""
[3.337s] -- Installing: /home/a/ws_nhk/install/moveit_ros_warehouse/lib/moveit_ros_warehouse/moveit_warehouse_save_as_text
[3.338s] -- Set runtime path of "/home/a/ws_nhk/install/moveit_ros_warehouse/lib/moveit_ros_warehouse/moveit_warehouse_save_as_text" to ""
[3.339s] -- Installing: /home/a/ws_nhk/install/moveit_ros_warehouse/lib/moveit_ros_warehouse/moveit_init_demo_warehouse
[3.340s] -- Set runtime path of "/home/a/ws_nhk/install/moveit_ros_warehouse/lib/moveit_ros_warehouse/moveit_init_demo_warehouse" to ""
[3.340s] -- Installing: /home/a/ws_nhk/install/moveit_ros_warehouse/lib/moveit_ros_warehouse/moveit_warehouse_services
[3.342s] -- Set runtime path of "/home/a/ws_nhk/install/moveit_ros_warehouse/lib/moveit_ros_warehouse/moveit_warehouse_services" to ""
[3.343s] -- Up-to-date: /home/a/ws_nhk/install/moveit_ros_warehouse/include
[3.343s] -- Up-to-date: /home/a/ws_nhk/install/moveit_ros_warehouse/include/moveit
[3.343s] -- Up-to-date: /home/a/ws_nhk/install/moveit_ros_warehouse/include/moveit/warehouse
[3.343s] -- Up-to-date: /home/a/ws_nhk/install/moveit_ros_warehouse/include/moveit/warehouse/warehouse_connector.h
[3.343s] -- Up-to-date: /home/a/ws_nhk/install/moveit_ros_warehouse/include/moveit/warehouse/planning_scene_storage.h
[3.343s] -- Up-to-date: /home/a/ws_nhk/install/moveit_ros_warehouse/include/moveit/warehouse/constraints_storage.h
[3.344s] -- Up-to-date: /home/a/ws_nhk/install/moveit_ros_warehouse/include/moveit/warehouse/trajectory_constraints_storage.h
[3.344s] -- Up-to-date: /home/a/ws_nhk/install/moveit_ros_warehouse/include/moveit/warehouse/moveit_message_storage.h
[3.344s] -- Up-to-date: /home/a/ws_nhk/install/moveit_ros_warehouse/include/moveit/warehouse/state_storage.h
[3.344s] -- Up-to-date: /home/a/ws_nhk/install/moveit_ros_warehouse/include/moveit/warehouse/planning_scene_world_storage.h
[3.344s] -- Up-to-date: /home/a/ws_nhk/install/moveit_ros_warehouse/include/moveit_warehouse_export.h
[3.344s] -- Installing: /home/a/ws_nhk/install/moveit_ros_warehouse/lib/libmoveit_warehouse.so.2.5.9
[3.346s] -- Set runtime path of "/home/a/ws_nhk/install/moveit_ros_warehouse/lib/libmoveit_warehouse.so.2.5.9" to ""
[3.346s] -- Up-to-date: /home/a/ws_nhk/install/moveit_ros_warehouse/lib/libmoveit_warehouse.so
[3.346s] -- Up-to-date: /home/a/ws_nhk/install/moveit_ros_warehouse/share/moveit_ros_warehouse/environment/library_path.sh
[3.347s] -- Up-to-date: /home/a/ws_nhk/install/moveit_ros_warehouse/share/moveit_ros_warehouse/environment/library_path.dsv
[3.347s] -- Up-to-date: /home/a/ws_nhk/install/moveit_ros_warehouse/share/ament_index/resource_index/package_run_dependencies/moveit_ros_warehouse
[3.347s] -- Up-to-date: /home/a/ws_nhk/install/moveit_ros_warehouse/share/ament_index/resource_index/parent_prefix_path/moveit_ros_warehouse
[3.347s] -- Up-to-date: /home/a/ws_nhk/install/moveit_ros_warehouse/share/moveit_ros_warehouse/environment/ament_prefix_path.sh
[3.347s] -- Up-to-date: /home/a/ws_nhk/install/moveit_ros_warehouse/share/moveit_ros_warehouse/environment/ament_prefix_path.dsv
[3.348s] -- Up-to-date: /home/a/ws_nhk/install/moveit_ros_warehouse/share/moveit_ros_warehouse/environment/path.sh
[3.348s] -- Up-to-date: /home/a/ws_nhk/install/moveit_ros_warehouse/share/moveit_ros_warehouse/environment/path.dsv
[3.348s] -- Up-to-date: /home/a/ws_nhk/install/moveit_ros_warehouse/share/moveit_ros_warehouse/local_setup.bash
[3.348s] -- Up-to-date: /home/a/ws_nhk/install/moveit_ros_warehouse/share/moveit_ros_warehouse/local_setup.sh
[3.348s] -- Up-to-date: /home/a/ws_nhk/install/moveit_ros_warehouse/share/moveit_ros_warehouse/local_setup.zsh
[3.348s] -- Up-to-date: /home/a/ws_nhk/install/moveit_ros_warehouse/share/moveit_ros_warehouse/local_setup.dsv
[3.349s] -- Installing: /home/a/ws_nhk/install/moveit_ros_warehouse/share/moveit_ros_warehouse/package.dsv
[3.349s] -- Up-to-date: /home/a/ws_nhk/install/moveit_ros_warehouse/share/ament_index/resource_index/packages/moveit_ros_warehouse
[3.349s] -- Up-to-date: /home/a/ws_nhk/install/moveit_ros_warehouse/share/moveit_ros_warehouse/cmake/export_moveit_ros_warehouseExport.cmake
[3.349s] -- Up-to-date: /home/a/ws_nhk/install/moveit_ros_warehouse/share/moveit_ros_warehouse/cmake/export_moveit_ros_warehouseExport-release.cmake
[3.350s] -- Up-to-date: /home/a/ws_nhk/install/moveit_ros_warehouse/share/moveit_ros_warehouse/cmake/ConfigExtras.cmake
[3.350s] -- Up-to-date: /home/a/ws_nhk/install/moveit_ros_warehouse/share/moveit_ros_warehouse/cmake/ament_cmake_export_targets-extras.cmake
[3.350s] -- Up-to-date: /home/a/ws_nhk/install/moveit_ros_warehouse/share/moveit_ros_warehouse/cmake/ament_cmake_export_dependencies-extras.cmake
[3.350s] -- Up-to-date: /home/a/ws_nhk/install/moveit_ros_warehouse/share/moveit_ros_warehouse/cmake/moveit_ros_warehouseConfig.cmake
[3.350s] -- Up-to-date: /home/a/ws_nhk/install/moveit_ros_warehouse/share/moveit_ros_warehouse/cmake/moveit_ros_warehouseConfig-version.cmake
[3.350s] -- Up-to-date: /home/a/ws_nhk/install/moveit_ros_warehouse/share/moveit_ros_warehouse/package.xml
[3.355s] Invoked command in '/home/a/ws_nhk/build/moveit_ros_warehouse' returned '0': AMENT_PREFIX_PATH=/home/a/ws_nhk/install/moveit_ros_planning:/home/a/ws_nhk/install/moveit_ros_occupancy_map_monitor:/home/a/ws_nhk/install/moveit_core:/home/a/ws_nhk/install/moveit_resources_panda_moveit_config:/home/a/ws_nhk/install/moveit_configs_utils:/home/a/ws_nhk/install/srdfdom:/home/a/ws_nhk/install/moveit_resources_pr2_description:/home/a/ws_nhk/install/moveit_resources_panda_description:/home/a/ws_nhk/install/moveit_common:/home/a/ws_nhk/install/launch_param_builder:${AMENT_PREFIX_PATH} CMAKE_PREFIX_PATH=/home/a/ws_nhk/install/moveit_ros_planning:/home/a/ws_nhk/install/moveit_ros_occupancy_map_monitor:/home/a/ws_nhk/install/moveit_core:/home/a/ws_nhk/install/moveit_resources_panda_moveit_config:/home/a/ws_nhk/install/srdfdom:/home/a/ws_nhk/install/moveit_resources_pr2_description:/home/a/ws_nhk/install/moveit_resources_panda_description:/home/a/ws_nhk/install/moveit_common:/home/a/install/field_description_test:/opt/ros/humble LD_LIBRARY_PATH=/home/a/ws_nhk/install/moveit_ros_planning/lib:/home/a/ws_nhk/install/moveit_ros_occupancy_map_monitor/lib:/home/a/ws_nhk/install/moveit_core/lib:/home/a/ws_nhk/install/srdfdom/lib:${LD_LIBRARY_PATH} PATH=/home/a/ws_nhk/install/moveit_core/bin:${PATH} PYTHONPATH=/home/a/ws_nhk/install/moveit_configs_utils/lib/python3.10/site-packages:/home/a/ws_nhk/install/srdfdom/local/lib/python3.10/dist-packages:/home/a/ws_nhk/install/launch_param_builder/lib/python3.10/site-packages:${PYTHONPATH} /usr/bin/cmake --install /home/a/ws_nhk/build/moveit_ros_warehouse
