-- Found ament_cmake: 1.3.12 (/opt/ros/humble/share/ament_cmake/cmake)
-- Found rclcpp: 16.0.17 (/opt/ros/humble/share/rclcpp/cmake)
-- Found rosidl_generator_c: 3.1.8 (/opt/ros/humble/share/rosidl_generator_c/cmake)
-- Found rosidl_adapter: 3.1.8 (/opt/ros/humble/share/rosidl_adapter/cmake)
-- Found rosidl_generator_cpp: 3.1.8 (/opt/ros/humble/share/rosidl_generator_cpp/cmake)
-- Using all available rosidl_typesupport_c: rosidl_typesupport_fastrtps_c;rosidl_typesupport_introspection_c
-- Using all available rosidl_typesupport_cpp: rosidl_typesupport_fastrtps_cpp;rosidl_typesupport_introspection_cpp
-- Found rmw_implementation_cmake: 6.1.2 (/opt/ros/humble/share/rmw_implementation_cmake/cmake)
-- Found rmw_fastrtps_cpp: 6.2.9 (/opt/ros/humble/share/rmw_fastrtps_cpp/cmake)
-- Using RMW implementation 'rmw_fastrtps_cpp' as default
-- Found std_srvs: 4.9.0 (/opt/ros/humble/share/std_srvs/cmake)
-- Found sensor_msgs: 4.9.0 (/opt/ros/humble/share/sensor_msgs/cmake)
-- Found diagnostic_msgs: 4.9.0 (/opt/ros/humble/share/diagnostic_msgs/cmake)
-- Found stm32_mavlink_msgs: 1.0.0 (/home/a/ws_nhk/install/stm32_mavlink_msgs/share/stm32_mavlink_msgs/cmake)
-- Found ament_lint_auto: 0.12.14 (/opt/ros/humble/share/ament_lint_auto/cmake)
-- Added test 'copyright' to check source files copyright and LICENSE
-- Added test 'cppcheck' to perform static code analysis on C / C++ code
-- Configured cppcheck include dirs: /home/a/ws_nhk/src/MAVLink_ros2/stm32_mavlink_udp/include;/home/a/ws_nhk/src/MAVLink_ros2/stm32_mavlink_udp/../mavlink_SDK/mavlink
-- Configured cppcheck exclude dirs and/or files: 
-- Added test 'cpplint' to check C / C++ code against the Google style
-- Configured cpplint exclude dirs and/or files: 
-- Added test 'flake8' to check Python code syntax and style conventions
-- Added test 'lint_cmake' to check CMake code style
-- Added test 'pep257' to check Python code against some of the docstring style conventions in PEP 257
-- Added test 'uncrustify' to check C / C++ code style
-- Configured uncrustify additional arguments: 
-- Added test 'xmllint' to check XML markup files
-- Configuring done
-- Generating done
-- Build files have been written to: /home/a/ws_nhk/build/stm32_mavlink_udp
[35m[1mConsolidate compiler generated dependencies of target mavlink_udp_node[0m
[ 14%] [32mBuilding CXX object CMakeFiles/mavlink_udp_node.dir/src/mavlink_udp_node.cpp.o[0m
[ 28%] [32mBuilding CXX object CMakeFiles/mavlink_udp_node.dir/src/encoder_interface.cpp.o[0m
[ 42%] [32mBuilding CXX object CMakeFiles/mavlink_udp_node.dir/src/dcmotor_controller.cpp.o[0m
[ 57%] [32mBuilding CXX object CMakeFiles/mavlink_udp_node.dir/src/servo_controller.cpp.o[0m
[ 71%] [32mBuilding CXX object CMakeFiles/mavlink_udp_node.dir/src/rs485motor_controller.cpp.o[0m
[ 85%] [32mBuilding CXX object CMakeFiles/mavlink_udp_node.dir/src/robomaster_controller.cpp.o[0m
[100%] [32m[1mLinking CXX executable mavlink_udp_node[0m
[100%] Built target mavlink_udp_node
-- Install configuration: "Release"
-- Installing: /home/a/ws_nhk/install/stm32_mavlink_udp/lib/stm32_mavlink_udp/mavlink_udp_node
-- Set runtime path of "/home/a/ws_nhk/install/stm32_mavlink_udp/lib/stm32_mavlink_udp/mavlink_udp_node" to ""
-- Up-to-date: /home/a/ws_nhk/install/stm32_mavlink_udp/share/stm32_mavlink_udp/launch
-- Up-to-date: /home/a/ws_nhk/install/stm32_mavlink_udp/share/stm32_mavlink_udp/launch/stm32_udp.launch.py
-- Up-to-date: /home/a/ws_nhk/install/stm32_mavlink_udp/share/stm32_mavlink_udp/config
-- Up-to-date: /home/a/ws_nhk/install/stm32_mavlink_udp/share/stm32_mavlink_udp/config/udp_config.yaml
-- Up-to-date: /home/a/ws_nhk/install/stm32_mavlink_udp/share/ament_index/resource_index/package_run_dependencies/stm32_mavlink_udp
-- Installing: /home/a/ws_nhk/install/stm32_mavlink_udp/share/ament_index/resource_index/parent_prefix_path/stm32_mavlink_udp
-- Up-to-date: /home/a/ws_nhk/install/stm32_mavlink_udp/share/stm32_mavlink_udp/environment/ament_prefix_path.sh
-- Installing: /home/a/ws_nhk/install/stm32_mavlink_udp/share/stm32_mavlink_udp/environment/ament_prefix_path.dsv
-- Up-to-date: /home/a/ws_nhk/install/stm32_mavlink_udp/share/stm32_mavlink_udp/environment/path.sh
-- Installing: /home/a/ws_nhk/install/stm32_mavlink_udp/share/stm32_mavlink_udp/environment/path.dsv
-- Up-to-date: /home/a/ws_nhk/install/stm32_mavlink_udp/share/stm32_mavlink_udp/local_setup.bash
-- Up-to-date: /home/a/ws_nhk/install/stm32_mavlink_udp/share/stm32_mavlink_udp/local_setup.sh
-- Up-to-date: /home/a/ws_nhk/install/stm32_mavlink_udp/share/stm32_mavlink_udp/local_setup.zsh
-- Installing: /home/a/ws_nhk/install/stm32_mavlink_udp/share/stm32_mavlink_udp/local_setup.dsv
-- Installing: /home/a/ws_nhk/install/stm32_mavlink_udp/share/stm32_mavlink_udp/package.dsv
-- Up-to-date: /home/a/ws_nhk/install/stm32_mavlink_udp/share/ament_index/resource_index/packages/stm32_mavlink_udp
-- Up-to-date: /home/a/ws_nhk/install/stm32_mavlink_udp/share/stm32_mavlink_udp/cmake/stm32_mavlink_udpConfig.cmake
-- Up-to-date: /home/a/ws_nhk/install/stm32_mavlink_udp/share/stm32_mavlink_udp/cmake/stm32_mavlink_udpConfig-version.cmake
-- Up-to-date: /home/a/ws_nhk/install/stm32_mavlink_udp/share/stm32_mavlink_udp/package.xml
