[0.017s] Invoking command in '/home/a/ws_nhk/build/moveit_simple_controller_manager': AMENT_PREFIX_PATH=/home/a/ws_nhk/install/moveit_core:/home/a/ws_nhk/install/moveit_resources_panda_moveit_config:/home/a/ws_nhk/install/srdfdom:/home/a/ws_nhk/install/moveit_resources_pr2_description:/home/a/ws_nhk/install/moveit_resources_panda_description:/home/a/ws_nhk/install/moveit_common:${AMENT_PREFIX_PATH} CMAKE_PREFIX_PATH=/home/a/ws_nhk/install/moveit_core:/home/a/ws_nhk/install/moveit_resources_panda_moveit_config:/home/a/ws_nhk/install/srdfdom:/home/a/ws_nhk/install/moveit_resources_pr2_description:/home/a/ws_nhk/install/moveit_resources_panda_description:/home/a/ws_nhk/install/moveit_common:/home/a/install/field_description_test:/opt/ros/humble LD_LIBRARY_PATH=/home/a/ws_nhk/install/moveit_core/lib:/home/a/ws_nhk/install/srdfdom/lib:${LD_LIBRARY_PATH} PATH=/home/a/ws_nhk/install/moveit_core/bin:${PATH} PYTHONPATH=/home/a/ws_nhk/install/srdfdom/local/lib/python3.10/dist-packages:${PYTHONPATH} /usr/bin/cmake /home/a/ws_nhk/src/moveit2/moveit_plugins/moveit_simple_controller_manager -DCMAKE_BUILD_TYPE=Release -DCMAKE_INSTALL_PREFIX=/home/a/ws_nhk/install/moveit_simple_controller_manager
[0.027s] -- Found moveit_common: 2.5.9 (/home/a/ws_nhk/install/moveit_common/share/moveit_common/cmake)
[0.027s] -- Found ament_cmake: 1.3.12 (/opt/ros/humble/share/ament_cmake/cmake)
[0.172s] -- Found moveit_core: 2.5.9 (/home/a/ws_nhk/install/moveit_core/share/moveit_core/cmake)
[0.184s] -- Found Boost: /usr/lib/x86_64-linux-gnu/cmake/Boost-1.74.0/BoostConfig.cmake (found version "1.74.0") found components: chrono date_time filesystem iostreams program_options regex serialization system thread 
[0.209s] -- Found parameter_traits: 0.5.0 (/opt/ros/humble/share/parameter_traits/cmake)
[0.226s] -- Found rosidl_generator_c: 3.1.7 (/opt/ros/humble/share/rosidl_generator_c/cmake)
[0.227s] -- Found rosidl_adapter: 3.1.7 (/opt/ros/humble/share/rosidl_adapter/cmake)
[0.232s] -- Found rosidl_generator_cpp: 3.1.7 (/opt/ros/humble/share/rosidl_generator_cpp/cmake)
[0.239s] -- Using all available rosidl_typesupport_c: rosidl_typesupport_fastrtps_c;rosidl_typesupport_introspection_c
[0.248s] -- Using all available rosidl_typesupport_cpp: rosidl_typesupport_fastrtps_cpp;rosidl_typesupport_introspection_cpp
[0.272s] -- Found rmw_implementation_cmake: 6.1.2 (/opt/ros/humble/share/rmw_implementation_cmake/cmake)
[0.273s] -- Found rmw_fastrtps_cpp: 6.2.9 (/opt/ros/humble/share/rmw_fastrtps_cpp/cmake)
[0.357s] -- Using RMW implementation 'rmw_fastrtps_cpp' as default
[0.401s] -- Found rclcpp_lifecycle: 16.0.16 (/opt/ros/humble/share/rclcpp_lifecycle/cmake)
[0.415s] -- Found Boost: /usr/lib/x86_64-linux-gnu/cmake/Boost-1.74.0/BoostConfig.cmake (found version "1.74.0") found components: filesystem 
[0.451s] -- library: /usr/lib/x86_64-linux-gnu/libcurl.so
[0.499s] -- Ensuring Eigen3 include directory is part of orocos-kdl CMake target
[0.650s] -- Found control_msgs: 4.8.0 (/opt/ros/humble/share/control_msgs/cmake)
[0.673s] -- Found Boost: /usr/lib/x86_64-linux-gnu/cmake/Boost-1.74.0/BoostConfig.cmake (found version "1.74.0") found components: thread 
[0.677s] -- Found ament_lint_auto: 0.12.14 (/opt/ros/humble/share/ament_lint_auto/cmake)
[0.683s] -- Added test 'cppcheck' to perform static code analysis on C / C++ code
[0.684s] -- Configured cppcheck include dirs: /home/a/ws_nhk/src/moveit2/moveit_plugins/moveit_simple_controller_manager/include
[0.684s] -- Configured cppcheck exclude dirs and/or files: 
[0.684s] -- Added test 'lint_cmake' to check CMake code style
[0.684s] -- Added test 'xmllint' to check XML markup files
[0.685s] -- Configuring done
[0.702s] -- Generating done
[0.707s] -- Build files have been written to: /home/a/ws_nhk/build/moveit_simple_controller_manager
[0.716s] Invoked command in '/home/a/ws_nhk/build/moveit_simple_controller_manager' returned '0': AMENT_PREFIX_PATH=/home/a/ws_nhk/install/moveit_core:/home/a/ws_nhk/install/moveit_resources_panda_moveit_config:/home/a/ws_nhk/install/srdfdom:/home/a/ws_nhk/install/moveit_resources_pr2_description:/home/a/ws_nhk/install/moveit_resources_panda_description:/home/a/ws_nhk/install/moveit_common:${AMENT_PREFIX_PATH} CMAKE_PREFIX_PATH=/home/a/ws_nhk/install/moveit_core:/home/a/ws_nhk/install/moveit_resources_panda_moveit_config:/home/a/ws_nhk/install/srdfdom:/home/a/ws_nhk/install/moveit_resources_pr2_description:/home/a/ws_nhk/install/moveit_resources_panda_description:/home/a/ws_nhk/install/moveit_common:/home/a/install/field_description_test:/opt/ros/humble LD_LIBRARY_PATH=/home/a/ws_nhk/install/moveit_core/lib:/home/a/ws_nhk/install/srdfdom/lib:${LD_LIBRARY_PATH} PATH=/home/a/ws_nhk/install/moveit_core/bin:${PATH} PYTHONPATH=/home/a/ws_nhk/install/srdfdom/local/lib/python3.10/dist-packages:${PYTHONPATH} /usr/bin/cmake /home/a/ws_nhk/src/moveit2/moveit_plugins/moveit_simple_controller_manager -DCMAKE_BUILD_TYPE=Release -DCMAKE_INSTALL_PREFIX=/home/a/ws_nhk/install/moveit_simple_controller_manager
[0.716s] Invoking command in '/home/a/ws_nhk/build/moveit_simple_controller_manager': AMENT_PREFIX_PATH=/home/a/ws_nhk/install/moveit_core:/home/a/ws_nhk/install/moveit_resources_panda_moveit_config:/home/a/ws_nhk/install/srdfdom:/home/a/ws_nhk/install/moveit_resources_pr2_description:/home/a/ws_nhk/install/moveit_resources_panda_description:/home/a/ws_nhk/install/moveit_common:${AMENT_PREFIX_PATH} CMAKE_PREFIX_PATH=/home/a/ws_nhk/install/moveit_core:/home/a/ws_nhk/install/moveit_resources_panda_moveit_config:/home/a/ws_nhk/install/srdfdom:/home/a/ws_nhk/install/moveit_resources_pr2_description:/home/a/ws_nhk/install/moveit_resources_panda_description:/home/a/ws_nhk/install/moveit_common:/home/a/install/field_description_test:/opt/ros/humble LD_LIBRARY_PATH=/home/a/ws_nhk/install/moveit_core/lib:/home/a/ws_nhk/install/srdfdom/lib:${LD_LIBRARY_PATH} PATH=/home/a/ws_nhk/install/moveit_core/bin:${PATH} PYTHONPATH=/home/a/ws_nhk/install/srdfdom/local/lib/python3.10/dist-packages:${PYTHONPATH} /usr/bin/cmake --build /home/a/ws_nhk/build/moveit_simple_controller_manager -- -j22 -l22
[0.754s] [35m[1mConsolidate compiler generated dependencies of target moveit_simple_controller_manager[0m
[0.772s] [100%] Built target moveit_simple_controller_manager
[0.781s] Invoked command in '/home/a/ws_nhk/build/moveit_simple_controller_manager' returned '0': AMENT_PREFIX_PATH=/home/a/ws_nhk/install/moveit_core:/home/a/ws_nhk/install/moveit_resources_panda_moveit_config:/home/a/ws_nhk/install/srdfdom:/home/a/ws_nhk/install/moveit_resources_pr2_description:/home/a/ws_nhk/install/moveit_resources_panda_description:/home/a/ws_nhk/install/moveit_common:${AMENT_PREFIX_PATH} CMAKE_PREFIX_PATH=/home/a/ws_nhk/install/moveit_core:/home/a/ws_nhk/install/moveit_resources_panda_moveit_config:/home/a/ws_nhk/install/srdfdom:/home/a/ws_nhk/install/moveit_resources_pr2_description:/home/a/ws_nhk/install/moveit_resources_panda_description:/home/a/ws_nhk/install/moveit_common:/home/a/install/field_description_test:/opt/ros/humble LD_LIBRARY_PATH=/home/a/ws_nhk/install/moveit_core/lib:/home/a/ws_nhk/install/srdfdom/lib:${LD_LIBRARY_PATH} PATH=/home/a/ws_nhk/install/moveit_core/bin:${PATH} PYTHONPATH=/home/a/ws_nhk/install/srdfdom/local/lib/python3.10/dist-packages:${PYTHONPATH} /usr/bin/cmake --build /home/a/ws_nhk/build/moveit_simple_controller_manager -- -j22 -l22
[0.784s] Invoking command in '/home/a/ws_nhk/build/moveit_simple_controller_manager': AMENT_PREFIX_PATH=/home/a/ws_nhk/install/moveit_core:/home/a/ws_nhk/install/moveit_resources_panda_moveit_config:/home/a/ws_nhk/install/srdfdom:/home/a/ws_nhk/install/moveit_resources_pr2_description:/home/a/ws_nhk/install/moveit_resources_panda_description:/home/a/ws_nhk/install/moveit_common:${AMENT_PREFIX_PATH} CMAKE_PREFIX_PATH=/home/a/ws_nhk/install/moveit_core:/home/a/ws_nhk/install/moveit_resources_panda_moveit_config:/home/a/ws_nhk/install/srdfdom:/home/a/ws_nhk/install/moveit_resources_pr2_description:/home/a/ws_nhk/install/moveit_resources_panda_description:/home/a/ws_nhk/install/moveit_common:/home/a/install/field_description_test:/opt/ros/humble LD_LIBRARY_PATH=/home/a/ws_nhk/install/moveit_core/lib:/home/a/ws_nhk/install/srdfdom/lib:${LD_LIBRARY_PATH} PATH=/home/a/ws_nhk/install/moveit_core/bin:${PATH} PYTHONPATH=/home/a/ws_nhk/install/srdfdom/local/lib/python3.10/dist-packages:${PYTHONPATH} /usr/bin/cmake --install /home/a/ws_nhk/build/moveit_simple_controller_manager
[0.791s] -- Install configuration: "Release"
[0.791s] -- Up-to-date: /home/a/ws_nhk/install/moveit_simple_controller_manager/lib/libmoveit_simple_controller_manager.so.2.5.9
[0.791s] -- Up-to-date: /home/a/ws_nhk/install/moveit_simple_controller_manager/lib/libmoveit_simple_controller_manager.so
[0.791s] -- Up-to-date: /home/a/ws_nhk/install/moveit_simple_controller_manager/include
[0.791s] -- Up-to-date: /home/a/ws_nhk/install/moveit_simple_controller_manager/include/moveit_simple_controller_manager
[0.791s] -- Up-to-date: /home/a/ws_nhk/install/moveit_simple_controller_manager/include/moveit_simple_controller_manager/action_based_controller_handle.h
[0.791s] -- Up-to-date: /home/a/ws_nhk/install/moveit_simple_controller_manager/include/moveit_simple_controller_manager/follow_joint_trajectory_controller_handle.h
[0.791s] -- Up-to-date: /home/a/ws_nhk/install/moveit_simple_controller_manager/include/moveit_simple_controller_manager/empty_controller_handle.h
[0.791s] -- Up-to-date: /home/a/ws_nhk/install/moveit_simple_controller_manager/include/moveit_simple_controller_manager/gripper_controller_handle.h
[0.791s] -- Up-to-date: /home/a/ws_nhk/install/moveit_simple_controller_manager/share/moveit_simple_controller_manager/environment/library_path.sh
[0.792s] -- Installing: /home/a/ws_nhk/install/moveit_simple_controller_manager/share/moveit_simple_controller_manager/environment/library_path.dsv
[0.792s] -- Up-to-date: /home/a/ws_nhk/install/moveit_simple_controller_manager/share/moveit_simple_controller_manager/moveit_simple_controller_manager_plugin_description.xml
[0.792s] -- Up-to-date: /home/a/ws_nhk/install/moveit_simple_controller_manager/share/ament_index/resource_index/package_run_dependencies/moveit_simple_controller_manager
[0.792s] -- Up-to-date: /home/a/ws_nhk/install/moveit_simple_controller_manager/share/ament_index/resource_index/parent_prefix_path/moveit_simple_controller_manager
[0.792s] -- Up-to-date: /home/a/ws_nhk/install/moveit_simple_controller_manager/share/moveit_simple_controller_manager/environment/ament_prefix_path.sh
[0.792s] -- Installing: /home/a/ws_nhk/install/moveit_simple_controller_manager/share/moveit_simple_controller_manager/environment/ament_prefix_path.dsv
[0.792s] -- Up-to-date: /home/a/ws_nhk/install/moveit_simple_controller_manager/share/moveit_simple_controller_manager/environment/path.sh
[0.792s] -- Installing: /home/a/ws_nhk/install/moveit_simple_controller_manager/share/moveit_simple_controller_manager/environment/path.dsv
[0.792s] -- Up-to-date: /home/a/ws_nhk/install/moveit_simple_controller_manager/share/moveit_simple_controller_manager/local_setup.bash
[0.792s] -- Up-to-date: /home/a/ws_nhk/install/moveit_simple_controller_manager/share/moveit_simple_controller_manager/local_setup.sh
[0.792s] -- Up-to-date: /home/a/ws_nhk/install/moveit_simple_controller_manager/share/moveit_simple_controller_manager/local_setup.zsh
[0.792s] -- Installing: /home/a/ws_nhk/install/moveit_simple_controller_manager/share/moveit_simple_controller_manager/local_setup.dsv
[0.792s] -- Installing: /home/a/ws_nhk/install/moveit_simple_controller_manager/share/moveit_simple_controller_manager/package.dsv
[0.792s] -- Up-to-date: /home/a/ws_nhk/install/moveit_simple_controller_manager/share/ament_index/resource_index/packages/moveit_simple_controller_manager
[0.792s] -- Up-to-date: /home/a/ws_nhk/install/moveit_simple_controller_manager/share/ament_index/resource_index/moveit_core__pluginlib__plugin/moveit_simple_controller_manager
[0.793s] -- Up-to-date: /home/a/ws_nhk/install/moveit_simple_controller_manager/share/moveit_simple_controller_manager/cmake/export_moveit_simple_controller_managerExport.cmake
[0.793s] -- Up-to-date: /home/a/ws_nhk/install/moveit_simple_controller_manager/share/moveit_simple_controller_manager/cmake/export_moveit_simple_controller_managerExport-release.cmake
[0.793s] -- Up-to-date: /home/a/ws_nhk/install/moveit_simple_controller_manager/share/moveit_simple_controller_manager/cmake/ConfigExtras.cmake
[0.793s] -- Up-to-date: /home/a/ws_nhk/install/moveit_simple_controller_manager/share/moveit_simple_controller_manager/cmake/ament_cmake_export_targets-extras.cmake
[0.793s] -- Up-to-date: /home/a/ws_nhk/install/moveit_simple_controller_manager/share/moveit_simple_controller_manager/cmake/ament_cmake_export_dependencies-extras.cmake
[0.793s] -- Up-to-date: /home/a/ws_nhk/install/moveit_simple_controller_manager/share/moveit_simple_controller_manager/cmake/moveit_simple_controller_managerConfig.cmake
[0.793s] -- Up-to-date: /home/a/ws_nhk/install/moveit_simple_controller_manager/share/moveit_simple_controller_manager/cmake/moveit_simple_controller_managerConfig-version.cmake
[0.793s] -- Up-to-date: /home/a/ws_nhk/install/moveit_simple_controller_manager/share/moveit_simple_controller_manager/package.xml
[0.795s] Invoked command in '/home/a/ws_nhk/build/moveit_simple_controller_manager' returned '0': AMENT_PREFIX_PATH=/home/a/ws_nhk/install/moveit_core:/home/a/ws_nhk/install/moveit_resources_panda_moveit_config:/home/a/ws_nhk/install/srdfdom:/home/a/ws_nhk/install/moveit_resources_pr2_description:/home/a/ws_nhk/install/moveit_resources_panda_description:/home/a/ws_nhk/install/moveit_common:${AMENT_PREFIX_PATH} CMAKE_PREFIX_PATH=/home/a/ws_nhk/install/moveit_core:/home/a/ws_nhk/install/moveit_resources_panda_moveit_config:/home/a/ws_nhk/install/srdfdom:/home/a/ws_nhk/install/moveit_resources_pr2_description:/home/a/ws_nhk/install/moveit_resources_panda_description:/home/a/ws_nhk/install/moveit_common:/home/a/install/field_description_test:/opt/ros/humble LD_LIBRARY_PATH=/home/a/ws_nhk/install/moveit_core/lib:/home/a/ws_nhk/install/srdfdom/lib:${LD_LIBRARY_PATH} PATH=/home/a/ws_nhk/install/moveit_core/bin:${PATH} PYTHONPATH=/home/a/ws_nhk/install/srdfdom/local/lib/python3.10/dist-packages:${PYTHONPATH} /usr/bin/cmake --install /home/a/ws_nhk/build/moveit_simple_controller_manager
