[0.052s] Invoking command in '/home/a/ws_nhk/build/pilz_industrial_motion_planner': AMENT_PREFIX_PATH=/home/a/ws_nhk/install/moveit_resources_prbt_pg70_support:/home/a/ws_nhk/install/moveit_ros_planning_interface:/home/a/ws_nhk/install/moveit_resources_prbt_moveit_config:/home/a/ws_nhk/install/moveit_ros_move_group:/home/a/ws_nhk/install/moveit_ros_warehouse:/home/a/ws_nhk/install/moveit_planners_ompl:/home/a/ws_nhk/install/moveit_kinematics:/home/a/ws_nhk/install/trac_ik:/home/a/ws_nhk/install/moveit_ros_planning:/home/a/ws_nhk/install/trac_ik_kinematics_plugin:/home/a/ws_nhk/install/pilz_industrial_motion_planner_testutils:/home/a/ws_nhk/install/moveit_simple_controller_manager:/home/a/ws_nhk/install/moveit_ros_occupancy_map_monitor:/home/a/ws_nhk/install/moveit_resources_prbt_ikfast_manipulator_plugin:/home/a/ws_nhk/install/moveit_core:/home/a/ws_nhk/install/moveit_resources_panda_moveit_config:/home/a/ws_nhk/install/moveit_resources_fanuc_moveit_config:/home/a/ws_nhk/install/moveit_configs_utils:/home/a/ws_nhk/install/trac_ik_lib:/home/a/ws_nhk/install/srdfdom:/home/a/ws_nhk/install/moveit_resources_prbt_support:/home/a/ws_nhk/install/moveit_resources_pr2_description:/home/a/ws_nhk/install/moveit_resources_panda_description:/home/a/ws_nhk/install/moveit_resources_fanuc_description:/home/a/ws_nhk/install/moveit_common:/home/a/ws_nhk/install/launch_param_builder:${AMENT_PREFIX_PATH} CMAKE_PREFIX_PATH=/home/a/ws_nhk/install/moveit_resources_prbt_pg70_support:/home/a/ws_nhk/install/moveit_ros_planning_interface:/home/a/ws_nhk/install/moveit_resources_prbt_moveit_config:/home/a/ws_nhk/install/moveit_ros_move_group:/home/a/ws_nhk/install/moveit_ros_warehouse:/home/a/ws_nhk/install/moveit_planners_ompl:/home/a/ws_nhk/install/moveit_kinematics:/home/a/ws_nhk/install/trac_ik:/home/a/ws_nhk/install/moveit_ros_planning:/home/a/ws_nhk/install/trac_ik_kinematics_plugin:/home/a/ws_nhk/install/pilz_industrial_motion_planner_testutils:/home/a/ws_nhk/install/moveit_simple_controller_manager:/home/a/ws_nhk/install/moveit_ros_occupancy_map_monitor:/home/a/ws_nhk/install/moveit_resources_prbt_ikfast_manipulator_plugin:/home/a/ws_nhk/install/moveit_core:/home/a/ws_nhk/install/moveit_resources_panda_moveit_config:/home/a/ws_nhk/install/moveit_resources_fanuc_moveit_config:/home/a/ws_nhk/install/trac_ik_lib:/home/a/ws_nhk/install/srdfdom:/home/a/ws_nhk/install/moveit_resources_prbt_support:/home/a/ws_nhk/install/moveit_resources_pr2_description:/home/a/ws_nhk/install/moveit_resources_panda_description:/home/a/ws_nhk/install/moveit_resources_fanuc_description:/home/a/ws_nhk/install/moveit_common:/home/a/install/field_description_test:/opt/ros/humble LD_LIBRARY_PATH=/home/a/ws_nhk/install/moveit_ros_planning_interface/lib:/home/a/ws_nhk/install/moveit_ros_move_group/lib:/home/a/ws_nhk/install/moveit_ros_warehouse/lib:/home/a/ws_nhk/install/moveit_planners_ompl/lib:/home/a/ws_nhk/install/moveit_kinematics/lib:/home/a/ws_nhk/install/moveit_ros_planning/lib:/home/a/ws_nhk/install/trac_ik_kinematics_plugin/lib:/home/a/ws_nhk/install/pilz_industrial_motion_planner_testutils/lib:/home/a/ws_nhk/install/moveit_simple_controller_manager/lib:/home/a/ws_nhk/install/moveit_ros_occupancy_map_monitor/lib:/home/a/ws_nhk/install/moveit_resources_prbt_ikfast_manipulator_plugin/lib:/home/a/ws_nhk/install/moveit_core/lib:/home/a/ws_nhk/install/trac_ik_lib/lib:/home/a/ws_nhk/install/srdfdom/lib:${LD_LIBRARY_PATH} PATH=/home/a/ws_nhk/install/moveit_core/bin:${PATH} PYTHONPATH=/home/a/ws_nhk/install/moveit_configs_utils/lib/python3.10/site-packages:/home/a/ws_nhk/install/srdfdom/local/lib/python3.10/dist-packages:/home/a/ws_nhk/install/launch_param_builder/lib/python3.10/site-packages:${PYTHONPATH} /usr/bin/cmake --build /home/a/ws_nhk/build/pilz_industrial_motion_planner -- -j22 -l22
[0.116s] [  2%] [32mBuilding CXX object gtest/CMakeFiles/gtest.dir/src/gtest-all.cc.o[0m
[0.116s] [  2%] [32mBuilding CXX object gmock/CMakeFiles/gmock_main.dir/src/gmock_main.cc.o[0m
[0.119s] [  3%] [32mBuilding CXX object gmock/CMakeFiles/gmock.dir/src/gmock-all.cc.o[0m
[0.119s] [  4%] [32mBuilding CXX object gtest/CMakeFiles/gtest_main.dir/src/gtest_main.cc.o[0m
[0.121s] [  6%] [32mBuilding CXX object gmock/CMakeFiles/gmock.dir/opt/ros/humble/src/gtest_vendor/src/gtest-all.cc.o[0m
[0.129s] [  7%] [32m[1mLinking CXX shared library libplanning_context_loader_base.so[0m
[0.136s] [  8%] [32mBuilding CXX object CMakeFiles/joint_limits_common.dir/src/limits_container.cpp.o[0m
[0.148s] [  9%] [32m[1mLinking CXX shared library libtrajectory_generation_common.so[0m
[0.510s] [ 13%] Built target trajectory_generation_common
[1.578s] [ 14%] [32m[1mLinking CXX shared library libjoint_limits_common.so[0m
[2.568s] [ 15%] [32m[1mLinking CXX static library libgmock_main.a[0m
[2.662s] [ 15%] Built target gmock_main
[3.159s] [ 16%] [32m[1mLinking CXX static library libgtest_main.a[0m
[3.260s] [ 16%] Built target gtest_main
[5.188s] [ 22%] Built target joint_limits_common
[5.272s] [ 25%] Built target pilz_industrial_motion_planner_test_utils
[5.274s] [ 26%] [32m[1mLinking CXX shared library libcommand_list_manager.so[0m
[5.622s] [ 28%] Built target command_list_manager
[5.710s] [ 30%] [32m[1mLinking CXX shared library libsequence_capability.so[0m
[6.194s] [ 32%] Built target sequence_capability
[13.686s] [ 33%] [32m[1mLinking CXX static library libgtest.a[0m
[13.769s] [ 33%] Built target gtest
[13.817s] [ 34%] [32m[1mLinking CXX executable unittest_cartesian_limits_aggregator[0m
[13.817s] [ 36%] [32mBuilding CXX object test/unit_tests/CMakeFiles/unittest_joint_limits_container.dir/src/unittest_joint_limits_container.cpp.o[0m
[13.826s] [ 37%] [32m[1mLinking CXX executable unittest_joint_limit[0m
[13.830s] [ 38%] [32m[1mLinking CXX executable unittest_joint_limits_aggregator[0m
[13.830s] [ 39%] [32mBuilding CXX object test/unit_tests/CMakeFiles/unittest_joint_limits_validator.dir/src/unittest_joint_limits_validator.cpp.o[0m
[13.848s] [ 40%] [32m[1mLinking CXX executable unittest_trajectory_functions[0m
[14.346s] [ 42%] Built target unittest_joint_limit
[14.498s] [ 43%] Built target unittest_cartesian_limits_aggregator
[14.528s] [ 44%] Built target unittest_joint_limits_aggregator
[14.540s] [ 45%] Built target unittest_trajectory_functions
[16.033s] [ 46%] [32m[1mLinking CXX static library libgmock.a[0m
[16.111s] [ 46%] Built target gmock
[16.298s] [ 48%] [32m[1mLinking CXX executable unittest_joint_limits_container[0m
[16.619s] [ 48%] Built target unittest_joint_limits_container
[16.916s] [ 49%] [32m[1mLinking CXX executable unittest_joint_limits_validator[0m
[17.210s] [ 49%] Built target unittest_joint_limits_validator
[24.406s] [ 50%] Built target planning_context_loader_base
[24.443s] [ 53%] [32mBuilding CXX object CMakeFiles/planning_context_loader_circ.dir/src/path_circle_generator.cpp.o[0m
[24.443s] [ 53%] [32m[1mLinking CXX shared library libpilz_industrial_motion_planner.so[0m
[24.444s] [ 54%] [32mBuilding CXX object CMakeFiles/planning_context_loader_ptp.dir/src/velocity_profile_atrap.cpp.o[0m
[24.445s] [ 55%] [32mBuilding CXX object CMakeFiles/planning_context_loader_lin.dir/src/velocity_profile_atrap.cpp.o[0m
[24.676s] [ 56%] Built target pilz_industrial_motion_planner
[24.708s] [ 57%] [32mBuilding CXX object test/unit_tests/CMakeFiles/unittest_velocity_profile_atrap.dir/src/unittest_velocity_profile_atrap.cpp.o[0m
[24.709s] [ 59%] [32m[1mLinking CXX executable unittest_get_solver_tip_frame[0m
[24.711s] [ 60%] [32mBuilding CXX object test/unit_tests/CMakeFiles/unittest_velocity_profile_atrap.dir/__/__/src/velocity_profile_atrap.cpp.o[0m
[24.715s] [ 61%] [32m[1mLinking CXX executable unittest_planning_context_loaders[0m
[24.723s] [ 62%] [32m[1mLinking CXX executable unittest_pilz_industrial_motion_planner[0m
[24.730s] [ 63%] [32m[1mLinking CXX executable unittest_trajectory_generator[0m
[25.045s] [ 65%] [32m[1mLinking CXX shared library libplanning_context_loader_lin.so[0m
[25.071s] [ 66%] [32m[1mLinking CXX shared library libplanning_context_loader_ptp.so[0m
[25.294s] [ 67%] Built target unittest_planning_context_loaders
[25.324s] [ 68%] Built target unittest_pilz_industrial_motion_planner
[25.388s] [ 71%] Built target planning_context_loader_lin
[25.395s] [ 73%] Built target unittest_trajectory_generator
[25.454s] [ 74%] [32m[1mLinking CXX executable unittest_trajectory_generator_lin[0m
[25.469s] [ 75%] [32m[1mLinking CXX executable unittest_trajectory_blender_transition_window[0m
[25.527s] [ 78%] Built target planning_context_loader_ptp
[25.582s] [ 79%] [32m[1mLinking CXX executable unittest_pilz_industrial_motion_planner_direct[0m
[25.603s] [ 80%] [32m[1mLinking CXX executable unittest_trajectory_generator_ptp[0m
[25.803s] [ 81%] [32m[1mLinking CXX shared library libplanning_context_loader_circ.so[0m
[25.983s] [ 83%] Built target unittest_trajectory_generator_lin
[25.999s] [ 85%] Built target unittest_trajectory_blender_transition_window
[26.027s] [ 86%] Built target unittest_pilz_industrial_motion_planner_direct
[26.113s] [ 87%] Built target unittest_trajectory_generator_ptp
[26.164s] [ 90%] Built target planning_context_loader_circ
[26.223s] [ 91%] [32m[1mLinking CXX executable unittest_planning_context[0m
[26.228s] [ 92%] [32m[1mLinking CXX executable unittest_trajectory_generator_circ[0m
[26.235s] [ 93%] [32m[1mLinking CXX executable unittest_trajectory_generator_common[0m
[26.802s] [ 95%] Built target unittest_planning_context
[26.811s] [ 96%] Built target unittest_trajectory_generator_circ
[26.848s] [ 97%] Built target unittest_trajectory_generator_common
[28.557s] [ 98%] [32m[1mLinking CXX executable unittest_velocity_profile_atrap[0m
[29.786s] [100%] Built target unittest_get_solver_tip_frame
[32.437s] [100%] Built target unittest_velocity_profile_atrap
[32.449s] Invoked command in '/home/a/ws_nhk/build/pilz_industrial_motion_planner' returned '0': AMENT_PREFIX_PATH=/home/a/ws_nhk/install/moveit_resources_prbt_pg70_support:/home/a/ws_nhk/install/moveit_ros_planning_interface:/home/a/ws_nhk/install/moveit_resources_prbt_moveit_config:/home/a/ws_nhk/install/moveit_ros_move_group:/home/a/ws_nhk/install/moveit_ros_warehouse:/home/a/ws_nhk/install/moveit_planners_ompl:/home/a/ws_nhk/install/moveit_kinematics:/home/a/ws_nhk/install/trac_ik:/home/a/ws_nhk/install/moveit_ros_planning:/home/a/ws_nhk/install/trac_ik_kinematics_plugin:/home/a/ws_nhk/install/pilz_industrial_motion_planner_testutils:/home/a/ws_nhk/install/moveit_simple_controller_manager:/home/a/ws_nhk/install/moveit_ros_occupancy_map_monitor:/home/a/ws_nhk/install/moveit_resources_prbt_ikfast_manipulator_plugin:/home/a/ws_nhk/install/moveit_core:/home/a/ws_nhk/install/moveit_resources_panda_moveit_config:/home/a/ws_nhk/install/moveit_resources_fanuc_moveit_config:/home/a/ws_nhk/install/moveit_configs_utils:/home/a/ws_nhk/install/trac_ik_lib:/home/a/ws_nhk/install/srdfdom:/home/a/ws_nhk/install/moveit_resources_prbt_support:/home/a/ws_nhk/install/moveit_resources_pr2_description:/home/a/ws_nhk/install/moveit_resources_panda_description:/home/a/ws_nhk/install/moveit_resources_fanuc_description:/home/a/ws_nhk/install/moveit_common:/home/a/ws_nhk/install/launch_param_builder:${AMENT_PREFIX_PATH} CMAKE_PREFIX_PATH=/home/a/ws_nhk/install/moveit_resources_prbt_pg70_support:/home/a/ws_nhk/install/moveit_ros_planning_interface:/home/a/ws_nhk/install/moveit_resources_prbt_moveit_config:/home/a/ws_nhk/install/moveit_ros_move_group:/home/a/ws_nhk/install/moveit_ros_warehouse:/home/a/ws_nhk/install/moveit_planners_ompl:/home/a/ws_nhk/install/moveit_kinematics:/home/a/ws_nhk/install/trac_ik:/home/a/ws_nhk/install/moveit_ros_planning:/home/a/ws_nhk/install/trac_ik_kinematics_plugin:/home/a/ws_nhk/install/pilz_industrial_motion_planner_testutils:/home/a/ws_nhk/install/moveit_simple_controller_manager:/home/a/ws_nhk/install/moveit_ros_occupancy_map_monitor:/home/a/ws_nhk/install/moveit_resources_prbt_ikfast_manipulator_plugin:/home/a/ws_nhk/install/moveit_core:/home/a/ws_nhk/install/moveit_resources_panda_moveit_config:/home/a/ws_nhk/install/moveit_resources_fanuc_moveit_config:/home/a/ws_nhk/install/trac_ik_lib:/home/a/ws_nhk/install/srdfdom:/home/a/ws_nhk/install/moveit_resources_prbt_support:/home/a/ws_nhk/install/moveit_resources_pr2_description:/home/a/ws_nhk/install/moveit_resources_panda_description:/home/a/ws_nhk/install/moveit_resources_fanuc_description:/home/a/ws_nhk/install/moveit_common:/home/a/install/field_description_test:/opt/ros/humble LD_LIBRARY_PATH=/home/a/ws_nhk/install/moveit_ros_planning_interface/lib:/home/a/ws_nhk/install/moveit_ros_move_group/lib:/home/a/ws_nhk/install/moveit_ros_warehouse/lib:/home/a/ws_nhk/install/moveit_planners_ompl/lib:/home/a/ws_nhk/install/moveit_kinematics/lib:/home/a/ws_nhk/install/moveit_ros_planning/lib:/home/a/ws_nhk/install/trac_ik_kinematics_plugin/lib:/home/a/ws_nhk/install/pilz_industrial_motion_planner_testutils/lib:/home/a/ws_nhk/install/moveit_simple_controller_manager/lib:/home/a/ws_nhk/install/moveit_ros_occupancy_map_monitor/lib:/home/a/ws_nhk/install/moveit_resources_prbt_ikfast_manipulator_plugin/lib:/home/a/ws_nhk/install/moveit_core/lib:/home/a/ws_nhk/install/trac_ik_lib/lib:/home/a/ws_nhk/install/srdfdom/lib:${LD_LIBRARY_PATH} PATH=/home/a/ws_nhk/install/moveit_core/bin:${PATH} PYTHONPATH=/home/a/ws_nhk/install/moveit_configs_utils/lib/python3.10/site-packages:/home/a/ws_nhk/install/srdfdom/local/lib/python3.10/dist-packages:/home/a/ws_nhk/install/launch_param_builder/lib/python3.10/site-packages:${PYTHONPATH} /usr/bin/cmake --build /home/a/ws_nhk/build/pilz_industrial_motion_planner -- -j22 -l22
[32.451s] Invoking command in '/home/a/ws_nhk/build/pilz_industrial_motion_planner': AMENT_PREFIX_PATH=/home/a/ws_nhk/install/moveit_resources_prbt_pg70_support:/home/a/ws_nhk/install/moveit_ros_planning_interface:/home/a/ws_nhk/install/moveit_resources_prbt_moveit_config:/home/a/ws_nhk/install/moveit_ros_move_group:/home/a/ws_nhk/install/moveit_ros_warehouse:/home/a/ws_nhk/install/moveit_planners_ompl:/home/a/ws_nhk/install/moveit_kinematics:/home/a/ws_nhk/install/trac_ik:/home/a/ws_nhk/install/moveit_ros_planning:/home/a/ws_nhk/install/trac_ik_kinematics_plugin:/home/a/ws_nhk/install/pilz_industrial_motion_planner_testutils:/home/a/ws_nhk/install/moveit_simple_controller_manager:/home/a/ws_nhk/install/moveit_ros_occupancy_map_monitor:/home/a/ws_nhk/install/moveit_resources_prbt_ikfast_manipulator_plugin:/home/a/ws_nhk/install/moveit_core:/home/a/ws_nhk/install/moveit_resources_panda_moveit_config:/home/a/ws_nhk/install/moveit_resources_fanuc_moveit_config:/home/a/ws_nhk/install/moveit_configs_utils:/home/a/ws_nhk/install/trac_ik_lib:/home/a/ws_nhk/install/srdfdom:/home/a/ws_nhk/install/moveit_resources_prbt_support:/home/a/ws_nhk/install/moveit_resources_pr2_description:/home/a/ws_nhk/install/moveit_resources_panda_description:/home/a/ws_nhk/install/moveit_resources_fanuc_description:/home/a/ws_nhk/install/moveit_common:/home/a/ws_nhk/install/launch_param_builder:${AMENT_PREFIX_PATH} CMAKE_PREFIX_PATH=/home/a/ws_nhk/install/moveit_resources_prbt_pg70_support:/home/a/ws_nhk/install/moveit_ros_planning_interface:/home/a/ws_nhk/install/moveit_resources_prbt_moveit_config:/home/a/ws_nhk/install/moveit_ros_move_group:/home/a/ws_nhk/install/moveit_ros_warehouse:/home/a/ws_nhk/install/moveit_planners_ompl:/home/a/ws_nhk/install/moveit_kinematics:/home/a/ws_nhk/install/trac_ik:/home/a/ws_nhk/install/moveit_ros_planning:/home/a/ws_nhk/install/trac_ik_kinematics_plugin:/home/a/ws_nhk/install/pilz_industrial_motion_planner_testutils:/home/a/ws_nhk/install/moveit_simple_controller_manager:/home/a/ws_nhk/install/moveit_ros_occupancy_map_monitor:/home/a/ws_nhk/install/moveit_resources_prbt_ikfast_manipulator_plugin:/home/a/ws_nhk/install/moveit_core:/home/a/ws_nhk/install/moveit_resources_panda_moveit_config:/home/a/ws_nhk/install/moveit_resources_fanuc_moveit_config:/home/a/ws_nhk/install/trac_ik_lib:/home/a/ws_nhk/install/srdfdom:/home/a/ws_nhk/install/moveit_resources_prbt_support:/home/a/ws_nhk/install/moveit_resources_pr2_description:/home/a/ws_nhk/install/moveit_resources_panda_description:/home/a/ws_nhk/install/moveit_resources_fanuc_description:/home/a/ws_nhk/install/moveit_common:/home/a/install/field_description_test:/opt/ros/humble LD_LIBRARY_PATH=/home/a/ws_nhk/install/moveit_ros_planning_interface/lib:/home/a/ws_nhk/install/moveit_ros_move_group/lib:/home/a/ws_nhk/install/moveit_ros_warehouse/lib:/home/a/ws_nhk/install/moveit_planners_ompl/lib:/home/a/ws_nhk/install/moveit_kinematics/lib:/home/a/ws_nhk/install/moveit_ros_planning/lib:/home/a/ws_nhk/install/trac_ik_kinematics_plugin/lib:/home/a/ws_nhk/install/pilz_industrial_motion_planner_testutils/lib:/home/a/ws_nhk/install/moveit_simple_controller_manager/lib:/home/a/ws_nhk/install/moveit_ros_occupancy_map_monitor/lib:/home/a/ws_nhk/install/moveit_resources_prbt_ikfast_manipulator_plugin/lib:/home/a/ws_nhk/install/moveit_core/lib:/home/a/ws_nhk/install/trac_ik_lib/lib:/home/a/ws_nhk/install/srdfdom/lib:${LD_LIBRARY_PATH} PATH=/home/a/ws_nhk/install/moveit_core/bin:${PATH} PYTHONPATH=/home/a/ws_nhk/install/moveit_configs_utils/lib/python3.10/site-packages:/home/a/ws_nhk/install/srdfdom/local/lib/python3.10/dist-packages:/home/a/ws_nhk/install/launch_param_builder/lib/python3.10/site-packages:${PYTHONPATH} /usr/bin/cmake --install /home/a/ws_nhk/build/pilz_industrial_motion_planner
[32.458s] -- Install configuration: "Release"
[32.458s] -- Up-to-date: /home/a/ws_nhk/install/pilz_industrial_motion_planner/share/pilz_industrial_motion_planner/plugins/pilz_industrial_motion_planner_plugin_description.xml
[32.458s] -- Up-to-date: /home/a/ws_nhk/install/pilz_industrial_motion_planner/share/pilz_industrial_motion_planner/plugins/sequence_capability_plugin_description.xml
[32.458s] -- Up-to-date: /home/a/ws_nhk/install/pilz_industrial_motion_planner/share/pilz_industrial_motion_planner/plugins/planning_context_plugin_description.xml
[32.458s] -- Installing: /home/a/ws_nhk/install/pilz_industrial_motion_planner/lib/libpilz_industrial_motion_planner.so
[32.459s] -- Set runtime path of "/home/a/ws_nhk/install/pilz_industrial_motion_planner/lib/libpilz_industrial_motion_planner.so" to ""
[32.459s] -- Installing: /home/a/ws_nhk/install/pilz_industrial_motion_planner/lib/libjoint_limits_common.so
[32.459s] -- Set runtime path of "/home/a/ws_nhk/install/pilz_industrial_motion_planner/lib/libjoint_limits_common.so" to ""
[32.459s] -- Installing: /home/a/ws_nhk/install/pilz_industrial_motion_planner/lib/libplanning_context_loader_base.so
[32.459s] -- Set runtime path of "/home/a/ws_nhk/install/pilz_industrial_motion_planner/lib/libplanning_context_loader_base.so" to ""
[32.460s] -- Installing: /home/a/ws_nhk/install/pilz_industrial_motion_planner/lib/libplanning_context_loader_ptp.so
[32.460s] -- Set runtime path of "/home/a/ws_nhk/install/pilz_industrial_motion_planner/lib/libplanning_context_loader_ptp.so" to ""
[32.460s] -- Installing: /home/a/ws_nhk/install/pilz_industrial_motion_planner/lib/libplanning_context_loader_lin.so
[32.460s] -- Set runtime path of "/home/a/ws_nhk/install/pilz_industrial_motion_planner/lib/libplanning_context_loader_lin.so" to ""
[32.460s] -- Installing: /home/a/ws_nhk/install/pilz_industrial_motion_planner/lib/libplanning_context_loader_circ.so
[32.461s] -- Set runtime path of "/home/a/ws_nhk/install/pilz_industrial_motion_planner/lib/libplanning_context_loader_circ.so" to ""
[32.461s] -- Installing: /home/a/ws_nhk/install/pilz_industrial_motion_planner/lib/libcommand_list_manager.so
[32.461s] -- Set runtime path of "/home/a/ws_nhk/install/pilz_industrial_motion_planner/lib/libcommand_list_manager.so" to ""
[32.461s] -- Installing: /home/a/ws_nhk/install/pilz_industrial_motion_planner/lib/libsequence_capability.so
[32.462s] -- Set runtime path of "/home/a/ws_nhk/install/pilz_industrial_motion_planner/lib/libsequence_capability.so" to ""
[32.462s] -- Installing: /home/a/ws_nhk/install/pilz_industrial_motion_planner/lib/libtrajectory_generation_common.so
[32.462s] -- Set runtime path of "/home/a/ws_nhk/install/pilz_industrial_motion_planner/lib/libtrajectory_generation_common.so" to ""
[32.462s] -- Up-to-date: /home/a/ws_nhk/install/pilz_industrial_motion_planner/include
[32.462s] -- Up-to-date: /home/a/ws_nhk/install/pilz_industrial_motion_planner/include/joint_limits_copy
[32.462s] -- Up-to-date: /home/a/ws_nhk/install/pilz_industrial_motion_planner/include/joint_limits_copy/joint_limits.hpp
[32.462s] -- Up-to-date: /home/a/ws_nhk/install/pilz_industrial_motion_planner/include/joint_limits_copy/joint_limits_rosparam.hpp
[32.462s] -- Up-to-date: /home/a/ws_nhk/install/pilz_industrial_motion_planner/include/pilz_industrial_motion_planner
[32.462s] -- Up-to-date: /home/a/ws_nhk/install/pilz_industrial_motion_planner/include/pilz_industrial_motion_planner/trajectory_functions.h
[32.462s] -- Up-to-date: /home/a/ws_nhk/install/pilz_industrial_motion_planner/include/pilz_industrial_motion_planner/cartesian_trajectory.h
[32.462s] -- Up-to-date: /home/a/ws_nhk/install/pilz_industrial_motion_planner/include/pilz_industrial_motion_planner/trajectory_blender_transition_window.h
[32.462s] -- Up-to-date: /home/a/ws_nhk/install/pilz_industrial_motion_planner/include/pilz_industrial_motion_planner/planning_context_ptp.h
[32.463s] -- Up-to-date: /home/a/ws_nhk/install/pilz_industrial_motion_planner/include/pilz_industrial_motion_planner/planning_exceptions.h
[32.463s] -- Up-to-date: /home/a/ws_nhk/install/pilz_industrial_motion_planner/include/pilz_industrial_motion_planner/cartesian_limits_aggregator.h
[32.463s] -- Up-to-date: /home/a/ws_nhk/install/pilz_industrial_motion_planner/include/pilz_industrial_motion_planner/cartesian_trajectory_point.h
[32.463s] -- Up-to-date: /home/a/ws_nhk/install/pilz_industrial_motion_planner/include/pilz_industrial_motion_planner/joint_limits_validator.h
[32.463s] -- Up-to-date: /home/a/ws_nhk/install/pilz_industrial_motion_planner/include/pilz_industrial_motion_planner/planning_context_loader_ptp.h
[32.463s] -- Up-to-date: /home/a/ws_nhk/install/pilz_industrial_motion_planner/include/pilz_industrial_motion_planner/pilz_industrial_motion_planner.h
[32.463s] -- Up-to-date: /home/a/ws_nhk/install/pilz_industrial_motion_planner/include/pilz_industrial_motion_planner/trajectory_generator.h
[32.463s] -- Up-to-date: /home/a/ws_nhk/install/pilz_industrial_motion_planner/include/pilz_industrial_motion_planner/joint_limits_aggregator.h
[32.463s] -- Up-to-date: /home/a/ws_nhk/install/pilz_industrial_motion_planner/include/pilz_industrial_motion_planner/joint_limits_extension.h
[32.463s] -- Up-to-date: /home/a/ws_nhk/install/pilz_industrial_motion_planner/include/pilz_industrial_motion_planner/capability_names.h
[32.463s] -- Up-to-date: /home/a/ws_nhk/install/pilz_industrial_motion_planner/include/pilz_industrial_motion_planner/trajectory_blend_response.h
[32.463s] -- Up-to-date: /home/a/ws_nhk/install/pilz_industrial_motion_planner/include/pilz_industrial_motion_planner/path_circle_generator.h
[32.463s] -- Up-to-date: /home/a/ws_nhk/install/pilz_industrial_motion_planner/include/pilz_industrial_motion_planner/move_group_sequence_service.h
[32.463s] -- Up-to-date: /home/a/ws_nhk/install/pilz_industrial_motion_planner/include/pilz_industrial_motion_planner/planning_context_circ.h
[32.463s] -- Up-to-date: /home/a/ws_nhk/install/pilz_industrial_motion_planner/include/pilz_industrial_motion_planner/planning_context_base.h
[32.463s] -- Up-to-date: /home/a/ws_nhk/install/pilz_industrial_motion_planner/include/pilz_industrial_motion_planner/plan_components_builder.h
[32.463s] -- Up-to-date: /home/a/ws_nhk/install/pilz_industrial_motion_planner/include/pilz_industrial_motion_planner/planning_context_lin.h
[32.463s] -- Up-to-date: /home/a/ws_nhk/install/pilz_industrial_motion_planner/include/pilz_industrial_motion_planner/planning_context_loader.h
[32.463s] -- Up-to-date: /home/a/ws_nhk/install/pilz_industrial_motion_planner/include/pilz_industrial_motion_planner/tip_frame_getter.h
[32.463s] -- Up-to-date: /home/a/ws_nhk/install/pilz_industrial_motion_planner/include/pilz_industrial_motion_planner/trajectory_generator_lin.h
[32.463s] -- Up-to-date: /home/a/ws_nhk/install/pilz_industrial_motion_planner/include/pilz_industrial_motion_planner/joint_limits_interface_extension.h
[32.463s] -- Up-to-date: /home/a/ws_nhk/install/pilz_industrial_motion_planner/include/pilz_industrial_motion_planner/trajectory_generator_ptp.h
[32.463s] -- Up-to-date: /home/a/ws_nhk/install/pilz_industrial_motion_planner/include/pilz_industrial_motion_planner/planning_context_loader_lin.h
[32.464s] -- Up-to-date: /home/a/ws_nhk/install/pilz_industrial_motion_planner/include/pilz_industrial_motion_planner/command_list_manager.h
[32.464s] -- Up-to-date: /home/a/ws_nhk/install/pilz_industrial_motion_planner/include/pilz_industrial_motion_planner/trajectory_blender.h
[32.464s] -- Up-to-date: /home/a/ws_nhk/install/pilz_industrial_motion_planner/include/pilz_industrial_motion_planner/limits_container.h
[32.464s] -- Up-to-date: /home/a/ws_nhk/install/pilz_industrial_motion_planner/include/pilz_industrial_motion_planner/trajectory_generator_circ.h
[32.464s] -- Up-to-date: /home/a/ws_nhk/install/pilz_industrial_motion_planner/include/pilz_industrial_motion_planner/joint_limits_container.h
[32.464s] -- Up-to-date: /home/a/ws_nhk/install/pilz_industrial_motion_planner/include/pilz_industrial_motion_planner/trajectory_blend_request.h
[32.464s] -- Up-to-date: /home/a/ws_nhk/install/pilz_industrial_motion_planner/include/pilz_industrial_motion_planner/velocity_profile_atrap.h
[32.464s] -- Up-to-date: /home/a/ws_nhk/install/pilz_industrial_motion_planner/include/pilz_industrial_motion_planner/cartesian_limit.h
[32.464s] -- Up-to-date: /home/a/ws_nhk/install/pilz_industrial_motion_planner/include/pilz_industrial_motion_planner/move_group_sequence_action.h
[32.464s] -- Up-to-date: /home/a/ws_nhk/install/pilz_industrial_motion_planner/include/pilz_industrial_motion_planner/planning_context_loader_circ.h
[32.464s] -- Up-to-date: /home/a/ws_nhk/install/pilz_industrial_motion_planner/include/pilz_industrial_motion_planner/trajectory_generation_exceptions.h
[32.464s] -- Up-to-date: /home/a/ws_nhk/install/pilz_industrial_motion_planner/share/pilz_industrial_motion_planner/environment/library_path.sh
[32.464s] -- Up-to-date: /home/a/ws_nhk/install/pilz_industrial_motion_planner/share/pilz_industrial_motion_planner/environment/library_path.dsv
[32.464s] -- Installing: /home/a/ws_nhk/install/pilz_industrial_motion_planner/lib/pilz_industrial_motion_planner/unittest_pilz_industrial_motion_planner_direct
[32.465s] -- Set runtime path of "/home/a/ws_nhk/install/pilz_industrial_motion_planner/lib/pilz_industrial_motion_planner/unittest_pilz_industrial_motion_planner_direct" to ""
[32.465s] -- Installing: /home/a/ws_nhk/install/pilz_industrial_motion_planner/lib/pilz_industrial_motion_planner/unittest_velocity_profile_atrap
[32.465s] -- Set runtime path of "/home/a/ws_nhk/install/pilz_industrial_motion_planner/lib/pilz_industrial_motion_planner/unittest_velocity_profile_atrap" to ""
[32.465s] -- Installing: /home/a/ws_nhk/install/pilz_industrial_motion_planner/lib/pilz_industrial_motion_planner/unittest_trajectory_generator
[32.466s] -- Set runtime path of "/home/a/ws_nhk/install/pilz_industrial_motion_planner/lib/pilz_industrial_motion_planner/unittest_trajectory_generator" to ""
[32.466s] -- Installing: /home/a/ws_nhk/install/pilz_industrial_motion_planner/lib/pilz_industrial_motion_planner/unittest_trajectory_functions
[32.467s] -- Set runtime path of "/home/a/ws_nhk/install/pilz_industrial_motion_planner/lib/pilz_industrial_motion_planner/unittest_trajectory_functions" to ""
[32.467s] -- Installing: /home/a/ws_nhk/install/pilz_industrial_motion_planner/lib/pilz_industrial_motion_planner/unittest_trajectory_blender_transition_window
[32.468s] -- Set runtime path of "/home/a/ws_nhk/install/pilz_industrial_motion_planner/lib/pilz_industrial_motion_planner/unittest_trajectory_blender_transition_window" to ""
[32.468s] -- Installing: /home/a/ws_nhk/install/pilz_industrial_motion_planner/lib/pilz_industrial_motion_planner/unittest_trajectory_generator_common
[32.469s] -- Set runtime path of "/home/a/ws_nhk/install/pilz_industrial_motion_planner/lib/pilz_industrial_motion_planner/unittest_trajectory_generator_common" to ""
[32.469s] -- Installing: /home/a/ws_nhk/install/pilz_industrial_motion_planner/lib/pilz_industrial_motion_planner/unittest_trajectory_generator_circ
[32.470s] -- Set runtime path of "/home/a/ws_nhk/install/pilz_industrial_motion_planner/lib/pilz_industrial_motion_planner/unittest_trajectory_generator_circ" to ""
[32.470s] -- Installing: /home/a/ws_nhk/install/pilz_industrial_motion_planner/lib/pilz_industrial_motion_planner/unittest_trajectory_generator_lin
[32.470s] -- Set runtime path of "/home/a/ws_nhk/install/pilz_industrial_motion_planner/lib/pilz_industrial_motion_planner/unittest_trajectory_generator_lin" to ""
[32.470s] -- Installing: /home/a/ws_nhk/install/pilz_industrial_motion_planner/lib/pilz_industrial_motion_planner/unittest_trajectory_generator_ptp
[32.471s] -- Set runtime path of "/home/a/ws_nhk/install/pilz_industrial_motion_planner/lib/pilz_industrial_motion_planner/unittest_trajectory_generator_ptp" to ""
[32.471s] -- Installing: /home/a/ws_nhk/install/pilz_industrial_motion_planner/lib/pilz_industrial_motion_planner/unittest_pilz_industrial_motion_planner
[32.472s] -- Set runtime path of "/home/a/ws_nhk/install/pilz_industrial_motion_planner/lib/pilz_industrial_motion_planner/unittest_pilz_industrial_motion_planner" to ""
[32.472s] -- Installing: /home/a/ws_nhk/install/pilz_industrial_motion_planner/lib/pilz_industrial_motion_planner/unittest_joint_limit
[32.473s] -- Set runtime path of "/home/a/ws_nhk/install/pilz_industrial_motion_planner/lib/pilz_industrial_motion_planner/unittest_joint_limit" to ""
[32.473s] -- Installing: /home/a/ws_nhk/install/pilz_industrial_motion_planner/lib/pilz_industrial_motion_planner/unittest_joint_limits_aggregator
[32.473s] -- Set runtime path of "/home/a/ws_nhk/install/pilz_industrial_motion_planner/lib/pilz_industrial_motion_planner/unittest_joint_limits_aggregator" to ""
[32.473s] -- Installing: /home/a/ws_nhk/install/pilz_industrial_motion_planner/lib/pilz_industrial_motion_planner/unittest_joint_limits_container
[32.474s] -- Set runtime path of "/home/a/ws_nhk/install/pilz_industrial_motion_planner/lib/pilz_industrial_motion_planner/unittest_joint_limits_container" to ""
[32.474s] -- Installing: /home/a/ws_nhk/install/pilz_industrial_motion_planner/lib/pilz_industrial_motion_planner/unittest_joint_limits_validator
[32.475s] -- Set runtime path of "/home/a/ws_nhk/install/pilz_industrial_motion_planner/lib/pilz_industrial_motion_planner/unittest_joint_limits_validator" to ""
[32.475s] -- Installing: /home/a/ws_nhk/install/pilz_industrial_motion_planner/lib/pilz_industrial_motion_planner/unittest_cartesian_limits_aggregator
[32.475s] -- Set runtime path of "/home/a/ws_nhk/install/pilz_industrial_motion_planner/lib/pilz_industrial_motion_planner/unittest_cartesian_limits_aggregator" to ""
[32.475s] -- Installing: /home/a/ws_nhk/install/pilz_industrial_motion_planner/lib/pilz_industrial_motion_planner/unittest_planning_context_loaders
[32.476s] -- Set runtime path of "/home/a/ws_nhk/install/pilz_industrial_motion_planner/lib/pilz_industrial_motion_planner/unittest_planning_context_loaders" to ""
[32.476s] -- Installing: /home/a/ws_nhk/install/pilz_industrial_motion_planner/lib/pilz_industrial_motion_planner/unittest_planning_context
[32.477s] -- Set runtime path of "/home/a/ws_nhk/install/pilz_industrial_motion_planner/lib/pilz_industrial_motion_planner/unittest_planning_context" to ""
[32.477s] -- Installing: /home/a/ws_nhk/install/pilz_industrial_motion_planner/lib/pilz_industrial_motion_planner/unittest_get_solver_tip_frame
[32.478s] -- Set runtime path of "/home/a/ws_nhk/install/pilz_industrial_motion_planner/lib/pilz_industrial_motion_planner/unittest_get_solver_tip_frame" to ""
[32.478s] -- Up-to-date: /home/a/ws_nhk/install/pilz_industrial_motion_planner/share/pilz_industrial_motion_planner/config
[32.478s] -- Up-to-date: /home/a/ws_nhk/install/pilz_industrial_motion_planner/share/pilz_industrial_motion_planner/config/unittest_trajectory_generator_lin.yaml
[32.478s] -- Up-to-date: /home/a/ws_nhk/install/pilz_industrial_motion_planner/share/pilz_industrial_motion_planner/config/unittest_joint_limit_config.yaml
[32.478s] -- Up-to-date: /home/a/ws_nhk/install/pilz_industrial_motion_planner/share/pilz_industrial_motion_planner/config/unittest_cartesian_limits_aggregator.yaml
[32.479s] -- Up-to-date: /home/a/ws_nhk/install/pilz_industrial_motion_planner/share/pilz_industrial_motion_planner/config/unittest_trajectory_generator_ptp.yaml
[32.479s] -- Up-to-date: /home/a/ws_nhk/install/pilz_industrial_motion_planner/share/pilz_industrial_motion_planner/config/unittest_trajectory_generator_common.yaml
[32.479s] -- Up-to-date: /home/a/ws_nhk/install/pilz_industrial_motion_planner/share/pilz_industrial_motion_planner/config/unittest_trajectory_blender_transition_window.yaml
[32.479s] -- Up-to-date: /home/a/ws_nhk/install/pilz_industrial_motion_planner/share/pilz_industrial_motion_planner/config/unittest_trajectory_generator_circ.yaml
[32.479s] -- Up-to-date: /home/a/ws_nhk/install/pilz_industrial_motion_planner/share/pilz_industrial_motion_planner/config/unittest_joint_limits_aggregator.yaml
[32.479s] -- Up-to-date: /home/a/ws_nhk/install/pilz_industrial_motion_planner/share/pilz_industrial_motion_planner/config/unittest_trajectory_functions.yaml
[32.479s] -- Up-to-date: /home/a/ws_nhk/install/pilz_industrial_motion_planner/share/pilz_industrial_motion_planner/launch
[32.479s] -- Up-to-date: /home/a/ws_nhk/install/pilz_industrial_motion_planner/share/pilz_industrial_motion_planner/launch/unittest_trajectory_blender_transition_window.test.py
[32.479s] -- Up-to-date: /home/a/ws_nhk/install/pilz_industrial_motion_planner/share/pilz_industrial_motion_planner/launch/unittest_planning_context.test.py
[32.479s] -- Up-to-date: /home/a/ws_nhk/install/pilz_industrial_motion_planner/share/pilz_industrial_motion_planner/launch/unittest_cartesian_limits_aggregator.test.py
[32.479s] -- Up-to-date: /home/a/ws_nhk/install/pilz_industrial_motion_planner/share/pilz_industrial_motion_planner/launch/unittest_trajectory_functions.test.py
[32.479s] -- Up-to-date: /home/a/ws_nhk/install/pilz_industrial_motion_planner/share/pilz_industrial_motion_planner/launch/unittest_trajectory_generator_lin.test.py
[32.479s] -- Up-to-date: /home/a/ws_nhk/install/pilz_industrial_motion_planner/share/pilz_industrial_motion_planner/launch/unittest_trajectory_generator_ptp.test.py
[32.479s] -- Up-to-date: /home/a/ws_nhk/install/pilz_industrial_motion_planner/share/pilz_industrial_motion_planner/launch/common_parameters.py
[32.479s] -- Up-to-date: /home/a/ws_nhk/install/pilz_industrial_motion_planner/share/pilz_industrial_motion_planner/launch/unittest_joint_limit.test.py
[32.479s] -- Up-to-date: /home/a/ws_nhk/install/pilz_industrial_motion_planner/share/pilz_industrial_motion_planner/launch/unittest_trajectory_generator_circ.test.py
[32.479s] -- Up-to-date: /home/a/ws_nhk/install/pilz_industrial_motion_planner/share/pilz_industrial_motion_planner/launch/unittest_trajectory_generator_common.test.py
[32.479s] -- Up-to-date: /home/a/ws_nhk/install/pilz_industrial_motion_planner/share/pilz_industrial_motion_planner/launch/unittest_pilz_industrial_motion_planner.test.py
[32.479s] -- Up-to-date: /home/a/ws_nhk/install/pilz_industrial_motion_planner/share/pilz_industrial_motion_planner/launch/unittest_planning_context_loaders.test.py
[32.479s] -- Up-to-date: /home/a/ws_nhk/install/pilz_industrial_motion_planner/share/pilz_industrial_motion_planner/launch/unittest_joint_limits_aggregator.test.py
[32.479s] -- Up-to-date: /home/a/ws_nhk/install/pilz_industrial_motion_planner/share/pilz_industrial_motion_planner/test_data
[32.479s] -- Up-to-date: /home/a/ws_nhk/install/pilz_industrial_motion_planner/share/pilz_industrial_motion_planner/test_data/concept_testdata.odp
[32.479s] -- Up-to-date: /home/a/ws_nhk/install/pilz_industrial_motion_planner/share/pilz_industrial_motion_planner/test_data/frankaemika_panda
[32.480s] -- Up-to-date: /home/a/ws_nhk/install/pilz_industrial_motion_planner/share/pilz_industrial_motion_planner/test_data/frankaemika_panda/testdata_sequence.xml
[32.480s] -- Up-to-date: /home/a/ws_nhk/install/pilz_industrial_motion_planner/share/pilz_industrial_motion_planner/test_data/prbt
[32.480s] -- Up-to-date: /home/a/ws_nhk/install/pilz_industrial_motion_planner/share/pilz_industrial_motion_planner/test_data/prbt/testdata_deprecated.xml
[32.480s] -- Up-to-date: /home/a/ws_nhk/install/pilz_industrial_motion_planner/share/pilz_industrial_motion_planner/test_data/prbt/testdata_sequence.xml
[32.480s] -- Up-to-date: /home/a/ws_nhk/install/pilz_industrial_motion_planner/share/pilz_industrial_motion_planner/test_data/prbt/testdata_with_gripper.xml
[32.480s] -- Up-to-date: /home/a/ws_nhk/install/pilz_industrial_motion_planner/share/pilz_industrial_motion_planner/test_data/testpoints.py
[32.480s] -- Up-to-date: /home/a/ws_nhk/install/pilz_industrial_motion_planner/share/pilz_industrial_motion_planner/test_data/concept_testdata.png
[32.480s] -- Up-to-date: /home/a/ws_nhk/install/pilz_industrial_motion_planner/share/ament_index/resource_index/package_run_dependencies/pilz_industrial_motion_planner
[32.480s] -- Up-to-date: /home/a/ws_nhk/install/pilz_industrial_motion_planner/share/ament_index/resource_index/parent_prefix_path/pilz_industrial_motion_planner
[32.480s] -- Up-to-date: /home/a/ws_nhk/install/pilz_industrial_motion_planner/share/pilz_industrial_motion_planner/environment/ament_prefix_path.sh
[32.480s] -- Up-to-date: /home/a/ws_nhk/install/pilz_industrial_motion_planner/share/pilz_industrial_motion_planner/environment/ament_prefix_path.dsv
[32.480s] -- Up-to-date: /home/a/ws_nhk/install/pilz_industrial_motion_planner/share/pilz_industrial_motion_planner/environment/path.sh
[32.480s] -- Up-to-date: /home/a/ws_nhk/install/pilz_industrial_motion_planner/share/pilz_industrial_motion_planner/environment/path.dsv
[32.480s] -- Up-to-date: /home/a/ws_nhk/install/pilz_industrial_motion_planner/share/pilz_industrial_motion_planner/local_setup.bash
[32.480s] -- Up-to-date: /home/a/ws_nhk/install/pilz_industrial_motion_planner/share/pilz_industrial_motion_planner/local_setup.sh
[32.480s] -- Up-to-date: /home/a/ws_nhk/install/pilz_industrial_motion_planner/share/pilz_industrial_motion_planner/local_setup.zsh
[32.480s] -- Up-to-date: /home/a/ws_nhk/install/pilz_industrial_motion_planner/share/pilz_industrial_motion_planner/local_setup.dsv
[32.480s] -- Installing: /home/a/ws_nhk/install/pilz_industrial_motion_planner/share/pilz_industrial_motion_planner/package.dsv
[32.480s] -- Up-to-date: /home/a/ws_nhk/install/pilz_industrial_motion_planner/share/ament_index/resource_index/packages/pilz_industrial_motion_planner
[32.480s] -- Up-to-date: /home/a/ws_nhk/install/pilz_industrial_motion_planner/share/ament_index/resource_index/moveit_core__pluginlib__plugin/pilz_industrial_motion_planner
[32.480s] -- Up-to-date: /home/a/ws_nhk/install/pilz_industrial_motion_planner/share/ament_index/resource_index/moveit_ros_move_group__pluginlib__plugin/pilz_industrial_motion_planner
[32.480s] -- Up-to-date: /home/a/ws_nhk/install/pilz_industrial_motion_planner/share/ament_index/resource_index/pilz_industrial_motion_planner__pluginlib__plugin/pilz_industrial_motion_planner
[32.481s] -- Up-to-date: /home/a/ws_nhk/install/pilz_industrial_motion_planner/share/pilz_industrial_motion_planner/cmake/pilz_industrial_motion_plannerTargetsExport.cmake
[32.481s] -- Up-to-date: /home/a/ws_nhk/install/pilz_industrial_motion_planner/share/pilz_industrial_motion_planner/cmake/pilz_industrial_motion_plannerTargetsExport-release.cmake
[32.481s] -- Up-to-date: /home/a/ws_nhk/install/pilz_industrial_motion_planner/share/pilz_industrial_motion_planner/cmake/ament_cmake_export_include_directories-extras.cmake
[32.481s] -- Up-to-date: /home/a/ws_nhk/install/pilz_industrial_motion_planner/share/pilz_industrial_motion_planner/cmake/ament_cmake_export_targets-extras.cmake
[32.481s] -- Up-to-date: /home/a/ws_nhk/install/pilz_industrial_motion_planner/share/pilz_industrial_motion_planner/cmake/ament_cmake_export_dependencies-extras.cmake
[32.481s] -- Up-to-date: /home/a/ws_nhk/install/pilz_industrial_motion_planner/share/pilz_industrial_motion_planner/cmake/pilz_industrial_motion_plannerConfig.cmake
[32.481s] -- Up-to-date: /home/a/ws_nhk/install/pilz_industrial_motion_planner/share/pilz_industrial_motion_planner/cmake/pilz_industrial_motion_plannerConfig-version.cmake
[32.481s] -- Up-to-date: /home/a/ws_nhk/install/pilz_industrial_motion_planner/share/pilz_industrial_motion_planner/package.xml
[32.483s] Invoked command in '/home/a/ws_nhk/build/pilz_industrial_motion_planner' returned '0': AMENT_PREFIX_PATH=/home/a/ws_nhk/install/moveit_resources_prbt_pg70_support:/home/a/ws_nhk/install/moveit_ros_planning_interface:/home/a/ws_nhk/install/moveit_resources_prbt_moveit_config:/home/a/ws_nhk/install/moveit_ros_move_group:/home/a/ws_nhk/install/moveit_ros_warehouse:/home/a/ws_nhk/install/moveit_planners_ompl:/home/a/ws_nhk/install/moveit_kinematics:/home/a/ws_nhk/install/trac_ik:/home/a/ws_nhk/install/moveit_ros_planning:/home/a/ws_nhk/install/trac_ik_kinematics_plugin:/home/a/ws_nhk/install/pilz_industrial_motion_planner_testutils:/home/a/ws_nhk/install/moveit_simple_controller_manager:/home/a/ws_nhk/install/moveit_ros_occupancy_map_monitor:/home/a/ws_nhk/install/moveit_resources_prbt_ikfast_manipulator_plugin:/home/a/ws_nhk/install/moveit_core:/home/a/ws_nhk/install/moveit_resources_panda_moveit_config:/home/a/ws_nhk/install/moveit_resources_fanuc_moveit_config:/home/a/ws_nhk/install/moveit_configs_utils:/home/a/ws_nhk/install/trac_ik_lib:/home/a/ws_nhk/install/srdfdom:/home/a/ws_nhk/install/moveit_resources_prbt_support:/home/a/ws_nhk/install/moveit_resources_pr2_description:/home/a/ws_nhk/install/moveit_resources_panda_description:/home/a/ws_nhk/install/moveit_resources_fanuc_description:/home/a/ws_nhk/install/moveit_common:/home/a/ws_nhk/install/launch_param_builder:${AMENT_PREFIX_PATH} CMAKE_PREFIX_PATH=/home/a/ws_nhk/install/moveit_resources_prbt_pg70_support:/home/a/ws_nhk/install/moveit_ros_planning_interface:/home/a/ws_nhk/install/moveit_resources_prbt_moveit_config:/home/a/ws_nhk/install/moveit_ros_move_group:/home/a/ws_nhk/install/moveit_ros_warehouse:/home/a/ws_nhk/install/moveit_planners_ompl:/home/a/ws_nhk/install/moveit_kinematics:/home/a/ws_nhk/install/trac_ik:/home/a/ws_nhk/install/moveit_ros_planning:/home/a/ws_nhk/install/trac_ik_kinematics_plugin:/home/a/ws_nhk/install/pilz_industrial_motion_planner_testutils:/home/a/ws_nhk/install/moveit_simple_controller_manager:/home/a/ws_nhk/install/moveit_ros_occupancy_map_monitor:/home/a/ws_nhk/install/moveit_resources_prbt_ikfast_manipulator_plugin:/home/a/ws_nhk/install/moveit_core:/home/a/ws_nhk/install/moveit_resources_panda_moveit_config:/home/a/ws_nhk/install/moveit_resources_fanuc_moveit_config:/home/a/ws_nhk/install/trac_ik_lib:/home/a/ws_nhk/install/srdfdom:/home/a/ws_nhk/install/moveit_resources_prbt_support:/home/a/ws_nhk/install/moveit_resources_pr2_description:/home/a/ws_nhk/install/moveit_resources_panda_description:/home/a/ws_nhk/install/moveit_resources_fanuc_description:/home/a/ws_nhk/install/moveit_common:/home/a/install/field_description_test:/opt/ros/humble LD_LIBRARY_PATH=/home/a/ws_nhk/install/moveit_ros_planning_interface/lib:/home/a/ws_nhk/install/moveit_ros_move_group/lib:/home/a/ws_nhk/install/moveit_ros_warehouse/lib:/home/a/ws_nhk/install/moveit_planners_ompl/lib:/home/a/ws_nhk/install/moveit_kinematics/lib:/home/a/ws_nhk/install/moveit_ros_planning/lib:/home/a/ws_nhk/install/trac_ik_kinematics_plugin/lib:/home/a/ws_nhk/install/pilz_industrial_motion_planner_testutils/lib:/home/a/ws_nhk/install/moveit_simple_controller_manager/lib:/home/a/ws_nhk/install/moveit_ros_occupancy_map_monitor/lib:/home/a/ws_nhk/install/moveit_resources_prbt_ikfast_manipulator_plugin/lib:/home/a/ws_nhk/install/moveit_core/lib:/home/a/ws_nhk/install/trac_ik_lib/lib:/home/a/ws_nhk/install/srdfdom/lib:${LD_LIBRARY_PATH} PATH=/home/a/ws_nhk/install/moveit_core/bin:${PATH} PYTHONPATH=/home/a/ws_nhk/install/moveit_configs_utils/lib/python3.10/site-packages:/home/a/ws_nhk/install/srdfdom/local/lib/python3.10/dist-packages:/home/a/ws_nhk/install/launch_param_builder/lib/python3.10/site-packages:${PYTHONPATH} /usr/bin/cmake --install /home/a/ws_nhk/build/pilz_industrial_motion_planner
