[0.008s] Invoking command in '/home/a/ws_nhk/build/nhk_bt': CMAKE_PREFIX_PATH=${CMAKE_PREFIX_PATH}:/opt/ros/humble /usr/bin/cmake /home/a/ws_nhk/src/nhk_bt -DCMAKE_BUILD_TYPE=Release -DCMAKE_INSTALL_PREFIX=/home/a/ws_nhk/install/nhk_bt
[0.019s] -- Found ament_cmake: 1.3.12 (/opt/ros/humble/share/ament_cmake/cmake)
[0.123s] -- Found rclcpp: 16.0.16 (/opt/ros/humble/share/rclcpp/cmake)
[0.144s] -- Found rosidl_generator_c: 3.1.7 (/opt/ros/humble/share/rosidl_generator_c/cmake)
[0.146s] -- Found rosidl_adapter: 3.1.7 (/opt/ros/humble/share/rosidl_adapter/cmake)
[0.150s] -- Found rosidl_generator_cpp: 3.1.7 (/opt/ros/humble/share/rosidl_generator_cpp/cmake)
[0.160s] -- Using all available rosidl_typesupport_c: rosidl_typesupport_fastrtps_c;rosidl_typesupport_introspection_c
[0.168s] -- Using all available rosidl_typesupport_cpp: rosidl_typesupport_fastrtps_cpp;rosidl_typesupport_introspection_cpp
[0.191s] -- Found rmw_implementation_cmake: 6.1.2 (/opt/ros/humble/share/rmw_implementation_cmake/cmake)
[0.192s] -- Found rmw_fastrtps_cpp: 6.2.9 (/opt/ros/humble/share/rmw_fastrtps_cpp/cmake)
[0.274s] -- Using RMW implementation 'rmw_fastrtps_cpp' as default
[0.314s] -- Found sensor_msgs: 4.9.0 (/opt/ros/humble/share/sensor_msgs/cmake)
[0.339s] -- Found behaviortree_cpp: 4.7.1 (/opt/ros/humble/share/behaviortree_cpp/cmake)
[0.344s] -- Found ament_lint_auto: 0.12.14 (/opt/ros/humble/share/ament_lint_auto/cmake)
[0.406s] -- Added test 'cppcheck' to perform static code analysis on C / C++ code
[0.406s] -- Configured cppcheck include dirs: /home/a/ws_nhk/src/nhk_bt/include
[0.406s] -- Configured cppcheck exclude dirs and/or files: 
[0.406s] -- Added test 'flake8' to check Python code syntax and style conventions
[0.406s] -- Added test 'lint_cmake' to check CMake code style
[0.407s] -- Added test 'pep257' to check Python code against some of the docstring style conventions in PEP 257
[0.407s] -- Added test 'uncrustify' to check C / C++ code style
[0.407s] -- Configured uncrustify additional arguments: 
[0.408s] -- Added test 'xmllint' to check XML markup files
[0.408s] -- Configuring done
[0.416s] -- Generating done
[0.419s] -- Build files have been written to: /home/a/ws_nhk/build/nhk_bt
[0.425s] Invoked command in '/home/a/ws_nhk/build/nhk_bt' returned '0': CMAKE_PREFIX_PATH=${CMAKE_PREFIX_PATH}:/opt/ros/humble /usr/bin/cmake /home/a/ws_nhk/src/nhk_bt -DCMAKE_BUILD_TYPE=Release -DCMAKE_INSTALL_PREFIX=/home/a/ws_nhk/install/nhk_bt
[0.426s] Invoking command in '/home/a/ws_nhk/build/nhk_bt': CMAKE_PREFIX_PATH=${CMAKE_PREFIX_PATH}:/opt/ros/humble /usr/bin/cmake --build /home/a/ws_nhk/build/nhk_bt -- -j22 -l22
[0.463s] [35m[1mConsolidate compiler generated dependencies of target remote_control_bt_node[0m
[0.479s] [ 50%] [32mBuilding CXX object CMakeFiles/remote_control_bt_node.dir/src/remote_control_bt_node.cpp.o[0m
[10.776s] [100%] [32m[1mLinking CXX executable remote_control_bt_node[0m
[10.913s] [100%] Built target remote_control_bt_node
[10.925s] Invoked command in '/home/a/ws_nhk/build/nhk_bt' returned '0': CMAKE_PREFIX_PATH=${CMAKE_PREFIX_PATH}:/opt/ros/humble /usr/bin/cmake --build /home/a/ws_nhk/build/nhk_bt -- -j22 -l22
[10.926s] Invoking command in '/home/a/ws_nhk/build/nhk_bt': CMAKE_PREFIX_PATH=${CMAKE_PREFIX_PATH}:/opt/ros/humble /usr/bin/cmake --install /home/a/ws_nhk/build/nhk_bt
[10.933s] -- Install configuration: "Release"
[10.934s] -- Installing: /home/a/ws_nhk/install/nhk_bt/lib/nhk_bt/remote_control_bt_node
[10.934s] -- Set runtime path of "/home/a/ws_nhk/install/nhk_bt/lib/nhk_bt/remote_control_bt_node" to ""
[10.934s] -- Up-to-date: /home/a/ws_nhk/install/nhk_bt/share/nhk_bt/config
[10.934s] -- Up-to-date: /home/a/ws_nhk/install/nhk_bt/share/nhk_bt/config/remote_control_sequence.xml
[10.935s] -- Up-to-date: /home/a/ws_nhk/install/nhk_bt/share/nhk_bt/launch
[10.935s] -- Up-to-date: /home/a/ws_nhk/install/nhk_bt/share/nhk_bt/launch/remote_control_bt.launch.py
[10.935s] -- Up-to-date: /home/a/ws_nhk/install/nhk_bt/include
[10.935s] -- Up-to-date: /home/a/ws_nhk/install/nhk_bt/include/nhk_bt
[10.935s] -- Up-to-date: /home/a/ws_nhk/install/nhk_bt/include/nhk_bt/remote_control_nodes.hpp
[10.935s] -- Up-to-date: /home/a/ws_nhk/install/nhk_bt/share/ament_index/resource_index/package_run_dependencies/nhk_bt
[10.935s] -- Up-to-date: /home/a/ws_nhk/install/nhk_bt/share/ament_index/resource_index/parent_prefix_path/nhk_bt
[10.935s] -- Up-to-date: /home/a/ws_nhk/install/nhk_bt/share/nhk_bt/environment/ament_prefix_path.sh
[10.935s] -- Installing: /home/a/ws_nhk/install/nhk_bt/share/nhk_bt/environment/ament_prefix_path.dsv
[10.935s] -- Up-to-date: /home/a/ws_nhk/install/nhk_bt/share/nhk_bt/environment/path.sh
[10.935s] -- Installing: /home/a/ws_nhk/install/nhk_bt/share/nhk_bt/environment/path.dsv
[10.935s] -- Up-to-date: /home/a/ws_nhk/install/nhk_bt/share/nhk_bt/local_setup.bash
[10.935s] -- Up-to-date: /home/a/ws_nhk/install/nhk_bt/share/nhk_bt/local_setup.sh
[10.935s] -- Up-to-date: /home/a/ws_nhk/install/nhk_bt/share/nhk_bt/local_setup.zsh
[10.935s] -- Installing: /home/a/ws_nhk/install/nhk_bt/share/nhk_bt/local_setup.dsv
[10.936s] -- Installing: /home/a/ws_nhk/install/nhk_bt/share/nhk_bt/package.dsv
[10.936s] -- Up-to-date: /home/a/ws_nhk/install/nhk_bt/share/ament_index/resource_index/packages/nhk_bt
[10.936s] -- Up-to-date: /home/a/ws_nhk/install/nhk_bt/share/nhk_bt/cmake/nhk_btConfig.cmake
[10.936s] -- Up-to-date: /home/a/ws_nhk/install/nhk_bt/share/nhk_bt/cmake/nhk_btConfig-version.cmake
[10.936s] -- Up-to-date: /home/a/ws_nhk/install/nhk_bt/share/nhk_bt/package.xml
[10.937s] Invoked command in '/home/a/ws_nhk/build/nhk_bt' returned '0': CMAKE_PREFIX_PATH=${CMAKE_PREFIX_PATH}:/opt/ros/humble /usr/bin/cmake --install /home/a/ws_nhk/build/nhk_bt
