[0.050s] Invoking command in '/home/a/ws_nhk/build/moveit_ros_move_group': AMENT_PREFIX_PATH=/home/a/ws_nhk/install/moveit_kinematics:/home/a/ws_nhk/install/trac_ik:/home/a/ws_nhk/install/moveit_ros_planning:/home/a/ws_nhk/install/trac_ik_kinematics_plugin:/home/a/ws_nhk/install/moveit_ros_occupancy_map_monitor:/home/a/ws_nhk/install/moveit_core:/home/a/ws_nhk/install/moveit_resources_panda_moveit_config:/home/a/ws_nhk/install/moveit_resources_fanuc_moveit_config:/home/a/ws_nhk/install/moveit_configs_utils:/home/a/ws_nhk/install/trac_ik_lib:/home/a/ws_nhk/install/srdfdom:/home/a/ws_nhk/install/moveit_resources_pr2_description:/home/a/ws_nhk/install/moveit_resources_panda_description:/home/a/ws_nhk/install/moveit_resources_fanuc_description:/home/a/ws_nhk/install/moveit_common:/home/a/ws_nhk/install/launch_param_builder:${AMENT_PREFIX_PATH} CMAKE_PREFIX_PATH=/home/a/ws_nhk/install/moveit_kinematics:/home/a/ws_nhk/install/trac_ik:/home/a/ws_nhk/install/moveit_ros_planning:/home/a/ws_nhk/install/trac_ik_kinematics_plugin:/home/a/ws_nhk/install/moveit_ros_occupancy_map_monitor:/home/a/ws_nhk/install/moveit_core:/home/a/ws_nhk/install/moveit_resources_panda_moveit_config:/home/a/ws_nhk/install/moveit_resources_fanuc_moveit_config:/home/a/ws_nhk/install/trac_ik_lib:/home/a/ws_nhk/install/srdfdom:/home/a/ws_nhk/install/moveit_resources_pr2_description:/home/a/ws_nhk/install/moveit_resources_panda_description:/home/a/ws_nhk/install/moveit_resources_fanuc_description:/home/a/ws_nhk/install/moveit_common:/home/a/install/field_description_test:/opt/ros/humble LD_LIBRARY_PATH=/home/a/ws_nhk/install/moveit_kinematics/lib:/home/a/ws_nhk/install/moveit_ros_planning/lib:/home/a/ws_nhk/install/trac_ik_kinematics_plugin/lib:/home/a/ws_nhk/install/moveit_ros_occupancy_map_monitor/lib:/home/a/ws_nhk/install/moveit_core/lib:/home/a/ws_nhk/install/trac_ik_lib/lib:/home/a/ws_nhk/install/srdfdom/lib:${LD_LIBRARY_PATH} PATH=/home/a/ws_nhk/install/moveit_core/bin:${PATH} PYTHONPATH=/home/a/ws_nhk/install/moveit_configs_utils/lib/python3.10/site-packages:/home/a/ws_nhk/install/srdfdom/local/lib/python3.10/dist-packages:/home/a/ws_nhk/install/launch_param_builder/lib/python3.10/site-packages:${PYTHONPATH} /usr/bin/cmake --build /home/a/ws_nhk/build/moveit_ros_move_group -- -j22 -l22
[0.147s] [  5%] [32m[1mLinking CXX executable list_move_group_capabilities[0m
[0.153s] [ 10%] [32m[1mLinking CXX shared library libmoveit_move_group_capabilities_base.so[0m
[0.416s] [ 15%] Built target list_move_group_capabilities
[0.436s] [ 26%] Built target moveit_move_group_capabilities_base
[0.489s] [ 31%] [32m[1mLinking CXX executable move_group[0m
[0.524s] [ 36%] [32m[1mLinking CXX shared library libmoveit_move_group_default_capabilities.so[0m
[1.001s] [ 42%] Built target move_group
[1.109s] [100%] Built target moveit_move_group_default_capabilities
[1.121s] Invoked command in '/home/a/ws_nhk/build/moveit_ros_move_group' returned '0': AMENT_PREFIX_PATH=/home/a/ws_nhk/install/moveit_kinematics:/home/a/ws_nhk/install/trac_ik:/home/a/ws_nhk/install/moveit_ros_planning:/home/a/ws_nhk/install/trac_ik_kinematics_plugin:/home/a/ws_nhk/install/moveit_ros_occupancy_map_monitor:/home/a/ws_nhk/install/moveit_core:/home/a/ws_nhk/install/moveit_resources_panda_moveit_config:/home/a/ws_nhk/install/moveit_resources_fanuc_moveit_config:/home/a/ws_nhk/install/moveit_configs_utils:/home/a/ws_nhk/install/trac_ik_lib:/home/a/ws_nhk/install/srdfdom:/home/a/ws_nhk/install/moveit_resources_pr2_description:/home/a/ws_nhk/install/moveit_resources_panda_description:/home/a/ws_nhk/install/moveit_resources_fanuc_description:/home/a/ws_nhk/install/moveit_common:/home/a/ws_nhk/install/launch_param_builder:${AMENT_PREFIX_PATH} CMAKE_PREFIX_PATH=/home/a/ws_nhk/install/moveit_kinematics:/home/a/ws_nhk/install/trac_ik:/home/a/ws_nhk/install/moveit_ros_planning:/home/a/ws_nhk/install/trac_ik_kinematics_plugin:/home/a/ws_nhk/install/moveit_ros_occupancy_map_monitor:/home/a/ws_nhk/install/moveit_core:/home/a/ws_nhk/install/moveit_resources_panda_moveit_config:/home/a/ws_nhk/install/moveit_resources_fanuc_moveit_config:/home/a/ws_nhk/install/trac_ik_lib:/home/a/ws_nhk/install/srdfdom:/home/a/ws_nhk/install/moveit_resources_pr2_description:/home/a/ws_nhk/install/moveit_resources_panda_description:/home/a/ws_nhk/install/moveit_resources_fanuc_description:/home/a/ws_nhk/install/moveit_common:/home/a/install/field_description_test:/opt/ros/humble LD_LIBRARY_PATH=/home/a/ws_nhk/install/moveit_kinematics/lib:/home/a/ws_nhk/install/moveit_ros_planning/lib:/home/a/ws_nhk/install/trac_ik_kinematics_plugin/lib:/home/a/ws_nhk/install/moveit_ros_occupancy_map_monitor/lib:/home/a/ws_nhk/install/moveit_core/lib:/home/a/ws_nhk/install/trac_ik_lib/lib:/home/a/ws_nhk/install/srdfdom/lib:${LD_LIBRARY_PATH} PATH=/home/a/ws_nhk/install/moveit_core/bin:${PATH} PYTHONPATH=/home/a/ws_nhk/install/moveit_configs_utils/lib/python3.10/site-packages:/home/a/ws_nhk/install/srdfdom/local/lib/python3.10/dist-packages:/home/a/ws_nhk/install/launch_param_builder/lib/python3.10/site-packages:${PYTHONPATH} /usr/bin/cmake --build /home/a/ws_nhk/build/moveit_ros_move_group -- -j22 -l22
[1.123s] Invoking command in '/home/a/ws_nhk/build/moveit_ros_move_group': AMENT_PREFIX_PATH=/home/a/ws_nhk/install/moveit_kinematics:/home/a/ws_nhk/install/trac_ik:/home/a/ws_nhk/install/moveit_ros_planning:/home/a/ws_nhk/install/trac_ik_kinematics_plugin:/home/a/ws_nhk/install/moveit_ros_occupancy_map_monitor:/home/a/ws_nhk/install/moveit_core:/home/a/ws_nhk/install/moveit_resources_panda_moveit_config:/home/a/ws_nhk/install/moveit_resources_fanuc_moveit_config:/home/a/ws_nhk/install/moveit_configs_utils:/home/a/ws_nhk/install/trac_ik_lib:/home/a/ws_nhk/install/srdfdom:/home/a/ws_nhk/install/moveit_resources_pr2_description:/home/a/ws_nhk/install/moveit_resources_panda_description:/home/a/ws_nhk/install/moveit_resources_fanuc_description:/home/a/ws_nhk/install/moveit_common:/home/a/ws_nhk/install/launch_param_builder:${AMENT_PREFIX_PATH} CMAKE_PREFIX_PATH=/home/a/ws_nhk/install/moveit_kinematics:/home/a/ws_nhk/install/trac_ik:/home/a/ws_nhk/install/moveit_ros_planning:/home/a/ws_nhk/install/trac_ik_kinematics_plugin:/home/a/ws_nhk/install/moveit_ros_occupancy_map_monitor:/home/a/ws_nhk/install/moveit_core:/home/a/ws_nhk/install/moveit_resources_panda_moveit_config:/home/a/ws_nhk/install/moveit_resources_fanuc_moveit_config:/home/a/ws_nhk/install/trac_ik_lib:/home/a/ws_nhk/install/srdfdom:/home/a/ws_nhk/install/moveit_resources_pr2_description:/home/a/ws_nhk/install/moveit_resources_panda_description:/home/a/ws_nhk/install/moveit_resources_fanuc_description:/home/a/ws_nhk/install/moveit_common:/home/a/install/field_description_test:/opt/ros/humble LD_LIBRARY_PATH=/home/a/ws_nhk/install/moveit_kinematics/lib:/home/a/ws_nhk/install/moveit_ros_planning/lib:/home/a/ws_nhk/install/trac_ik_kinematics_plugin/lib:/home/a/ws_nhk/install/moveit_ros_occupancy_map_monitor/lib:/home/a/ws_nhk/install/moveit_core/lib:/home/a/ws_nhk/install/trac_ik_lib/lib:/home/a/ws_nhk/install/srdfdom/lib:${LD_LIBRARY_PATH} PATH=/home/a/ws_nhk/install/moveit_core/bin:${PATH} PYTHONPATH=/home/a/ws_nhk/install/moveit_configs_utils/lib/python3.10/site-packages:/home/a/ws_nhk/install/srdfdom/local/lib/python3.10/dist-packages:/home/a/ws_nhk/install/launch_param_builder/lib/python3.10/site-packages:${PYTHONPATH} /usr/bin/cmake --install /home/a/ws_nhk/build/moveit_ros_move_group
[1.136s] -- Install configuration: "Release"
[1.136s] -- Installing: /home/a/ws_nhk/install/moveit_ros_move_group/lib/moveit_ros_move_group/move_group
[1.137s] -- Set runtime path of "/home/a/ws_nhk/install/moveit_ros_move_group/lib/moveit_ros_move_group/move_group" to ""
[1.137s] -- Installing: /home/a/ws_nhk/install/moveit_ros_move_group/lib/moveit_ros_move_group/list_move_group_capabilities
[1.137s] -- Set runtime path of "/home/a/ws_nhk/install/moveit_ros_move_group/lib/moveit_ros_move_group/list_move_group_capabilities" to ""
[1.138s] -- Installing: /home/a/ws_nhk/install/moveit_ros_move_group/lib/libmoveit_move_group_default_capabilities.so.2.5.9
[1.139s] -- Set runtime path of "/home/a/ws_nhk/install/moveit_ros_move_group/lib/libmoveit_move_group_default_capabilities.so.2.5.9" to ""
[1.140s] -- Up-to-date: /home/a/ws_nhk/install/moveit_ros_move_group/lib/libmoveit_move_group_default_capabilities.so
[1.140s] -- Installing: /home/a/ws_nhk/install/moveit_ros_move_group/lib/libmoveit_move_group_capabilities_base.so.2.5.9
[1.140s] -- Set runtime path of "/home/a/ws_nhk/install/moveit_ros_move_group/lib/libmoveit_move_group_capabilities_base.so.2.5.9" to ""
[1.140s] -- Up-to-date: /home/a/ws_nhk/install/moveit_ros_move_group/lib/libmoveit_move_group_capabilities_base.so
[1.140s] -- Up-to-date: /home/a/ws_nhk/install/moveit_ros_move_group/include
[1.140s] -- Up-to-date: /home/a/ws_nhk/install/moveit_ros_move_group/include/moveit
[1.141s] -- Up-to-date: /home/a/ws_nhk/install/moveit_ros_move_group/include/moveit/move_group
[1.141s] -- Up-to-date: /home/a/ws_nhk/install/moveit_ros_move_group/include/moveit/move_group/move_group_capability.h
[1.141s] -- Up-to-date: /home/a/ws_nhk/install/moveit_ros_move_group/include/moveit/move_group/move_group_context.h
[1.141s] -- Up-to-date: /home/a/ws_nhk/install/moveit_ros_move_group/include/moveit/move_group/capability_names.h
[1.141s] -- Up-to-date: /home/a/ws_nhk/install/moveit_ros_move_group/include/moveit/move_group/node_name.h
[1.141s] -- Up-to-date: /home/a/ws_nhk/install/moveit_ros_move_group/share/moveit_ros_move_group/environment/library_path.sh
[1.141s] -- Up-to-date: /home/a/ws_nhk/install/moveit_ros_move_group/share/moveit_ros_move_group/environment/library_path.dsv
[1.141s] -- Up-to-date: /home/a/ws_nhk/install/moveit_ros_move_group/lib/moveit_ros_move_group/load_map
[1.141s] -- Up-to-date: /home/a/ws_nhk/install/moveit_ros_move_group/lib/moveit_ros_move_group/save_map
[1.141s] -- Up-to-date: /home/a/ws_nhk/install/moveit_ros_move_group/share/moveit_ros_move_group/default_capabilities_plugin_description.xml
[1.141s] -- Up-to-date: /home/a/ws_nhk/install/moveit_ros_move_group/share/ament_index/resource_index/package_run_dependencies/moveit_ros_move_group
[1.141s] -- Up-to-date: /home/a/ws_nhk/install/moveit_ros_move_group/share/ament_index/resource_index/parent_prefix_path/moveit_ros_move_group
[1.142s] -- Up-to-date: /home/a/ws_nhk/install/moveit_ros_move_group/share/moveit_ros_move_group/environment/ament_prefix_path.sh
[1.142s] -- Up-to-date: /home/a/ws_nhk/install/moveit_ros_move_group/share/moveit_ros_move_group/environment/ament_prefix_path.dsv
[1.142s] -- Up-to-date: /home/a/ws_nhk/install/moveit_ros_move_group/share/moveit_ros_move_group/environment/path.sh
[1.142s] -- Up-to-date: /home/a/ws_nhk/install/moveit_ros_move_group/share/moveit_ros_move_group/environment/path.dsv
[1.142s] -- Up-to-date: /home/a/ws_nhk/install/moveit_ros_move_group/share/moveit_ros_move_group/local_setup.bash
[1.142s] -- Up-to-date: /home/a/ws_nhk/install/moveit_ros_move_group/share/moveit_ros_move_group/local_setup.sh
[1.142s] -- Up-to-date: /home/a/ws_nhk/install/moveit_ros_move_group/share/moveit_ros_move_group/local_setup.zsh
[1.142s] -- Up-to-date: /home/a/ws_nhk/install/moveit_ros_move_group/share/moveit_ros_move_group/local_setup.dsv
[1.142s] -- Installing: /home/a/ws_nhk/install/moveit_ros_move_group/share/moveit_ros_move_group/package.dsv
[1.142s] -- Up-to-date: /home/a/ws_nhk/install/moveit_ros_move_group/share/ament_index/resource_index/packages/moveit_ros_move_group
[1.142s] -- Up-to-date: /home/a/ws_nhk/install/moveit_ros_move_group/share/ament_index/resource_index/moveit_ros_move_group__pluginlib__plugin/moveit_ros_move_group
[1.142s] -- Up-to-date: /home/a/ws_nhk/install/moveit_ros_move_group/share/moveit_ros_move_group/cmake/export_moveit_ros_move_groupExport.cmake
[1.142s] -- Up-to-date: /home/a/ws_nhk/install/moveit_ros_move_group/share/moveit_ros_move_group/cmake/export_moveit_ros_move_groupExport-release.cmake
[1.142s] -- Up-to-date: /home/a/ws_nhk/install/moveit_ros_move_group/share/moveit_ros_move_group/cmake/ConfigExtras.cmake
[1.142s] -- Up-to-date: /home/a/ws_nhk/install/moveit_ros_move_group/share/moveit_ros_move_group/cmake/ament_cmake_export_targets-extras.cmake
[1.142s] -- Up-to-date: /home/a/ws_nhk/install/moveit_ros_move_group/share/moveit_ros_move_group/cmake/ament_cmake_export_dependencies-extras.cmake
[1.143s] -- Up-to-date: /home/a/ws_nhk/install/moveit_ros_move_group/share/moveit_ros_move_group/cmake/moveit_ros_move_groupConfig.cmake
[1.143s] -- Up-to-date: /home/a/ws_nhk/install/moveit_ros_move_group/share/moveit_ros_move_group/cmake/moveit_ros_move_groupConfig-version.cmake
[1.143s] -- Up-to-date: /home/a/ws_nhk/install/moveit_ros_move_group/share/moveit_ros_move_group/package.xml
[1.145s] Invoked command in '/home/a/ws_nhk/build/moveit_ros_move_group' returned '0': AMENT_PREFIX_PATH=/home/a/ws_nhk/install/moveit_kinematics:/home/a/ws_nhk/install/trac_ik:/home/a/ws_nhk/install/moveit_ros_planning:/home/a/ws_nhk/install/trac_ik_kinematics_plugin:/home/a/ws_nhk/install/moveit_ros_occupancy_map_monitor:/home/a/ws_nhk/install/moveit_core:/home/a/ws_nhk/install/moveit_resources_panda_moveit_config:/home/a/ws_nhk/install/moveit_resources_fanuc_moveit_config:/home/a/ws_nhk/install/moveit_configs_utils:/home/a/ws_nhk/install/trac_ik_lib:/home/a/ws_nhk/install/srdfdom:/home/a/ws_nhk/install/moveit_resources_pr2_description:/home/a/ws_nhk/install/moveit_resources_panda_description:/home/a/ws_nhk/install/moveit_resources_fanuc_description:/home/a/ws_nhk/install/moveit_common:/home/a/ws_nhk/install/launch_param_builder:${AMENT_PREFIX_PATH} CMAKE_PREFIX_PATH=/home/a/ws_nhk/install/moveit_kinematics:/home/a/ws_nhk/install/trac_ik:/home/a/ws_nhk/install/moveit_ros_planning:/home/a/ws_nhk/install/trac_ik_kinematics_plugin:/home/a/ws_nhk/install/moveit_ros_occupancy_map_monitor:/home/a/ws_nhk/install/moveit_core:/home/a/ws_nhk/install/moveit_resources_panda_moveit_config:/home/a/ws_nhk/install/moveit_resources_fanuc_moveit_config:/home/a/ws_nhk/install/trac_ik_lib:/home/a/ws_nhk/install/srdfdom:/home/a/ws_nhk/install/moveit_resources_pr2_description:/home/a/ws_nhk/install/moveit_resources_panda_description:/home/a/ws_nhk/install/moveit_resources_fanuc_description:/home/a/ws_nhk/install/moveit_common:/home/a/install/field_description_test:/opt/ros/humble LD_LIBRARY_PATH=/home/a/ws_nhk/install/moveit_kinematics/lib:/home/a/ws_nhk/install/moveit_ros_planning/lib:/home/a/ws_nhk/install/trac_ik_kinematics_plugin/lib:/home/a/ws_nhk/install/moveit_ros_occupancy_map_monitor/lib:/home/a/ws_nhk/install/moveit_core/lib:/home/a/ws_nhk/install/trac_ik_lib/lib:/home/a/ws_nhk/install/srdfdom/lib:${LD_LIBRARY_PATH} PATH=/home/a/ws_nhk/install/moveit_core/bin:${PATH} PYTHONPATH=/home/a/ws_nhk/install/moveit_configs_utils/lib/python3.10/site-packages:/home/a/ws_nhk/install/srdfdom/local/lib/python3.10/dist-packages:/home/a/ws_nhk/install/launch_param_builder/lib/python3.10/site-packages:${PYTHONPATH} /usr/bin/cmake --install /home/a/ws_nhk/build/moveit_ros_move_group
