[1.263s] Invoking command in '/home/a/ws_nhk/build/arm_v20_description': CMAKE_PREFIX_PATH=${CMAKE_PREFIX_PATH}:/home/a/ws_nhk/install/moveit_configs_utils:/home/a/ws_nhk/install/rogidrive:/home/a/ws_nhk/install/launch_param_builder:/home/a/ws_nhk/install/dynamixel_controller_gui:/home/a/ws_nhk/install/dynamixel_controller_client:/opt/ros/humble /usr/bin/cmake --build /home/a/ws_nhk/build/arm_v20_description -- -j22 -l22
[3.220s] Invoked command in '/home/a/ws_nhk/build/arm_v20_description' returned '0': CMAKE_PREFIX_PATH=${CMAKE_PREFIX_PATH}:/home/a/ws_nhk/install/moveit_configs_utils:/home/a/ws_nhk/install/rogidrive:/home/a/ws_nhk/install/launch_param_builder:/home/a/ws_nhk/install/dynamixel_controller_gui:/home/a/ws_nhk/install/dynamixel_controller_client:/opt/ros/humble /usr/bin/cmake --build /home/a/ws_nhk/build/arm_v20_description -- -j22 -l22
[3.228s] Invoking command in '/home/a/ws_nhk/build/arm_v20_description': CMAKE_PREFIX_PATH=${CMAKE_PREFIX_PATH}:/home/a/ws_nhk/install/moveit_configs_utils:/home/a/ws_nhk/install/rogidrive:/home/a/ws_nhk/install/launch_param_builder:/home/a/ws_nhk/install/dynamixel_controller_gui:/home/a/ws_nhk/install/dynamixel_controller_client:/opt/ros/humble /usr/bin/cmake --install /home/a/ws_nhk/build/arm_v20_description
[3.438s] -- Install configuration: "Release"
[3.438s] -- Up-to-date: /home/a/ws_nhk/install/arm_v20_description/share/arm_v20_description/meshes
[3.438s] -- Up-to-date: /home/a/ws_nhk/install/arm_v20_description/share/arm_v20_description/meshes/link5_1.stl
[3.438s] -- Up-to-date: /home/a/ws_nhk/install/arm_v20_description/share/arm_v20_description/meshes/base_link.stl
[3.439s] -- Up-to-date: /home/a/ws_nhk/install/arm_v20_description/share/arm_v20_description/meshes/link1_1.stl
[3.439s] -- Up-to-date: /home/a/ws_nhk/install/arm_v20_description/share/arm_v20_description/meshes/link4_1.stl
[3.439s] -- Up-to-date: /home/a/ws_nhk/install/arm_v20_description/share/arm_v20_description/meshes/endeffector_1.stl
[3.439s] -- Up-to-date: /home/a/ws_nhk/install/arm_v20_description/share/arm_v20_description/meshes/link2_1.stl
[3.439s] -- Up-to-date: /home/a/ws_nhk/install/arm_v20_description/share/arm_v20_description/meshes/link3_1.stl
[3.440s] -- Up-to-date: /home/a/ws_nhk/install/arm_v20_description/share/arm_v20_description/urdf
[3.440s] -- Up-to-date: /home/a/ws_nhk/install/arm_v20_description/share/arm_v20_description/urdf/arm_v20.trans
[3.440s] -- Up-to-date: /home/a/ws_nhk/install/arm_v20_description/share/arm_v20_description/urdf/materials.xacro
[3.440s] -- Up-to-date: /home/a/ws_nhk/install/arm_v20_description/share/arm_v20_description/urdf/materials.urdf
[3.440s] -- Up-to-date: /home/a/ws_nhk/install/arm_v20_description/share/arm_v20_description/urdf/arm_v20.xacro
[3.441s] -- Up-to-date: /home/a/ws_nhk/install/arm_v20_description/share/arm_v20_description/urdf/arm_v20.urdf
[3.441s] -- Up-to-date: /home/a/ws_nhk/install/arm_v20_description/share/arm_v20_description/launch
[3.441s] -- Up-to-date: /home/a/ws_nhk/install/arm_v20_description/share/arm_v20_description/launch/robot_description.launch.py
[3.441s] -- Up-to-date: /home/a/ws_nhk/install/arm_v20_description/share/ament_index/resource_index/package_run_dependencies/arm_v20_description
[3.441s] -- Up-to-date: /home/a/ws_nhk/install/arm_v20_description/share/ament_index/resource_index/parent_prefix_path/arm_v20_description
[3.442s] -- Up-to-date: /home/a/ws_nhk/install/arm_v20_description/share/arm_v20_description/environment/ament_prefix_path.sh
[3.442s] -- Up-to-date: /home/a/ws_nhk/install/arm_v20_description/share/arm_v20_description/environment/ament_prefix_path.dsv
[3.442s] -- Up-to-date: /home/a/ws_nhk/install/arm_v20_description/share/arm_v20_description/environment/path.sh
[3.443s] -- Up-to-date: /home/a/ws_nhk/install/arm_v20_description/share/arm_v20_description/environment/path.dsv
[3.443s] -- Up-to-date: /home/a/ws_nhk/install/arm_v20_description/share/arm_v20_description/local_setup.bash
[3.443s] -- Up-to-date: /home/a/ws_nhk/install/arm_v20_description/share/arm_v20_description/local_setup.sh
[3.443s] -- Up-to-date: /home/a/ws_nhk/install/arm_v20_description/share/arm_v20_description/local_setup.zsh
[3.444s] -- Up-to-date: /home/a/ws_nhk/install/arm_v20_description/share/arm_v20_description/local_setup.dsv
[3.444s] -- Installing: /home/a/ws_nhk/install/arm_v20_description/share/arm_v20_description/package.dsv
[3.444s] -- Up-to-date: /home/a/ws_nhk/install/arm_v20_description/share/ament_index/resource_index/packages/arm_v20_description
[3.444s] -- Up-to-date: /home/a/ws_nhk/install/arm_v20_description/share/arm_v20_description/cmake/arm_v20_descriptionConfig.cmake
[3.444s] -- Up-to-date: /home/a/ws_nhk/install/arm_v20_description/share/arm_v20_description/cmake/arm_v20_descriptionConfig-version.cmake
[3.445s] -- Up-to-date: /home/a/ws_nhk/install/arm_v20_description/share/arm_v20_description/package.xml
[3.960s] Invoked command in '/home/a/ws_nhk/build/arm_v20_description' returned '0': CMAKE_PREFIX_PATH=${CMAKE_PREFIX_PATH}:/home/a/ws_nhk/install/moveit_configs_utils:/home/a/ws_nhk/install/rogidrive:/home/a/ws_nhk/install/launch_param_builder:/home/a/ws_nhk/install/dynamixel_controller_gui:/home/a/ws_nhk/install/dynamixel_controller_client:/opt/ros/humble /usr/bin/cmake --install /home/a/ws_nhk/build/arm_v20_description
