[0.879s] Invoking command in '/home/a/ws_nhk/src/rogidrive/rogidrive': AMENT_PREFIX_PATH=/home/a/ws_nhk/install/rogidrive_msg:${AMENT_PREFIX_PATH} CMAKE_PREFIX_PATH=/home/a/ws_nhk/install/rogidrive_msg:${CMAKE_PREFIX_PATH} LD_LIBRARY_PATH=/home/a/ws_nhk/install/rogidrive_msg/lib:${LD_LIBRARY_PATH} PYTHONPATH=/home/a/ws_nhk/build/rogidrive/prefix_override:/usr/lib/python3/dist-packages/colcon_core/task/python/colcon_distutils_commands:/home/a/ws_nhk/install/rogidrive/lib/python3.10/site-packages:/home/a/ws_nhk/install/rogidrive_msg/local/lib/python3.10/dist-packages:${PYTHONPATH} /usr/bin/python3 -W ignore:setup.py install is deprecated -W ignore:easy_install command is deprecated setup.py egg_info --egg-base ../../../build/rogidrive build --build-base /home/a/ws_nhk/build/rogidrive/build install --record /home/a/ws_nhk/build/rogidrive/install.log --single-version-externally-managed install_data
[1.124s] running egg_info
[1.125s] writing ../../../build/rogidrive/rogidrive.egg-info/PKG-INFO
[1.125s] writing dependency_links to ../../../build/rogidrive/rogidrive.egg-info/dependency_links.txt
[1.125s] writing entry points to ../../../build/rogidrive/rogidrive.egg-info/entry_points.txt
[1.125s] writing requirements to ../../../build/rogidrive/rogidrive.egg-info/requires.txt
[1.125s] writing top-level names to ../../../build/rogidrive/rogidrive.egg-info/top_level.txt
[1.127s] reading manifest file '../../../build/rogidrive/rogidrive.egg-info/SOURCES.txt'
[1.128s] writing manifest file '../../../build/rogidrive/rogidrive.egg-info/SOURCES.txt'
[1.128s] running build
[1.128s] running build_py
[1.128s] running install
[1.129s] running install_lib
[1.129s] running install_data
[1.129s] running install_egg_info
[1.131s] removing '/home/a/ws_nhk/install/rogidrive/lib/python3.10/site-packages/rogidrive-0.0.0-py3.10.egg-info' (and everything under it)
[1.131s] Copying ../../../build/rogidrive/rogidrive.egg-info to /home/a/ws_nhk/install/rogidrive/lib/python3.10/site-packages/rogidrive-0.0.0-py3.10.egg-info
[1.132s] running install_scripts
[1.153s] Installing rogidrive script to /home/a/ws_nhk/install/rogidrive/lib/rogidrive
[1.153s] Installing rogidrive_tester script to /home/a/ws_nhk/install/rogidrive/lib/rogidrive
[1.154s] writing list of installed files to '/home/a/ws_nhk/build/rogidrive/install.log'
[1.174s] Invoked command in '/home/a/ws_nhk/src/rogidrive/rogidrive' returned '0': AMENT_PREFIX_PATH=/home/a/ws_nhk/install/rogidrive_msg:${AMENT_PREFIX_PATH} CMAKE_PREFIX_PATH=/home/a/ws_nhk/install/rogidrive_msg:${CMAKE_PREFIX_PATH} LD_LIBRARY_PATH=/home/a/ws_nhk/install/rogidrive_msg/lib:${LD_LIBRARY_PATH} PYTHONPATH=/home/a/ws_nhk/build/rogidrive/prefix_override:/usr/lib/python3/dist-packages/colcon_core/task/python/colcon_distutils_commands:/home/a/ws_nhk/install/rogidrive/lib/python3.10/site-packages:/home/a/ws_nhk/install/rogidrive_msg/local/lib/python3.10/dist-packages:${PYTHONPATH} /usr/bin/python3 -W ignore:setup.py install is deprecated -W ignore:easy_install command is deprecated setup.py egg_info --egg-base ../../../build/rogidrive build --build-base /home/a/ws_nhk/build/rogidrive/build install --record /home/a/ws_nhk/build/rogidrive/install.log --single-version-externally-managed install_data
