-- Found moveit_common: 2.5.9 (/home/a/ws_nhk/install/moveit_common/share/moveit_common/cmake)
-- Found ament_cmake: 1.3.12 (/opt/ros/humble/share/ament_cmake/cmake)
-- Found angles: 1.15.0 (/opt/ros/humble/share/angles/cmake)
-- Found common_interfaces: 4.9.0 (/opt/ros/humble/share/common_interfaces/cmake)
-- Found eigen_stl_containers: 1.1.0 (/opt/ros/humble/share/eigen_stl_containers/cmake)
-- Found eigen3_cmake_module: 0.1.1 (/opt/ros/humble/share/eigen3_cmake_module/cmake)
-- Found generate_parameter_library: 0.6.0 (/opt/ros/humble/share/generate_parameter_library/cmake)
-- Found parameter_traits: 0.6.0 (/opt/ros/humble/share/parameter_traits/cmake)
-- Found rosidl_generator_c: 3.1.8 (/opt/ros/humble/share/rosidl_generator_c/cmake)
-- Found rosidl_adapter: 3.1.8 (/opt/ros/humble/share/rosidl_adapter/cmake)
-- Found rosidl_generator_cpp: 3.1.8 (/opt/ros/humble/share/rosidl_generator_cpp/cmake)
-- Using all available rosidl_typesupport_c: rosidl_typesupport_fastrtps_c;rosidl_typesupport_introspection_c
-- Using all available rosidl_typesupport_cpp: rosidl_typesupport_fastrtps_cpp;rosidl_typesupport_introspection_cpp
-- Found rmw_implementation_cmake: 6.1.2 (/opt/ros/humble/share/rmw_implementation_cmake/cmake)
-- Found rmw_fastrtps_cpp: 6.2.9 (/opt/ros/humble/share/rmw_fastrtps_cpp/cmake)
-- Using RMW implementation 'rmw_fastrtps_cpp' as default
-- Found rclcpp_lifecycle: 16.0.17 (/opt/ros/humble/share/rclcpp_lifecycle/cmake)
-- Found geometric_shapes: 2.3.2 (/opt/ros/humble/share/geometric_shapes/cmake)
-- Found Boost: /usr/lib/x86_64-linux-gnu/cmake/Boost-1.74.0/BoostConfig.cmake (found version "1.74.0") found components: filesystem 
-- library: /usr/lib/x86_64-linux-gnu/libcurl.so
-- Found kdl_parser: 2.6.4 (/opt/ros/humble/share/kdl_parser/cmake)
-- Ensuring Eigen3 include directory is part of orocos-kdl CMake target
-- Found moveit_msgs: 2.2.1 (/opt/ros/humble/share/moveit_msgs/cmake)
-- Found pluginlib: 5.1.3 (/opt/ros/humble/share/pluginlib/cmake)
-- Found srdfdom: 2.0.8 (/home/a/ws_nhk/install/srdfdom/share/srdfdom/cmake)
-- Found tf2_eigen: 0.25.18 (/opt/ros/humble/share/tf2_eigen/cmake)
-- Found tf2_geometry_msgs: 0.25.18 (/opt/ros/humble/share/tf2_geometry_msgs/cmake)
-- Found tf2_kdl: 0.25.18 (/opt/ros/humble/share/tf2_kdl/cmake)
-- Found Boost: /usr/lib/x86_64-linux-gnu/cmake/Boost-1.74.0/BoostConfig.cmake (found version "1.74.0") found components: chrono date_time filesystem iostreams program_options regex serialization system thread 
--  *** Building MoveIt 2.5.9-Alpha ***
-- Found ament_cmake_gtest: 1.3.12 (/opt/ros/humble/share/ament_cmake_gtest/cmake)
-- Found gtest sources under '/opt/ros/humble/src/gtest_vendor': C++ tests using 'Google Test' will be built
-- Found ament_cmake_gmock: 1.3.12 (/opt/ros/humble/share/ament_cmake_gmock/cmake)
-- Found gmock sources under '/opt/ros/humble/src/gmock_vendor': C++ tests using 'Google Mock' will be built
-- Found ament_cmake_gtest: 1.3.12 (/opt/ros/humble/share/ament_cmake_gtest/cmake)
-- Found gtest sources under '/opt/ros/humble/src/gtest_vendor': C++ tests using 'Google Test' will be built
-- Found ament_cmake_gtest: 1.3.12 (/opt/ros/humble/share/ament_cmake_gtest/cmake)
-- Found gtest sources under '/opt/ros/humble/src/gtest_vendor': C++ tests using 'Google Test' will be built
-- Found ament_cmake_gtest: 1.3.12 (/opt/ros/humble/share/ament_cmake_gtest/cmake)
-- Found gtest sources under '/opt/ros/humble/src/gtest_vendor': C++ tests using 'Google Test' will be built
-- Found ament_lint_auto: 0.12.14 (/opt/ros/humble/share/ament_lint_auto/cmake)
-- Found ament_cmake_gtest: 1.3.12 (/opt/ros/humble/share/ament_cmake_gtest/cmake)
-- Found gtest sources under '/opt/ros/humble/src/gtest_vendor': C++ tests using 'Google Test' will be built
-- Found ament_cmake_gtest: 1.3.12 (/opt/ros/humble/share/ament_cmake_gtest/cmake)
-- Found gtest sources under '/opt/ros/humble/src/gtest_vendor': C++ tests using 'Google Test' will be built
-- Found ament_cmake_gtest: 1.3.12 (/opt/ros/humble/share/ament_cmake_gtest/cmake)
-- Found gtest sources under '/opt/ros/humble/src/gtest_vendor': C++ tests using 'Google Test' will be built
-- Found ament_cmake_gtest: 1.3.12 (/opt/ros/humble/share/ament_cmake_gtest/cmake)
-- Found gmock sources under '/opt/ros/humble/src/gmock_vendor': C++ tests using 'Google Mock' will be built
-- Found gtest sources under '/opt/ros/humble/src/gtest_vendor': C++ tests using 'Google Test' will be built
-- Found gtest sources under '/opt/ros/humble/src/gtest_vendor': C++ tests using 'Google Test' will be built
-- Found gtest sources under '/opt/ros/humble/src/gtest_vendor': C++ tests using 'Google Test' will be built
-- Found ament_cmake_gtest: 1.3.12 (/opt/ros/humble/share/ament_cmake_gtest/cmake)
-- Found gtest sources under '/opt/ros/humble/src/gtest_vendor': C++ tests using 'Google Test' will be built
-- Found gtest sources under '/opt/ros/humble/src/gtest_vendor': C++ tests using 'Google Test' will be built
-- Found gtest sources under '/opt/ros/humble/src/gtest_vendor': C++ tests using 'Google Test' will be built
-- Found gtest sources under '/opt/ros/humble/src/gtest_vendor': C++ tests using 'Google Test' will be built
-- Found ament_lint_auto: 0.12.14 (/opt/ros/humble/share/ament_lint_auto/cmake)
-- Added test 'cppcheck' to perform static code analysis on C / C++ code
-- Configured cppcheck include dirs: /home/a/ws_nhk/src/moveit2/moveit_core/exceptions/include;/home/a/ws_nhk/src/moveit2/moveit_core/collision_detection/include;/home/a/ws_nhk/src/moveit2/moveit_core/collision_detection_fcl/include;/home/a/ws_nhk/src/moveit2/moveit_core/collision_detection_bullet/include;/home/a/ws_nhk/src/moveit2/moveit_core/constraint_samplers/include;/home/a/ws_nhk/src/moveit2/moveit_core/controller_manager/include;/home/a/ws_nhk/src/moveit2/moveit_core/distance_field/include;/home/a/ws_nhk/src/moveit2/moveit_core/collision_distance_field/include;/home/a/ws_nhk/src/moveit2/moveit_core/dynamics_solver/include;/home/a/ws_nhk/src/moveit2/moveit_core/kinematics_base/include;/home/a/ws_nhk/src/moveit2/moveit_core/kinematics_metrics/include;/home/a/ws_nhk/src/moveit2/moveit_core/robot_model/include;/home/a/ws_nhk/src/moveit2/moveit_core/transforms/include;/home/a/ws_nhk/src/moveit2/moveit_core/robot_state/include;/home/a/ws_nhk/src/moveit2/moveit_core/robot_trajectory/include;/home/a/ws_nhk/src/moveit2/moveit_core/kinematic_constraints/include;/home/a/ws_nhk/src/moveit2/moveit_core/macros/include;/home/a/ws_nhk/src/moveit2/moveit_core/online_signal_smoothing/include;/home/a/ws_nhk/src/moveit2/moveit_core/planning_interface/include;/home/a/ws_nhk/src/moveit2/moveit_core/planning_request_adapter/include;/home/a/ws_nhk/src/moveit2/moveit_core/planning_scene/include;/home/a/ws_nhk/src/moveit2/moveit_core/sensor_manager/include;/home/a/ws_nhk/src/moveit2/moveit_core/trajectory_processing/include;/home/a/ws_nhk/src/moveit2/moveit_core/utils/include
-- Configured cppcheck exclude dirs and/or files: 
-- Added test 'pep257' to check Python code against some of the docstring style conventions in PEP 257
-- Added test 'xmllint' to check XML markup files
-- Configuring done
-- Generating done
-- Build files have been written to: /home/a/ws_nhk/build/moveit_core
gmake[2]: *** [gmock/CMakeFiles/gmock.dir/build.make:125: gmock/CMakeFiles/gmock.dir/depend] Interrupt
gmake[2]: *** [utils/CMakeFiles/moveit_utils.dir/build.make:251: utils/CMakeFiles/moveit_utils.dir/depend] Interrupt
gmake[2]: *** [gtest/CMakeFiles/gtest_main.dir/build.make:109: gtest/CMakeFiles/gtest_main.dir/depend] Interrupt
gmake[2]: *** wait: No child processes.  Stop.
gmake[2]: *** Waiting for unfinished jobs....
gmake[2]: *** wait: No child processes.  Stop.
gmake[1]: *** [CMakeFiles/Makefile2:2155: version/CMakeFiles/moveit_version.dir/all] Interrupt
gmake[2]: *** [distance_field/CMakeFiles/moveit_distance_field.dir/build.make:289: distance_field/CMakeFiles/moveit_distance_field.dir/depend] Interrupt
gmake[2]: *** [transforms/CMakeFiles/moveit_transforms.dir/build.make:255: transforms/CMakeFiles/moveit_transforms.dir/depend] Interrupt
gmake[2]: *** [gmock/CMakeFiles/gmock_main.dir/build.make:109: gmock/CMakeFiles/gmock_main.dir/depend] Interrupt
gmake[1]: *** [CMakeFiles/Makefile2:2047: transforms/CMakeFiles/moveit_transforms.dir/all] Interrupt
gmake[1]: *** [CMakeFiles/Makefile2:951: distance_field/CMakeFiles/moveit_distance_field.dir/all] Interrupt
gmake[1]: *** [CMakeFiles/Makefile2:2101: utils/CMakeFiles/moveit_utils.dir/all] Interrupt
gmake[1]: *** [CMakeFiles/Makefile2:795: gtest/CMakeFiles/gtest_main.dir/all] Interrupt
gmake[1]: *** [CMakeFiles/Makefile2:899: gmock/CMakeFiles/gmock.dir/all] Interrupt
gmake[1]: *** [CMakeFiles/Makefile2:925: gmock/CMakeFiles/gmock_main.dir/all] Interrupt
gmake[1]: *** [CMakeFiles/Makefile2:1252: online_signal_smoothing/CMakeFiles/moveit_smoothing_base.dir/all] Error 2
gmake[2]: *** [exceptions/CMakeFiles/moveit_exceptions.dir/build.make:182: exceptions/CMakeFiles/moveit_exceptions.dir/depend] Interrupt
gmake[2]: *** [kinematics_base/CMakeFiles/moveit_kinematics_base.dir/build.make:265: kinematics_base/CMakeFiles/moveit_kinematics_base.dir/depend] Interrupt
gmake[2]: *** [gtest/CMakeFiles/gtest.dir/build.make:109: gtest/CMakeFiles/gtest.dir/depend] Interrupt
gmake[1]: *** [CMakeFiles/Makefile2:1063: exceptions/CMakeFiles/moveit_exceptions.dir/all] Interrupt
gmake[1]: *** [CMakeFiles/Makefile2:1089: kinematics_base/CMakeFiles/moveit_kinematics_base.dir/all] Interrupt
gmake[1]: *** [CMakeFiles/Makefile2:769: gtest/CMakeFiles/gtest.dir/all] Interrupt
gmake[1]: *** [CMakeFiles/Makefile2:1308: online_signal_smoothing/CMakeFiles/moveit_butterworth_parameters.dir/all] Interrupt
gmake: *** [Makefile:146: all] Interrupt
