[0.118s] Invoking command in '/home/a/ws_nhk/build/moveit_core': CMAKE_PREFIX_PATH=/home/a/ws_nhk/install/moveit_resources_panda_moveit_config:/home/a/ws_nhk/install/srdfdom:/home/a/ws_nhk/install/moveit_resources_pr2_description:/home/a/ws_nhk/install/moveit_resources_panda_description:/home/a/ws_nhk/install/moveit_common:/home/a/ws_nhk/install/moveit_r2_config:/home/a/ws_nhk/install/a_r2_description:/home/a/ws_nhk/install/moveit_runtime:/home/a/ws_nhk/install/moveit_config:/home/a/ws_nhk/install/moveit2_tutorials:/home/a/ws_nhk/install/moveit:/home/a/ws_nhk/install/moveit_planners:/home/a/ws_nhk/install/pilz_industrial_motion_planner:/home/a/ws_nhk/install/moveit_task_constructor_visualization:/home/a/ws_nhk/install/moveit_task_constructor_demo:/home/a/ws_nhk/install/moveit_task_constructor_capabilities:/home/a/ws_nhk/install/moveit_task_constructor_core:/home/a/ws_nhk/install/moveit_setup_assistant:/home/a/ws_nhk/install/moveit_setup_srdf_plugins:/home/a/ws_nhk/install/moveit_setup_core_plugins:/home/a/ws_nhk/install/moveit_setup_controllers:/home/a/ws_nhk/install/moveit_setup_app_plugins:/home/a/ws_nhk/install/moveit_setup_framework:/home/a/ws_nhk/install/moveit_servo:/home/a/ws_nhk/install/moveit_ros:/home/a/ws_nhk/install/moveit_ros_visualization:/home/a/ws_nhk/install/moveit_hybrid_planning:/home/a/ws_nhk/install/moveit_ros_planning_interface:/home/a/ws_nhk/install/moveit_resources_prbt_pg70_support:/home/a/ws_nhk/install/moveit_resources_prbt_moveit_config:/home/a/ws_nhk/install/moveit_ros_move_group:/home/a/ws_nhk/install/moveit_kinematics:/home/a/ws_nhk/install/trac_ik:/home/a/ws_nhk/install/trac_ik_kinematics_plugin:/home/a/ws_nhk/install/trac_ik_lib:/home/a/ws_nhk/install/pilz_industrial_motion_planner_testutils:/home/a/ws_nhk/install/moveit_visual_tools:/home/a/ws_nhk/install/moveit_ros_control_interface:/home/a/ws_nhk/install/moveit_plugins:/home/a/ws_nhk/install/moveit_simple_controller_manager:/home/a/ws_nhk/install/moveit_ros_benchmarks:/home/a/ws_nhk/install/moveit_ros_warehouse:/home/a/ws_nhk/install/moveit_ros_robot_interaction:/home/a/ws_nhk/install/moveit_ros_perception:/home/a/ws_nhk/install/moveit_planners_ompl:/home/a/ws_nhk/install/moveit_ros_planning:/home/a/ws_nhk/install/moveit_ros_occupancy_map_monitor:/home/a/ws_nhk/install/moveit_resources_prbt_ikfast_manipulator_plugin:/home/a/ws_nhk/install/moveit_planners_chomp:/home/a/ws_nhk/install/moveit_chomp_optimizer_adapter:/home/a/ws_nhk/install/chomp_motion_planner:/home/a/ws_nhk/install/moveit_core:/home/a/ws_nhk/install/rviz_marker_tools:/home/a/ws_nhk/install/rosparam_shortcuts:/home/a/ws_nhk/install/nhk_bt:/home/a/ws_nhk/install/moveit_task_constructor_msgs:/home/a/ws_nhk/install/moveit_resources_prbt_support:/home/a/ws_nhk/install/moveit_resources:/home/a/ws_nhk/install/moveit_resources_fanuc_moveit_config:/home/a/ws_nhk/install/moveit_resources_fanuc_description:/home/a/ws_nhk/install/dynamixel_sdk_examples:/home/a/ws_nhk/install/dynamixel_sdk_custom_interfaces:/home/a/ws_nhk/install/dynamixel_controller:/home/a/ws_nhk/install/dynamixel_sdk:/home/a/ws_nhk/install/arm_v20_description:/home/a/install/field_description_test:/home/a/ws_nhk/install/moveit_configs_utils:/home/a/ws_nhk/install/launch_param_builder:/home/a/ws_nhk/install/dynamixel_controller_gui:/home/a/ws_nhk/install/dynamixel_controller_client:/opt/ros/humble LD_LIBRARY_PATH=/home/a/ws_nhk/install/srdfdom/lib:/home/a/ws_nhk/install/pilz_industrial_motion_planner/lib:/home/a/ws_nhk/install/moveit_task_constructor_visualization/lib:/home/a/ws_nhk/install/moveit_task_constructor_demo/lib:/home/a/ws_nhk/install/moveit_task_constructor_capabilities/lib:/home/a/ws_nhk/install/moveit_task_constructor_core/lib:/home/a/ws_nhk/install/moveit_setup_assistant/lib:/home/a/ws_nhk/install/moveit_setup_srdf_plugins/lib:/home/a/ws_nhk/install/moveit_setup_core_plugins/lib:/home/a/ws_nhk/install/moveit_setup_controllers/lib:/home/a/ws_nhk/install/moveit_setup_app_plugins/lib:/home/a/ws_nhk/install/moveit_setup_framework/lib:/home/a/ws_nhk/install/moveit_servo/lib:/home/a/ws_nhk/install/moveit_ros_visualization/lib:/home/a/ws_nhk/install/moveit_hybrid_planning/lib:/home/a/ws_nhk/install/moveit_ros_planning_interface/lib:/home/a/ws_nhk/install/moveit_ros_move_group/lib:/home/a/ws_nhk/install/moveit_kinematics/lib:/home/a/ws_nhk/install/trac_ik_kinematics_plugin/lib:/home/a/ws_nhk/install/trac_ik_lib/lib:/home/a/ws_nhk/install/pilz_industrial_motion_planner_testutils/lib:/home/a/ws_nhk/install/moveit_visual_tools/lib:/home/a/ws_nhk/install/moveit_ros_control_interface/lib:/home/a/ws_nhk/install/moveit_simple_controller_manager/lib:/home/a/ws_nhk/install/moveit_ros_benchmarks/lib:/home/a/ws_nhk/install/moveit_ros_warehouse/lib:/home/a/ws_nhk/install/moveit_ros_robot_interaction/lib:/home/a/ws_nhk/install/moveit_ros_perception/lib:/home/a/ws_nhk/install/moveit_planners_ompl/lib:/home/a/ws_nhk/install/moveit_ros_planning/lib:/home/a/ws_nhk/install/moveit_ros_occupancy_map_monitor/lib:/home/a/ws_nhk/install/moveit_resources_prbt_ikfast_manipulator_plugin/lib:/home/a/ws_nhk/install/moveit_planners_chomp/lib:/home/a/ws_nhk/install/moveit_chomp_optimizer_adapter/lib:/home/a/ws_nhk/install/chomp_motion_planner/lib:/home/a/ws_nhk/install/moveit_core/lib:/home/a/ws_nhk/install/rviz_marker_tools/lib:/home/a/ws_nhk/install/rosparam_shortcuts/lib:/home/a/ws_nhk/install/moveit_task_constructor_msgs/lib:/home/a/ws_nhk/install/dynamixel_sdk_custom_interfaces/lib:/home/a/ws_nhk/install/dynamixel_controller/lib:/home/a/ws_nhk/install/dynamixel_sdk/lib:/usr/local/lib:/usr/lib/x86_64-linux-gnu/gazebo-11/plugins:/opt/ros/humble/opt/rviz_ogre_vendor/lib:/opt/ros/humble/lib/x86_64-linux-gnu:/opt/ros/humble/lib /usr/bin/cmake --build /home/a/ws_nhk/build/moveit_core -- -j22 -l22
[0.309s] [  2%] Built target moveit_butterworth_parameters
[0.309s] [  3%] Built target gtest_main
[0.309s] [  4%] Built target moveit_exceptions
[0.310s] [  7%] Built target moveit_version
[0.310s] [  8%] Built target moveit_utils
[0.310s] [ 10%] Built target gmock
[0.311s] [ 11%] Built target gmock_main
[0.313s] [ 12%] Built target gtest
[0.317s] [ 13%] Built target moveit_smoothing_base
[0.318s] [ 14%] Built target moveit_kinematics_base
[0.322s] [ 15%] Built target moveit_transforms
[0.351s] [ 18%] Built target moveit_distance_field
[0.409s] [ 19%] Built target test_transforms
[0.440s] [ 25%] Built target moveit_robot_model
[0.451s] [ 26%] Built target test_voxel_grid
[0.468s] [ 27%] Built target test_distance_field
[0.538s] [ 28%] Built target moveit_butterworth_filter
[0.541s] [ 30%] Built target moveit_test_utils
[0.582s] [ 33%] Built target moveit_robot_state
[0.643s] [ 34%] Built target test_robot_model
[0.657s] [ 35%] Built target test_butterworth_filter
[0.690s] [ 36%] Built target test_robot_state_benchmark
[0.698s] [ 37%] Built target moveit_dynamics_solver
[0.707s] [ 39%] Built target test_robot_state
[0.709s] [ 41%] Built target moveit_kinematics_metrics
[0.709s] [ 41%] Built target test_robot_state_complex
[0.713s] [ 42%] Built target test_cartesian_interpolator
[0.713s] [ 43%] Built target test_aabb
[0.720s] [ 44%] Built target moveit_robot_trajectory
[0.760s] [ 49%] Built target moveit_collision_detection
[0.845s] [ 51%] Built target moveit_planning_interface
[0.846s] [ 52%] Built target test_robot_trajectory
[0.862s] [ 55%] Built target moveit_trajectory_processing
[0.872s] [ 57%] Built target test_world_diff
[0.888s] [ 59%] Built target test_all_valid
[0.889s] [ 59%] Built target test_world
[0.915s] [ 61%] Built target moveit_collision_detection_fcl
[0.956s] [ 66%] Built target moveit_collision_detection_bullet
[0.993s] [ 67%] Built target test_ruckig_traj_smoothing
[0.995s] [ 68%] Built target test_time_parameterization
[1.003s] [ 70%] Built target test_time_optimal_trajectory_generation
[1.072s] [ 71%] Built target test_fcl_collision_detection
[1.083s] [ 72%] Built target test_fcl_collision_env
[1.092s] [ 74%] Built target test_fcl_collision_detection_panda
[1.095s] [ 76%] Built target test_bullet_collision_detection_panda
[1.097s] [ 77%] Built target test_bullet_collision_detection
[1.099s] [ 79%] Built target moveit_kinematic_constraints
[1.128s] [ 80%] Built target test_bullet_continuous_collision_checking
[1.253s] [ 81%] Built target test_orientation_constraints
[1.256s] [ 82%] Built target test_constraints
[1.269s] [ 84%] Built target moveit_planning_scene
[1.396s] [ 85%] Built target test_multi_threaded
[1.403s] [ 86%] Built target moveit_planning_request_adapter
[1.416s] [ 87%] Built target test_collision_objects
[1.440s] [ 89%] Built target collision_detector_fcl_plugin
[1.440s] [ 89%] Built target collision_detector_bullet_plugin
[1.441s] [ 90%] Built target test_planning_scene
[1.472s] [ 93%] Built target moveit_constraint_samplers
[1.481s] [ 96%] Built target moveit_collision_distance_field
[1.617s] [ 97%] Built target test_collision_distance_field
[1.632s] [100%] Built target test_constraint_samplers
[2.029s] Invoked command in '/home/a/ws_nhk/build/moveit_core' returned '0': CMAKE_PREFIX_PATH=/home/a/ws_nhk/install/moveit_resources_panda_moveit_config:/home/a/ws_nhk/install/srdfdom:/home/a/ws_nhk/install/moveit_resources_pr2_description:/home/a/ws_nhk/install/moveit_resources_panda_description:/home/a/ws_nhk/install/moveit_common:/home/a/ws_nhk/install/moveit_r2_config:/home/a/ws_nhk/install/a_r2_description:/home/a/ws_nhk/install/moveit_runtime:/home/a/ws_nhk/install/moveit_config:/home/a/ws_nhk/install/moveit2_tutorials:/home/a/ws_nhk/install/moveit:/home/a/ws_nhk/install/moveit_planners:/home/a/ws_nhk/install/pilz_industrial_motion_planner:/home/a/ws_nhk/install/moveit_task_constructor_visualization:/home/a/ws_nhk/install/moveit_task_constructor_demo:/home/a/ws_nhk/install/moveit_task_constructor_capabilities:/home/a/ws_nhk/install/moveit_task_constructor_core:/home/a/ws_nhk/install/moveit_setup_assistant:/home/a/ws_nhk/install/moveit_setup_srdf_plugins:/home/a/ws_nhk/install/moveit_setup_core_plugins:/home/a/ws_nhk/install/moveit_setup_controllers:/home/a/ws_nhk/install/moveit_setup_app_plugins:/home/a/ws_nhk/install/moveit_setup_framework:/home/a/ws_nhk/install/moveit_servo:/home/a/ws_nhk/install/moveit_ros:/home/a/ws_nhk/install/moveit_ros_visualization:/home/a/ws_nhk/install/moveit_hybrid_planning:/home/a/ws_nhk/install/moveit_ros_planning_interface:/home/a/ws_nhk/install/moveit_resources_prbt_pg70_support:/home/a/ws_nhk/install/moveit_resources_prbt_moveit_config:/home/a/ws_nhk/install/moveit_ros_move_group:/home/a/ws_nhk/install/moveit_kinematics:/home/a/ws_nhk/install/trac_ik:/home/a/ws_nhk/install/trac_ik_kinematics_plugin:/home/a/ws_nhk/install/trac_ik_lib:/home/a/ws_nhk/install/pilz_industrial_motion_planner_testutils:/home/a/ws_nhk/install/moveit_visual_tools:/home/a/ws_nhk/install/moveit_ros_control_interface:/home/a/ws_nhk/install/moveit_plugins:/home/a/ws_nhk/install/moveit_simple_controller_manager:/home/a/ws_nhk/install/moveit_ros_benchmarks:/home/a/ws_nhk/install/moveit_ros_warehouse:/home/a/ws_nhk/install/moveit_ros_robot_interaction:/home/a/ws_nhk/install/moveit_ros_perception:/home/a/ws_nhk/install/moveit_planners_ompl:/home/a/ws_nhk/install/moveit_ros_planning:/home/a/ws_nhk/install/moveit_ros_occupancy_map_monitor:/home/a/ws_nhk/install/moveit_resources_prbt_ikfast_manipulator_plugin:/home/a/ws_nhk/install/moveit_planners_chomp:/home/a/ws_nhk/install/moveit_chomp_optimizer_adapter:/home/a/ws_nhk/install/chomp_motion_planner:/home/a/ws_nhk/install/moveit_core:/home/a/ws_nhk/install/rviz_marker_tools:/home/a/ws_nhk/install/rosparam_shortcuts:/home/a/ws_nhk/install/nhk_bt:/home/a/ws_nhk/install/moveit_task_constructor_msgs:/home/a/ws_nhk/install/moveit_resources_prbt_support:/home/a/ws_nhk/install/moveit_resources:/home/a/ws_nhk/install/moveit_resources_fanuc_moveit_config:/home/a/ws_nhk/install/moveit_resources_fanuc_description:/home/a/ws_nhk/install/dynamixel_sdk_examples:/home/a/ws_nhk/install/dynamixel_sdk_custom_interfaces:/home/a/ws_nhk/install/dynamixel_controller:/home/a/ws_nhk/install/dynamixel_sdk:/home/a/ws_nhk/install/arm_v20_description:/home/a/install/field_description_test:/home/a/ws_nhk/install/moveit_configs_utils:/home/a/ws_nhk/install/launch_param_builder:/home/a/ws_nhk/install/dynamixel_controller_gui:/home/a/ws_nhk/install/dynamixel_controller_client:/opt/ros/humble LD_LIBRARY_PATH=/home/a/ws_nhk/install/srdfdom/lib:/home/a/ws_nhk/install/pilz_industrial_motion_planner/lib:/home/a/ws_nhk/install/moveit_task_constructor_visualization/lib:/home/a/ws_nhk/install/moveit_task_constructor_demo/lib:/home/a/ws_nhk/install/moveit_task_constructor_capabilities/lib:/home/a/ws_nhk/install/moveit_task_constructor_core/lib:/home/a/ws_nhk/install/moveit_setup_assistant/lib:/home/a/ws_nhk/install/moveit_setup_srdf_plugins/lib:/home/a/ws_nhk/install/moveit_setup_core_plugins/lib:/home/a/ws_nhk/install/moveit_setup_controllers/lib:/home/a/ws_nhk/install/moveit_setup_app_plugins/lib:/home/a/ws_nhk/install/moveit_setup_framework/lib:/home/a/ws_nhk/install/moveit_servo/lib:/home/a/ws_nhk/install/moveit_ros_visualization/lib:/home/a/ws_nhk/install/moveit_hybrid_planning/lib:/home/a/ws_nhk/install/moveit_ros_planning_interface/lib:/home/a/ws_nhk/install/moveit_ros_move_group/lib:/home/a/ws_nhk/install/moveit_kinematics/lib:/home/a/ws_nhk/install/trac_ik_kinematics_plugin/lib:/home/a/ws_nhk/install/trac_ik_lib/lib:/home/a/ws_nhk/install/pilz_industrial_motion_planner_testutils/lib:/home/a/ws_nhk/install/moveit_visual_tools/lib:/home/a/ws_nhk/install/moveit_ros_control_interface/lib:/home/a/ws_nhk/install/moveit_simple_controller_manager/lib:/home/a/ws_nhk/install/moveit_ros_benchmarks/lib:/home/a/ws_nhk/install/moveit_ros_warehouse/lib:/home/a/ws_nhk/install/moveit_ros_robot_interaction/lib:/home/a/ws_nhk/install/moveit_ros_perception/lib:/home/a/ws_nhk/install/moveit_planners_ompl/lib:/home/a/ws_nhk/install/moveit_ros_planning/lib:/home/a/ws_nhk/install/moveit_ros_occupancy_map_monitor/lib:/home/a/ws_nhk/install/moveit_resources_prbt_ikfast_manipulator_plugin/lib:/home/a/ws_nhk/install/moveit_planners_chomp/lib:/home/a/ws_nhk/install/moveit_chomp_optimizer_adapter/lib:/home/a/ws_nhk/install/chomp_motion_planner/lib:/home/a/ws_nhk/install/moveit_core/lib:/home/a/ws_nhk/install/rviz_marker_tools/lib:/home/a/ws_nhk/install/rosparam_shortcuts/lib:/home/a/ws_nhk/install/moveit_task_constructor_msgs/lib:/home/a/ws_nhk/install/dynamixel_sdk_custom_interfaces/lib:/home/a/ws_nhk/install/dynamixel_controller/lib:/home/a/ws_nhk/install/dynamixel_sdk/lib:/usr/local/lib:/usr/lib/x86_64-linux-gnu/gazebo-11/plugins:/opt/ros/humble/opt/rviz_ogre_vendor/lib:/opt/ros/humble/lib/x86_64-linux-gnu:/opt/ros/humble/lib /usr/bin/cmake --build /home/a/ws_nhk/build/moveit_core -- -j22 -l22
[2.036s] Invoking command in '/home/a/ws_nhk/build/moveit_core': CMAKE_PREFIX_PATH=/home/a/ws_nhk/install/moveit_resources_panda_moveit_config:/home/a/ws_nhk/install/srdfdom:/home/a/ws_nhk/install/moveit_resources_pr2_description:/home/a/ws_nhk/install/moveit_resources_panda_description:/home/a/ws_nhk/install/moveit_common:/home/a/ws_nhk/install/moveit_r2_config:/home/a/ws_nhk/install/a_r2_description:/home/a/ws_nhk/install/moveit_runtime:/home/a/ws_nhk/install/moveit_config:/home/a/ws_nhk/install/moveit2_tutorials:/home/a/ws_nhk/install/moveit:/home/a/ws_nhk/install/moveit_planners:/home/a/ws_nhk/install/pilz_industrial_motion_planner:/home/a/ws_nhk/install/moveit_task_constructor_visualization:/home/a/ws_nhk/install/moveit_task_constructor_demo:/home/a/ws_nhk/install/moveit_task_constructor_capabilities:/home/a/ws_nhk/install/moveit_task_constructor_core:/home/a/ws_nhk/install/moveit_setup_assistant:/home/a/ws_nhk/install/moveit_setup_srdf_plugins:/home/a/ws_nhk/install/moveit_setup_core_plugins:/home/a/ws_nhk/install/moveit_setup_controllers:/home/a/ws_nhk/install/moveit_setup_app_plugins:/home/a/ws_nhk/install/moveit_setup_framework:/home/a/ws_nhk/install/moveit_servo:/home/a/ws_nhk/install/moveit_ros:/home/a/ws_nhk/install/moveit_ros_visualization:/home/a/ws_nhk/install/moveit_hybrid_planning:/home/a/ws_nhk/install/moveit_ros_planning_interface:/home/a/ws_nhk/install/moveit_resources_prbt_pg70_support:/home/a/ws_nhk/install/moveit_resources_prbt_moveit_config:/home/a/ws_nhk/install/moveit_ros_move_group:/home/a/ws_nhk/install/moveit_kinematics:/home/a/ws_nhk/install/trac_ik:/home/a/ws_nhk/install/trac_ik_kinematics_plugin:/home/a/ws_nhk/install/trac_ik_lib:/home/a/ws_nhk/install/pilz_industrial_motion_planner_testutils:/home/a/ws_nhk/install/moveit_visual_tools:/home/a/ws_nhk/install/moveit_ros_control_interface:/home/a/ws_nhk/install/moveit_plugins:/home/a/ws_nhk/install/moveit_simple_controller_manager:/home/a/ws_nhk/install/moveit_ros_benchmarks:/home/a/ws_nhk/install/moveit_ros_warehouse:/home/a/ws_nhk/install/moveit_ros_robot_interaction:/home/a/ws_nhk/install/moveit_ros_perception:/home/a/ws_nhk/install/moveit_planners_ompl:/home/a/ws_nhk/install/moveit_ros_planning:/home/a/ws_nhk/install/moveit_ros_occupancy_map_monitor:/home/a/ws_nhk/install/moveit_resources_prbt_ikfast_manipulator_plugin:/home/a/ws_nhk/install/moveit_planners_chomp:/home/a/ws_nhk/install/moveit_chomp_optimizer_adapter:/home/a/ws_nhk/install/chomp_motion_planner:/home/a/ws_nhk/install/moveit_core:/home/a/ws_nhk/install/rviz_marker_tools:/home/a/ws_nhk/install/rosparam_shortcuts:/home/a/ws_nhk/install/nhk_bt:/home/a/ws_nhk/install/moveit_task_constructor_msgs:/home/a/ws_nhk/install/moveit_resources_prbt_support:/home/a/ws_nhk/install/moveit_resources:/home/a/ws_nhk/install/moveit_resources_fanuc_moveit_config:/home/a/ws_nhk/install/moveit_resources_fanuc_description:/home/a/ws_nhk/install/dynamixel_sdk_examples:/home/a/ws_nhk/install/dynamixel_sdk_custom_interfaces:/home/a/ws_nhk/install/dynamixel_controller:/home/a/ws_nhk/install/dynamixel_sdk:/home/a/ws_nhk/install/arm_v20_description:/home/a/install/field_description_test:/home/a/ws_nhk/install/moveit_configs_utils:/home/a/ws_nhk/install/launch_param_builder:/home/a/ws_nhk/install/dynamixel_controller_gui:/home/a/ws_nhk/install/dynamixel_controller_client:/opt/ros/humble LD_LIBRARY_PATH=/home/a/ws_nhk/install/srdfdom/lib:/home/a/ws_nhk/install/pilz_industrial_motion_planner/lib:/home/a/ws_nhk/install/moveit_task_constructor_visualization/lib:/home/a/ws_nhk/install/moveit_task_constructor_demo/lib:/home/a/ws_nhk/install/moveit_task_constructor_capabilities/lib:/home/a/ws_nhk/install/moveit_task_constructor_core/lib:/home/a/ws_nhk/install/moveit_setup_assistant/lib:/home/a/ws_nhk/install/moveit_setup_srdf_plugins/lib:/home/a/ws_nhk/install/moveit_setup_core_plugins/lib:/home/a/ws_nhk/install/moveit_setup_controllers/lib:/home/a/ws_nhk/install/moveit_setup_app_plugins/lib:/home/a/ws_nhk/install/moveit_setup_framework/lib:/home/a/ws_nhk/install/moveit_servo/lib:/home/a/ws_nhk/install/moveit_ros_visualization/lib:/home/a/ws_nhk/install/moveit_hybrid_planning/lib:/home/a/ws_nhk/install/moveit_ros_planning_interface/lib:/home/a/ws_nhk/install/moveit_ros_move_group/lib:/home/a/ws_nhk/install/moveit_kinematics/lib:/home/a/ws_nhk/install/trac_ik_kinematics_plugin/lib:/home/a/ws_nhk/install/trac_ik_lib/lib:/home/a/ws_nhk/install/pilz_industrial_motion_planner_testutils/lib:/home/a/ws_nhk/install/moveit_visual_tools/lib:/home/a/ws_nhk/install/moveit_ros_control_interface/lib:/home/a/ws_nhk/install/moveit_simple_controller_manager/lib:/home/a/ws_nhk/install/moveit_ros_benchmarks/lib:/home/a/ws_nhk/install/moveit_ros_warehouse/lib:/home/a/ws_nhk/install/moveit_ros_robot_interaction/lib:/home/a/ws_nhk/install/moveit_ros_perception/lib:/home/a/ws_nhk/install/moveit_planners_ompl/lib:/home/a/ws_nhk/install/moveit_ros_planning/lib:/home/a/ws_nhk/install/moveit_ros_occupancy_map_monitor/lib:/home/a/ws_nhk/install/moveit_resources_prbt_ikfast_manipulator_plugin/lib:/home/a/ws_nhk/install/moveit_planners_chomp/lib:/home/a/ws_nhk/install/moveit_chomp_optimizer_adapter/lib:/home/a/ws_nhk/install/chomp_motion_planner/lib:/home/a/ws_nhk/install/moveit_core/lib:/home/a/ws_nhk/install/rviz_marker_tools/lib:/home/a/ws_nhk/install/rosparam_shortcuts/lib:/home/a/ws_nhk/install/moveit_task_constructor_msgs/lib:/home/a/ws_nhk/install/dynamixel_sdk_custom_interfaces/lib:/home/a/ws_nhk/install/dynamixel_controller/lib:/home/a/ws_nhk/install/dynamixel_sdk/lib:/usr/local/lib:/usr/lib/x86_64-linux-gnu/gazebo-11/plugins:/opt/ros/humble/opt/rviz_ogre_vendor/lib:/opt/ros/humble/lib/x86_64-linux-gnu:/opt/ros/humble/lib /usr/bin/cmake --install /home/a/ws_nhk/build/moveit_core
[2.081s] -- Install configuration: "Release"
[2.083s] -- Up-to-date: /home/a/ws_nhk/install/moveit_core/include/moveit/version.h
[2.085s] -- Up-to-date: /home/a/ws_nhk/install/moveit_core/include
[2.086s] -- Up-to-date: /home/a/ws_nhk/install/moveit_core/include/moveit
[2.086s] -- Up-to-date: /home/a/ws_nhk/install/moveit_core/include/moveit/collision_distance_field
[2.087s] -- Up-to-date: /home/a/ws_nhk/install/moveit_core/include/moveit/collision_distance_field/collision_distance_field_types.h
[2.087s] -- Up-to-date: /home/a/ws_nhk/install/moveit_core/include/moveit/collision_distance_field/collision_env_hybrid.h
[2.089s] -- Up-to-date: /home/a/ws_nhk/install/moveit_core/include/moveit/collision_distance_field/collision_common_distance_field.h
[2.090s] -- Up-to-date: /home/a/ws_nhk/install/moveit_core/include/moveit/collision_distance_field/collision_detector_allocator_distance_field.h
[2.090s] -- Up-to-date: /home/a/ws_nhk/install/moveit_core/include/moveit/collision_distance_field/collision_env_distance_field.h
[2.090s] -- Up-to-date: /home/a/ws_nhk/install/moveit_core/include/moveit/collision_distance_field/collision_detector_allocator_hybrid.h
[2.091s] -- Up-to-date: /home/a/ws_nhk/install/moveit_core/include/moveit_collision_distance_field_export.h
[2.094s] -- Up-to-date: /home/a/ws_nhk/install/moveit_core/include
[2.094s] -- Up-to-date: /home/a/ws_nhk/install/moveit_core/include/moveit
[2.094s] -- Up-to-date: /home/a/ws_nhk/install/moveit_core/include/moveit/constraint_samplers
[2.094s] -- Up-to-date: /home/a/ws_nhk/install/moveit_core/include/moveit/constraint_samplers/union_constraint_sampler.h
[2.095s] -- Up-to-date: /home/a/ws_nhk/install/moveit_core/include/moveit/constraint_samplers/default_constraint_samplers.h
[2.095s] -- Up-to-date: /home/a/ws_nhk/install/moveit_core/include/moveit/constraint_samplers/constraint_sampler_tools.h
[2.095s] -- Up-to-date: /home/a/ws_nhk/install/moveit_core/include/moveit/constraint_samplers/constraint_sampler_allocator.h
[2.095s] -- Up-to-date: /home/a/ws_nhk/install/moveit_core/include/moveit/constraint_samplers/constraint_sampler.h
[2.095s] -- Up-to-date: /home/a/ws_nhk/install/moveit_core/include/moveit/constraint_samplers/constraint_sampler_manager.h
[2.096s] -- Up-to-date: /home/a/ws_nhk/install/moveit_core/include
[2.096s] -- Up-to-date: /home/a/ws_nhk/install/moveit_core/include/moveit
[2.097s] -- Up-to-date: /home/a/ws_nhk/install/moveit_core/include/moveit/controller_manager
[2.097s] -- Up-to-date: /home/a/ws_nhk/install/moveit_core/include/moveit/controller_manager/controller_manager.h
[2.098s] -- Up-to-date: /home/a/ws_nhk/install/moveit_core/include
[2.098s] -- Up-to-date: /home/a/ws_nhk/install/moveit_core/include/moveit
[2.098s] -- Up-to-date: /home/a/ws_nhk/install/moveit_core/include/moveit/distance_field
[2.099s] -- Up-to-date: /home/a/ws_nhk/install/moveit_core/include/moveit/distance_field/voxel_grid.h
[2.099s] -- Up-to-date: /home/a/ws_nhk/install/moveit_core/include/moveit/distance_field/propagation_distance_field.h
[2.099s] -- Up-to-date: /home/a/ws_nhk/install/moveit_core/include/moveit/distance_field/find_internal_points.h
[2.099s] -- Up-to-date: /home/a/ws_nhk/install/moveit_core/include/moveit/distance_field/distance_field.h
[2.100s] -- Up-to-date: /home/a/ws_nhk/install/moveit_core/include
[2.100s] -- Up-to-date: /home/a/ws_nhk/install/moveit_core/include/moveit
[2.100s] -- Up-to-date: /home/a/ws_nhk/install/moveit_core/include/moveit/dynamics_solver
[2.100s] -- Up-to-date: /home/a/ws_nhk/install/moveit_core/include/moveit/dynamics_solver/dynamics_solver.h
[2.101s] -- Up-to-date: /home/a/ws_nhk/install/moveit_core/include
[2.102s] -- Up-to-date: /home/a/ws_nhk/install/moveit_core/include/moveit
[2.102s] -- Up-to-date: /home/a/ws_nhk/install/moveit_core/include/moveit/exceptions
[2.102s] -- Up-to-date: /home/a/ws_nhk/install/moveit_core/include/moveit/exceptions/exceptions.h
[2.102s] -- Up-to-date: /home/a/ws_nhk/install/moveit_core/include
[2.102s] -- Up-to-date: /home/a/ws_nhk/install/moveit_core/include/moveit
[2.103s] -- Up-to-date: /home/a/ws_nhk/install/moveit_core/include/moveit/kinematics_base
[2.103s] -- Up-to-date: /home/a/ws_nhk/install/moveit_core/include/moveit/kinematics_base/kinematics_base.h
[2.103s] -- Up-to-date: /home/a/ws_nhk/install/moveit_core/include/moveit_kinematics_base_export.h
[2.103s] -- Up-to-date: /home/a/ws_nhk/install/moveit_core/include
[2.103s] -- Up-to-date: /home/a/ws_nhk/install/moveit_core/include/moveit
[2.103s] -- Up-to-date: /home/a/ws_nhk/install/moveit_core/include/moveit/kinematic_constraints
[2.104s] -- Up-to-date: /home/a/ws_nhk/install/moveit_core/include/moveit/kinematic_constraints/utils.h
[2.104s] -- Up-to-date: /home/a/ws_nhk/install/moveit_core/include/moveit/kinematic_constraints/kinematic_constraint.h
[2.104s] -- Up-to-date: /home/a/ws_nhk/install/moveit_core/include
[2.104s] -- Up-to-date: /home/a/ws_nhk/install/moveit_core/include/moveit
[2.104s] -- Up-to-date: /home/a/ws_nhk/install/moveit_core/include/moveit/kinematics_metrics
[2.104s] -- Up-to-date: /home/a/ws_nhk/install/moveit_core/include/moveit/kinematics_metrics/kinematics_metrics.h
[2.105s] -- Up-to-date: /home/a/ws_nhk/install/moveit_core/include
[2.108s] -- Up-to-date: /home/a/ws_nhk/install/moveit_core/include/moveit
[2.108s] -- Up-to-date: /home/a/ws_nhk/install/moveit_core/include/moveit/macros
[2.109s] -- Up-to-date: /home/a/ws_nhk/install/moveit_core/include/moveit/macros/declare_ptr.h
[2.109s] -- Up-to-date: /home/a/ws_nhk/install/moveit_core/include/moveit/macros/deprecation.h
[2.109s] -- Up-to-date: /home/a/ws_nhk/install/moveit_core/include/moveit/macros/class_forward.h
[2.109s] -- Up-to-date: /home/a/ws_nhk/install/moveit_core/include/moveit/macros/console_colors.h
[2.109s] -- Up-to-date: /home/a/ws_nhk/install/moveit_core/include/moveit_core
[2.109s] -- Up-to-date: /home/a/ws_nhk/install/moveit_core/include/moveit_core/moveit_butterworth_parameters.hpp
[2.109s] -- Up-to-date: /home/a/ws_nhk/install/moveit_core/include
[2.110s] -- Up-to-date: /home/a/ws_nhk/install/moveit_core/include/moveit
[2.110s] -- Up-to-date: /home/a/ws_nhk/install/moveit_core/include/moveit/online_signal_smoothing
[2.110s] -- Up-to-date: /home/a/ws_nhk/install/moveit_core/include/moveit/online_signal_smoothing/smoothing_base_class.h
[2.110s] -- Up-to-date: /home/a/ws_nhk/install/moveit_core/include/moveit/online_signal_smoothing/butterworth_filter.h
[2.110s] -- Up-to-date: /home/a/ws_nhk/install/moveit_core/include/moveit_smoothing_base_export.h
[2.111s] -- Up-to-date: /home/a/ws_nhk/install/moveit_core/include/moveit_butterworth_filter_export.h
[2.111s] -- Up-to-date: /home/a/ws_nhk/install/moveit_core/include
[2.111s] -- Up-to-date: /home/a/ws_nhk/install/moveit_core/include/moveit
[2.111s] -- Up-to-date: /home/a/ws_nhk/install/moveit_core/include/moveit/planning_interface
[2.111s] -- Up-to-date: /home/a/ws_nhk/install/moveit_core/include/moveit/planning_interface/planning_request.h
[2.111s] -- Up-to-date: /home/a/ws_nhk/install/moveit_core/include/moveit/planning_interface/planning_interface.h
[2.114s] -- Up-to-date: /home/a/ws_nhk/install/moveit_core/include/moveit/planning_interface/planning_response.h
[2.115s] -- Up-to-date: /home/a/ws_nhk/install/moveit_core/include
[2.115s] -- Up-to-date: /home/a/ws_nhk/install/moveit_core/include/moveit
[2.115s] -- Up-to-date: /home/a/ws_nhk/install/moveit_core/include/moveit/planning_request_adapter
[2.115s] -- Up-to-date: /home/a/ws_nhk/install/moveit_core/include/moveit/planning_request_adapter/planning_request_adapter.h
[2.115s] -- Up-to-date: /home/a/ws_nhk/install/moveit_core/include
[2.115s] -- Up-to-date: /home/a/ws_nhk/install/moveit_core/include/moveit
[2.116s] -- Up-to-date: /home/a/ws_nhk/install/moveit_core/include/moveit/planning_scene
[2.116s] -- Up-to-date: /home/a/ws_nhk/install/moveit_core/include/moveit/planning_scene/planning_scene.h
[2.116s] -- Up-to-date: /home/a/ws_nhk/install/moveit_core/include/moveit_planning_scene_export.h
[2.116s] -- Up-to-date: /home/a/ws_nhk/install/moveit_core/include
[2.116s] -- Up-to-date: /home/a/ws_nhk/install/moveit_core/include/moveit
[2.116s] -- Up-to-date: /home/a/ws_nhk/install/moveit_core/include/moveit/robot_model
[2.116s] -- Up-to-date: /home/a/ws_nhk/install/moveit_core/include/moveit/robot_model/robot_model.h
[2.117s] -- Up-to-date: /home/a/ws_nhk/install/moveit_core/include/moveit/robot_model/link_model.h
[2.117s] -- Up-to-date: /home/a/ws_nhk/install/moveit_core/include/moveit/robot_model/floating_joint_model.h
[2.117s] -- Up-to-date: /home/a/ws_nhk/install/moveit_core/include/moveit/robot_model/joint_model.h
[2.117s] -- Up-to-date: /home/a/ws_nhk/install/moveit_core/include/moveit/robot_model/planar_joint_model.h
[2.118s] -- Up-to-date: /home/a/ws_nhk/install/moveit_core/include/moveit/robot_model/aabb.h
[2.118s] -- Up-to-date: /home/a/ws_nhk/install/moveit_core/include/moveit/robot_model/fixed_joint_model.h
[2.118s] -- Up-to-date: /home/a/ws_nhk/install/moveit_core/include/moveit/robot_model/prismatic_joint_model.h
[2.118s] -- Up-to-date: /home/a/ws_nhk/install/moveit_core/include/moveit/robot_model/revolute_joint_model.h
[2.118s] -- Up-to-date: /home/a/ws_nhk/install/moveit_core/include/moveit/robot_model/joint_model_group.h
[2.118s] -- Up-to-date: /home/a/ws_nhk/install/moveit_core/include
[2.118s] -- Up-to-date: /home/a/ws_nhk/install/moveit_core/include/moveit
[2.119s] -- Up-to-date: /home/a/ws_nhk/install/moveit_core/include/moveit/robot_state
[2.119s] -- Up-to-date: /home/a/ws_nhk/install/moveit_core/include/moveit/robot_state/robot_state.h
[2.119s] -- Up-to-date: /home/a/ws_nhk/install/moveit_core/include/moveit/robot_state/cartesian_interpolator.h
[2.119s] -- Up-to-date: /home/a/ws_nhk/install/moveit_core/include/moveit/robot_state/conversions.h
[2.119s] -- Up-to-date: /home/a/ws_nhk/install/moveit_core/include/moveit/robot_state/attached_body.h
[2.119s] -- Up-to-date: /home/a/ws_nhk/install/moveit_core/include
[2.119s] -- Up-to-date: /home/a/ws_nhk/install/moveit_core/include/moveit
[2.119s] -- Up-to-date: /home/a/ws_nhk/install/moveit_core/include/moveit/robot_trajectory
[2.120s] -- Up-to-date: /home/a/ws_nhk/install/moveit_core/include/moveit/robot_trajectory/robot_trajectory.h
[2.120s] -- Up-to-date: /home/a/ws_nhk/install/moveit_core/include
[2.120s] -- Up-to-date: /home/a/ws_nhk/install/moveit_core/include/moveit
[2.120s] -- Up-to-date: /home/a/ws_nhk/install/moveit_core/include/moveit/sensor_manager
[2.120s] -- Up-to-date: /home/a/ws_nhk/install/moveit_core/include/moveit/sensor_manager/sensor_manager.h
[2.120s] -- Up-to-date: /home/a/ws_nhk/install/moveit_core/include
[2.121s] -- Up-to-date: /home/a/ws_nhk/install/moveit_core/include/moveit
[2.121s] -- Up-to-date: /home/a/ws_nhk/install/moveit_core/include/moveit/trajectory_processing
[2.121s] -- Up-to-date: /home/a/ws_nhk/install/moveit_core/include/moveit/trajectory_processing/iterative_time_parameterization.h
[2.121s] -- Up-to-date: /home/a/ws_nhk/install/moveit_core/include/moveit/trajectory_processing/time_parameterization.h
[2.121s] -- Up-to-date: /home/a/ws_nhk/install/moveit_core/include/moveit/trajectory_processing/trajectory_tools.h
[2.122s] -- Up-to-date: /home/a/ws_nhk/install/moveit_core/include/moveit/trajectory_processing/iterative_spline_parameterization.h
[2.122s] -- Up-to-date: /home/a/ws_nhk/install/moveit_core/include/moveit/trajectory_processing/time_optimal_trajectory_generation.h
[2.122s] -- Up-to-date: /home/a/ws_nhk/install/moveit_core/include/moveit/trajectory_processing/ruckig_traj_smoothing.h
[2.122s] -- Up-to-date: /home/a/ws_nhk/install/moveit_core/include
[2.122s] -- Up-to-date: /home/a/ws_nhk/install/moveit_core/include/moveit
[2.122s] -- Up-to-date: /home/a/ws_nhk/install/moveit_core/include/moveit/transforms
[2.122s] -- Up-to-date: /home/a/ws_nhk/install/moveit_core/include/moveit/transforms/transforms.h
[2.123s] -- Up-to-date: /home/a/ws_nhk/install/moveit_core/include
[2.123s] -- Up-to-date: /home/a/ws_nhk/install/moveit_core/include/moveit
[2.123s] -- Up-to-date: /home/a/ws_nhk/install/moveit_core/include/moveit/utils
[2.123s] -- Up-to-date: /home/a/ws_nhk/install/moveit_core/include/moveit/utils/robot_model_test_utils.h
[2.123s] -- Up-to-date: /home/a/ws_nhk/install/moveit_core/include/moveit/utils/rclcpp_utils.h
[2.123s] -- Up-to-date: /home/a/ws_nhk/install/moveit_core/include/moveit/utils/moveit_error_code.h
[2.123s] -- Up-to-date: /home/a/ws_nhk/install/moveit_core/include/moveit/utils/message_checks.h
[2.124s] -- Up-to-date: /home/a/ws_nhk/install/moveit_core/include/moveit/utils/lexical_casts.h
[2.124s] -- Up-to-date: /home/a/ws_nhk/install/moveit_core/bin/moveit_version
[2.124s] -- Up-to-date: /home/a/ws_nhk/install/moveit_core/include
[2.124s] -- Up-to-date: /home/a/ws_nhk/install/moveit_core/include/moveit
[2.124s] -- Up-to-date: /home/a/ws_nhk/install/moveit_core/include/moveit/collision_detection
[2.124s] -- Up-to-date: /home/a/ws_nhk/install/moveit_core/include/moveit/collision_detection/collision_env.h
[2.124s] -- Up-to-date: /home/a/ws_nhk/install/moveit_core/include/moveit/collision_detection/occupancy_map.h
[2.124s] -- Up-to-date: /home/a/ws_nhk/install/moveit_core/include/moveit/collision_detection/collision_tools.h
[2.125s] -- Up-to-date: /home/a/ws_nhk/install/moveit_core/include/moveit/collision_detection/collision_common.h
[2.125s] -- Up-to-date: /home/a/ws_nhk/install/moveit_core/include/moveit/collision_detection/world_diff.h
[2.125s] -- Up-to-date: /home/a/ws_nhk/install/moveit_core/include/moveit/collision_detection/collision_plugin_cache.h
[2.125s] -- Up-to-date: /home/a/ws_nhk/install/moveit_core/include/moveit/collision_detection/collision_plugin.h
[2.125s] -- Up-to-date: /home/a/ws_nhk/install/moveit_core/include/moveit/collision_detection/test_collision_common_panda.h
[2.125s] -- Up-to-date: /home/a/ws_nhk/install/moveit_core/include/moveit/collision_detection/collision_detector_allocator.h
[2.125s] -- Up-to-date: /home/a/ws_nhk/install/moveit_core/include/moveit/collision_detection/test_collision_common_pr2.h
[2.126s] -- Up-to-date: /home/a/ws_nhk/install/moveit_core/include/moveit/collision_detection/allvalid
[2.126s] -- Up-to-date: /home/a/ws_nhk/install/moveit_core/include/moveit/collision_detection/allvalid/collision_detector_allocator_allvalid.h
[2.126s] -- Up-to-date: /home/a/ws_nhk/install/moveit_core/include/moveit/collision_detection/allvalid/collision_env_allvalid.h
[2.126s] -- Up-to-date: /home/a/ws_nhk/install/moveit_core/include/moveit/collision_detection/collision_matrix.h
[2.126s] -- Up-to-date: /home/a/ws_nhk/install/moveit_core/include/moveit/collision_detection/collision_octomap_filter.h
[2.126s] -- Up-to-date: /home/a/ws_nhk/install/moveit_core/include/moveit/collision_detection/world.h
[2.126s] -- Up-to-date: /home/a/ws_nhk/install/moveit_core/include/moveit_collision_detection_export.h
[2.126s] -- Up-to-date: /home/a/ws_nhk/install/moveit_core/include
[2.127s] -- Up-to-date: /home/a/ws_nhk/install/moveit_core/include/moveit
[2.127s] -- Up-to-date: /home/a/ws_nhk/install/moveit_core/include/moveit/collision_detection_bullet
[2.127s] -- Up-to-date: /home/a/ws_nhk/install/moveit_core/include/moveit/collision_detection_bullet/collision_detector_allocator_bullet.h
[2.127s] -- Up-to-date: /home/a/ws_nhk/install/moveit_core/include/moveit/collision_detection_bullet/collision_env_bullet.h
[2.127s] -- Up-to-date: /home/a/ws_nhk/install/moveit_core/include/moveit/collision_detection_bullet/bullet_integration
[2.127s] -- Up-to-date: /home/a/ws_nhk/install/moveit_core/include/moveit/collision_detection_bullet/bullet_integration/ros_bullet_utils.h
[2.128s] -- Up-to-date: /home/a/ws_nhk/install/moveit_core/include/moveit/collision_detection_bullet/bullet_integration/basic_types.h
[2.128s] -- Up-to-date: /home/a/ws_nhk/install/moveit_core/include/moveit/collision_detection_bullet/bullet_integration/bullet_bvh_manager.h
[2.128s] -- Up-to-date: /home/a/ws_nhk/install/moveit_core/include/moveit/collision_detection_bullet/bullet_integration/bullet_utils.h
[2.128s] -- Up-to-date: /home/a/ws_nhk/install/moveit_core/include/moveit/collision_detection_bullet/bullet_integration/bullet_cast_bvh_manager.h
[2.128s] -- Up-to-date: /home/a/ws_nhk/install/moveit_core/include/moveit/collision_detection_bullet/bullet_integration/bullet_discrete_bvh_manager.h
[2.128s] -- Up-to-date: /home/a/ws_nhk/install/moveit_core/include/moveit/collision_detection_bullet/bullet_integration/contact_checker_common.h
[2.128s] -- Up-to-date: /home/a/ws_nhk/install/moveit_core/include/moveit/collision_detection_bullet/collision_detector_bullet_plugin_loader.h
[2.129s] -- Up-to-date: /home/a/ws_nhk/install/moveit_core/include/moveit_collision_detection_bullet_export.h
[2.129s] -- Up-to-date: /home/a/ws_nhk/install/moveit_core/include
[2.129s] -- Up-to-date: /home/a/ws_nhk/install/moveit_core/include/moveit
[2.129s] -- Up-to-date: /home/a/ws_nhk/install/moveit_core/include/moveit/collision_detection_fcl
[2.129s] -- Up-to-date: /home/a/ws_nhk/install/moveit_core/include/moveit/collision_detection_fcl/collision_common.h
[2.129s] -- Up-to-date: /home/a/ws_nhk/install/moveit_core/include/moveit/collision_detection_fcl/fcl_compat.h
[2.129s] -- Up-to-date: /home/a/ws_nhk/install/moveit_core/include/moveit/collision_detection_fcl/collision_env_fcl.h
[2.129s] -- Up-to-date: /home/a/ws_nhk/install/moveit_core/include/moveit/collision_detection_fcl/collision_detector_fcl_plugin_loader.h
[2.130s] -- Up-to-date: /home/a/ws_nhk/install/moveit_core/include/moveit/collision_detection_fcl/collision_detector_allocator_fcl.h
[2.130s] -- Up-to-date: /home/a/ws_nhk/install/moveit_core/include/moveit_collision_detection_fcl_export.h
[2.130s] -- Up-to-date: /home/a/ws_nhk/install/moveit_core/lib/libcollision_detector_bullet_plugin.so.2.5.9
[2.130s] -- Up-to-date: /home/a/ws_nhk/install/moveit_core/lib/libcollision_detector_bullet_plugin.so
[2.130s] -- Up-to-date: /home/a/ws_nhk/install/moveit_core/lib/libmoveit_butterworth_filter.so.2.5.9
[2.130s] -- Up-to-date: /home/a/ws_nhk/install/moveit_core/lib/libmoveit_butterworth_filter.so
[2.130s] -- Up-to-date: /home/a/ws_nhk/install/moveit_core/lib/libmoveit_collision_distance_field.so.2.5.9
[2.131s] -- Up-to-date: /home/a/ws_nhk/install/moveit_core/lib/libmoveit_collision_distance_field.so
[2.131s] -- Up-to-date: /home/a/ws_nhk/install/moveit_core/lib/libmoveit_collision_detection.so.2.5.9
[2.131s] -- Up-to-date: /home/a/ws_nhk/install/moveit_core/lib/libmoveit_collision_detection.so
[2.131s] -- Up-to-date: /home/a/ws_nhk/install/moveit_core/lib/libmoveit_collision_detection_fcl.so.2.5.9
[2.131s] -- Up-to-date: /home/a/ws_nhk/install/moveit_core/lib/libmoveit_collision_detection_fcl.so
[2.131s] -- Up-to-date: /home/a/ws_nhk/install/moveit_core/lib/libmoveit_collision_detection_bullet.so.2.5.9
[2.131s] -- Up-to-date: /home/a/ws_nhk/install/moveit_core/lib/libmoveit_collision_detection_bullet.so
[2.131s] -- Up-to-date: /home/a/ws_nhk/install/moveit_core/lib/libmoveit_dynamics_solver.so.2.5.9
[2.132s] -- Up-to-date: /home/a/ws_nhk/install/moveit_core/lib/libmoveit_dynamics_solver.so
[2.132s] -- Up-to-date: /home/a/ws_nhk/install/moveit_core/lib/libmoveit_constraint_samplers.so.2.5.9
[2.132s] -- Up-to-date: /home/a/ws_nhk/install/moveit_core/lib/libmoveit_constraint_samplers.so
[2.132s] -- Up-to-date: /home/a/ws_nhk/install/moveit_core/lib/libmoveit_distance_field.so.2.5.9
[2.132s] -- Up-to-date: /home/a/ws_nhk/install/moveit_core/lib/libmoveit_distance_field.so
[2.132s] -- Up-to-date: /home/a/ws_nhk/install/moveit_core/lib/libmoveit_exceptions.so.2.5.9
[2.132s] -- Up-to-date: /home/a/ws_nhk/install/moveit_core/lib/libmoveit_exceptions.so
[2.133s] -- Up-to-date: /home/a/ws_nhk/install/moveit_core/lib/libmoveit_kinematics_base.so
[2.133s] -- Up-to-date: /home/a/ws_nhk/install/moveit_core/lib/libmoveit_kinematic_constraints.so.2.5.9
[2.133s] -- Up-to-date: /home/a/ws_nhk/install/moveit_core/lib/libmoveit_kinematic_constraints.so
[2.133s] -- Up-to-date: /home/a/ws_nhk/install/moveit_core/lib/libmoveit_kinematics_metrics.so.2.5.9
[2.133s] -- Up-to-date: /home/a/ws_nhk/install/moveit_core/lib/libmoveit_kinematics_metrics.so
[2.133s] -- Up-to-date: /home/a/ws_nhk/install/moveit_core/lib/libmoveit_planning_interface.so.2.5.9
[2.133s] -- Up-to-date: /home/a/ws_nhk/install/moveit_core/lib/libmoveit_planning_interface.so
[2.134s] -- Up-to-date: /home/a/ws_nhk/install/moveit_core/lib/libmoveit_planning_scene.so.2.5.9
[2.134s] -- Up-to-date: /home/a/ws_nhk/install/moveit_core/lib/libmoveit_planning_scene.so
[2.134s] -- Up-to-date: /home/a/ws_nhk/install/moveit_core/lib/libmoveit_planning_request_adapter.so.2.5.9
[2.134s] -- Up-to-date: /home/a/ws_nhk/install/moveit_core/lib/libmoveit_planning_request_adapter.so
[2.134s] -- Up-to-date: /home/a/ws_nhk/install/moveit_core/lib/libmoveit_robot_model.so.2.5.9
[2.134s] -- Up-to-date: /home/a/ws_nhk/install/moveit_core/lib/libmoveit_robot_model.so
[2.134s] -- Up-to-date: /home/a/ws_nhk/install/moveit_core/lib/libmoveit_robot_state.so.2.5.9
[2.135s] -- Up-to-date: /home/a/ws_nhk/install/moveit_core/lib/libmoveit_robot_state.so
[2.135s] -- Up-to-date: /home/a/ws_nhk/install/moveit_core/lib/libmoveit_robot_trajectory.so.2.5.9
[2.135s] -- Up-to-date: /home/a/ws_nhk/install/moveit_core/lib/libmoveit_robot_trajectory.so
[2.135s] -- Up-to-date: /home/a/ws_nhk/install/moveit_core/lib/libmoveit_smoothing_base.so.2.5.9
[2.135s] -- Up-to-date: /home/a/ws_nhk/install/moveit_core/lib/libmoveit_smoothing_base.so
[2.135s] -- Up-to-date: /home/a/ws_nhk/install/moveit_core/lib/libmoveit_test_utils.so.2.5.9
[2.135s] -- Up-to-date: /home/a/ws_nhk/install/moveit_core/lib/libmoveit_test_utils.so
[2.135s] -- Up-to-date: /home/a/ws_nhk/install/moveit_core/lib/libmoveit_trajectory_processing.so.2.5.9
[2.136s] -- Up-to-date: /home/a/ws_nhk/install/moveit_core/lib/libmoveit_trajectory_processing.so
[2.136s] -- Up-to-date: /home/a/ws_nhk/install/moveit_core/lib/libmoveit_transforms.so.2.5.9
[2.136s] -- Up-to-date: /home/a/ws_nhk/install/moveit_core/lib/libmoveit_transforms.so
[2.136s] -- Up-to-date: /home/a/ws_nhk/install/moveit_core/lib/libmoveit_utils.so.2.5.9
[2.136s] -- Up-to-date: /home/a/ws_nhk/install/moveit_core/lib/libmoveit_utils.so
[2.136s] -- Up-to-date: /home/a/ws_nhk/install/moveit_core/share/moveit_core/environment/library_path.sh
[2.136s] -- Up-to-date: /home/a/ws_nhk/install/moveit_core/share/moveit_core/environment/library_path.dsv
[2.137s] -- Up-to-date: /home/a/ws_nhk/install/moveit_core/share/moveit_core/collision_detector_fcl_description.xml
[2.137s] -- Up-to-date: /home/a/ws_nhk/install/moveit_core/share/moveit_core/collision_detector_bullet_description.xml
[2.137s] -- Up-to-date: /home/a/ws_nhk/install/moveit_core/share/moveit_core/filter_plugin_butterworth.xml
[2.137s] -- Up-to-date: /home/a/ws_nhk/install/moveit_core/share/ament_index/resource_index/package_run_dependencies/moveit_core
[2.137s] -- Up-to-date: /home/a/ws_nhk/install/moveit_core/share/ament_index/resource_index/parent_prefix_path/moveit_core
[2.137s] -- Up-to-date: /home/a/ws_nhk/install/moveit_core/share/moveit_core/environment/ament_prefix_path.sh
[2.137s] -- Up-to-date: /home/a/ws_nhk/install/moveit_core/share/moveit_core/environment/ament_prefix_path.dsv
[2.137s] -- Up-to-date: /home/a/ws_nhk/install/moveit_core/share/moveit_core/environment/path.sh
[2.138s] -- Up-to-date: /home/a/ws_nhk/install/moveit_core/share/moveit_core/environment/path.dsv
[2.138s] -- Up-to-date: /home/a/ws_nhk/install/moveit_core/share/moveit_core/local_setup.bash
[2.138s] -- Up-to-date: /home/a/ws_nhk/install/moveit_core/share/moveit_core/local_setup.sh
[2.138s] -- Up-to-date: /home/a/ws_nhk/install/moveit_core/share/moveit_core/local_setup.zsh
[2.138s] -- Up-to-date: /home/a/ws_nhk/install/moveit_core/share/moveit_core/local_setup.dsv
[2.138s] -- Installing: /home/a/ws_nhk/install/moveit_core/share/moveit_core/package.dsv
[2.138s] -- Up-to-date: /home/a/ws_nhk/install/moveit_core/share/ament_index/resource_index/packages/moveit_core
[2.139s] -- Up-to-date: /home/a/ws_nhk/install/moveit_core/share/ament_index/resource_index/moveit_core__pluginlib__plugin/moveit_core
[2.139s] -- Up-to-date: /home/a/ws_nhk/install/moveit_core/share/moveit_core/cmake/export_moveit_coreExport.cmake
[2.139s] -- Up-to-date: /home/a/ws_nhk/install/moveit_core/share/moveit_core/cmake/export_moveit_coreExport-release.cmake
[2.139s] -- Up-to-date: /home/a/ws_nhk/install/moveit_core/share/moveit_core/cmake/ConfigExtras.cmake
[2.139s] -- Up-to-date: /home/a/ws_nhk/install/moveit_core/share/moveit_core/cmake/ament_cmake_export_targets-extras.cmake
[2.139s] -- Up-to-date: /home/a/ws_nhk/install/moveit_core/share/moveit_core/cmake/ament_cmake_export_dependencies-extras.cmake
[2.139s] -- Up-to-date: /home/a/ws_nhk/install/moveit_core/share/moveit_core/cmake/moveit_coreConfig.cmake
[2.140s] -- Up-to-date: /home/a/ws_nhk/install/moveit_core/share/moveit_core/cmake/moveit_coreConfig-version.cmake
[2.140s] -- Up-to-date: /home/a/ws_nhk/install/moveit_core/share/moveit_core/package.xml
[2.140s] Invoked command in '/home/a/ws_nhk/build/moveit_core' returned '0': CMAKE_PREFIX_PATH=/home/a/ws_nhk/install/moveit_resources_panda_moveit_config:/home/a/ws_nhk/install/srdfdom:/home/a/ws_nhk/install/moveit_resources_pr2_description:/home/a/ws_nhk/install/moveit_resources_panda_description:/home/a/ws_nhk/install/moveit_common:/home/a/ws_nhk/install/moveit_r2_config:/home/a/ws_nhk/install/a_r2_description:/home/a/ws_nhk/install/moveit_runtime:/home/a/ws_nhk/install/moveit_config:/home/a/ws_nhk/install/moveit2_tutorials:/home/a/ws_nhk/install/moveit:/home/a/ws_nhk/install/moveit_planners:/home/a/ws_nhk/install/pilz_industrial_motion_planner:/home/a/ws_nhk/install/moveit_task_constructor_visualization:/home/a/ws_nhk/install/moveit_task_constructor_demo:/home/a/ws_nhk/install/moveit_task_constructor_capabilities:/home/a/ws_nhk/install/moveit_task_constructor_core:/home/a/ws_nhk/install/moveit_setup_assistant:/home/a/ws_nhk/install/moveit_setup_srdf_plugins:/home/a/ws_nhk/install/moveit_setup_core_plugins:/home/a/ws_nhk/install/moveit_setup_controllers:/home/a/ws_nhk/install/moveit_setup_app_plugins:/home/a/ws_nhk/install/moveit_setup_framework:/home/a/ws_nhk/install/moveit_servo:/home/a/ws_nhk/install/moveit_ros:/home/a/ws_nhk/install/moveit_ros_visualization:/home/a/ws_nhk/install/moveit_hybrid_planning:/home/a/ws_nhk/install/moveit_ros_planning_interface:/home/a/ws_nhk/install/moveit_resources_prbt_pg70_support:/home/a/ws_nhk/install/moveit_resources_prbt_moveit_config:/home/a/ws_nhk/install/moveit_ros_move_group:/home/a/ws_nhk/install/moveit_kinematics:/home/a/ws_nhk/install/trac_ik:/home/a/ws_nhk/install/trac_ik_kinematics_plugin:/home/a/ws_nhk/install/trac_ik_lib:/home/a/ws_nhk/install/pilz_industrial_motion_planner_testutils:/home/a/ws_nhk/install/moveit_visual_tools:/home/a/ws_nhk/install/moveit_ros_control_interface:/home/a/ws_nhk/install/moveit_plugins:/home/a/ws_nhk/install/moveit_simple_controller_manager:/home/a/ws_nhk/install/moveit_ros_benchmarks:/home/a/ws_nhk/install/moveit_ros_warehouse:/home/a/ws_nhk/install/moveit_ros_robot_interaction:/home/a/ws_nhk/install/moveit_ros_perception:/home/a/ws_nhk/install/moveit_planners_ompl:/home/a/ws_nhk/install/moveit_ros_planning:/home/a/ws_nhk/install/moveit_ros_occupancy_map_monitor:/home/a/ws_nhk/install/moveit_resources_prbt_ikfast_manipulator_plugin:/home/a/ws_nhk/install/moveit_planners_chomp:/home/a/ws_nhk/install/moveit_chomp_optimizer_adapter:/home/a/ws_nhk/install/chomp_motion_planner:/home/a/ws_nhk/install/moveit_core:/home/a/ws_nhk/install/rviz_marker_tools:/home/a/ws_nhk/install/rosparam_shortcuts:/home/a/ws_nhk/install/nhk_bt:/home/a/ws_nhk/install/moveit_task_constructor_msgs:/home/a/ws_nhk/install/moveit_resources_prbt_support:/home/a/ws_nhk/install/moveit_resources:/home/a/ws_nhk/install/moveit_resources_fanuc_moveit_config:/home/a/ws_nhk/install/moveit_resources_fanuc_description:/home/a/ws_nhk/install/dynamixel_sdk_examples:/home/a/ws_nhk/install/dynamixel_sdk_custom_interfaces:/home/a/ws_nhk/install/dynamixel_controller:/home/a/ws_nhk/install/dynamixel_sdk:/home/a/ws_nhk/install/arm_v20_description:/home/a/install/field_description_test:/home/a/ws_nhk/install/moveit_configs_utils:/home/a/ws_nhk/install/launch_param_builder:/home/a/ws_nhk/install/dynamixel_controller_gui:/home/a/ws_nhk/install/dynamixel_controller_client:/opt/ros/humble LD_LIBRARY_PATH=/home/a/ws_nhk/install/srdfdom/lib:/home/a/ws_nhk/install/pilz_industrial_motion_planner/lib:/home/a/ws_nhk/install/moveit_task_constructor_visualization/lib:/home/a/ws_nhk/install/moveit_task_constructor_demo/lib:/home/a/ws_nhk/install/moveit_task_constructor_capabilities/lib:/home/a/ws_nhk/install/moveit_task_constructor_core/lib:/home/a/ws_nhk/install/moveit_setup_assistant/lib:/home/a/ws_nhk/install/moveit_setup_srdf_plugins/lib:/home/a/ws_nhk/install/moveit_setup_core_plugins/lib:/home/a/ws_nhk/install/moveit_setup_controllers/lib:/home/a/ws_nhk/install/moveit_setup_app_plugins/lib:/home/a/ws_nhk/install/moveit_setup_framework/lib:/home/a/ws_nhk/install/moveit_servo/lib:/home/a/ws_nhk/install/moveit_ros_visualization/lib:/home/a/ws_nhk/install/moveit_hybrid_planning/lib:/home/a/ws_nhk/install/moveit_ros_planning_interface/lib:/home/a/ws_nhk/install/moveit_ros_move_group/lib:/home/a/ws_nhk/install/moveit_kinematics/lib:/home/a/ws_nhk/install/trac_ik_kinematics_plugin/lib:/home/a/ws_nhk/install/trac_ik_lib/lib:/home/a/ws_nhk/install/pilz_industrial_motion_planner_testutils/lib:/home/a/ws_nhk/install/moveit_visual_tools/lib:/home/a/ws_nhk/install/moveit_ros_control_interface/lib:/home/a/ws_nhk/install/moveit_simple_controller_manager/lib:/home/a/ws_nhk/install/moveit_ros_benchmarks/lib:/home/a/ws_nhk/install/moveit_ros_warehouse/lib:/home/a/ws_nhk/install/moveit_ros_robot_interaction/lib:/home/a/ws_nhk/install/moveit_ros_perception/lib:/home/a/ws_nhk/install/moveit_planners_ompl/lib:/home/a/ws_nhk/install/moveit_ros_planning/lib:/home/a/ws_nhk/install/moveit_ros_occupancy_map_monitor/lib:/home/a/ws_nhk/install/moveit_resources_prbt_ikfast_manipulator_plugin/lib:/home/a/ws_nhk/install/moveit_planners_chomp/lib:/home/a/ws_nhk/install/moveit_chomp_optimizer_adapter/lib:/home/a/ws_nhk/install/chomp_motion_planner/lib:/home/a/ws_nhk/install/moveit_core/lib:/home/a/ws_nhk/install/rviz_marker_tools/lib:/home/a/ws_nhk/install/rosparam_shortcuts/lib:/home/a/ws_nhk/install/moveit_task_constructor_msgs/lib:/home/a/ws_nhk/install/dynamixel_sdk_custom_interfaces/lib:/home/a/ws_nhk/install/dynamixel_controller/lib:/home/a/ws_nhk/install/dynamixel_sdk/lib:/usr/local/lib:/usr/lib/x86_64-linux-gnu/gazebo-11/plugins:/opt/ros/humble/opt/rviz_ogre_vendor/lib:/opt/ros/humble/lib/x86_64-linux-gnu:/opt/ros/humble/lib /usr/bin/cmake --install /home/a/ws_nhk/build/moveit_core
