[1.425s] Invoking command in '/home/a/ws_nhk/build/rosparam_shortcuts': CMAKE_PREFIX_PATH=${CMAKE_PREFIX_PATH}:/home/a/ws_nhk/install/ikeyaMD_wizard:/home/a/ws_nhk/install/moveit_configs_utils:/home/a/ws_nhk/install/rogidrive:/home/a/ws_nhk/install/launch_param_builder:/home/a/ws_nhk/install/dynamixel_controller_gui:/home/a/ws_nhk/install/dynamixel_controller_client:/opt/ros/humble /usr/bin/cmake /home/a/ws_nhk/src/rosparam_shortcuts -DCMAKE_INSTALL_PREFIX=/home/a/ws_nhk/install/rosparam_shortcuts
[1.489s] -- Found ament_cmake: 1.3.12 (/opt/ros/humble/share/ament_cmake/cmake)
[2.200s] -- Found eigen3_cmake_module: 0.1.1 (/opt/ros/humble/share/eigen3_cmake_module/cmake)
[2.201s] -- Found geometry_msgs: 4.9.0 (/opt/ros/humble/share/geometry_msgs/cmake)
[2.294s] -- Found rosidl_generator_c: 3.1.8 (/opt/ros/humble/share/rosidl_generator_c/cmake)
[2.308s] -- Found rosidl_adapter: 3.1.8 (/opt/ros/humble/share/rosidl_adapter/cmake)
[2.338s] -- Found rosidl_generator_cpp: 3.1.8 (/opt/ros/humble/share/rosidl_generator_cpp/cmake)
[2.396s] -- Using all available rosidl_typesupport_c: rosidl_typesupport_fastrtps_c;rosidl_typesupport_introspection_c
[2.478s] -- Using all available rosidl_typesupport_cpp: rosidl_typesupport_fastrtps_cpp;rosidl_typesupport_introspection_cpp
[2.651s] -- Found rclcpp: 16.0.17 (/opt/ros/humble/share/rclcpp/cmake)
[2.802s] -- Found rmw_implementation_cmake: 6.1.2 (/opt/ros/humble/share/rmw_implementation_cmake/cmake)
[2.807s] -- Found rmw_fastrtps_cpp: 6.2.9 (/opt/ros/humble/share/rmw_fastrtps_cpp/cmake)
[3.538s] -- Using RMW implementation 'rmw_fastrtps_cpp' as default
[3.709s] -- Found tf2_eigen: 0.25.18 (/opt/ros/humble/share/tf2_eigen/cmake)
[4.373s] -- Found ament_lint_auto: 0.12.14 (/opt/ros/humble/share/ament_lint_auto/cmake)
[4.377s] -- Found ament_cmake_gtest: 1.3.12 (/opt/ros/humble/share/ament_cmake_gtest/cmake)
[4.380s] -- Found ros_testing: 0.4.0 (/opt/ros/humble/share/ros_testing/cmake)
[4.382s] -- Found launch_testing_ament_cmake: 1.0.13 (/opt/ros/humble/share/launch_testing_ament_cmake/cmake)
[4.388s] -- Found python_cmake_module: 0.10.0 (/opt/ros/humble/share/python_cmake_module/cmake)
[4.534s] -- Using PYTHON_EXECUTABLE: /usr/bin/python3
[4.535s] -- Using PYTHON_INCLUDE_DIRS: /usr/include/python3.10
[4.535s] -- Using PYTHON_LIBRARIES: /usr/lib/x86_64-linux-gnu/libpython3.10.so
[4.965s] -- Found gtest sources under '/opt/ros/humble/src/gtest_vendor': C++ tests using 'Google Test' will be built
[5.039s] -- Added test 'copyright' to check source files copyright and LICENSE
[5.042s] -- Added test 'lint_cmake' to check CMake code style
[5.045s] -- Added test 'pep257' to check Python code against some of the docstring style conventions in PEP 257
[5.047s] -- Added test 'xmllint' to check XML markup files
[5.051s] -- Configuring done
[5.154s] -- Generating done
[5.199s] -- Build files have been written to: /home/a/ws_nhk/build/rosparam_shortcuts
[5.235s] Invoked command in '/home/a/ws_nhk/build/rosparam_shortcuts' returned '0': CMAKE_PREFIX_PATH=${CMAKE_PREFIX_PATH}:/home/a/ws_nhk/install/ikeyaMD_wizard:/home/a/ws_nhk/install/moveit_configs_utils:/home/a/ws_nhk/install/rogidrive:/home/a/ws_nhk/install/launch_param_builder:/home/a/ws_nhk/install/dynamixel_controller_gui:/home/a/ws_nhk/install/dynamixel_controller_client:/opt/ros/humble /usr/bin/cmake /home/a/ws_nhk/src/rosparam_shortcuts -DCMAKE_INSTALL_PREFIX=/home/a/ws_nhk/install/rosparam_shortcuts
[5.243s] Invoking command in '/home/a/ws_nhk/build/rosparam_shortcuts': CMAKE_PREFIX_PATH=${CMAKE_PREFIX_PATH}:/home/a/ws_nhk/install/ikeyaMD_wizard:/home/a/ws_nhk/install/moveit_configs_utils:/home/a/ws_nhk/install/rogidrive:/home/a/ws_nhk/install/launch_param_builder:/home/a/ws_nhk/install/dynamixel_controller_gui:/home/a/ws_nhk/install/dynamixel_controller_client:/opt/ros/humble /usr/bin/cmake --build /home/a/ws_nhk/build/rosparam_shortcuts -- -j22 -l22
[5.490s] [35m[1mConsolidate compiler generated dependencies of target gtest_main[0m
[5.495s] [35m[1mConsolidate compiler generated dependencies of target gtest[0m
[5.502s] [35m[1mConsolidate compiler generated dependencies of target rosparam_shortcuts[0m
[5.555s] [ 15%] Built target gtest
[5.558s] [ 30%] Built target gtest_main
[5.605s] [ 53%] Built target rosparam_shortcuts
[5.664s] [35m[1mConsolidate compiler generated dependencies of target rosparam_shortcuts_node_parameters_example[0m
[5.664s] [35m[1mConsolidate compiler generated dependencies of target rosparam_shortcuts_example[0m
[5.695s] [35m[1mConsolidate compiler generated dependencies of target test_node_parameters[0m
[5.748s] [ 69%] Built target rosparam_shortcuts_node_parameters_example
[5.772s] [ 84%] Built target rosparam_shortcuts_example
[5.796s] [100%] Built target test_node_parameters
[6.940s] Invoked command in '/home/a/ws_nhk/build/rosparam_shortcuts' returned '0': CMAKE_PREFIX_PATH=${CMAKE_PREFIX_PATH}:/home/a/ws_nhk/install/ikeyaMD_wizard:/home/a/ws_nhk/install/moveit_configs_utils:/home/a/ws_nhk/install/rogidrive:/home/a/ws_nhk/install/launch_param_builder:/home/a/ws_nhk/install/dynamixel_controller_gui:/home/a/ws_nhk/install/dynamixel_controller_client:/opt/ros/humble /usr/bin/cmake --build /home/a/ws_nhk/build/rosparam_shortcuts -- -j22 -l22
[6.944s] Invoking command in '/home/a/ws_nhk/build/rosparam_shortcuts': CMAKE_PREFIX_PATH=${CMAKE_PREFIX_PATH}:/home/a/ws_nhk/install/ikeyaMD_wizard:/home/a/ws_nhk/install/moveit_configs_utils:/home/a/ws_nhk/install/rogidrive:/home/a/ws_nhk/install/launch_param_builder:/home/a/ws_nhk/install/dynamixel_controller_gui:/home/a/ws_nhk/install/dynamixel_controller_client:/opt/ros/humble /usr/bin/cmake --install /home/a/ws_nhk/build/rosparam_shortcuts
[6.980s] -- Install configuration: "Release"
[6.980s] -- Up-to-date: /home/a/ws_nhk/install/rosparam_shortcuts/lib/librosparam_shortcuts.so
[6.981s] -- Up-to-date: /home/a/ws_nhk/install/rosparam_shortcuts/lib/rosparam_shortcuts/example
[6.982s] -- Up-to-date: /home/a/ws_nhk/install/rosparam_shortcuts/lib/rosparam_shortcuts/node_parameters_example
[6.983s] -- Up-to-date: /home/a/ws_nhk/install/rosparam_shortcuts/include
[6.983s] -- Up-to-date: /home/a/ws_nhk/install/rosparam_shortcuts/include/rosparam_shortcuts
[6.983s] -- Up-to-date: /home/a/ws_nhk/install/rosparam_shortcuts/include/rosparam_shortcuts/rosparam_shortcuts.h
[6.984s] -- Up-to-date: /home/a/ws_nhk/install/rosparam_shortcuts/include/rosparam_shortcuts/node_parameters.h
[6.984s] -- Up-to-date: /home/a/ws_nhk/install/rosparam_shortcuts/share/rosparam_shortcuts/launch
[6.984s] -- Up-to-date: /home/a/ws_nhk/install/rosparam_shortcuts/share/rosparam_shortcuts/launch/example.launch.py
[6.984s] -- Up-to-date: /home/a/ws_nhk/install/rosparam_shortcuts/share/rosparam_shortcuts/config
[6.985s] -- Up-to-date: /home/a/ws_nhk/install/rosparam_shortcuts/share/rosparam_shortcuts/config/example.yaml
[6.985s] -- Up-to-date: /home/a/ws_nhk/install/rosparam_shortcuts/share/rosparam_shortcuts/environment/library_path.sh
[6.985s] -- Installing: /home/a/ws_nhk/install/rosparam_shortcuts/share/rosparam_shortcuts/environment/library_path.dsv
[6.986s] -- Up-to-date: /home/a/ws_nhk/install/rosparam_shortcuts/share/ament_index/resource_index/package_run_dependencies/rosparam_shortcuts
[6.986s] -- Installing: /home/a/ws_nhk/install/rosparam_shortcuts/share/ament_index/resource_index/parent_prefix_path/rosparam_shortcuts
[6.986s] -- Up-to-date: /home/a/ws_nhk/install/rosparam_shortcuts/share/rosparam_shortcuts/environment/ament_prefix_path.sh
[6.986s] -- Installing: /home/a/ws_nhk/install/rosparam_shortcuts/share/rosparam_shortcuts/environment/ament_prefix_path.dsv
[6.987s] -- Up-to-date: /home/a/ws_nhk/install/rosparam_shortcuts/share/rosparam_shortcuts/environment/path.sh
[6.987s] -- Installing: /home/a/ws_nhk/install/rosparam_shortcuts/share/rosparam_shortcuts/environment/path.dsv
[6.987s] -- Up-to-date: /home/a/ws_nhk/install/rosparam_shortcuts/share/rosparam_shortcuts/local_setup.bash
[6.987s] -- Up-to-date: /home/a/ws_nhk/install/rosparam_shortcuts/share/rosparam_shortcuts/local_setup.sh
[6.987s] -- Up-to-date: /home/a/ws_nhk/install/rosparam_shortcuts/share/rosparam_shortcuts/local_setup.zsh
[6.987s] -- Installing: /home/a/ws_nhk/install/rosparam_shortcuts/share/rosparam_shortcuts/local_setup.dsv
[6.988s] -- Installing: /home/a/ws_nhk/install/rosparam_shortcuts/share/rosparam_shortcuts/package.dsv
[6.988s] -- Up-to-date: /home/a/ws_nhk/install/rosparam_shortcuts/share/ament_index/resource_index/packages/rosparam_shortcuts
[6.988s] -- Up-to-date: /home/a/ws_nhk/install/rosparam_shortcuts/share/rosparam_shortcuts/cmake/export_rosparam_shortcutsExport.cmake
[6.989s] -- Up-to-date: /home/a/ws_nhk/install/rosparam_shortcuts/share/rosparam_shortcuts/cmake/export_rosparam_shortcutsExport-release.cmake
[6.989s] -- Up-to-date: /home/a/ws_nhk/install/rosparam_shortcuts/share/rosparam_shortcuts/cmake/ament_cmake_export_targets-extras.cmake
[6.989s] -- Up-to-date: /home/a/ws_nhk/install/rosparam_shortcuts/share/rosparam_shortcuts/cmake/ament_cmake_export_dependencies-extras.cmake
[6.990s] -- Up-to-date: /home/a/ws_nhk/install/rosparam_shortcuts/share/rosparam_shortcuts/cmake/rosparam_shortcutsConfig.cmake
[6.991s] -- Up-to-date: /home/a/ws_nhk/install/rosparam_shortcuts/share/rosparam_shortcuts/cmake/rosparam_shortcutsConfig-version.cmake
[6.991s] -- Up-to-date: /home/a/ws_nhk/install/rosparam_shortcuts/share/rosparam_shortcuts/package.xml
[6.996s] Invoked command in '/home/a/ws_nhk/build/rosparam_shortcuts' returned '0': CMAKE_PREFIX_PATH=${CMAKE_PREFIX_PATH}:/home/a/ws_nhk/install/ikeyaMD_wizard:/home/a/ws_nhk/install/moveit_configs_utils:/home/a/ws_nhk/install/rogidrive:/home/a/ws_nhk/install/launch_param_builder:/home/a/ws_nhk/install/dynamixel_controller_gui:/home/a/ws_nhk/install/dynamixel_controller_client:/opt/ros/humble /usr/bin/cmake --install /home/a/ws_nhk/build/rosparam_shortcuts
