running egg_info
writing ../../build/r2_odrive/r2_odrive.egg-info/PKG-INFO
writing dependency_links to ../../build/r2_odrive/r2_odrive.egg-info/dependency_links.txt
writing entry points to ../../build/r2_odrive/r2_odrive.egg-info/entry_points.txt
writing requirements to ../../build/r2_odrive/r2_odrive.egg-info/requires.txt
writing top-level names to ../../build/r2_odrive/r2_odrive.egg-info/top_level.txt
reading manifest file '../../build/r2_odrive/r2_odrive.egg-info/SOURCES.txt'
adding license file 'LICENSE'
writing manifest file '../../build/r2_odrive/r2_odrive.egg-info/SOURCES.txt'
running build
running build_py
copying r2_odrive/joint_states_to_dcmotor.py -> /home/a/ws_nhk/build/r2_odrive/build/lib/r2_odrive
running install
running install_lib
copying /home/a/ws_nhk/build/r2_odrive/build/lib/r2_odrive/joint_states_to_dcmotor.py -> /home/a/ws_nhk/install/r2_odrive/lib/python3.10/site-packages/r2_odrive
byte-compiling /home/a/ws_nhk/install/r2_odrive/lib/python3.10/site-packages/r2_odrive/joint_states_to_dcmotor.py to joint_states_to_dcmotor.cpython-310.pyc
running install_data
copying package.xml -> /home/a/ws_nhk/install/r2_odrive/share/r2_odrive
running install_egg_info
removing '/home/a/ws_nhk/install/r2_odrive/lib/python3.10/site-packages/r2_odrive-0.0.0-py3.10.egg-info' (and everything under it)
Copying ../../build/r2_odrive/r2_odrive.egg-info to /home/a/ws_nhk/install/r2_odrive/lib/python3.10/site-packages/r2_odrive-0.0.0-py3.10.egg-info
running install_scripts
Installing joint_states_to_dcmotor script to /home/a/ws_nhk/install/r2_odrive/lib/r2_odrive
Installing odrive_controller_node script to /home/a/ws_nhk/install/r2_odrive/lib/r2_odrive
Installing rtz_to_joint_trajectory script to /home/a/ws_nhk/install/r2_odrive/lib/r2_odrive
writing list of installed files to '/home/a/ws_nhk/build/r2_odrive/install.log'
