[0.026s] Invoking command in '/home/a/ws_nhk/build/moveit_visual_tools': AMENT_PREFIX_PATH=/home/a/ws_nhk/install/moveit_ros_planning:/home/a/ws_nhk/install/moveit_ros_occupancy_map_monitor:/home/a/ws_nhk/install/moveit_core:/home/a/ws_nhk/install/moveit_resources_panda_moveit_config:/home/a/ws_nhk/install/moveit_configs_utils:/home/a/ws_nhk/install/srdfdom:/home/a/ws_nhk/install/moveit_resources_pr2_description:/home/a/ws_nhk/install/moveit_resources_panda_description:/home/a/ws_nhk/install/moveit_common:/home/a/ws_nhk/install/launch_param_builder:${AMENT_PREFIX_PATH} CMAKE_PREFIX_PATH=/home/a/ws_nhk/install/moveit_ros_planning:/home/a/ws_nhk/install/moveit_ros_occupancy_map_monitor:/home/a/ws_nhk/install/moveit_core:/home/a/ws_nhk/install/moveit_resources_panda_moveit_config:/home/a/ws_nhk/install/srdfdom:/home/a/ws_nhk/install/moveit_resources_pr2_description:/home/a/ws_nhk/install/moveit_resources_panda_description:/home/a/ws_nhk/install/moveit_common:/home/a/install/field_description_test:/opt/ros/humble LD_LIBRARY_PATH=/home/a/ws_nhk/install/moveit_ros_planning/lib:/home/a/ws_nhk/install/moveit_ros_occupancy_map_monitor/lib:/home/a/ws_nhk/install/moveit_core/lib:/home/a/ws_nhk/install/srdfdom/lib:${LD_LIBRARY_PATH} PATH=/home/a/ws_nhk/install/moveit_core/bin:${PATH} PYTHONPATH=/home/a/ws_nhk/install/moveit_configs_utils/lib/python3.10/site-packages:/home/a/ws_nhk/install/srdfdom/local/lib/python3.10/dist-packages:/home/a/ws_nhk/install/launch_param_builder/lib/python3.10/site-packages:${PYTHONPATH} /usr/bin/cmake --build /home/a/ws_nhk/build/moveit_visual_tools -- -j22 -l22
[0.137s] [ 16%] [32m[1mLinking CXX shared library libmoveit_visual_tools.so[0m
[1.068s] [ 66%] Built target moveit_visual_tools
[1.177s] [ 83%] [32m[1mLinking CXX executable moveit_visual_tools_demo[0m
[2.422s] [100%] Built target moveit_visual_tools_demo
[2.469s] Invoked command in '/home/a/ws_nhk/build/moveit_visual_tools' returned '0': AMENT_PREFIX_PATH=/home/a/ws_nhk/install/moveit_ros_planning:/home/a/ws_nhk/install/moveit_ros_occupancy_map_monitor:/home/a/ws_nhk/install/moveit_core:/home/a/ws_nhk/install/moveit_resources_panda_moveit_config:/home/a/ws_nhk/install/moveit_configs_utils:/home/a/ws_nhk/install/srdfdom:/home/a/ws_nhk/install/moveit_resources_pr2_description:/home/a/ws_nhk/install/moveit_resources_panda_description:/home/a/ws_nhk/install/moveit_common:/home/a/ws_nhk/install/launch_param_builder:${AMENT_PREFIX_PATH} CMAKE_PREFIX_PATH=/home/a/ws_nhk/install/moveit_ros_planning:/home/a/ws_nhk/install/moveit_ros_occupancy_map_monitor:/home/a/ws_nhk/install/moveit_core:/home/a/ws_nhk/install/moveit_resources_panda_moveit_config:/home/a/ws_nhk/install/srdfdom:/home/a/ws_nhk/install/moveit_resources_pr2_description:/home/a/ws_nhk/install/moveit_resources_panda_description:/home/a/ws_nhk/install/moveit_common:/home/a/install/field_description_test:/opt/ros/humble LD_LIBRARY_PATH=/home/a/ws_nhk/install/moveit_ros_planning/lib:/home/a/ws_nhk/install/moveit_ros_occupancy_map_monitor/lib:/home/a/ws_nhk/install/moveit_core/lib:/home/a/ws_nhk/install/srdfdom/lib:${LD_LIBRARY_PATH} PATH=/home/a/ws_nhk/install/moveit_core/bin:${PATH} PYTHONPATH=/home/a/ws_nhk/install/moveit_configs_utils/lib/python3.10/site-packages:/home/a/ws_nhk/install/srdfdom/local/lib/python3.10/dist-packages:/home/a/ws_nhk/install/launch_param_builder/lib/python3.10/site-packages:${PYTHONPATH} /usr/bin/cmake --build /home/a/ws_nhk/build/moveit_visual_tools -- -j22 -l22
[2.478s] Invoking command in '/home/a/ws_nhk/build/moveit_visual_tools': AMENT_PREFIX_PATH=/home/a/ws_nhk/install/moveit_ros_planning:/home/a/ws_nhk/install/moveit_ros_occupancy_map_monitor:/home/a/ws_nhk/install/moveit_core:/home/a/ws_nhk/install/moveit_resources_panda_moveit_config:/home/a/ws_nhk/install/moveit_configs_utils:/home/a/ws_nhk/install/srdfdom:/home/a/ws_nhk/install/moveit_resources_pr2_description:/home/a/ws_nhk/install/moveit_resources_panda_description:/home/a/ws_nhk/install/moveit_common:/home/a/ws_nhk/install/launch_param_builder:${AMENT_PREFIX_PATH} CMAKE_PREFIX_PATH=/home/a/ws_nhk/install/moveit_ros_planning:/home/a/ws_nhk/install/moveit_ros_occupancy_map_monitor:/home/a/ws_nhk/install/moveit_core:/home/a/ws_nhk/install/moveit_resources_panda_moveit_config:/home/a/ws_nhk/install/srdfdom:/home/a/ws_nhk/install/moveit_resources_pr2_description:/home/a/ws_nhk/install/moveit_resources_panda_description:/home/a/ws_nhk/install/moveit_common:/home/a/install/field_description_test:/opt/ros/humble LD_LIBRARY_PATH=/home/a/ws_nhk/install/moveit_ros_planning/lib:/home/a/ws_nhk/install/moveit_ros_occupancy_map_monitor/lib:/home/a/ws_nhk/install/moveit_core/lib:/home/a/ws_nhk/install/srdfdom/lib:${LD_LIBRARY_PATH} PATH=/home/a/ws_nhk/install/moveit_core/bin:${PATH} PYTHONPATH=/home/a/ws_nhk/install/moveit_configs_utils/lib/python3.10/site-packages:/home/a/ws_nhk/install/srdfdom/local/lib/python3.10/dist-packages:/home/a/ws_nhk/install/launch_param_builder/lib/python3.10/site-packages:${PYTHONPATH} /usr/bin/cmake --install /home/a/ws_nhk/build/moveit_visual_tools
[2.522s] -- Install configuration: "Release"
[2.523s] -- Up-to-date: /home/a/ws_nhk/install/moveit_visual_tools/share/moveit_visual_tools/environment/library_path.sh
[2.524s] -- Up-to-date: /home/a/ws_nhk/install/moveit_visual_tools/share/moveit_visual_tools/environment/library_path.dsv
[2.524s] -- Installing: /home/a/ws_nhk/install/moveit_visual_tools/lib/libmoveit_visual_tools.so
[2.531s] -- Set runtime path of "/home/a/ws_nhk/install/moveit_visual_tools/lib/libmoveit_visual_tools.so" to ""
[2.531s] -- Installing: /home/a/ws_nhk/install/moveit_visual_tools/lib/moveit_visual_tools/moveit_visual_tools_demo
[2.535s] -- Set runtime path of "/home/a/ws_nhk/install/moveit_visual_tools/lib/moveit_visual_tools/moveit_visual_tools_demo" to ""
[2.536s] -- Up-to-date: /home/a/ws_nhk/install/moveit_visual_tools/include
[2.536s] -- Up-to-date: /home/a/ws_nhk/install/moveit_visual_tools/include/moveit_visual_tools
[2.536s] -- Up-to-date: /home/a/ws_nhk/install/moveit_visual_tools/include/moveit_visual_tools/imarker_end_effector.h
[2.537s] -- Up-to-date: /home/a/ws_nhk/install/moveit_visual_tools/include/moveit_visual_tools/imarker_robot_state.h
[2.537s] -- Up-to-date: /home/a/ws_nhk/install/moveit_visual_tools/include/moveit_visual_tools/moveit_visual_tools.h
[2.538s] -- Up-to-date: /home/a/ws_nhk/install/moveit_visual_tools/share/moveit_visual_tools/launch
[2.538s] -- Up-to-date: /home/a/ws_nhk/install/moveit_visual_tools/share/moveit_visual_tools/launch/demo_rviz.launch.py
[2.539s] -- Up-to-date: /home/a/ws_nhk/install/moveit_visual_tools/share/moveit_visual_tools/launch/demo.rviz
[2.539s] -- Up-to-date: /home/a/ws_nhk/install/moveit_visual_tools/share/moveit_visual_tools/resources
[2.539s] -- Up-to-date: /home/a/ws_nhk/install/moveit_visual_tools/share/moveit_visual_tools/resources/rrbot.srdf
[2.540s] -- Up-to-date: /home/a/ws_nhk/install/moveit_visual_tools/share/moveit_visual_tools/resources/screenshot.png
[2.540s] -- Up-to-date: /home/a/ws_nhk/install/moveit_visual_tools/share/moveit_visual_tools/resources/demo_mesh.stl
[2.540s] -- Up-to-date: /home/a/ws_nhk/install/moveit_visual_tools/share/moveit_visual_tools/resources/rrbot.urdf
[2.541s] -- Up-to-date: /home/a/ws_nhk/install/moveit_visual_tools/share/moveit_visual_tools/resources/demo.png
[2.542s] -- Up-to-date: /home/a/ws_nhk/install/moveit_visual_tools/share/ament_index/resource_index/package_run_dependencies/moveit_visual_tools
[2.542s] -- Up-to-date: /home/a/ws_nhk/install/moveit_visual_tools/share/ament_index/resource_index/parent_prefix_path/moveit_visual_tools
[2.543s] -- Up-to-date: /home/a/ws_nhk/install/moveit_visual_tools/share/moveit_visual_tools/environment/ament_prefix_path.sh
[2.543s] -- Up-to-date: /home/a/ws_nhk/install/moveit_visual_tools/share/moveit_visual_tools/environment/ament_prefix_path.dsv
[2.544s] -- Up-to-date: /home/a/ws_nhk/install/moveit_visual_tools/share/moveit_visual_tools/environment/path.sh
[2.544s] -- Up-to-date: /home/a/ws_nhk/install/moveit_visual_tools/share/moveit_visual_tools/environment/path.dsv
[2.545s] -- Up-to-date: /home/a/ws_nhk/install/moveit_visual_tools/share/moveit_visual_tools/local_setup.bash
[2.545s] -- Up-to-date: /home/a/ws_nhk/install/moveit_visual_tools/share/moveit_visual_tools/local_setup.sh
[2.545s] -- Up-to-date: /home/a/ws_nhk/install/moveit_visual_tools/share/moveit_visual_tools/local_setup.zsh
[2.546s] -- Up-to-date: /home/a/ws_nhk/install/moveit_visual_tools/share/moveit_visual_tools/local_setup.dsv
[2.546s] -- Installing: /home/a/ws_nhk/install/moveit_visual_tools/share/moveit_visual_tools/package.dsv
[2.547s] -- Up-to-date: /home/a/ws_nhk/install/moveit_visual_tools/share/ament_index/resource_index/packages/moveit_visual_tools
[2.547s] -- Up-to-date: /home/a/ws_nhk/install/moveit_visual_tools/share/moveit_visual_tools/cmake/export_moveit_visual_toolsExport.cmake
[2.548s] -- Up-to-date: /home/a/ws_nhk/install/moveit_visual_tools/share/moveit_visual_tools/cmake/export_moveit_visual_toolsExport-release.cmake
[2.549s] -- Up-to-date: /home/a/ws_nhk/install/moveit_visual_tools/share/moveit_visual_tools/cmake/ament_cmake_export_targets-extras.cmake
[2.553s] -- Up-to-date: /home/a/ws_nhk/install/moveit_visual_tools/share/moveit_visual_tools/cmake/ament_cmake_export_dependencies-extras.cmake
[2.555s] -- Up-to-date: /home/a/ws_nhk/install/moveit_visual_tools/share/moveit_visual_tools/cmake/moveit_visual_toolsConfig.cmake
[2.556s] -- Up-to-date: /home/a/ws_nhk/install/moveit_visual_tools/share/moveit_visual_tools/cmake/moveit_visual_toolsConfig-version.cmake
[2.556s] -- Up-to-date: /home/a/ws_nhk/install/moveit_visual_tools/share/moveit_visual_tools/package.xml
[2.559s] Invoked command in '/home/a/ws_nhk/build/moveit_visual_tools' returned '0': AMENT_PREFIX_PATH=/home/a/ws_nhk/install/moveit_ros_planning:/home/a/ws_nhk/install/moveit_ros_occupancy_map_monitor:/home/a/ws_nhk/install/moveit_core:/home/a/ws_nhk/install/moveit_resources_panda_moveit_config:/home/a/ws_nhk/install/moveit_configs_utils:/home/a/ws_nhk/install/srdfdom:/home/a/ws_nhk/install/moveit_resources_pr2_description:/home/a/ws_nhk/install/moveit_resources_panda_description:/home/a/ws_nhk/install/moveit_common:/home/a/ws_nhk/install/launch_param_builder:${AMENT_PREFIX_PATH} CMAKE_PREFIX_PATH=/home/a/ws_nhk/install/moveit_ros_planning:/home/a/ws_nhk/install/moveit_ros_occupancy_map_monitor:/home/a/ws_nhk/install/moveit_core:/home/a/ws_nhk/install/moveit_resources_panda_moveit_config:/home/a/ws_nhk/install/srdfdom:/home/a/ws_nhk/install/moveit_resources_pr2_description:/home/a/ws_nhk/install/moveit_resources_panda_description:/home/a/ws_nhk/install/moveit_common:/home/a/install/field_description_test:/opt/ros/humble LD_LIBRARY_PATH=/home/a/ws_nhk/install/moveit_ros_planning/lib:/home/a/ws_nhk/install/moveit_ros_occupancy_map_monitor/lib:/home/a/ws_nhk/install/moveit_core/lib:/home/a/ws_nhk/install/srdfdom/lib:${LD_LIBRARY_PATH} PATH=/home/a/ws_nhk/install/moveit_core/bin:${PATH} PYTHONPATH=/home/a/ws_nhk/install/moveit_configs_utils/lib/python3.10/site-packages:/home/a/ws_nhk/install/srdfdom/local/lib/python3.10/dist-packages:/home/a/ws_nhk/install/launch_param_builder/lib/python3.10/site-packages:${PYTHONPATH} /usr/bin/cmake --install /home/a/ws_nhk/build/moveit_visual_tools
