[0.078s] Invoking command in '/home/a/ws_nhk/build/moveit_task_constructor_core': AMENT_PREFIX_PATH=/home/a/ws_nhk/install/moveit_planners:/home/a/ws_nhk/install/pilz_industrial_motion_planner:/home/a/ws_nhk/install/moveit_resources_prbt_pg70_support:/home/a/ws_nhk/install/moveit_ros_planning_interface:/home/a/ws_nhk/install/moveit_resources_prbt_moveit_config:/home/a/ws_nhk/install/moveit_ros_move_group:/home/a/ws_nhk/install/moveit_ros_warehouse:/home/a/ws_nhk/install/moveit_planners_ompl:/home/a/ws_nhk/install/moveit_kinematics:/home/a/ws_nhk/install/trac_ik:/home/a/ws_nhk/install/moveit_ros_planning:/home/a/ws_nhk/install/moveit_planners_chomp:/home/a/ws_nhk/install/trac_ik_kinematics_plugin:/home/a/ws_nhk/install/pilz_industrial_motion_planner_testutils:/home/a/ws_nhk/install/moveit_simple_controller_manager:/home/a/ws_nhk/install/moveit_ros_occupancy_map_monitor:/home/a/ws_nhk/install/moveit_resources_prbt_ikfast_manipulator_plugin:/home/a/ws_nhk/install/chomp_motion_planner:/home/a/ws_nhk/install/moveit_core:/home/a/ws_nhk/install/rviz_marker_tools:/home/a/ws_nhk/install/moveit_resources_panda_moveit_config:/home/a/ws_nhk/install/moveit_resources_fanuc_moveit_config:/home/a/ws_nhk/install/moveit_configs_utils:/home/a/ws_nhk/install/trac_ik_lib:/home/a/ws_nhk/install/srdfdom:/home/a/ws_nhk/install/moveit_task_constructor_msgs:/home/a/ws_nhk/install/moveit_resources_prbt_support:/home/a/ws_nhk/install/moveit_resources_pr2_description:/home/a/ws_nhk/install/moveit_resources_panda_description:/home/a/ws_nhk/install/moveit_resources_fanuc_description:/home/a/ws_nhk/install/moveit_common:/home/a/ws_nhk/install/launch_param_builder:${AMENT_PREFIX_PATH} CMAKE_PREFIX_PATH=/home/a/ws_nhk/install/moveit_planners:/home/a/ws_nhk/install/pilz_industrial_motion_planner:/home/a/ws_nhk/install/moveit_resources_prbt_pg70_support:/home/a/ws_nhk/install/moveit_ros_planning_interface:/home/a/ws_nhk/install/moveit_resources_prbt_moveit_config:/home/a/ws_nhk/install/moveit_ros_move_group:/home/a/ws_nhk/install/moveit_ros_warehouse:/home/a/ws_nhk/install/moveit_planners_ompl:/home/a/ws_nhk/install/moveit_kinematics:/home/a/ws_nhk/install/trac_ik:/home/a/ws_nhk/install/moveit_ros_planning:/home/a/ws_nhk/install/moveit_planners_chomp:/home/a/ws_nhk/install/trac_ik_kinematics_plugin:/home/a/ws_nhk/install/pilz_industrial_motion_planner_testutils:/home/a/ws_nhk/install/moveit_simple_controller_manager:/home/a/ws_nhk/install/moveit_ros_occupancy_map_monitor:/home/a/ws_nhk/install/moveit_resources_prbt_ikfast_manipulator_plugin:/home/a/ws_nhk/install/chomp_motion_planner:/home/a/ws_nhk/install/moveit_core:/home/a/ws_nhk/install/rviz_marker_tools:/home/a/ws_nhk/install/moveit_resources_panda_moveit_config:/home/a/ws_nhk/install/moveit_resources_fanuc_moveit_config:/home/a/ws_nhk/install/trac_ik_lib:/home/a/ws_nhk/install/srdfdom:/home/a/ws_nhk/install/moveit_task_constructor_msgs:/home/a/ws_nhk/install/moveit_resources_prbt_support:/home/a/ws_nhk/install/moveit_resources_pr2_description:/home/a/ws_nhk/install/moveit_resources_panda_description:/home/a/ws_nhk/install/moveit_resources_fanuc_description:/home/a/ws_nhk/install/moveit_common:/home/a/install/field_description_test:/opt/ros/humble LD_LIBRARY_PATH=/home/a/ws_nhk/install/pilz_industrial_motion_planner/lib:/home/a/ws_nhk/install/moveit_ros_planning_interface/lib:/home/a/ws_nhk/install/moveit_ros_move_group/lib:/home/a/ws_nhk/install/moveit_ros_warehouse/lib:/home/a/ws_nhk/install/moveit_planners_ompl/lib:/home/a/ws_nhk/install/moveit_kinematics/lib:/home/a/ws_nhk/install/moveit_ros_planning/lib:/home/a/ws_nhk/install/moveit_planners_chomp/lib:/home/a/ws_nhk/install/trac_ik_kinematics_plugin/lib:/home/a/ws_nhk/install/pilz_industrial_motion_planner_testutils/lib:/home/a/ws_nhk/install/moveit_simple_controller_manager/lib:/home/a/ws_nhk/install/moveit_ros_occupancy_map_monitor/lib:/home/a/ws_nhk/install/moveit_resources_prbt_ikfast_manipulator_plugin/lib:/home/a/ws_nhk/install/chomp_motion_planner/lib:/home/a/ws_nhk/install/moveit_core/lib:/home/a/ws_nhk/install/rviz_marker_tools/lib:/home/a/ws_nhk/install/trac_ik_lib/lib:/home/a/ws_nhk/install/srdfdom/lib:/home/a/ws_nhk/install/moveit_task_constructor_msgs/lib:${LD_LIBRARY_PATH} PATH=/home/a/ws_nhk/install/moveit_core/bin:${PATH} PYTHONPATH=/home/a/ws_nhk/install/moveit_configs_utils/lib/python3.10/site-packages:/home/a/ws_nhk/install/srdfdom/local/lib/python3.10/dist-packages:/home/a/ws_nhk/install/moveit_task_constructor_msgs/local/lib/python3.10/dist-packages:/home/a/ws_nhk/install/launch_param_builder/lib/python3.10/site-packages:${PYTHONPATH} /usr/bin/cmake /home/a/ws_nhk/src/moveit_task_constructor/core -DCMAKE_BUILD_TYPE=Release -DCMAKE_INSTALL_PREFIX=/home/a/ws_nhk/install/moveit_task_constructor_core
[0.090s] -- Found ament_cmake: 1.3.12 (/opt/ros/humble/share/ament_cmake/cmake)
[0.155s] -- Found Python3: /usr/bin/python3 (found version "3.10.12") found components: Interpreter 
[0.228s] -- Found Boost: /usr/lib/x86_64-linux-gnu/cmake/Boost-1.74.0/BoostConfig.cmake (found version "1.74.0")  
[0.229s] -- Found geometry_msgs: 4.9.0 (/opt/ros/humble/share/geometry_msgs/cmake)
[0.252s] -- Found rosidl_generator_c: 3.1.7 (/opt/ros/humble/share/rosidl_generator_c/cmake)
[0.254s] -- Found rosidl_adapter: 3.1.7 (/opt/ros/humble/share/rosidl_adapter/cmake)
[0.259s] -- Found rosidl_generator_cpp: 3.1.7 (/opt/ros/humble/share/rosidl_generator_cpp/cmake)
[0.269s] -- Using all available rosidl_typesupport_c: rosidl_typesupport_fastrtps_c;rosidl_typesupport_introspection_c
[0.280s] -- Using all available rosidl_typesupport_cpp: rosidl_typesupport_fastrtps_cpp;rosidl_typesupport_introspection_cpp
[0.313s] -- Found moveit_common: 2.5.9 (/home/a/ws_nhk/install/moveit_common/share/moveit_common/cmake)
[0.371s] -- Found moveit_core: 2.5.9 (/home/a/ws_nhk/install/moveit_core/share/moveit_core/cmake)
[0.386s] -- Found Boost: /usr/lib/x86_64-linux-gnu/cmake/Boost-1.74.0/BoostConfig.cmake (found version "1.74.0") found components: chrono date_time filesystem iostreams program_options regex serialization system thread 
[0.411s] -- Found parameter_traits: 0.5.0 (/opt/ros/humble/share/parameter_traits/cmake)
[0.435s] -- Found rmw_implementation_cmake: 6.1.2 (/opt/ros/humble/share/rmw_implementation_cmake/cmake)
[0.437s] -- Found rmw_fastrtps_cpp: 6.2.9 (/opt/ros/humble/share/rmw_fastrtps_cpp/cmake)
[0.535s] -- Using RMW implementation 'rmw_fastrtps_cpp' as default
[0.571s] -- Found rclcpp_lifecycle: 16.0.16 (/opt/ros/humble/share/rclcpp_lifecycle/cmake)
[0.589s] -- Found Boost: /usr/lib/x86_64-linux-gnu/cmake/Boost-1.74.0/BoostConfig.cmake (found version "1.74.0") found components: filesystem 
[0.623s] -- library: /usr/lib/x86_64-linux-gnu/libcurl.so
[0.673s] -- Ensuring Eigen3 include directory is part of orocos-kdl CMake target
[0.841s] -- Found moveit_ros_planning: 2.5.9 (/home/a/ws_nhk/install/moveit_ros_planning/share/moveit_ros_planning/cmake)
[0.846s] -- Found Boost: /usr/lib/x86_64-linux-gnu/cmake/Boost-1.74.0/BoostConfig.cmake (found version "1.74.0") found components: system filesystem date_time program_options thread chrono 
[0.864s] -- Found moveit_ros_planning_interface: 2.5.9 (/home/a/ws_nhk/install/moveit_ros_planning_interface/share/moveit_ros_planning_interface/cmake)
[0.868s] -- Found Boost: /usr/lib/x86_64-linux-gnu/cmake/Boost-1.74.0/BoostConfig.cmake (found version "1.74.0") found components: date_time filesystem program_options system thread 
[0.879s] -- Found Boost: /usr/lib/x86_64-linux-gnu/cmake/Boost-1.74.0/BoostConfig.cmake (found version "1.74.0") found components: thread system filesystem regex date_time program_options 
[0.896s] -- Found Boost: /usr/lib/x86_64-linux-gnu/cmake/Boost-1.74.0/BoostConfig.cmake (found version "1.74.0") found components: system filesystem date_time program_options thread 
[0.918s] -- Found moveit_task_constructor_msgs: 0.1.3 (/home/a/ws_nhk/install/moveit_task_constructor_msgs/share/moveit_task_constructor_msgs/cmake)
[0.942s] -- Found py_binding_tools: 2.0.1 (/opt/ros/humble/share/py_binding_tools/cmake)
[0.945s] -- Found rviz_marker_tools: 0.1.3 (/home/a/ws_nhk/install/rviz_marker_tools/share/rviz_marker_tools/cmake)
[1.026s] -- Found Python3: /usr/bin/python3 (found version "3.10.12") found components: Interpreter Development Development.Module Development.Embed 
[1.032s] -- pybind11 v2.13.0 dev1
[1.055s] -- Found PythonInterp: /usr/bin/python3 (found suitable version "3.10.12", minimum required is "3.10.12") 
[1.081s] -- Found ament_cmake_pytest: 1.3.12 (/opt/ros/humble/share/ament_cmake_pytest/cmake)
[1.082s] -- Found launch_testing_ament_cmake: 1.0.13 (/opt/ros/humble/share/launch_testing_ament_cmake/cmake)
[1.082s] -- Found python_cmake_module: 0.10.0 (/opt/ros/humble/share/python_cmake_module/cmake)
[1.100s] -- Found PythonInterp: /usr/bin/python3 (found suitable version "3.10.12", minimum required is "3.6") 
[1.101s] -- Using PYTHON_EXECUTABLE: /usr/bin/python3
[1.101s] -- Using PYTHON_INCLUDE_DIRS: /usr/include/python3.10
[1.101s] -- Using PYTHON_LIBRARIES: /usr/lib/x86_64-linux-gnu/libpython3.10.so
[1.391s] -- Found ament_cmake_gtest: 1.3.12 (/opt/ros/humble/share/ament_cmake_gtest/cmake)
[1.392s] -- Found ament_cmake_gmock: 1.3.12 (/opt/ros/humble/share/ament_cmake_gmock/cmake)
[1.392s] -- Found launch_testing_ament_cmake: 1.0.13 (/opt/ros/humble/share/launch_testing_ament_cmake/cmake)
[1.392s] -- Found python_cmake_module: 0.10.0 (/opt/ros/humble/share/python_cmake_module/cmake)
[1.411s] -- Using PYTHON_EXECUTABLE: /usr/bin/python3
[1.411s] -- Using PYTHON_INCLUDE_DIRS: /usr/include/python3.10
[1.411s] -- Using PYTHON_LIBRARIES: /usr/lib/x86_64-linux-gnu/libpython3.10.so
[1.412s] -- Found gmock sources under '/opt/ros/humble/src/gmock_vendor': C++ tests using 'Google Mock' will be built
[1.415s] -- Found gtest sources under '/opt/ros/humble/src/gtest_vendor': C++ tests using 'Google Test' will be built
[1.436s] -- Configuring done
[1.687s] -- Generating done
[1.758s] -- Build files have been written to: /home/a/ws_nhk/build/moveit_task_constructor_core
[1.773s] Invoked command in '/home/a/ws_nhk/build/moveit_task_constructor_core' returned '0': AMENT_PREFIX_PATH=/home/a/ws_nhk/install/moveit_planners:/home/a/ws_nhk/install/pilz_industrial_motion_planner:/home/a/ws_nhk/install/moveit_resources_prbt_pg70_support:/home/a/ws_nhk/install/moveit_ros_planning_interface:/home/a/ws_nhk/install/moveit_resources_prbt_moveit_config:/home/a/ws_nhk/install/moveit_ros_move_group:/home/a/ws_nhk/install/moveit_ros_warehouse:/home/a/ws_nhk/install/moveit_planners_ompl:/home/a/ws_nhk/install/moveit_kinematics:/home/a/ws_nhk/install/trac_ik:/home/a/ws_nhk/install/moveit_ros_planning:/home/a/ws_nhk/install/moveit_planners_chomp:/home/a/ws_nhk/install/trac_ik_kinematics_plugin:/home/a/ws_nhk/install/pilz_industrial_motion_planner_testutils:/home/a/ws_nhk/install/moveit_simple_controller_manager:/home/a/ws_nhk/install/moveit_ros_occupancy_map_monitor:/home/a/ws_nhk/install/moveit_resources_prbt_ikfast_manipulator_plugin:/home/a/ws_nhk/install/chomp_motion_planner:/home/a/ws_nhk/install/moveit_core:/home/a/ws_nhk/install/rviz_marker_tools:/home/a/ws_nhk/install/moveit_resources_panda_moveit_config:/home/a/ws_nhk/install/moveit_resources_fanuc_moveit_config:/home/a/ws_nhk/install/moveit_configs_utils:/home/a/ws_nhk/install/trac_ik_lib:/home/a/ws_nhk/install/srdfdom:/home/a/ws_nhk/install/moveit_task_constructor_msgs:/home/a/ws_nhk/install/moveit_resources_prbt_support:/home/a/ws_nhk/install/moveit_resources_pr2_description:/home/a/ws_nhk/install/moveit_resources_panda_description:/home/a/ws_nhk/install/moveit_resources_fanuc_description:/home/a/ws_nhk/install/moveit_common:/home/a/ws_nhk/install/launch_param_builder:${AMENT_PREFIX_PATH} CMAKE_PREFIX_PATH=/home/a/ws_nhk/install/moveit_planners:/home/a/ws_nhk/install/pilz_industrial_motion_planner:/home/a/ws_nhk/install/moveit_resources_prbt_pg70_support:/home/a/ws_nhk/install/moveit_ros_planning_interface:/home/a/ws_nhk/install/moveit_resources_prbt_moveit_config:/home/a/ws_nhk/install/moveit_ros_move_group:/home/a/ws_nhk/install/moveit_ros_warehouse:/home/a/ws_nhk/install/moveit_planners_ompl:/home/a/ws_nhk/install/moveit_kinematics:/home/a/ws_nhk/install/trac_ik:/home/a/ws_nhk/install/moveit_ros_planning:/home/a/ws_nhk/install/moveit_planners_chomp:/home/a/ws_nhk/install/trac_ik_kinematics_plugin:/home/a/ws_nhk/install/pilz_industrial_motion_planner_testutils:/home/a/ws_nhk/install/moveit_simple_controller_manager:/home/a/ws_nhk/install/moveit_ros_occupancy_map_monitor:/home/a/ws_nhk/install/moveit_resources_prbt_ikfast_manipulator_plugin:/home/a/ws_nhk/install/chomp_motion_planner:/home/a/ws_nhk/install/moveit_core:/home/a/ws_nhk/install/rviz_marker_tools:/home/a/ws_nhk/install/moveit_resources_panda_moveit_config:/home/a/ws_nhk/install/moveit_resources_fanuc_moveit_config:/home/a/ws_nhk/install/trac_ik_lib:/home/a/ws_nhk/install/srdfdom:/home/a/ws_nhk/install/moveit_task_constructor_msgs:/home/a/ws_nhk/install/moveit_resources_prbt_support:/home/a/ws_nhk/install/moveit_resources_pr2_description:/home/a/ws_nhk/install/moveit_resources_panda_description:/home/a/ws_nhk/install/moveit_resources_fanuc_description:/home/a/ws_nhk/install/moveit_common:/home/a/install/field_description_test:/opt/ros/humble LD_LIBRARY_PATH=/home/a/ws_nhk/install/pilz_industrial_motion_planner/lib:/home/a/ws_nhk/install/moveit_ros_planning_interface/lib:/home/a/ws_nhk/install/moveit_ros_move_group/lib:/home/a/ws_nhk/install/moveit_ros_warehouse/lib:/home/a/ws_nhk/install/moveit_planners_ompl/lib:/home/a/ws_nhk/install/moveit_kinematics/lib:/home/a/ws_nhk/install/moveit_ros_planning/lib:/home/a/ws_nhk/install/moveit_planners_chomp/lib:/home/a/ws_nhk/install/trac_ik_kinematics_plugin/lib:/home/a/ws_nhk/install/pilz_industrial_motion_planner_testutils/lib:/home/a/ws_nhk/install/moveit_simple_controller_manager/lib:/home/a/ws_nhk/install/moveit_ros_occupancy_map_monitor/lib:/home/a/ws_nhk/install/moveit_resources_prbt_ikfast_manipulator_plugin/lib:/home/a/ws_nhk/install/chomp_motion_planner/lib:/home/a/ws_nhk/install/moveit_core/lib:/home/a/ws_nhk/install/rviz_marker_tools/lib:/home/a/ws_nhk/install/trac_ik_lib/lib:/home/a/ws_nhk/install/srdfdom/lib:/home/a/ws_nhk/install/moveit_task_constructor_msgs/lib:${LD_LIBRARY_PATH} PATH=/home/a/ws_nhk/install/moveit_core/bin:${PATH} PYTHONPATH=/home/a/ws_nhk/install/moveit_configs_utils/lib/python3.10/site-packages:/home/a/ws_nhk/install/srdfdom/local/lib/python3.10/dist-packages:/home/a/ws_nhk/install/moveit_task_constructor_msgs/local/lib/python3.10/dist-packages:/home/a/ws_nhk/install/launch_param_builder/lib/python3.10/site-packages:${PYTHONPATH} /usr/bin/cmake /home/a/ws_nhk/src/moveit_task_constructor/core -DCMAKE_BUILD_TYPE=Release -DCMAKE_INSTALL_PREFIX=/home/a/ws_nhk/install/moveit_task_constructor_core
[1.775s] Invoking command in '/home/a/ws_nhk/build/moveit_task_constructor_core': AMENT_PREFIX_PATH=/home/a/ws_nhk/install/moveit_planners:/home/a/ws_nhk/install/pilz_industrial_motion_planner:/home/a/ws_nhk/install/moveit_resources_prbt_pg70_support:/home/a/ws_nhk/install/moveit_ros_planning_interface:/home/a/ws_nhk/install/moveit_resources_prbt_moveit_config:/home/a/ws_nhk/install/moveit_ros_move_group:/home/a/ws_nhk/install/moveit_ros_warehouse:/home/a/ws_nhk/install/moveit_planners_ompl:/home/a/ws_nhk/install/moveit_kinematics:/home/a/ws_nhk/install/trac_ik:/home/a/ws_nhk/install/moveit_ros_planning:/home/a/ws_nhk/install/moveit_planners_chomp:/home/a/ws_nhk/install/trac_ik_kinematics_plugin:/home/a/ws_nhk/install/pilz_industrial_motion_planner_testutils:/home/a/ws_nhk/install/moveit_simple_controller_manager:/home/a/ws_nhk/install/moveit_ros_occupancy_map_monitor:/home/a/ws_nhk/install/moveit_resources_prbt_ikfast_manipulator_plugin:/home/a/ws_nhk/install/chomp_motion_planner:/home/a/ws_nhk/install/moveit_core:/home/a/ws_nhk/install/rviz_marker_tools:/home/a/ws_nhk/install/moveit_resources_panda_moveit_config:/home/a/ws_nhk/install/moveit_resources_fanuc_moveit_config:/home/a/ws_nhk/install/moveit_configs_utils:/home/a/ws_nhk/install/trac_ik_lib:/home/a/ws_nhk/install/srdfdom:/home/a/ws_nhk/install/moveit_task_constructor_msgs:/home/a/ws_nhk/install/moveit_resources_prbt_support:/home/a/ws_nhk/install/moveit_resources_pr2_description:/home/a/ws_nhk/install/moveit_resources_panda_description:/home/a/ws_nhk/install/moveit_resources_fanuc_description:/home/a/ws_nhk/install/moveit_common:/home/a/ws_nhk/install/launch_param_builder:${AMENT_PREFIX_PATH} CMAKE_PREFIX_PATH=/home/a/ws_nhk/install/moveit_planners:/home/a/ws_nhk/install/pilz_industrial_motion_planner:/home/a/ws_nhk/install/moveit_resources_prbt_pg70_support:/home/a/ws_nhk/install/moveit_ros_planning_interface:/home/a/ws_nhk/install/moveit_resources_prbt_moveit_config:/home/a/ws_nhk/install/moveit_ros_move_group:/home/a/ws_nhk/install/moveit_ros_warehouse:/home/a/ws_nhk/install/moveit_planners_ompl:/home/a/ws_nhk/install/moveit_kinematics:/home/a/ws_nhk/install/trac_ik:/home/a/ws_nhk/install/moveit_ros_planning:/home/a/ws_nhk/install/moveit_planners_chomp:/home/a/ws_nhk/install/trac_ik_kinematics_plugin:/home/a/ws_nhk/install/pilz_industrial_motion_planner_testutils:/home/a/ws_nhk/install/moveit_simple_controller_manager:/home/a/ws_nhk/install/moveit_ros_occupancy_map_monitor:/home/a/ws_nhk/install/moveit_resources_prbt_ikfast_manipulator_plugin:/home/a/ws_nhk/install/chomp_motion_planner:/home/a/ws_nhk/install/moveit_core:/home/a/ws_nhk/install/rviz_marker_tools:/home/a/ws_nhk/install/moveit_resources_panda_moveit_config:/home/a/ws_nhk/install/moveit_resources_fanuc_moveit_config:/home/a/ws_nhk/install/trac_ik_lib:/home/a/ws_nhk/install/srdfdom:/home/a/ws_nhk/install/moveit_task_constructor_msgs:/home/a/ws_nhk/install/moveit_resources_prbt_support:/home/a/ws_nhk/install/moveit_resources_pr2_description:/home/a/ws_nhk/install/moveit_resources_panda_description:/home/a/ws_nhk/install/moveit_resources_fanuc_description:/home/a/ws_nhk/install/moveit_common:/home/a/install/field_description_test:/opt/ros/humble LD_LIBRARY_PATH=/home/a/ws_nhk/install/pilz_industrial_motion_planner/lib:/home/a/ws_nhk/install/moveit_ros_planning_interface/lib:/home/a/ws_nhk/install/moveit_ros_move_group/lib:/home/a/ws_nhk/install/moveit_ros_warehouse/lib:/home/a/ws_nhk/install/moveit_planners_ompl/lib:/home/a/ws_nhk/install/moveit_kinematics/lib:/home/a/ws_nhk/install/moveit_ros_planning/lib:/home/a/ws_nhk/install/moveit_planners_chomp/lib:/home/a/ws_nhk/install/trac_ik_kinematics_plugin/lib:/home/a/ws_nhk/install/pilz_industrial_motion_planner_testutils/lib:/home/a/ws_nhk/install/moveit_simple_controller_manager/lib:/home/a/ws_nhk/install/moveit_ros_occupancy_map_monitor/lib:/home/a/ws_nhk/install/moveit_resources_prbt_ikfast_manipulator_plugin/lib:/home/a/ws_nhk/install/chomp_motion_planner/lib:/home/a/ws_nhk/install/moveit_core/lib:/home/a/ws_nhk/install/rviz_marker_tools/lib:/home/a/ws_nhk/install/trac_ik_lib/lib:/home/a/ws_nhk/install/srdfdom/lib:/home/a/ws_nhk/install/moveit_task_constructor_msgs/lib:${LD_LIBRARY_PATH} PATH=/home/a/ws_nhk/install/moveit_core/bin:${PATH} PYTHONPATH=/home/a/ws_nhk/install/moveit_configs_utils/lib/python3.10/site-packages:/home/a/ws_nhk/install/srdfdom/local/lib/python3.10/dist-packages:/home/a/ws_nhk/install/moveit_task_constructor_msgs/local/lib/python3.10/dist-packages:/home/a/ws_nhk/install/launch_param_builder/lib/python3.10/site-packages:${PYTHONPATH} /usr/bin/cmake --build /home/a/ws_nhk/build/moveit_task_constructor_core -- -j22 -l22
[1.820s] [35m[1mConsolidate compiler generated dependencies of target gtest_main[0m
[1.821s] [35m[1mConsolidate compiler generated dependencies of target gmock_main[0m
[1.824s] [35m[1mConsolidate compiler generated dependencies of target gmock[0m
[1.824s] [35m[1mConsolidate compiler generated dependencies of target gtest[0m
[1.832s] [  2%] Built target gtest_main
[1.834s] [  4%] Built target gmock_main
[1.837s] [  7%] Built target gtest
[1.840s] [ 10%] Built target gmock
[1.841s] [ 10%] Built target ament_cmake_python_copy_moveit
[1.846s] [35m[1mConsolidate compiler generated dependencies of target moveit_task_constructor_core[0m
[1.910s] [ 29%] Built target moveit_task_constructor_core
[1.928s] [35m[1mConsolidate compiler generated dependencies of target gtest_utils[0m
[1.950s] [35m[1mConsolidate compiler generated dependencies of target moveit_task_constructor_core_stages[0m
[1.955s] [ 34%] Built target gtest_utils
[2.016s] [ 55%] Built target moveit_task_constructor_core_stages
[2.032s] [35m[1mConsolidate compiler generated dependencies of target moveit_task_constructor_core_stage_plugins[0m
[2.033s] [35m[1mConsolidate compiler generated dependencies of target moveit_task_constructor_core-test-fallback[0m
[2.033s] [35m[1mConsolidate compiler generated dependencies of target moveit_task_constructor_core-test-pruning[0m
[2.034s] [35m[1mConsolidate compiler generated dependencies of target moveit_task_constructor_core-test-serial[0m
[2.034s] [35m[1mConsolidate compiler generated dependencies of target moveit_task_constructor_core-test-stage[0m
[2.034s] [35m[1mConsolidate compiler generated dependencies of target moveit_task_constructor_core-test-interface-state[0m
[2.034s] [35m[1mConsolidate compiler generated dependencies of target moveit_task_constructor_core-test-mockups[0m
[2.035s] [35m[1mConsolidate compiler generated dependencies of target moveit_task_constructor_core-test-properties[0m
[2.035s] [35m[1mConsolidate compiler generated dependencies of target moveit_task_constructor_core-test-container[0m
[2.035s] [35m[1mConsolidate compiler generated dependencies of target pick_pr2[0m
[2.036s] [35m[1mConsolidate compiler generated dependencies of target moveit_task_constructor_core-test-cost-terms[0m
[2.038s] [35m[1mConsolidate compiler generated dependencies of target moveit_task_constructor_core-test-move-to[0m
[2.039s] [35m[1mConsolidate compiler generated dependencies of target moveit_task_constructor_core-test-cost-queue[0m
[2.040s] [35m[1mConsolidate compiler generated dependencies of target moveit_task_constructor_core-test-move-relative[0m
[2.041s] [35m[1mConsolidate compiler generated dependencies of target pick_pa10[0m
[2.041s] [35m[1mConsolidate compiler generated dependencies of target pymoveit_mtc[0m
[2.042s] [35m[1mConsolidate compiler generated dependencies of target pick_ur5[0m
[2.057s] [ 57%] Built target moveit_task_constructor_core-test-properties
[2.059s] [ 60%] Built target moveit_task_constructor_core_stage_plugins
[2.062s] [ 62%] Built target moveit_task_constructor_core-test-pruning
[2.062s] [ 64%] Built target moveit_task_constructor_core-test-interface-state
[2.063s] [ 67%] Built target moveit_task_constructor_core-test-cost-queue
[2.063s] [ 69%] Built target moveit_task_constructor_core-test-move-to
[2.064s] [ 71%] Built target moveit_task_constructor_core-test-fallback
[2.065s] [ 74%] Built target moveit_task_constructor_core-test-stage
[2.067s] [ 76%] Built target moveit_task_constructor_core-test-serial
[2.069s] [ 78%] Built target pick_pr2
[2.070s] [ 81%] Built target pick_ur5
[2.071s] [ 85%] Built target moveit_task_constructor_core-test-container
[2.071s] [ 85%] Built target moveit_task_constructor_core-test-cost-terms
[2.071s] [ 88%] Built target moveit_task_constructor_core-test-mockups
[2.072s] [ 90%] Built target moveit_task_constructor_core-test-move-relative
[2.073s] [ 92%] Built target pick_pa10
[2.075s] running egg_info
[2.076s] writing moveit.egg-info/PKG-INFO
[2.076s] writing dependency_links to moveit.egg-info/dependency_links.txt
[2.076s] writing top-level names to moveit.egg-info/top_level.txt
[2.078s] reading manifest file 'moveit.egg-info/SOURCES.txt'
[2.079s] writing manifest file 'moveit.egg-info/SOURCES.txt'
[2.086s] [100%] Built target pymoveit_mtc
[2.105s] [100%] Built target ament_cmake_python_build_moveit_egg
[2.121s] Invoked command in '/home/a/ws_nhk/build/moveit_task_constructor_core' returned '0': AMENT_PREFIX_PATH=/home/a/ws_nhk/install/moveit_planners:/home/a/ws_nhk/install/pilz_industrial_motion_planner:/home/a/ws_nhk/install/moveit_resources_prbt_pg70_support:/home/a/ws_nhk/install/moveit_ros_planning_interface:/home/a/ws_nhk/install/moveit_resources_prbt_moveit_config:/home/a/ws_nhk/install/moveit_ros_move_group:/home/a/ws_nhk/install/moveit_ros_warehouse:/home/a/ws_nhk/install/moveit_planners_ompl:/home/a/ws_nhk/install/moveit_kinematics:/home/a/ws_nhk/install/trac_ik:/home/a/ws_nhk/install/moveit_ros_planning:/home/a/ws_nhk/install/moveit_planners_chomp:/home/a/ws_nhk/install/trac_ik_kinematics_plugin:/home/a/ws_nhk/install/pilz_industrial_motion_planner_testutils:/home/a/ws_nhk/install/moveit_simple_controller_manager:/home/a/ws_nhk/install/moveit_ros_occupancy_map_monitor:/home/a/ws_nhk/install/moveit_resources_prbt_ikfast_manipulator_plugin:/home/a/ws_nhk/install/chomp_motion_planner:/home/a/ws_nhk/install/moveit_core:/home/a/ws_nhk/install/rviz_marker_tools:/home/a/ws_nhk/install/moveit_resources_panda_moveit_config:/home/a/ws_nhk/install/moveit_resources_fanuc_moveit_config:/home/a/ws_nhk/install/moveit_configs_utils:/home/a/ws_nhk/install/trac_ik_lib:/home/a/ws_nhk/install/srdfdom:/home/a/ws_nhk/install/moveit_task_constructor_msgs:/home/a/ws_nhk/install/moveit_resources_prbt_support:/home/a/ws_nhk/install/moveit_resources_pr2_description:/home/a/ws_nhk/install/moveit_resources_panda_description:/home/a/ws_nhk/install/moveit_resources_fanuc_description:/home/a/ws_nhk/install/moveit_common:/home/a/ws_nhk/install/launch_param_builder:${AMENT_PREFIX_PATH} CMAKE_PREFIX_PATH=/home/a/ws_nhk/install/moveit_planners:/home/a/ws_nhk/install/pilz_industrial_motion_planner:/home/a/ws_nhk/install/moveit_resources_prbt_pg70_support:/home/a/ws_nhk/install/moveit_ros_planning_interface:/home/a/ws_nhk/install/moveit_resources_prbt_moveit_config:/home/a/ws_nhk/install/moveit_ros_move_group:/home/a/ws_nhk/install/moveit_ros_warehouse:/home/a/ws_nhk/install/moveit_planners_ompl:/home/a/ws_nhk/install/moveit_kinematics:/home/a/ws_nhk/install/trac_ik:/home/a/ws_nhk/install/moveit_ros_planning:/home/a/ws_nhk/install/moveit_planners_chomp:/home/a/ws_nhk/install/trac_ik_kinematics_plugin:/home/a/ws_nhk/install/pilz_industrial_motion_planner_testutils:/home/a/ws_nhk/install/moveit_simple_controller_manager:/home/a/ws_nhk/install/moveit_ros_occupancy_map_monitor:/home/a/ws_nhk/install/moveit_resources_prbt_ikfast_manipulator_plugin:/home/a/ws_nhk/install/chomp_motion_planner:/home/a/ws_nhk/install/moveit_core:/home/a/ws_nhk/install/rviz_marker_tools:/home/a/ws_nhk/install/moveit_resources_panda_moveit_config:/home/a/ws_nhk/install/moveit_resources_fanuc_moveit_config:/home/a/ws_nhk/install/trac_ik_lib:/home/a/ws_nhk/install/srdfdom:/home/a/ws_nhk/install/moveit_task_constructor_msgs:/home/a/ws_nhk/install/moveit_resources_prbt_support:/home/a/ws_nhk/install/moveit_resources_pr2_description:/home/a/ws_nhk/install/moveit_resources_panda_description:/home/a/ws_nhk/install/moveit_resources_fanuc_description:/home/a/ws_nhk/install/moveit_common:/home/a/install/field_description_test:/opt/ros/humble LD_LIBRARY_PATH=/home/a/ws_nhk/install/pilz_industrial_motion_planner/lib:/home/a/ws_nhk/install/moveit_ros_planning_interface/lib:/home/a/ws_nhk/install/moveit_ros_move_group/lib:/home/a/ws_nhk/install/moveit_ros_warehouse/lib:/home/a/ws_nhk/install/moveit_planners_ompl/lib:/home/a/ws_nhk/install/moveit_kinematics/lib:/home/a/ws_nhk/install/moveit_ros_planning/lib:/home/a/ws_nhk/install/moveit_planners_chomp/lib:/home/a/ws_nhk/install/trac_ik_kinematics_plugin/lib:/home/a/ws_nhk/install/pilz_industrial_motion_planner_testutils/lib:/home/a/ws_nhk/install/moveit_simple_controller_manager/lib:/home/a/ws_nhk/install/moveit_ros_occupancy_map_monitor/lib:/home/a/ws_nhk/install/moveit_resources_prbt_ikfast_manipulator_plugin/lib:/home/a/ws_nhk/install/chomp_motion_planner/lib:/home/a/ws_nhk/install/moveit_core/lib:/home/a/ws_nhk/install/rviz_marker_tools/lib:/home/a/ws_nhk/install/trac_ik_lib/lib:/home/a/ws_nhk/install/srdfdom/lib:/home/a/ws_nhk/install/moveit_task_constructor_msgs/lib:${LD_LIBRARY_PATH} PATH=/home/a/ws_nhk/install/moveit_core/bin:${PATH} PYTHONPATH=/home/a/ws_nhk/install/moveit_configs_utils/lib/python3.10/site-packages:/home/a/ws_nhk/install/srdfdom/local/lib/python3.10/dist-packages:/home/a/ws_nhk/install/moveit_task_constructor_msgs/local/lib/python3.10/dist-packages:/home/a/ws_nhk/install/launch_param_builder/lib/python3.10/site-packages:${PYTHONPATH} /usr/bin/cmake --build /home/a/ws_nhk/build/moveit_task_constructor_core -- -j22 -l22
[2.125s] Invoking command in '/home/a/ws_nhk/build/moveit_task_constructor_core': AMENT_PREFIX_PATH=/home/a/ws_nhk/install/moveit_planners:/home/a/ws_nhk/install/pilz_industrial_motion_planner:/home/a/ws_nhk/install/moveit_resources_prbt_pg70_support:/home/a/ws_nhk/install/moveit_ros_planning_interface:/home/a/ws_nhk/install/moveit_resources_prbt_moveit_config:/home/a/ws_nhk/install/moveit_ros_move_group:/home/a/ws_nhk/install/moveit_ros_warehouse:/home/a/ws_nhk/install/moveit_planners_ompl:/home/a/ws_nhk/install/moveit_kinematics:/home/a/ws_nhk/install/trac_ik:/home/a/ws_nhk/install/moveit_ros_planning:/home/a/ws_nhk/install/moveit_planners_chomp:/home/a/ws_nhk/install/trac_ik_kinematics_plugin:/home/a/ws_nhk/install/pilz_industrial_motion_planner_testutils:/home/a/ws_nhk/install/moveit_simple_controller_manager:/home/a/ws_nhk/install/moveit_ros_occupancy_map_monitor:/home/a/ws_nhk/install/moveit_resources_prbt_ikfast_manipulator_plugin:/home/a/ws_nhk/install/chomp_motion_planner:/home/a/ws_nhk/install/moveit_core:/home/a/ws_nhk/install/rviz_marker_tools:/home/a/ws_nhk/install/moveit_resources_panda_moveit_config:/home/a/ws_nhk/install/moveit_resources_fanuc_moveit_config:/home/a/ws_nhk/install/moveit_configs_utils:/home/a/ws_nhk/install/trac_ik_lib:/home/a/ws_nhk/install/srdfdom:/home/a/ws_nhk/install/moveit_task_constructor_msgs:/home/a/ws_nhk/install/moveit_resources_prbt_support:/home/a/ws_nhk/install/moveit_resources_pr2_description:/home/a/ws_nhk/install/moveit_resources_panda_description:/home/a/ws_nhk/install/moveit_resources_fanuc_description:/home/a/ws_nhk/install/moveit_common:/home/a/ws_nhk/install/launch_param_builder:${AMENT_PREFIX_PATH} CMAKE_PREFIX_PATH=/home/a/ws_nhk/install/moveit_planners:/home/a/ws_nhk/install/pilz_industrial_motion_planner:/home/a/ws_nhk/install/moveit_resources_prbt_pg70_support:/home/a/ws_nhk/install/moveit_ros_planning_interface:/home/a/ws_nhk/install/moveit_resources_prbt_moveit_config:/home/a/ws_nhk/install/moveit_ros_move_group:/home/a/ws_nhk/install/moveit_ros_warehouse:/home/a/ws_nhk/install/moveit_planners_ompl:/home/a/ws_nhk/install/moveit_kinematics:/home/a/ws_nhk/install/trac_ik:/home/a/ws_nhk/install/moveit_ros_planning:/home/a/ws_nhk/install/moveit_planners_chomp:/home/a/ws_nhk/install/trac_ik_kinematics_plugin:/home/a/ws_nhk/install/pilz_industrial_motion_planner_testutils:/home/a/ws_nhk/install/moveit_simple_controller_manager:/home/a/ws_nhk/install/moveit_ros_occupancy_map_monitor:/home/a/ws_nhk/install/moveit_resources_prbt_ikfast_manipulator_plugin:/home/a/ws_nhk/install/chomp_motion_planner:/home/a/ws_nhk/install/moveit_core:/home/a/ws_nhk/install/rviz_marker_tools:/home/a/ws_nhk/install/moveit_resources_panda_moveit_config:/home/a/ws_nhk/install/moveit_resources_fanuc_moveit_config:/home/a/ws_nhk/install/trac_ik_lib:/home/a/ws_nhk/install/srdfdom:/home/a/ws_nhk/install/moveit_task_constructor_msgs:/home/a/ws_nhk/install/moveit_resources_prbt_support:/home/a/ws_nhk/install/moveit_resources_pr2_description:/home/a/ws_nhk/install/moveit_resources_panda_description:/home/a/ws_nhk/install/moveit_resources_fanuc_description:/home/a/ws_nhk/install/moveit_common:/home/a/install/field_description_test:/opt/ros/humble LD_LIBRARY_PATH=/home/a/ws_nhk/install/pilz_industrial_motion_planner/lib:/home/a/ws_nhk/install/moveit_ros_planning_interface/lib:/home/a/ws_nhk/install/moveit_ros_move_group/lib:/home/a/ws_nhk/install/moveit_ros_warehouse/lib:/home/a/ws_nhk/install/moveit_planners_ompl/lib:/home/a/ws_nhk/install/moveit_kinematics/lib:/home/a/ws_nhk/install/moveit_ros_planning/lib:/home/a/ws_nhk/install/moveit_planners_chomp/lib:/home/a/ws_nhk/install/trac_ik_kinematics_plugin/lib:/home/a/ws_nhk/install/pilz_industrial_motion_planner_testutils/lib:/home/a/ws_nhk/install/moveit_simple_controller_manager/lib:/home/a/ws_nhk/install/moveit_ros_occupancy_map_monitor/lib:/home/a/ws_nhk/install/moveit_resources_prbt_ikfast_manipulator_plugin/lib:/home/a/ws_nhk/install/chomp_motion_planner/lib:/home/a/ws_nhk/install/moveit_core/lib:/home/a/ws_nhk/install/rviz_marker_tools/lib:/home/a/ws_nhk/install/trac_ik_lib/lib:/home/a/ws_nhk/install/srdfdom/lib:/home/a/ws_nhk/install/moveit_task_constructor_msgs/lib:${LD_LIBRARY_PATH} PATH=/home/a/ws_nhk/install/moveit_core/bin:${PATH} PYTHONPATH=/home/a/ws_nhk/install/moveit_configs_utils/lib/python3.10/site-packages:/home/a/ws_nhk/install/srdfdom/local/lib/python3.10/dist-packages:/home/a/ws_nhk/install/moveit_task_constructor_msgs/local/lib/python3.10/dist-packages:/home/a/ws_nhk/install/launch_param_builder/lib/python3.10/site-packages:${PYTHONPATH} /usr/bin/cmake --install /home/a/ws_nhk/build/moveit_task_constructor_core
[2.133s] -- Install configuration: "Release"
[2.134s] -- Up-to-date: /home/a/ws_nhk/install/moveit_task_constructor_core/lib/libmoveit_task_constructor_core_stages.so
[2.135s] -- Up-to-date: /home/a/ws_nhk/install/moveit_task_constructor_core/lib/libmoveit_task_constructor_core_stage_plugins.so
[2.135s] -- Up-to-date: /home/a/ws_nhk/install/moveit_task_constructor_core/lib/libmoveit_task_constructor_core.so
[2.136s] -- Up-to-date: /home/a/ws_nhk/install/moveit_task_constructor_core/share/moveit_task_constructor_core/environment/pythonpath.sh
[2.136s] -- Installing: /home/a/ws_nhk/install/moveit_task_constructor_core/share/moveit_task_constructor_core/environment/pythonpath.dsv
[2.137s] -- Up-to-date: /home/a/ws_nhk/install/moveit_task_constructor_core/local/lib/python3.10/dist-packages/moveit-0.1.3-py3.10.egg-info
[2.137s] -- Installing: /home/a/ws_nhk/install/moveit_task_constructor_core/local/lib/python3.10/dist-packages/moveit-0.1.3-py3.10.egg-info/top_level.txt
[2.137s] -- Installing: /home/a/ws_nhk/install/moveit_task_constructor_core/local/lib/python3.10/dist-packages/moveit-0.1.3-py3.10.egg-info/SOURCES.txt
[2.137s] -- Installing: /home/a/ws_nhk/install/moveit_task_constructor_core/local/lib/python3.10/dist-packages/moveit-0.1.3-py3.10.egg-info/PKG-INFO
[2.137s] -- Installing: /home/a/ws_nhk/install/moveit_task_constructor_core/local/lib/python3.10/dist-packages/moveit-0.1.3-py3.10.egg-info/dependency_links.txt
[2.137s] -- Up-to-date: /home/a/ws_nhk/install/moveit_task_constructor_core/local/lib/python3.10/dist-packages/moveit
[2.137s] -- Up-to-date: /home/a/ws_nhk/install/moveit_task_constructor_core/local/lib/python3.10/dist-packages/moveit/__init__.py
[2.137s] -- Up-to-date: /home/a/ws_nhk/install/moveit_task_constructor_core/local/lib/python3.10/dist-packages/moveit/task_constructor
[2.137s] -- Up-to-date: /home/a/ws_nhk/install/moveit_task_constructor_core/local/lib/python3.10/dist-packages/moveit/task_constructor/__init__.py
[2.137s] -- Up-to-date: /home/a/ws_nhk/install/moveit_task_constructor_core/local/lib/python3.10/dist-packages/moveit/task_constructor/stages.py
[2.138s] -- Up-to-date: /home/a/ws_nhk/install/moveit_task_constructor_core/local/lib/python3.10/dist-packages/moveit/task_constructor/core.py
[2.171s] Listing '/home/a/ws_nhk/install/moveit_task_constructor_core/local/lib/python3.10/dist-packages/moveit'...
[2.171s] Listing '/home/a/ws_nhk/install/moveit_task_constructor_core/local/lib/python3.10/dist-packages/moveit/task_constructor'...
[2.175s] -- Up-to-date: /home/a/ws_nhk/install/moveit_task_constructor_core/include/moveit/python/pybind11
[2.175s] -- Up-to-date: /home/a/ws_nhk/install/moveit_task_constructor_core/include/moveit/python/pybind11/buffer_info.h
[2.175s] -- Up-to-date: /home/a/ws_nhk/install/moveit_task_constructor_core/include/moveit/python/pybind11/typing.h
[2.175s] -- Up-to-date: /home/a/ws_nhk/install/moveit_task_constructor_core/include/moveit/python/pybind11/gil.h
[2.175s] -- Up-to-date: /home/a/ws_nhk/install/moveit_task_constructor_core/include/moveit/python/pybind11/gil_safe_call_once.h
[2.175s] -- Up-to-date: /home/a/ws_nhk/install/moveit_task_constructor_core/include/moveit/python/pybind11/pytypes.h
[2.175s] -- Up-to-date: /home/a/ws_nhk/install/moveit_task_constructor_core/include/moveit/python/pybind11/stl.h
[2.176s] -- Up-to-date: /home/a/ws_nhk/install/moveit_task_constructor_core/include/moveit/python/pybind11/attr.h
[2.176s] -- Up-to-date: /home/a/ws_nhk/install/moveit_task_constructor_core/include/moveit/python/pybind11/trampoline_self_life_support.h
[2.176s] -- Up-to-date: /home/a/ws_nhk/install/moveit_task_constructor_core/include/moveit/python/pybind11/numpy.h
[2.176s] -- Up-to-date: /home/a/ws_nhk/install/moveit_task_constructor_core/include/moveit/python/pybind11/eigen.h
[2.176s] -- Up-to-date: /home/a/ws_nhk/install/moveit_task_constructor_core/include/moveit/python/pybind11/cast.h
[2.176s] -- Up-to-date: /home/a/ws_nhk/install/moveit_task_constructor_core/include/moveit/python/pybind11/pybind11.h
[2.176s] -- Up-to-date: /home/a/ws_nhk/install/moveit_task_constructor_core/include/moveit/python/pybind11/stl
[2.176s] -- Up-to-date: /home/a/ws_nhk/install/moveit_task_constructor_core/include/moveit/python/pybind11/stl/filesystem.h
[2.176s] -- Up-to-date: /home/a/ws_nhk/install/moveit_task_constructor_core/include/moveit/python/pybind11/eigen
[2.176s] -- Up-to-date: /home/a/ws_nhk/install/moveit_task_constructor_core/include/moveit/python/pybind11/eigen/tensor.h
[2.176s] -- Up-to-date: /home/a/ws_nhk/install/moveit_task_constructor_core/include/moveit/python/pybind11/eigen/matrix.h
[2.176s] -- Up-to-date: /home/a/ws_nhk/install/moveit_task_constructor_core/include/moveit/python/pybind11/eigen/common.h
[2.176s] -- Up-to-date: /home/a/ws_nhk/install/moveit_task_constructor_core/include/moveit/python/pybind11/eval.h
[2.176s] -- Up-to-date: /home/a/ws_nhk/install/moveit_task_constructor_core/include/moveit/python/pybind11/embed.h
[2.176s] -- Up-to-date: /home/a/ws_nhk/install/moveit_task_constructor_core/include/moveit/python/pybind11/operators.h
[2.177s] -- Up-to-date: /home/a/ws_nhk/install/moveit_task_constructor_core/include/moveit/python/pybind11/chrono.h
[2.177s] -- Up-to-date: /home/a/ws_nhk/install/moveit_task_constructor_core/include/moveit/python/pybind11/options.h
[2.177s] -- Up-to-date: /home/a/ws_nhk/install/moveit_task_constructor_core/include/moveit/python/pybind11/stl_bind.h
[2.177s] -- Up-to-date: /home/a/ws_nhk/install/moveit_task_constructor_core/include/moveit/python/pybind11/detail
[2.177s] -- Up-to-date: /home/a/ws_nhk/install/moveit_task_constructor_core/include/moveit/python/pybind11/detail/internals.h
[2.177s] -- Up-to-date: /home/a/ws_nhk/install/moveit_task_constructor_core/include/moveit/python/pybind11/detail/typeid.h
[2.177s] -- Up-to-date: /home/a/ws_nhk/install/moveit_task_constructor_core/include/moveit/python/pybind11/detail/dynamic_raw_ptr_cast_if_possible.h
[2.177s] -- Up-to-date: /home/a/ws_nhk/install/moveit_task_constructor_core/include/moveit/python/pybind11/detail/smart_holder_sfinae_hooks_only.h
[2.177s] -- Up-to-date: /home/a/ws_nhk/install/moveit_task_constructor_core/include/moveit/python/pybind11/detail/smart_holder_poc.h
[2.177s] -- Up-to-date: /home/a/ws_nhk/install/moveit_task_constructor_core/include/moveit/python/pybind11/detail/type_caster_base.h
[2.177s] -- Up-to-date: /home/a/ws_nhk/install/moveit_task_constructor_core/include/moveit/python/pybind11/detail/descr.h
[2.177s] -- Up-to-date: /home/a/ws_nhk/install/moveit_task_constructor_core/include/moveit/python/pybind11/detail/class.h
[2.177s] -- Up-to-date: /home/a/ws_nhk/install/moveit_task_constructor_core/include/moveit/python/pybind11/detail/smart_holder_type_casters.h
[2.177s] -- Up-to-date: /home/a/ws_nhk/install/moveit_task_constructor_core/include/moveit/python/pybind11/detail/type_caster_odr_guard.h
[2.177s] -- Up-to-date: /home/a/ws_nhk/install/moveit_task_constructor_core/include/moveit/python/pybind11/detail/common.h
[2.177s] -- Up-to-date: /home/a/ws_nhk/install/moveit_task_constructor_core/include/moveit/python/pybind11/detail/init.h
[2.177s] -- Up-to-date: /home/a/ws_nhk/install/moveit_task_constructor_core/include/moveit/python/pybind11/complex.h
[2.178s] -- Up-to-date: /home/a/ws_nhk/install/moveit_task_constructor_core/include/moveit/python/pybind11/functional.h
[2.178s] -- Up-to-date: /home/a/ws_nhk/install/moveit_task_constructor_core/include/moveit/python/pybind11/type_caster_pyobject_ptr.h
[2.178s] -- Up-to-date: /home/a/ws_nhk/install/moveit_task_constructor_core/include/moveit/python/pybind11/iostream.h
[2.178s] -- Up-to-date: /home/a/ws_nhk/install/moveit_task_constructor_core/include/moveit/python/pybind11/common.h
[2.178s] -- Up-to-date: /home/a/ws_nhk/install/moveit_task_constructor_core/include/moveit/python/pybind11/smart_holder.h
[2.178s] -- Up-to-date: /home/a/ws_nhk/install/moveit_task_constructor_core/share/moveit_task_constructor_core/cmake/pybind11Config.cmake
[2.178s] -- Up-to-date: /home/a/ws_nhk/install/moveit_task_constructor_core/share/moveit_task_constructor_core/cmake/pybind11ConfigVersion.cmake
[2.178s] -- Up-to-date: /home/a/ws_nhk/install/moveit_task_constructor_core/share/moveit_task_constructor_core/cmake/FindPythonLibsNew.cmake
[2.178s] -- Up-to-date: /home/a/ws_nhk/install/moveit_task_constructor_core/share/moveit_task_constructor_core/cmake/pybind11Common.cmake
[2.178s] -- Up-to-date: /home/a/ws_nhk/install/moveit_task_constructor_core/share/moveit_task_constructor_core/cmake/pybind11Tools.cmake
[2.178s] -- Up-to-date: /home/a/ws_nhk/install/moveit_task_constructor_core/share/moveit_task_constructor_core/cmake/pybind11NewTools.cmake
[2.178s] -- Up-to-date: /home/a/ws_nhk/install/moveit_task_constructor_core/share/moveit_task_constructor_core/cmake/pybind11Targets.cmake
[2.178s] -- Up-to-date: /home/a/ws_nhk/install/moveit_task_constructor_core/share/pkgconfig/pybind11.pc
[2.178s] -- Up-to-date: /home/a/ws_nhk/install/moveit_task_constructor_core/local/lib/python3.10/dist-packages/pymoveit_mtc.cpython-310-x86_64-linux-gnu.so
[2.178s] -- Up-to-date: /home/a/ws_nhk/install/moveit_task_constructor_core/include
[2.179s] -- Up-to-date: /home/a/ws_nhk/install/moveit_task_constructor_core/include/moveit
[2.179s] -- Up-to-date: /home/a/ws_nhk/install/moveit_task_constructor_core/include/moveit/python
[2.179s] -- Up-to-date: /home/a/ws_nhk/install/moveit_task_constructor_core/include/moveit/python/task_constructor
[2.179s] -- Up-to-date: /home/a/ws_nhk/install/moveit_task_constructor_core/include/moveit/python/task_constructor/properties.h
[2.179s] -- Up-to-date: /home/a/ws_nhk/install/moveit_task_constructor_core/include/moveit/task_constructor
[2.179s] -- Up-to-date: /home/a/ws_nhk/install/moveit_task_constructor_core/include/moveit/task_constructor/solvers.h
[2.179s] -- Up-to-date: /home/a/ws_nhk/install/moveit_task_constructor_core/include/moveit/task_constructor/stages
[2.179s] -- Up-to-date: /home/a/ws_nhk/install/moveit_task_constructor_core/include/moveit/task_constructor/stages/generate_place_pose.h
[2.179s] -- Up-to-date: /home/a/ws_nhk/install/moveit_task_constructor_core/include/moveit/task_constructor/stages/move_to.h
[2.179s] -- Up-to-date: /home/a/ws_nhk/install/moveit_task_constructor_core/include/moveit/task_constructor/stages/fixed_cartesian_poses.h
[2.179s] -- Up-to-date: /home/a/ws_nhk/install/moveit_task_constructor_core/include/moveit/task_constructor/stages/generate_pose.h
[2.179s] -- Up-to-date: /home/a/ws_nhk/install/moveit_task_constructor_core/include/moveit/task_constructor/stages/generate_grasp_pose.h
[2.179s] -- Up-to-date: /home/a/ws_nhk/install/moveit_task_constructor_core/include/moveit/task_constructor/stages/passthrough.h
[2.179s] -- Up-to-date: /home/a/ws_nhk/install/moveit_task_constructor_core/include/moveit/task_constructor/stages/fixed_state.h
[2.179s] -- Up-to-date: /home/a/ws_nhk/install/moveit_task_constructor_core/include/moveit/task_constructor/stages/simple_grasp.h
[2.179s] -- Up-to-date: /home/a/ws_nhk/install/moveit_task_constructor_core/include/moveit/task_constructor/stages/modify_planning_scene.h
[2.179s] -- Up-to-date: /home/a/ws_nhk/install/moveit_task_constructor_core/include/moveit/task_constructor/stages/compute_ik.h
[2.179s] -- Up-to-date: /home/a/ws_nhk/install/moveit_task_constructor_core/include/moveit/task_constructor/stages/pick.h
[2.179s] -- Up-to-date: /home/a/ws_nhk/install/moveit_task_constructor_core/include/moveit/task_constructor/stages/connect.h
[2.179s] -- Up-to-date: /home/a/ws_nhk/install/moveit_task_constructor_core/include/moveit/task_constructor/stages/predicate_filter.h
[2.180s] -- Up-to-date: /home/a/ws_nhk/install/moveit_task_constructor_core/include/moveit/task_constructor/stages/generate_random_pose.h
[2.180s] -- Up-to-date: /home/a/ws_nhk/install/moveit_task_constructor_core/include/moveit/task_constructor/stages/fix_collision_objects.h
[2.180s] -- Up-to-date: /home/a/ws_nhk/install/moveit_task_constructor_core/include/moveit/task_constructor/stages/noop.h
[2.180s] -- Up-to-date: /home/a/ws_nhk/install/moveit_task_constructor_core/include/moveit/task_constructor/stages/move_relative.h
[2.180s] -- Up-to-date: /home/a/ws_nhk/install/moveit_task_constructor_core/include/moveit/task_constructor/stages/current_state.h
[2.180s] -- Up-to-date: /home/a/ws_nhk/install/moveit_task_constructor_core/include/moveit/task_constructor/marker_tools.h
[2.180s] -- Up-to-date: /home/a/ws_nhk/install/moveit_task_constructor_core/include/moveit/task_constructor/cost_terms.h
[2.180s] -- Up-to-date: /home/a/ws_nhk/install/moveit_task_constructor_core/include/moveit/task_constructor/stage.h
[2.180s] -- Up-to-date: /home/a/ws_nhk/install/moveit_task_constructor_core/include/moveit/task_constructor/container.h
[2.180s] -- Up-to-date: /home/a/ws_nhk/install/moveit_task_constructor_core/include/moveit/task_constructor/utils.h
[2.180s] -- Up-to-date: /home/a/ws_nhk/install/moveit_task_constructor_core/include/moveit/task_constructor/solvers
[2.180s] -- Up-to-date: /home/a/ws_nhk/install/moveit_task_constructor_core/include/moveit/task_constructor/solvers/pipeline_planner.h
[2.180s] -- Up-to-date: /home/a/ws_nhk/install/moveit_task_constructor_core/include/moveit/task_constructor/solvers/cartesian_path.h
[2.180s] -- Up-to-date: /home/a/ws_nhk/install/moveit_task_constructor_core/include/moveit/task_constructor/solvers/multi_planner.h
[2.180s] -- Up-to-date: /home/a/ws_nhk/install/moveit_task_constructor_core/include/moveit/task_constructor/solvers/joint_interpolation.h
[2.180s] -- Up-to-date: /home/a/ws_nhk/install/moveit_task_constructor_core/include/moveit/task_constructor/solvers/planner_interface.h
[2.180s] -- Up-to-date: /home/a/ws_nhk/install/moveit_task_constructor_core/include/moveit/task_constructor/storage.h
[2.180s] -- Up-to-date: /home/a/ws_nhk/install/moveit_task_constructor_core/include/moveit/task_constructor/introspection.h
[2.181s] -- Up-to-date: /home/a/ws_nhk/install/moveit_task_constructor_core/include/moveit/task_constructor/moveit_compat.h
[2.181s] -- Up-to-date: /home/a/ws_nhk/install/moveit_task_constructor_core/include/moveit/task_constructor/task.h
[2.181s] -- Up-to-date: /home/a/ws_nhk/install/moveit_task_constructor_core/include/moveit/task_constructor/trajectory_execution_info.h
[2.181s] -- Up-to-date: /home/a/ws_nhk/install/moveit_task_constructor_core/include/moveit/task_constructor/stages.h
[2.181s] -- Up-to-date: /home/a/ws_nhk/install/moveit_task_constructor_core/include/moveit/task_constructor/properties.h
[2.181s] -- Up-to-date: /home/a/ws_nhk/install/moveit_task_constructor_core/include/moveit/task_constructor/cost_queue.h
[2.181s] -- Up-to-date: /home/a/ws_nhk/install/moveit_task_constructor_core/include/moveit/task_constructor/merge.h
[2.181s] -- Up-to-date: /home/a/ws_nhk/install/moveit_task_constructor_core/include/moveit/task_constructor/type_traits.h
[2.181s] -- Up-to-date: /home/a/ws_nhk/install/moveit_task_constructor_core/share/moveit_task_constructor_core/motion_planning_stages_plugin_description.xml
[2.181s] -- Up-to-date: /home/a/ws_nhk/install/moveit_task_constructor_core/share/moveit_task_constructor_core/environment/library_path.sh
[2.181s] -- Installing: /home/a/ws_nhk/install/moveit_task_constructor_core/share/moveit_task_constructor_core/environment/library_path.dsv
[2.181s] -- Up-to-date: /home/a/ws_nhk/install/moveit_task_constructor_core/share/ament_index/resource_index/package_run_dependencies/moveit_task_constructor_core
[2.181s] -- Up-to-date: /home/a/ws_nhk/install/moveit_task_constructor_core/share/ament_index/resource_index/parent_prefix_path/moveit_task_constructor_core
[2.181s] -- Up-to-date: /home/a/ws_nhk/install/moveit_task_constructor_core/share/moveit_task_constructor_core/environment/ament_prefix_path.sh
[2.181s] -- Installing: /home/a/ws_nhk/install/moveit_task_constructor_core/share/moveit_task_constructor_core/environment/ament_prefix_path.dsv
[2.181s] -- Up-to-date: /home/a/ws_nhk/install/moveit_task_constructor_core/share/moveit_task_constructor_core/environment/path.sh
[2.181s] -- Installing: /home/a/ws_nhk/install/moveit_task_constructor_core/share/moveit_task_constructor_core/environment/path.dsv
[2.182s] -- Up-to-date: /home/a/ws_nhk/install/moveit_task_constructor_core/share/moveit_task_constructor_core/local_setup.bash
[2.182s] -- Up-to-date: /home/a/ws_nhk/install/moveit_task_constructor_core/share/moveit_task_constructor_core/local_setup.sh
[2.182s] -- Up-to-date: /home/a/ws_nhk/install/moveit_task_constructor_core/share/moveit_task_constructor_core/local_setup.zsh
[2.182s] -- Installing: /home/a/ws_nhk/install/moveit_task_constructor_core/share/moveit_task_constructor_core/local_setup.dsv
[2.182s] -- Installing: /home/a/ws_nhk/install/moveit_task_constructor_core/share/moveit_task_constructor_core/package.dsv
[2.182s] -- Up-to-date: /home/a/ws_nhk/install/moveit_task_constructor_core/share/ament_index/resource_index/packages/moveit_task_constructor_core
[2.182s] -- Up-to-date: /home/a/ws_nhk/install/moveit_task_constructor_core/share/ament_index/resource_index/moveit_task_constructor_core__pluginlib__plugin/moveit_task_constructor_core
[2.182s] -- Up-to-date: /home/a/ws_nhk/install/moveit_task_constructor_core/share/moveit_task_constructor_core/cmake/moveit_task_constructor_coreTargetsExport.cmake
[2.182s] -- Up-to-date: /home/a/ws_nhk/install/moveit_task_constructor_core/share/moveit_task_constructor_core/cmake/moveit_task_constructor_coreTargetsExport-release.cmake
[2.182s] -- Up-to-date: /home/a/ws_nhk/install/moveit_task_constructor_core/share/moveit_task_constructor_core/cmake/ament_cmake_export_targets-extras.cmake
[2.182s] -- Up-to-date: /home/a/ws_nhk/install/moveit_task_constructor_core/share/moveit_task_constructor_core/cmake/ament_cmake_export_dependencies-extras.cmake
[2.182s] -- Up-to-date: /home/a/ws_nhk/install/moveit_task_constructor_core/share/moveit_task_constructor_core/cmake/moveit_task_constructor_coreConfig.cmake
[2.182s] -- Up-to-date: /home/a/ws_nhk/install/moveit_task_constructor_core/share/moveit_task_constructor_core/cmake/moveit_task_constructor_coreConfig-version.cmake
[2.183s] -- Up-to-date: /home/a/ws_nhk/install/moveit_task_constructor_core/share/moveit_task_constructor_core/package.xml
[2.184s] Invoked command in '/home/a/ws_nhk/build/moveit_task_constructor_core' returned '0': AMENT_PREFIX_PATH=/home/a/ws_nhk/install/moveit_planners:/home/a/ws_nhk/install/pilz_industrial_motion_planner:/home/a/ws_nhk/install/moveit_resources_prbt_pg70_support:/home/a/ws_nhk/install/moveit_ros_planning_interface:/home/a/ws_nhk/install/moveit_resources_prbt_moveit_config:/home/a/ws_nhk/install/moveit_ros_move_group:/home/a/ws_nhk/install/moveit_ros_warehouse:/home/a/ws_nhk/install/moveit_planners_ompl:/home/a/ws_nhk/install/moveit_kinematics:/home/a/ws_nhk/install/trac_ik:/home/a/ws_nhk/install/moveit_ros_planning:/home/a/ws_nhk/install/moveit_planners_chomp:/home/a/ws_nhk/install/trac_ik_kinematics_plugin:/home/a/ws_nhk/install/pilz_industrial_motion_planner_testutils:/home/a/ws_nhk/install/moveit_simple_controller_manager:/home/a/ws_nhk/install/moveit_ros_occupancy_map_monitor:/home/a/ws_nhk/install/moveit_resources_prbt_ikfast_manipulator_plugin:/home/a/ws_nhk/install/chomp_motion_planner:/home/a/ws_nhk/install/moveit_core:/home/a/ws_nhk/install/rviz_marker_tools:/home/a/ws_nhk/install/moveit_resources_panda_moveit_config:/home/a/ws_nhk/install/moveit_resources_fanuc_moveit_config:/home/a/ws_nhk/install/moveit_configs_utils:/home/a/ws_nhk/install/trac_ik_lib:/home/a/ws_nhk/install/srdfdom:/home/a/ws_nhk/install/moveit_task_constructor_msgs:/home/a/ws_nhk/install/moveit_resources_prbt_support:/home/a/ws_nhk/install/moveit_resources_pr2_description:/home/a/ws_nhk/install/moveit_resources_panda_description:/home/a/ws_nhk/install/moveit_resources_fanuc_description:/home/a/ws_nhk/install/moveit_common:/home/a/ws_nhk/install/launch_param_builder:${AMENT_PREFIX_PATH} CMAKE_PREFIX_PATH=/home/a/ws_nhk/install/moveit_planners:/home/a/ws_nhk/install/pilz_industrial_motion_planner:/home/a/ws_nhk/install/moveit_resources_prbt_pg70_support:/home/a/ws_nhk/install/moveit_ros_planning_interface:/home/a/ws_nhk/install/moveit_resources_prbt_moveit_config:/home/a/ws_nhk/install/moveit_ros_move_group:/home/a/ws_nhk/install/moveit_ros_warehouse:/home/a/ws_nhk/install/moveit_planners_ompl:/home/a/ws_nhk/install/moveit_kinematics:/home/a/ws_nhk/install/trac_ik:/home/a/ws_nhk/install/moveit_ros_planning:/home/a/ws_nhk/install/moveit_planners_chomp:/home/a/ws_nhk/install/trac_ik_kinematics_plugin:/home/a/ws_nhk/install/pilz_industrial_motion_planner_testutils:/home/a/ws_nhk/install/moveit_simple_controller_manager:/home/a/ws_nhk/install/moveit_ros_occupancy_map_monitor:/home/a/ws_nhk/install/moveit_resources_prbt_ikfast_manipulator_plugin:/home/a/ws_nhk/install/chomp_motion_planner:/home/a/ws_nhk/install/moveit_core:/home/a/ws_nhk/install/rviz_marker_tools:/home/a/ws_nhk/install/moveit_resources_panda_moveit_config:/home/a/ws_nhk/install/moveit_resources_fanuc_moveit_config:/home/a/ws_nhk/install/trac_ik_lib:/home/a/ws_nhk/install/srdfdom:/home/a/ws_nhk/install/moveit_task_constructor_msgs:/home/a/ws_nhk/install/moveit_resources_prbt_support:/home/a/ws_nhk/install/moveit_resources_pr2_description:/home/a/ws_nhk/install/moveit_resources_panda_description:/home/a/ws_nhk/install/moveit_resources_fanuc_description:/home/a/ws_nhk/install/moveit_common:/home/a/install/field_description_test:/opt/ros/humble LD_LIBRARY_PATH=/home/a/ws_nhk/install/pilz_industrial_motion_planner/lib:/home/a/ws_nhk/install/moveit_ros_planning_interface/lib:/home/a/ws_nhk/install/moveit_ros_move_group/lib:/home/a/ws_nhk/install/moveit_ros_warehouse/lib:/home/a/ws_nhk/install/moveit_planners_ompl/lib:/home/a/ws_nhk/install/moveit_kinematics/lib:/home/a/ws_nhk/install/moveit_ros_planning/lib:/home/a/ws_nhk/install/moveit_planners_chomp/lib:/home/a/ws_nhk/install/trac_ik_kinematics_plugin/lib:/home/a/ws_nhk/install/pilz_industrial_motion_planner_testutils/lib:/home/a/ws_nhk/install/moveit_simple_controller_manager/lib:/home/a/ws_nhk/install/moveit_ros_occupancy_map_monitor/lib:/home/a/ws_nhk/install/moveit_resources_prbt_ikfast_manipulator_plugin/lib:/home/a/ws_nhk/install/chomp_motion_planner/lib:/home/a/ws_nhk/install/moveit_core/lib:/home/a/ws_nhk/install/rviz_marker_tools/lib:/home/a/ws_nhk/install/trac_ik_lib/lib:/home/a/ws_nhk/install/srdfdom/lib:/home/a/ws_nhk/install/moveit_task_constructor_msgs/lib:${LD_LIBRARY_PATH} PATH=/home/a/ws_nhk/install/moveit_core/bin:${PATH} PYTHONPATH=/home/a/ws_nhk/install/moveit_configs_utils/lib/python3.10/site-packages:/home/a/ws_nhk/install/srdfdom/local/lib/python3.10/dist-packages:/home/a/ws_nhk/install/moveit_task_constructor_msgs/local/lib/python3.10/dist-packages:/home/a/ws_nhk/install/launch_param_builder/lib/python3.10/site-packages:${PYTHONPATH} /usr/bin/cmake --install /home/a/ws_nhk/build/moveit_task_constructor_core
