running egg_info
creating ../../build/r2_odrive/r2_odrive.egg-info
writing ../../build/r2_odrive/r2_odrive.egg-info/PKG-INFO
writing dependency_links to ../../build/r2_odrive/r2_odrive.egg-info/dependency_links.txt
writing entry points to ../../build/r2_odrive/r2_odrive.egg-info/entry_points.txt
writing requirements to ../../build/r2_odrive/r2_odrive.egg-info/requires.txt
writing top-level names to ../../build/r2_odrive/r2_odrive.egg-info/top_level.txt
writing manifest file '../../build/r2_odrive/r2_odrive.egg-info/SOURCES.txt'
reading manifest file '../../build/r2_odrive/r2_odrive.egg-info/SOURCES.txt'
adding license file 'LICENSE'
writing manifest file '../../build/r2_odrive/r2_odrive.egg-info/SOURCES.txt'
running build
running build_py
creating /home/a/ws_nhk/build/r2_odrive/build
creating /home/a/ws_nhk/build/r2_odrive/build/lib
creating /home/a/ws_nhk/build/r2_odrive/build/lib/r2_odrive
copying r2_odrive/odrive_controller_node.py -> /home/a/ws_nhk/build/r2_odrive/build/lib/r2_odrive
copying r2_odrive/__init__.py -> /home/a/ws_nhk/build/r2_odrive/build/lib/r2_odrive
running install
running install_lib
creating /home/a/ws_nhk/install/r2_odrive/lib/python3.10/site-packages/r2_odrive
copying /home/a/ws_nhk/build/r2_odrive/build/lib/r2_odrive/odrive_controller_node.py -> /home/a/ws_nhk/install/r2_odrive/lib/python3.10/site-packages/r2_odrive
copying /home/a/ws_nhk/build/r2_odrive/build/lib/r2_odrive/__init__.py -> /home/a/ws_nhk/install/r2_odrive/lib/python3.10/site-packages/r2_odrive
byte-compiling /home/a/ws_nhk/install/r2_odrive/lib/python3.10/site-packages/r2_odrive/odrive_controller_node.py to odrive_controller_node.cpython-310.pyc
byte-compiling /home/a/ws_nhk/install/r2_odrive/lib/python3.10/site-packages/r2_odrive/__init__.py to __init__.cpython-310.pyc
running install_data
copying resource/r2_odrive -> /home/a/ws_nhk/install/r2_odrive/share/ament_index/resource_index/packages
copying package.xml -> /home/a/ws_nhk/install/r2_odrive/share/r2_odrive
creating /home/a/ws_nhk/install/r2_odrive/share/r2_odrive/launch
copying launch/odrive_controller.launch.py -> /home/a/ws_nhk/install/r2_odrive/share/r2_odrive/launch
creating /home/a/ws_nhk/install/r2_odrive/share/r2_odrive/config
copying config/odrive_config.yaml -> /home/a/ws_nhk/install/r2_odrive/share/r2_odrive/config
running install_egg_info
Copying ../../build/r2_odrive/r2_odrive.egg-info to /home/a/ws_nhk/install/r2_odrive/lib/python3.10/site-packages/r2_odrive-0.0.0-py3.10.egg-info
running install_scripts
Installing odrive_controller_node script to /home/a/ws_nhk/install/r2_odrive/lib/r2_odrive
writing list of installed files to '/home/a/ws_nhk/build/r2_odrive/install.log'
