[4.152s] Invoking command in '/home/a/ws_nhk/src/launch_param_builder': PYTHONPATH=/home/a/ws_nhk/build/launch_param_builder/prefix_override:/usr/lib/python3/dist-packages/colcon_core/task/python/colcon_distutils_commands:/home/a/ws_nhk/install/launch_param_builder/lib/python3.10/site-packages:${PYTHONPATH} /usr/bin/python3 -W ignore:setup.py install is deprecated -W ignore:easy_install command is deprecated setup.py egg_info --egg-base ../../build/launch_param_builder build --build-base /home/a/ws_nhk/build/launch_param_builder/build install --record /home/a/ws_nhk/build/launch_param_builder/install.log --single-version-externally-managed install_data
[5.342s] running egg_info
[5.345s] writing ../../build/launch_param_builder/launch_param_builder.egg-info/PKG-INFO
[5.346s] writing dependency_links to ../../build/launch_param_builder/launch_param_builder.egg-info/dependency_links.txt
[5.347s] writing entry points to ../../build/launch_param_builder/launch_param_builder.egg-info/entry_points.txt
[5.349s] writing requirements to ../../build/launch_param_builder/launch_param_builder.egg-info/requires.txt
[5.351s] writing top-level names to ../../build/launch_param_builder/launch_param_builder.egg-info/top_level.txt
[5.365s] reading manifest file '../../build/launch_param_builder/launch_param_builder.egg-info/SOURCES.txt'
[5.365s] adding license file 'LICENSE'
[5.365s] writing manifest file '../../build/launch_param_builder/launch_param_builder.egg-info/SOURCES.txt'
[5.366s] running build
[5.366s] running build_py
[5.367s] running install
[5.367s] running install_lib
[5.367s] running install_data
[5.368s] running install_egg_info
[5.374s] removing '/home/a/ws_nhk/install/launch_param_builder/lib/python3.10/site-packages/launch_param_builder-0.1.1-py3.10.egg-info' (and everything under it)
[5.374s] Copying ../../build/launch_param_builder/launch_param_builder.egg-info to /home/a/ws_nhk/install/launch_param_builder/lib/python3.10/site-packages/launch_param_builder-0.1.1-py3.10.egg-info
[5.377s] running install_scripts
[5.455s] writing list of installed files to '/home/a/ws_nhk/build/launch_param_builder/install.log'
[5.528s] Invoked command in '/home/a/ws_nhk/src/launch_param_builder' returned '0': PYTHONPATH=/home/a/ws_nhk/build/launch_param_builder/prefix_override:/usr/lib/python3/dist-packages/colcon_core/task/python/colcon_distutils_commands:/home/a/ws_nhk/install/launch_param_builder/lib/python3.10/site-packages:${PYTHONPATH} /usr/bin/python3 -W ignore:setup.py install is deprecated -W ignore:easy_install command is deprecated setup.py egg_info --egg-base ../../build/launch_param_builder build --build-base /home/a/ws_nhk/build/launch_param_builder/build install --record /home/a/ws_nhk/build/launch_param_builder/install.log --single-version-externally-managed install_data
