-- The C compiler identification is GNU 11.4.0
-- The CXX compiler identification is GNU 11.4.0
-- Detecting C compiler ABI info
-- Detecting C compiler ABI info - done
-- Check for working C compiler: /usr/bin/cc - skipped
-- Detecting C compile features
-- Detecting C compile features - done
-- Detecting CXX compiler ABI info
-- Detecting CXX compiler ABI info - done
-- Check for working CXX compiler: /usr/bin/c++ - skipped
-- Detecting CXX compile features
-- Detecting CXX compile features - done
-- Found ament_cmake: 1.3.12 (/opt/ros/humble/share/ament_cmake/cmake)
-- Found Python3: /usr/bin/python3 (found version "3.10.12") found components: Interpreter 
-- Found ament_lint_auto: 0.12.14 (/opt/ros/humble/share/ament_lint_auto/cmake)
-- Added test 'lint_cmake' to check CMake code style
-- Added test 'xmllint' to check XML markup files
-- Configuring done
-- Generating done
-- Build files have been written to: /home/a/ws_nhk/build/r2_odrive
-- Install configuration: ""
-- Installing: /home/a/ws_nhk/install/r2_odrive/share/ament_index/resource_index/package_run_dependencies/r2_odrive
-- Installing: /home/a/ws_nhk/install/r2_odrive/share/ament_index/resource_index/parent_prefix_path/r2_odrive
-- Installing: /home/a/ws_nhk/install/r2_odrive/share/r2_odrive/environment/ament_prefix_path.sh
-- Installing: /home/a/ws_nhk/install/r2_odrive/share/r2_odrive/environment/ament_prefix_path.dsv
-- Installing: /home/a/ws_nhk/install/r2_odrive/share/r2_odrive/environment/path.sh
-- Installing: /home/a/ws_nhk/install/r2_odrive/share/r2_odrive/environment/path.dsv
-- Installing: /home/a/ws_nhk/install/r2_odrive/share/r2_odrive/local_setup.bash
-- Installing: /home/a/ws_nhk/install/r2_odrive/share/r2_odrive/local_setup.sh
-- Installing: /home/a/ws_nhk/install/r2_odrive/share/r2_odrive/local_setup.zsh
-- Installing: /home/a/ws_nhk/install/r2_odrive/share/r2_odrive/local_setup.dsv
-- Installing: /home/a/ws_nhk/install/r2_odrive/share/r2_odrive/package.dsv
-- Installing: /home/a/ws_nhk/install/r2_odrive/share/ament_index/resource_index/packages/r2_odrive
-- Installing: /home/a/ws_nhk/install/r2_odrive/share/r2_odrive/cmake/r2_odriveConfig.cmake
-- Installing: /home/a/ws_nhk/install/r2_odrive/share/r2_odrive/cmake/r2_odriveConfig-version.cmake
-- Installing: /home/a/ws_nhk/install/r2_odrive/share/r2_odrive/package.xml
