[5.834s] Invoking command in '/home/a/ws_nhk/src/moveit2/moveit_configs_utils': AMENT_PREFIX_PATH=/home/a/ws_nhk/install/srdfdom:/home/a/ws_nhk/install/launch_param_builder:${AMENT_PREFIX_PATH} CMAKE_PREFIX_PATH=/home/a/ws_nhk/install/srdfdom:${CMAKE_PREFIX_PATH} LD_LIBRARY_PATH=/home/a/ws_nhk/install/srdfdom/lib:${LD_LIBRARY_PATH} PYTHONPATH=/home/a/ws_nhk/build/moveit_configs_utils/prefix_override:/usr/lib/python3/dist-packages/colcon_core/task/python/colcon_distutils_commands:/home/a/ws_nhk/install/moveit_configs_utils/lib/python3.10/site-packages:/home/a/ws_nhk/install/srdfdom/local/lib/python3.10/dist-packages:/home/a/ws_nhk/install/launch_param_builder/lib/python3.10/site-packages:${PYTHONPATH} /usr/bin/python3 -W ignore:setup.py install is deprecated -W ignore:easy_install command is deprecated setup.py egg_info --egg-base ../../../build/moveit_configs_utils build --build-base /home/a/ws_nhk/build/moveit_configs_utils/build install --record /home/a/ws_nhk/build/moveit_configs_utils/install.log --single-version-externally-managed install_data
[8.394s] running egg_info
[8.400s] writing ../../../build/moveit_configs_utils/moveit_configs_utils.egg-info/PKG-INFO
[8.402s] writing dependency_links to ../../../build/moveit_configs_utils/moveit_configs_utils.egg-info/dependency_links.txt
[8.403s] writing entry points to ../../../build/moveit_configs_utils/moveit_configs_utils.egg-info/entry_points.txt
[8.404s] writing requirements to ../../../build/moveit_configs_utils/moveit_configs_utils.egg-info/requires.txt
[8.405s] writing top-level names to ../../../build/moveit_configs_utils/moveit_configs_utils.egg-info/top_level.txt
[8.419s] reading manifest file '../../../build/moveit_configs_utils/moveit_configs_utils.egg-info/SOURCES.txt'
[8.426s] writing manifest file '../../../build/moveit_configs_utils/moveit_configs_utils.egg-info/SOURCES.txt'
[8.427s] running build
[8.427s] running build_py
[8.433s] running install
[8.435s] running install_lib
[8.448s] running install_data
[8.451s] running install_egg_info
[8.465s] removing '/home/a/ws_nhk/install/moveit_configs_utils/lib/python3.10/site-packages/moveit_configs_utils-2.5.9-py3.10.egg-info' (and everything under it)
[8.466s] Copying ../../../build/moveit_configs_utils/moveit_configs_utils.egg-info to /home/a/ws_nhk/install/moveit_configs_utils/lib/python3.10/site-packages/moveit_configs_utils-2.5.9-py3.10.egg-info
[8.473s] running install_scripts
[8.633s] writing list of installed files to '/home/a/ws_nhk/build/moveit_configs_utils/install.log'
[8.774s] Invoked command in '/home/a/ws_nhk/src/moveit2/moveit_configs_utils' returned '0': AMENT_PREFIX_PATH=/home/a/ws_nhk/install/srdfdom:/home/a/ws_nhk/install/launch_param_builder:${AMENT_PREFIX_PATH} CMAKE_PREFIX_PATH=/home/a/ws_nhk/install/srdfdom:${CMAKE_PREFIX_PATH} LD_LIBRARY_PATH=/home/a/ws_nhk/install/srdfdom/lib:${LD_LIBRARY_PATH} PYTHONPATH=/home/a/ws_nhk/build/moveit_configs_utils/prefix_override:/usr/lib/python3/dist-packages/colcon_core/task/python/colcon_distutils_commands:/home/a/ws_nhk/install/moveit_configs_utils/lib/python3.10/site-packages:/home/a/ws_nhk/install/srdfdom/local/lib/python3.10/dist-packages:/home/a/ws_nhk/install/launch_param_builder/lib/python3.10/site-packages:${PYTHONPATH} /usr/bin/python3 -W ignore:setup.py install is deprecated -W ignore:easy_install command is deprecated setup.py egg_info --egg-base ../../../build/moveit_configs_utils build --build-base /home/a/ws_nhk/build/moveit_configs_utils/build install --record /home/a/ws_nhk/build/moveit_configs_utils/install.log --single-version-externally-managed install_data
