[0.271s] Invoking command in '/home/a/ws_nhk/build/moveit_resources_fanuc_description': CMAKE_PREFIX_PATH=${CMAKE_PREFIX_PATH}:/home/a/ws_nhk/install/ikeyaMD_wizard:/home/a/ws_nhk/install/moveit_configs_utils:/home/a/ws_nhk/install/rogidrive:/home/a/ws_nhk/install/launch_param_builder:/home/a/ws_nhk/install/dynamixel_controller_gui:/home/a/ws_nhk/install/dynamixel_controller_client:/opt/ros/humble /usr/bin/cmake --build /home/a/ws_nhk/build/moveit_resources_fanuc_description -- -j22 -l22
[0.630s] Invoked command in '/home/a/ws_nhk/build/moveit_resources_fanuc_description' returned '0': CMAKE_PREFIX_PATH=${CMAKE_PREFIX_PATH}:/home/a/ws_nhk/install/ikeyaMD_wizard:/home/a/ws_nhk/install/moveit_configs_utils:/home/a/ws_nhk/install/rogidrive:/home/a/ws_nhk/install/launch_param_builder:/home/a/ws_nhk/install/dynamixel_controller_gui:/home/a/ws_nhk/install/dynamixel_controller_client:/opt/ros/humble /usr/bin/cmake --build /home/a/ws_nhk/build/moveit_resources_fanuc_description -- -j22 -l22
[0.632s] Invoking command in '/home/a/ws_nhk/build/moveit_resources_fanuc_description': CMAKE_PREFIX_PATH=${CMAKE_PREFIX_PATH}:/home/a/ws_nhk/install/ikeyaMD_wizard:/home/a/ws_nhk/install/moveit_configs_utils:/home/a/ws_nhk/install/rogidrive:/home/a/ws_nhk/install/launch_param_builder:/home/a/ws_nhk/install/dynamixel_controller_gui:/home/a/ws_nhk/install/dynamixel_controller_client:/opt/ros/humble /usr/bin/cmake --install /home/a/ws_nhk/build/moveit_resources_fanuc_description
[0.687s] -- Install configuration: "Release"
[0.687s] -- Up-to-date: /home/a/ws_nhk/install/moveit_resources_fanuc_description/share/ament_index/resource_index/package_run_dependencies/moveit_resources_fanuc_description
[0.687s] -- Up-to-date: /home/a/ws_nhk/install/moveit_resources_fanuc_description/share/ament_index/resource_index/parent_prefix_path/moveit_resources_fanuc_description
[0.687s] -- Up-to-date: /home/a/ws_nhk/install/moveit_resources_fanuc_description/share/moveit_resources_fanuc_description/environment/ament_prefix_path.sh
[0.687s] -- Up-to-date: /home/a/ws_nhk/install/moveit_resources_fanuc_description/share/moveit_resources_fanuc_description/environment/ament_prefix_path.dsv
[0.687s] -- Up-to-date: /home/a/ws_nhk/install/moveit_resources_fanuc_description/share/moveit_resources_fanuc_description/environment/path.sh
[0.687s] -- Up-to-date: /home/a/ws_nhk/install/moveit_resources_fanuc_description/share/moveit_resources_fanuc_description/environment/path.dsv
[0.688s] -- Up-to-date: /home/a/ws_nhk/install/moveit_resources_fanuc_description/share/moveit_resources_fanuc_description/local_setup.bash
[0.688s] -- Up-to-date: /home/a/ws_nhk/install/moveit_resources_fanuc_description/share/moveit_resources_fanuc_description/local_setup.sh
[0.688s] -- Up-to-date: /home/a/ws_nhk/install/moveit_resources_fanuc_description/share/moveit_resources_fanuc_description/local_setup.zsh
[0.688s] -- Up-to-date: /home/a/ws_nhk/install/moveit_resources_fanuc_description/share/moveit_resources_fanuc_description/local_setup.dsv
[0.688s] -- Installing: /home/a/ws_nhk/install/moveit_resources_fanuc_description/share/moveit_resources_fanuc_description/package.dsv
[0.689s] -- Up-to-date: /home/a/ws_nhk/install/moveit_resources_fanuc_description/share/ament_index/resource_index/packages/moveit_resources_fanuc_description
[0.689s] -- Up-to-date: /home/a/ws_nhk/install/moveit_resources_fanuc_description/share/moveit_resources_fanuc_description/cmake/moveit_resources_fanuc_descriptionConfig.cmake
[0.690s] -- Up-to-date: /home/a/ws_nhk/install/moveit_resources_fanuc_description/share/moveit_resources_fanuc_description/cmake/moveit_resources_fanuc_descriptionConfig-version.cmake
[0.691s] -- Up-to-date: /home/a/ws_nhk/install/moveit_resources_fanuc_description/share/moveit_resources_fanuc_description/package.xml
[0.691s] -- Up-to-date: /home/a/ws_nhk/install/moveit_resources_fanuc_description/share/moveit_resources_fanuc_description/meshes
[0.691s] -- Up-to-date: /home/a/ws_nhk/install/moveit_resources_fanuc_description/share/moveit_resources_fanuc_description/meshes/collision
[0.691s] -- Up-to-date: /home/a/ws_nhk/install/moveit_resources_fanuc_description/share/moveit_resources_fanuc_description/meshes/collision/link_6.stl
[0.691s] -- Up-to-date: /home/a/ws_nhk/install/moveit_resources_fanuc_description/share/moveit_resources_fanuc_description/meshes/collision/base_link.stl
[0.691s] -- Up-to-date: /home/a/ws_nhk/install/moveit_resources_fanuc_description/share/moveit_resources_fanuc_description/meshes/collision/link_5.stl
[0.691s] -- Up-to-date: /home/a/ws_nhk/install/moveit_resources_fanuc_description/share/moveit_resources_fanuc_description/meshes/collision/link_3.stl
[0.691s] -- Up-to-date: /home/a/ws_nhk/install/moveit_resources_fanuc_description/share/moveit_resources_fanuc_description/meshes/collision/link_4.stl
[0.692s] -- Up-to-date: /home/a/ws_nhk/install/moveit_resources_fanuc_description/share/moveit_resources_fanuc_description/meshes/collision/link_2.stl
[0.692s] -- Up-to-date: /home/a/ws_nhk/install/moveit_resources_fanuc_description/share/moveit_resources_fanuc_description/meshes/collision/link_1.stl
[0.692s] -- Up-to-date: /home/a/ws_nhk/install/moveit_resources_fanuc_description/share/moveit_resources_fanuc_description/meshes/visual
[0.692s] -- Up-to-date: /home/a/ws_nhk/install/moveit_resources_fanuc_description/share/moveit_resources_fanuc_description/meshes/visual/link_6.stl
[0.692s] -- Up-to-date: /home/a/ws_nhk/install/moveit_resources_fanuc_description/share/moveit_resources_fanuc_description/meshes/visual/base_link.stl
[0.692s] -- Up-to-date: /home/a/ws_nhk/install/moveit_resources_fanuc_description/share/moveit_resources_fanuc_description/meshes/visual/link_5.stl
[0.699s] -- Up-to-date: /home/a/ws_nhk/install/moveit_resources_fanuc_description/share/moveit_resources_fanuc_description/meshes/visual/link_3.stl
[0.699s] -- Up-to-date: /home/a/ws_nhk/install/moveit_resources_fanuc_description/share/moveit_resources_fanuc_description/meshes/visual/link_4.stl
[0.699s] -- Up-to-date: /home/a/ws_nhk/install/moveit_resources_fanuc_description/share/moveit_resources_fanuc_description/meshes/visual/link_2.stl
[0.699s] -- Up-to-date: /home/a/ws_nhk/install/moveit_resources_fanuc_description/share/moveit_resources_fanuc_description/meshes/visual/link_1.stl
[0.699s] -- Up-to-date: /home/a/ws_nhk/install/moveit_resources_fanuc_description/share/moveit_resources_fanuc_description/urdf
[0.699s] -- Up-to-date: /home/a/ws_nhk/install/moveit_resources_fanuc_description/share/moveit_resources_fanuc_description/urdf/fanuc.urdf
[0.826s] Invoked command in '/home/a/ws_nhk/build/moveit_resources_fanuc_description' returned '0': CMAKE_PREFIX_PATH=${CMAKE_PREFIX_PATH}:/home/a/ws_nhk/install/ikeyaMD_wizard:/home/a/ws_nhk/install/moveit_configs_utils:/home/a/ws_nhk/install/rogidrive:/home/a/ws_nhk/install/launch_param_builder:/home/a/ws_nhk/install/dynamixel_controller_gui:/home/a/ws_nhk/install/dynamixel_controller_client:/opt/ros/humble /usr/bin/cmake --install /home/a/ws_nhk/build/moveit_resources_fanuc_description
