[0.358s] Invoking command in '/home/a/ws_nhk/build/dynamixel_controller': CMAKE_PREFIX_PATH=/home/a/ws_nhk/install/dynamixel_sdk:/home/a/ws_nhk/install/moveit_runtime:/home/a/ws_nhk/install/moveit_r2_config:/home/a/ws_nhk/install/moveit_config:/home/a/ws_nhk/install/moveit2_tutorials:/home/a/ws_nhk/install/moveit:/home/a/ws_nhk/install/moveit_planners:/home/a/ws_nhk/install/pilz_industrial_motion_planner:/home/a/ws_nhk/install/moveit_task_constructor_visualization:/home/a/ws_nhk/install/moveit_task_constructor_demo:/home/a/ws_nhk/install/moveit_task_constructor_capabilities:/home/a/ws_nhk/install/moveit_task_constructor_core:/home/a/ws_nhk/install/moveit_setup_assistant:/home/a/ws_nhk/install/moveit_setup_srdf_plugins:/home/a/ws_nhk/install/moveit_setup_core_plugins:/home/a/ws_nhk/install/moveit_setup_controllers:/home/a/ws_nhk/install/moveit_setup_app_plugins:/home/a/ws_nhk/install/moveit_setup_framework:/home/a/ws_nhk/install/moveit_servo:/home/a/ws_nhk/install/moveit_ros:/home/a/ws_nhk/install/moveit_ros_visualization:/home/a/ws_nhk/install/moveit_hybrid_planning:/home/a/ws_nhk/install/moveit_ros_planning_interface:/home/a/ws_nhk/install/moveit_resources_prbt_pg70_support:/home/a/ws_nhk/install/moveit_resources_prbt_moveit_config:/home/a/ws_nhk/install/moveit_ros_move_group:/home/a/ws_nhk/install/moveit_kinematics:/home/a/ws_nhk/install/trac_ik:/home/a/ws_nhk/install/trac_ik_kinematics_plugin:/home/a/ws_nhk/install/trac_ik_lib:/home/a/ws_nhk/install/pilz_industrial_motion_planner_testutils:/home/a/ws_nhk/install/moveit_visual_tools:/home/a/ws_nhk/install/moveit_ros_control_interface:/home/a/ws_nhk/install/moveit_plugins:/home/a/ws_nhk/install/moveit_simple_controller_manager:/home/a/ws_nhk/install/moveit_ros_benchmarks:/home/a/ws_nhk/install/moveit_ros_warehouse:/home/a/ws_nhk/install/moveit_ros_robot_interaction:/home/a/ws_nhk/install/moveit_ros_perception:/home/a/ws_nhk/install/moveit_planners_ompl:/home/a/ws_nhk/install/moveit_ros_planning:/home/a/ws_nhk/install/moveit_ros_occupancy_map_monitor:/home/a/ws_nhk/install/moveit_resources_prbt_ikfast_manipulator_plugin:/home/a/ws_nhk/install/moveit_planners_chomp:/home/a/ws_nhk/install/moveit_chomp_optimizer_adapter:/home/a/ws_nhk/install/chomp_motion_planner:/home/a/ws_nhk/install/moveit_core:/home/a/ws_nhk/install/srdfdom:/home/a/ws_nhk/install/rviz_marker_tools:/home/a/ws_nhk/install/rosparam_shortcuts:/home/a/ws_nhk/install/r2_odrive:/home/a/ws_nhk/install/rogidrive_msg:/home/a/ws_nhk/install/nhk_bt:/home/a/ws_nhk/install/moveit_task_constructor_msgs:/home/a/ws_nhk/install/moveit_resources_prbt_support:/home/a/ws_nhk/install/moveit_resources:/home/a/ws_nhk/install/moveit_resources_pr2_description:/home/a/ws_nhk/install/moveit_resources_panda_moveit_config:/home/a/ws_nhk/install/moveit_resources_panda_description:/home/a/ws_nhk/install/moveit_resources_fanuc_moveit_config:/home/a/ws_nhk/install/moveit_resources_fanuc_description:/home/a/ws_nhk/install/moveit_common:/home/a/ws_nhk/install/dynamixel_sdk_examples:/home/a/ws_nhk/install/dynamixel_sdk_custom_interfaces:/home/a/ws_nhk/install/dynamixel_controller:/home/a/ws_nhk/install/arm_v20_description:/home/a/ws_nhk/install/a_r2_description:/home/a/install/field_description_test:/home/a/ws_nhk/install/moveit_configs_utils:/home/a/ws_nhk/install/rogidrive:/home/a/ws_nhk/install/launch_param_builder:/home/a/ws_nhk/install/dynamixel_controller_gui:/home/a/ws_nhk/install/dynamixel_controller_client:/opt/ros/humble LD_LIBRARY_PATH=/home/a/ws_nhk/install/dynamixel_sdk/lib:/home/a/ws_nhk/install/pilz_industrial_motion_planner/lib:/home/a/ws_nhk/install/moveit_task_constructor_visualization/lib:/home/a/ws_nhk/install/moveit_task_constructor_demo/lib:/home/a/ws_nhk/install/moveit_task_constructor_capabilities/lib:/home/a/ws_nhk/install/moveit_task_constructor_core/lib:/home/a/ws_nhk/install/moveit_setup_assistant/lib:/home/a/ws_nhk/install/moveit_setup_srdf_plugins/lib:/home/a/ws_nhk/install/moveit_setup_core_plugins/lib:/home/a/ws_nhk/install/moveit_setup_controllers/lib:/home/a/ws_nhk/install/moveit_setup_app_plugins/lib:/home/a/ws_nhk/install/moveit_setup_framework/lib:/home/a/ws_nhk/install/moveit_servo/lib:/home/a/ws_nhk/install/moveit_ros_visualization/lib:/home/a/ws_nhk/install/moveit_hybrid_planning/lib:/home/a/ws_nhk/install/moveit_ros_planning_interface/lib:/home/a/ws_nhk/install/moveit_ros_move_group/lib:/home/a/ws_nhk/install/moveit_kinematics/lib:/home/a/ws_nhk/install/trac_ik_kinematics_plugin/lib:/home/a/ws_nhk/install/trac_ik_lib/lib:/home/a/ws_nhk/install/pilz_industrial_motion_planner_testutils/lib:/home/a/ws_nhk/install/moveit_visual_tools/lib:/home/a/ws_nhk/install/moveit_ros_control_interface/lib:/home/a/ws_nhk/install/moveit_simple_controller_manager/lib:/home/a/ws_nhk/install/moveit_ros_benchmarks/lib:/home/a/ws_nhk/install/moveit_ros_warehouse/lib:/home/a/ws_nhk/install/moveit_ros_robot_interaction/lib:/home/a/ws_nhk/install/moveit_ros_perception/lib:/home/a/ws_nhk/install/moveit_planners_ompl/lib:/home/a/ws_nhk/install/moveit_ros_planning/lib:/home/a/ws_nhk/install/moveit_ros_occupancy_map_monitor/lib:/home/a/ws_nhk/install/moveit_resources_prbt_ikfast_manipulator_plugin/lib:/home/a/ws_nhk/install/moveit_planners_chomp/lib:/home/a/ws_nhk/install/moveit_chomp_optimizer_adapter/lib:/home/a/ws_nhk/install/chomp_motion_planner/lib:/home/a/ws_nhk/install/moveit_core/lib:/home/a/ws_nhk/install/srdfdom/lib:/home/a/ws_nhk/install/rviz_marker_tools/lib:/home/a/ws_nhk/install/rosparam_shortcuts/lib:/home/a/ws_nhk/install/rogidrive_msg/lib:/home/a/ws_nhk/install/moveit_task_constructor_msgs/lib:/home/a/ws_nhk/install/dynamixel_sdk_custom_interfaces/lib:/home/a/ws_nhk/install/dynamixel_controller/lib:/usr/local/lib:/usr/lib/x86_64-linux-gnu/gazebo-11/plugins:/opt/ros/humble/opt/rviz_ogre_vendor/lib:/opt/ros/humble/lib/x86_64-linux-gnu:/opt/ros/humble/lib /usr/bin/cmake --build /home/a/ws_nhk/build/dynamixel_controller -- -j22 -l22
[0.588s] [ 10%] Built target dynamixel_controller__rosidl_generator_c
[0.599s] [ 12%] Built target dynamixel_controller__cpp
[0.624s] [ 12%] Built target ament_cmake_python_copy_dynamixel_controller
[0.689s] [ 22%] Built target dynamixel_controller__rosidl_typesupport_introspection_c
[0.701s] [ 32%] Built target dynamixel_controller__rosidl_typesupport_fastrtps_c
[0.708s] [ 42%] Built target dynamixel_controller__rosidl_typesupport_cpp
[0.709s] [ 53%] Built target dynamixel_controller__rosidl_typesupport_c
[0.721s] [ 71%] Built target dynamixel_controller__rosidl_typesupport_fastrtps_cpp
[0.722s] [ 73%] Built target dynamixel_controller__rosidl_typesupport_introspection_cpp
[0.827s] [ 73%] Built target dynamixel_controller
[0.841s] [ 77%] Built target dynamixel_controller_node
[0.977s] [ 79%] Built target dynamixel_controller__py
[1.076s] [ 87%] Built target dynamixel_controller__rosidl_generator_py
[1.216s] [ 91%] Built target dynamixel_controller__rosidl_typesupport_introspection_c__pyext
[1.219s] [ 95%] Built target dynamixel_controller__rosidl_typesupport_c__pyext
[1.219s] [100%] Built target dynamixel_controller__rosidl_typesupport_fastrtps_c__pyext
[1.660s] running egg_info
[1.663s] writing dynamixel_controller.egg-info/PKG-INFO
[1.663s] writing dependency_links to dynamixel_controller.egg-info/dependency_links.txt
[1.664s] writing top-level names to dynamixel_controller.egg-info/top_level.txt
[1.670s] reading manifest file 'dynamixel_controller.egg-info/SOURCES.txt'
[1.672s] writing manifest file 'dynamixel_controller.egg-info/SOURCES.txt'
[1.752s] [100%] Built target ament_cmake_python_build_dynamixel_controller_egg
[2.987s] Invoked command in '/home/a/ws_nhk/build/dynamixel_controller' returned '0': CMAKE_PREFIX_PATH=/home/a/ws_nhk/install/dynamixel_sdk:/home/a/ws_nhk/install/moveit_runtime:/home/a/ws_nhk/install/moveit_r2_config:/home/a/ws_nhk/install/moveit_config:/home/a/ws_nhk/install/moveit2_tutorials:/home/a/ws_nhk/install/moveit:/home/a/ws_nhk/install/moveit_planners:/home/a/ws_nhk/install/pilz_industrial_motion_planner:/home/a/ws_nhk/install/moveit_task_constructor_visualization:/home/a/ws_nhk/install/moveit_task_constructor_demo:/home/a/ws_nhk/install/moveit_task_constructor_capabilities:/home/a/ws_nhk/install/moveit_task_constructor_core:/home/a/ws_nhk/install/moveit_setup_assistant:/home/a/ws_nhk/install/moveit_setup_srdf_plugins:/home/a/ws_nhk/install/moveit_setup_core_plugins:/home/a/ws_nhk/install/moveit_setup_controllers:/home/a/ws_nhk/install/moveit_setup_app_plugins:/home/a/ws_nhk/install/moveit_setup_framework:/home/a/ws_nhk/install/moveit_servo:/home/a/ws_nhk/install/moveit_ros:/home/a/ws_nhk/install/moveit_ros_visualization:/home/a/ws_nhk/install/moveit_hybrid_planning:/home/a/ws_nhk/install/moveit_ros_planning_interface:/home/a/ws_nhk/install/moveit_resources_prbt_pg70_support:/home/a/ws_nhk/install/moveit_resources_prbt_moveit_config:/home/a/ws_nhk/install/moveit_ros_move_group:/home/a/ws_nhk/install/moveit_kinematics:/home/a/ws_nhk/install/trac_ik:/home/a/ws_nhk/install/trac_ik_kinematics_plugin:/home/a/ws_nhk/install/trac_ik_lib:/home/a/ws_nhk/install/pilz_industrial_motion_planner_testutils:/home/a/ws_nhk/install/moveit_visual_tools:/home/a/ws_nhk/install/moveit_ros_control_interface:/home/a/ws_nhk/install/moveit_plugins:/home/a/ws_nhk/install/moveit_simple_controller_manager:/home/a/ws_nhk/install/moveit_ros_benchmarks:/home/a/ws_nhk/install/moveit_ros_warehouse:/home/a/ws_nhk/install/moveit_ros_robot_interaction:/home/a/ws_nhk/install/moveit_ros_perception:/home/a/ws_nhk/install/moveit_planners_ompl:/home/a/ws_nhk/install/moveit_ros_planning:/home/a/ws_nhk/install/moveit_ros_occupancy_map_monitor:/home/a/ws_nhk/install/moveit_resources_prbt_ikfast_manipulator_plugin:/home/a/ws_nhk/install/moveit_planners_chomp:/home/a/ws_nhk/install/moveit_chomp_optimizer_adapter:/home/a/ws_nhk/install/chomp_motion_planner:/home/a/ws_nhk/install/moveit_core:/home/a/ws_nhk/install/srdfdom:/home/a/ws_nhk/install/rviz_marker_tools:/home/a/ws_nhk/install/rosparam_shortcuts:/home/a/ws_nhk/install/r2_odrive:/home/a/ws_nhk/install/rogidrive_msg:/home/a/ws_nhk/install/nhk_bt:/home/a/ws_nhk/install/moveit_task_constructor_msgs:/home/a/ws_nhk/install/moveit_resources_prbt_support:/home/a/ws_nhk/install/moveit_resources:/home/a/ws_nhk/install/moveit_resources_pr2_description:/home/a/ws_nhk/install/moveit_resources_panda_moveit_config:/home/a/ws_nhk/install/moveit_resources_panda_description:/home/a/ws_nhk/install/moveit_resources_fanuc_moveit_config:/home/a/ws_nhk/install/moveit_resources_fanuc_description:/home/a/ws_nhk/install/moveit_common:/home/a/ws_nhk/install/dynamixel_sdk_examples:/home/a/ws_nhk/install/dynamixel_sdk_custom_interfaces:/home/a/ws_nhk/install/dynamixel_controller:/home/a/ws_nhk/install/arm_v20_description:/home/a/ws_nhk/install/a_r2_description:/home/a/install/field_description_test:/home/a/ws_nhk/install/moveit_configs_utils:/home/a/ws_nhk/install/rogidrive:/home/a/ws_nhk/install/launch_param_builder:/home/a/ws_nhk/install/dynamixel_controller_gui:/home/a/ws_nhk/install/dynamixel_controller_client:/opt/ros/humble LD_LIBRARY_PATH=/home/a/ws_nhk/install/dynamixel_sdk/lib:/home/a/ws_nhk/install/pilz_industrial_motion_planner/lib:/home/a/ws_nhk/install/moveit_task_constructor_visualization/lib:/home/a/ws_nhk/install/moveit_task_constructor_demo/lib:/home/a/ws_nhk/install/moveit_task_constructor_capabilities/lib:/home/a/ws_nhk/install/moveit_task_constructor_core/lib:/home/a/ws_nhk/install/moveit_setup_assistant/lib:/home/a/ws_nhk/install/moveit_setup_srdf_plugins/lib:/home/a/ws_nhk/install/moveit_setup_core_plugins/lib:/home/a/ws_nhk/install/moveit_setup_controllers/lib:/home/a/ws_nhk/install/moveit_setup_app_plugins/lib:/home/a/ws_nhk/install/moveit_setup_framework/lib:/home/a/ws_nhk/install/moveit_servo/lib:/home/a/ws_nhk/install/moveit_ros_visualization/lib:/home/a/ws_nhk/install/moveit_hybrid_planning/lib:/home/a/ws_nhk/install/moveit_ros_planning_interface/lib:/home/a/ws_nhk/install/moveit_ros_move_group/lib:/home/a/ws_nhk/install/moveit_kinematics/lib:/home/a/ws_nhk/install/trac_ik_kinematics_plugin/lib:/home/a/ws_nhk/install/trac_ik_lib/lib:/home/a/ws_nhk/install/pilz_industrial_motion_planner_testutils/lib:/home/a/ws_nhk/install/moveit_visual_tools/lib:/home/a/ws_nhk/install/moveit_ros_control_interface/lib:/home/a/ws_nhk/install/moveit_simple_controller_manager/lib:/home/a/ws_nhk/install/moveit_ros_benchmarks/lib:/home/a/ws_nhk/install/moveit_ros_warehouse/lib:/home/a/ws_nhk/install/moveit_ros_robot_interaction/lib:/home/a/ws_nhk/install/moveit_ros_perception/lib:/home/a/ws_nhk/install/moveit_planners_ompl/lib:/home/a/ws_nhk/install/moveit_ros_planning/lib:/home/a/ws_nhk/install/moveit_ros_occupancy_map_monitor/lib:/home/a/ws_nhk/install/moveit_resources_prbt_ikfast_manipulator_plugin/lib:/home/a/ws_nhk/install/moveit_planners_chomp/lib:/home/a/ws_nhk/install/moveit_chomp_optimizer_adapter/lib:/home/a/ws_nhk/install/chomp_motion_planner/lib:/home/a/ws_nhk/install/moveit_core/lib:/home/a/ws_nhk/install/srdfdom/lib:/home/a/ws_nhk/install/rviz_marker_tools/lib:/home/a/ws_nhk/install/rosparam_shortcuts/lib:/home/a/ws_nhk/install/rogidrive_msg/lib:/home/a/ws_nhk/install/moveit_task_constructor_msgs/lib:/home/a/ws_nhk/install/dynamixel_sdk_custom_interfaces/lib:/home/a/ws_nhk/install/dynamixel_controller/lib:/usr/local/lib:/usr/lib/x86_64-linux-gnu/gazebo-11/plugins:/opt/ros/humble/opt/rviz_ogre_vendor/lib:/opt/ros/humble/lib/x86_64-linux-gnu:/opt/ros/humble/lib /usr/bin/cmake --build /home/a/ws_nhk/build/dynamixel_controller -- -j22 -l22
[2.992s] Invoking command in '/home/a/ws_nhk/build/dynamixel_controller': CMAKE_PREFIX_PATH=/home/a/ws_nhk/install/dynamixel_sdk:/home/a/ws_nhk/install/moveit_runtime:/home/a/ws_nhk/install/moveit_r2_config:/home/a/ws_nhk/install/moveit_config:/home/a/ws_nhk/install/moveit2_tutorials:/home/a/ws_nhk/install/moveit:/home/a/ws_nhk/install/moveit_planners:/home/a/ws_nhk/install/pilz_industrial_motion_planner:/home/a/ws_nhk/install/moveit_task_constructor_visualization:/home/a/ws_nhk/install/moveit_task_constructor_demo:/home/a/ws_nhk/install/moveit_task_constructor_capabilities:/home/a/ws_nhk/install/moveit_task_constructor_core:/home/a/ws_nhk/install/moveit_setup_assistant:/home/a/ws_nhk/install/moveit_setup_srdf_plugins:/home/a/ws_nhk/install/moveit_setup_core_plugins:/home/a/ws_nhk/install/moveit_setup_controllers:/home/a/ws_nhk/install/moveit_setup_app_plugins:/home/a/ws_nhk/install/moveit_setup_framework:/home/a/ws_nhk/install/moveit_servo:/home/a/ws_nhk/install/moveit_ros:/home/a/ws_nhk/install/moveit_ros_visualization:/home/a/ws_nhk/install/moveit_hybrid_planning:/home/a/ws_nhk/install/moveit_ros_planning_interface:/home/a/ws_nhk/install/moveit_resources_prbt_pg70_support:/home/a/ws_nhk/install/moveit_resources_prbt_moveit_config:/home/a/ws_nhk/install/moveit_ros_move_group:/home/a/ws_nhk/install/moveit_kinematics:/home/a/ws_nhk/install/trac_ik:/home/a/ws_nhk/install/trac_ik_kinematics_plugin:/home/a/ws_nhk/install/trac_ik_lib:/home/a/ws_nhk/install/pilz_industrial_motion_planner_testutils:/home/a/ws_nhk/install/moveit_visual_tools:/home/a/ws_nhk/install/moveit_ros_control_interface:/home/a/ws_nhk/install/moveit_plugins:/home/a/ws_nhk/install/moveit_simple_controller_manager:/home/a/ws_nhk/install/moveit_ros_benchmarks:/home/a/ws_nhk/install/moveit_ros_warehouse:/home/a/ws_nhk/install/moveit_ros_robot_interaction:/home/a/ws_nhk/install/moveit_ros_perception:/home/a/ws_nhk/install/moveit_planners_ompl:/home/a/ws_nhk/install/moveit_ros_planning:/home/a/ws_nhk/install/moveit_ros_occupancy_map_monitor:/home/a/ws_nhk/install/moveit_resources_prbt_ikfast_manipulator_plugin:/home/a/ws_nhk/install/moveit_planners_chomp:/home/a/ws_nhk/install/moveit_chomp_optimizer_adapter:/home/a/ws_nhk/install/chomp_motion_planner:/home/a/ws_nhk/install/moveit_core:/home/a/ws_nhk/install/srdfdom:/home/a/ws_nhk/install/rviz_marker_tools:/home/a/ws_nhk/install/rosparam_shortcuts:/home/a/ws_nhk/install/r2_odrive:/home/a/ws_nhk/install/rogidrive_msg:/home/a/ws_nhk/install/nhk_bt:/home/a/ws_nhk/install/moveit_task_constructor_msgs:/home/a/ws_nhk/install/moveit_resources_prbt_support:/home/a/ws_nhk/install/moveit_resources:/home/a/ws_nhk/install/moveit_resources_pr2_description:/home/a/ws_nhk/install/moveit_resources_panda_moveit_config:/home/a/ws_nhk/install/moveit_resources_panda_description:/home/a/ws_nhk/install/moveit_resources_fanuc_moveit_config:/home/a/ws_nhk/install/moveit_resources_fanuc_description:/home/a/ws_nhk/install/moveit_common:/home/a/ws_nhk/install/dynamixel_sdk_examples:/home/a/ws_nhk/install/dynamixel_sdk_custom_interfaces:/home/a/ws_nhk/install/dynamixel_controller:/home/a/ws_nhk/install/arm_v20_description:/home/a/ws_nhk/install/a_r2_description:/home/a/install/field_description_test:/home/a/ws_nhk/install/moveit_configs_utils:/home/a/ws_nhk/install/rogidrive:/home/a/ws_nhk/install/launch_param_builder:/home/a/ws_nhk/install/dynamixel_controller_gui:/home/a/ws_nhk/install/dynamixel_controller_client:/opt/ros/humble LD_LIBRARY_PATH=/home/a/ws_nhk/install/dynamixel_sdk/lib:/home/a/ws_nhk/install/pilz_industrial_motion_planner/lib:/home/a/ws_nhk/install/moveit_task_constructor_visualization/lib:/home/a/ws_nhk/install/moveit_task_constructor_demo/lib:/home/a/ws_nhk/install/moveit_task_constructor_capabilities/lib:/home/a/ws_nhk/install/moveit_task_constructor_core/lib:/home/a/ws_nhk/install/moveit_setup_assistant/lib:/home/a/ws_nhk/install/moveit_setup_srdf_plugins/lib:/home/a/ws_nhk/install/moveit_setup_core_plugins/lib:/home/a/ws_nhk/install/moveit_setup_controllers/lib:/home/a/ws_nhk/install/moveit_setup_app_plugins/lib:/home/a/ws_nhk/install/moveit_setup_framework/lib:/home/a/ws_nhk/install/moveit_servo/lib:/home/a/ws_nhk/install/moveit_ros_visualization/lib:/home/a/ws_nhk/install/moveit_hybrid_planning/lib:/home/a/ws_nhk/install/moveit_ros_planning_interface/lib:/home/a/ws_nhk/install/moveit_ros_move_group/lib:/home/a/ws_nhk/install/moveit_kinematics/lib:/home/a/ws_nhk/install/trac_ik_kinematics_plugin/lib:/home/a/ws_nhk/install/trac_ik_lib/lib:/home/a/ws_nhk/install/pilz_industrial_motion_planner_testutils/lib:/home/a/ws_nhk/install/moveit_visual_tools/lib:/home/a/ws_nhk/install/moveit_ros_control_interface/lib:/home/a/ws_nhk/install/moveit_simple_controller_manager/lib:/home/a/ws_nhk/install/moveit_ros_benchmarks/lib:/home/a/ws_nhk/install/moveit_ros_warehouse/lib:/home/a/ws_nhk/install/moveit_ros_robot_interaction/lib:/home/a/ws_nhk/install/moveit_ros_perception/lib:/home/a/ws_nhk/install/moveit_planners_ompl/lib:/home/a/ws_nhk/install/moveit_ros_planning/lib:/home/a/ws_nhk/install/moveit_ros_occupancy_map_monitor/lib:/home/a/ws_nhk/install/moveit_resources_prbt_ikfast_manipulator_plugin/lib:/home/a/ws_nhk/install/moveit_planners_chomp/lib:/home/a/ws_nhk/install/moveit_chomp_optimizer_adapter/lib:/home/a/ws_nhk/install/chomp_motion_planner/lib:/home/a/ws_nhk/install/moveit_core/lib:/home/a/ws_nhk/install/srdfdom/lib:/home/a/ws_nhk/install/rviz_marker_tools/lib:/home/a/ws_nhk/install/rosparam_shortcuts/lib:/home/a/ws_nhk/install/rogidrive_msg/lib:/home/a/ws_nhk/install/moveit_task_constructor_msgs/lib:/home/a/ws_nhk/install/dynamixel_sdk_custom_interfaces/lib:/home/a/ws_nhk/install/dynamixel_controller/lib:/usr/local/lib:/usr/lib/x86_64-linux-gnu/gazebo-11/plugins:/opt/ros/humble/opt/rviz_ogre_vendor/lib:/opt/ros/humble/lib/x86_64-linux-gnu:/opt/ros/humble/lib /usr/bin/cmake --install /home/a/ws_nhk/build/dynamixel_controller
[3.040s] -- Install configuration: "Release"
[3.040s] -- Up-to-date: /home/a/ws_nhk/install/dynamixel_controller/share/ament_index/resource_index/rosidl_interfaces/dynamixel_controller
[3.042s] -- Up-to-date: /home/a/ws_nhk/install/dynamixel_controller/include/dynamixel_controller/dynamixel_controller
[3.042s] -- Up-to-date: /home/a/ws_nhk/install/dynamixel_controller/include/dynamixel_controller/dynamixel_controller/msg
[3.042s] -- Up-to-date: /home/a/ws_nhk/install/dynamixel_controller/include/dynamixel_controller/dynamixel_controller/msg/rosidl_generator_c__visibility_control.h
[3.043s] -- Up-to-date: /home/a/ws_nhk/install/dynamixel_controller/include/dynamixel_controller/dynamixel_controller/msg/dynamixel_controller.h
[3.043s] -- Up-to-date: /home/a/ws_nhk/install/dynamixel_controller/include/dynamixel_controller/dynamixel_controller/msg/dynamixel_response.h
[3.043s] -- Up-to-date: /home/a/ws_nhk/install/dynamixel_controller/include/dynamixel_controller/dynamixel_controller/msg/detail
[3.044s] -- Up-to-date: /home/a/ws_nhk/install/dynamixel_controller/include/dynamixel_controller/dynamixel_controller/msg/detail/dynamixel_command__functions.c
[3.046s] -- Up-to-date: /home/a/ws_nhk/install/dynamixel_controller/include/dynamixel_controller/dynamixel_controller/msg/detail/dynamixel_controller__functions.c
[3.046s] -- Up-to-date: /home/a/ws_nhk/install/dynamixel_controller/include/dynamixel_controller/dynamixel_controller/msg/detail/dynamixel_controller__functions.h
[3.046s] -- Up-to-date: /home/a/ws_nhk/install/dynamixel_controller/include/dynamixel_controller/dynamixel_controller/msg/detail/dynamixel_command__type_support.h
[3.046s] -- Up-to-date: /home/a/ws_nhk/install/dynamixel_controller/include/dynamixel_controller/dynamixel_controller/msg/detail/dynamixel_command__functions.h
[3.047s] -- Up-to-date: /home/a/ws_nhk/install/dynamixel_controller/include/dynamixel_controller/dynamixel_controller/msg/detail/dynamixel_response__functions.h
[3.047s] -- Up-to-date: /home/a/ws_nhk/install/dynamixel_controller/include/dynamixel_controller/dynamixel_controller/msg/detail/dynamixel_controller__type_support.h
[3.047s] -- Up-to-date: /home/a/ws_nhk/install/dynamixel_controller/include/dynamixel_controller/dynamixel_controller/msg/detail/dynamixel_response__struct.h
[3.047s] -- Up-to-date: /home/a/ws_nhk/install/dynamixel_controller/include/dynamixel_controller/dynamixel_controller/msg/detail/dynamixel_controller__struct.h
[3.047s] -- Up-to-date: /home/a/ws_nhk/install/dynamixel_controller/include/dynamixel_controller/dynamixel_controller/msg/detail/dynamixel_response__type_support.h
[3.047s] -- Up-to-date: /home/a/ws_nhk/install/dynamixel_controller/include/dynamixel_controller/dynamixel_controller/msg/detail/dynamixel_response__functions.c
[3.048s] -- Up-to-date: /home/a/ws_nhk/install/dynamixel_controller/include/dynamixel_controller/dynamixel_controller/msg/detail/dynamixel_command__struct.h
[3.048s] -- Up-to-date: /home/a/ws_nhk/install/dynamixel_controller/include/dynamixel_controller/dynamixel_controller/msg/dynamixel_command.h
[3.048s] -- Up-to-date: /home/a/ws_nhk/install/dynamixel_controller/share/dynamixel_controller/environment/library_path.sh
[3.048s] -- Up-to-date: /home/a/ws_nhk/install/dynamixel_controller/share/dynamixel_controller/environment/library_path.dsv
[3.048s] -- Up-to-date: /home/a/ws_nhk/install/dynamixel_controller/lib/libdynamixel_controller__rosidl_generator_c.so
[3.048s] -- Up-to-date: /home/a/ws_nhk/install/dynamixel_controller/include/dynamixel_controller/dynamixel_controller
[3.048s] -- Up-to-date: /home/a/ws_nhk/install/dynamixel_controller/include/dynamixel_controller/dynamixel_controller/msg
[3.049s] -- Up-to-date: /home/a/ws_nhk/install/dynamixel_controller/include/dynamixel_controller/dynamixel_controller/msg/rosidl_typesupport_fastrtps_c__visibility_control.h
[3.049s] -- Up-to-date: /home/a/ws_nhk/install/dynamixel_controller/include/dynamixel_controller/dynamixel_controller/msg/detail
[3.050s] -- Up-to-date: /home/a/ws_nhk/install/dynamixel_controller/include/dynamixel_controller/dynamixel_controller/msg/detail/dynamixel_controller__rosidl_typesupport_fastrtps_c.h
[3.050s] -- Up-to-date: /home/a/ws_nhk/install/dynamixel_controller/include/dynamixel_controller/dynamixel_controller/msg/detail/dynamixel_response__rosidl_typesupport_fastrtps_c.h
[3.050s] -- Up-to-date: /home/a/ws_nhk/install/dynamixel_controller/include/dynamixel_controller/dynamixel_controller/msg/detail/dynamixel_command__rosidl_typesupport_fastrtps_c.h
[3.050s] -- Up-to-date: /home/a/ws_nhk/install/dynamixel_controller/lib/libdynamixel_controller__rosidl_typesupport_fastrtps_c.so
[3.050s] -- Up-to-date: /home/a/ws_nhk/install/dynamixel_controller/include/dynamixel_controller/dynamixel_controller
[3.051s] -- Up-to-date: /home/a/ws_nhk/install/dynamixel_controller/include/dynamixel_controller/dynamixel_controller/msg
[3.051s] -- Up-to-date: /home/a/ws_nhk/install/dynamixel_controller/include/dynamixel_controller/dynamixel_controller/msg/dynamixel_command.hpp
[3.051s] -- Up-to-date: /home/a/ws_nhk/install/dynamixel_controller/include/dynamixel_controller/dynamixel_controller/msg/dynamixel_response.hpp
[3.051s] -- Up-to-date: /home/a/ws_nhk/install/dynamixel_controller/include/dynamixel_controller/dynamixel_controller/msg/rosidl_generator_cpp__visibility_control.hpp
[3.051s] -- Up-to-date: /home/a/ws_nhk/install/dynamixel_controller/include/dynamixel_controller/dynamixel_controller/msg/dynamixel_controller.hpp
[3.051s] -- Up-to-date: /home/a/ws_nhk/install/dynamixel_controller/include/dynamixel_controller/dynamixel_controller/msg/detail
[3.052s] -- Up-to-date: /home/a/ws_nhk/install/dynamixel_controller/include/dynamixel_controller/dynamixel_controller/msg/detail/dynamixel_controller__type_support.hpp
[3.052s] -- Up-to-date: /home/a/ws_nhk/install/dynamixel_controller/include/dynamixel_controller/dynamixel_controller/msg/detail/dynamixel_response__struct.hpp
[3.052s] -- Up-to-date: /home/a/ws_nhk/install/dynamixel_controller/include/dynamixel_controller/dynamixel_controller/msg/detail/dynamixel_controller__struct.hpp
[3.052s] -- Up-to-date: /home/a/ws_nhk/install/dynamixel_controller/include/dynamixel_controller/dynamixel_controller/msg/detail/dynamixel_controller__builder.hpp
[3.052s] -- Up-to-date: /home/a/ws_nhk/install/dynamixel_controller/include/dynamixel_controller/dynamixel_controller/msg/detail/dynamixel_response__builder.hpp
[3.053s] -- Up-to-date: /home/a/ws_nhk/install/dynamixel_controller/include/dynamixel_controller/dynamixel_controller/msg/detail/dynamixel_response__traits.hpp
[3.053s] -- Up-to-date: /home/a/ws_nhk/install/dynamixel_controller/include/dynamixel_controller/dynamixel_controller/msg/detail/dynamixel_command__type_support.hpp
[3.053s] -- Up-to-date: /home/a/ws_nhk/install/dynamixel_controller/include/dynamixel_controller/dynamixel_controller/msg/detail/dynamixel_command__traits.hpp
[3.053s] -- Up-to-date: /home/a/ws_nhk/install/dynamixel_controller/include/dynamixel_controller/dynamixel_controller/msg/detail/dynamixel_command__builder.hpp
[3.053s] -- Up-to-date: /home/a/ws_nhk/install/dynamixel_controller/include/dynamixel_controller/dynamixel_controller/msg/detail/dynamixel_command__struct.hpp
[3.054s] -- Up-to-date: /home/a/ws_nhk/install/dynamixel_controller/include/dynamixel_controller/dynamixel_controller/msg/detail/dynamixel_response__type_support.hpp
[3.054s] -- Up-to-date: /home/a/ws_nhk/install/dynamixel_controller/include/dynamixel_controller/dynamixel_controller/msg/detail/dynamixel_controller__traits.hpp
[3.054s] -- Up-to-date: /home/a/ws_nhk/install/dynamixel_controller/include/dynamixel_controller/dynamixel_controller
[3.054s] -- Up-to-date: /home/a/ws_nhk/install/dynamixel_controller/include/dynamixel_controller/dynamixel_controller/msg
[3.054s] -- Up-to-date: /home/a/ws_nhk/install/dynamixel_controller/include/dynamixel_controller/dynamixel_controller/msg/detail
[3.054s] -- Up-to-date: /home/a/ws_nhk/install/dynamixel_controller/include/dynamixel_controller/dynamixel_controller/msg/detail/dynamixel_command__rosidl_typesupport_fastrtps_cpp.hpp
[3.055s] -- Up-to-date: /home/a/ws_nhk/install/dynamixel_controller/include/dynamixel_controller/dynamixel_controller/msg/detail/dynamixel_controller__rosidl_typesupport_fastrtps_cpp.hpp
[3.055s] -- Up-to-date: /home/a/ws_nhk/install/dynamixel_controller/include/dynamixel_controller/dynamixel_controller/msg/detail/dynamixel_response__rosidl_typesupport_fastrtps_cpp.hpp
[3.055s] -- Up-to-date: /home/a/ws_nhk/install/dynamixel_controller/include/dynamixel_controller/dynamixel_controller/msg/detail/dds_fastrtps
[3.055s] -- Up-to-date: /home/a/ws_nhk/install/dynamixel_controller/include/dynamixel_controller/dynamixel_controller/msg/rosidl_typesupport_fastrtps_cpp__visibility_control.h
[3.055s] -- Up-to-date: /home/a/ws_nhk/install/dynamixel_controller/lib/libdynamixel_controller__rosidl_typesupport_fastrtps_cpp.so
[3.055s] -- Up-to-date: /home/a/ws_nhk/install/dynamixel_controller/include/dynamixel_controller/dynamixel_controller
[3.055s] -- Up-to-date: /home/a/ws_nhk/install/dynamixel_controller/include/dynamixel_controller/dynamixel_controller/msg
[3.055s] -- Up-to-date: /home/a/ws_nhk/install/dynamixel_controller/include/dynamixel_controller/dynamixel_controller/msg/rosidl_typesupport_introspection_c__visibility_control.h
[3.056s] -- Up-to-date: /home/a/ws_nhk/install/dynamixel_controller/include/dynamixel_controller/dynamixel_controller/msg/detail
[3.056s] -- Up-to-date: /home/a/ws_nhk/install/dynamixel_controller/include/dynamixel_controller/dynamixel_controller/msg/detail/dynamixel_response__type_support.c
[3.056s] -- Up-to-date: /home/a/ws_nhk/install/dynamixel_controller/include/dynamixel_controller/dynamixel_controller/msg/detail/dynamixel_command__type_support.c
[3.056s] -- Up-to-date: /home/a/ws_nhk/install/dynamixel_controller/include/dynamixel_controller/dynamixel_controller/msg/detail/dynamixel_controller__type_support.c
[3.056s] -- Up-to-date: /home/a/ws_nhk/install/dynamixel_controller/include/dynamixel_controller/dynamixel_controller/msg/detail/dynamixel_controller__rosidl_typesupport_introspection_c.h
[3.056s] -- Up-to-date: /home/a/ws_nhk/install/dynamixel_controller/include/dynamixel_controller/dynamixel_controller/msg/detail/dynamixel_command__rosidl_typesupport_introspection_c.h
[3.056s] -- Up-to-date: /home/a/ws_nhk/install/dynamixel_controller/include/dynamixel_controller/dynamixel_controller/msg/detail/dynamixel_response__rosidl_typesupport_introspection_c.h
[3.056s] -- Up-to-date: /home/a/ws_nhk/install/dynamixel_controller/lib/libdynamixel_controller__rosidl_typesupport_introspection_c.so
[3.057s] -- Up-to-date: /home/a/ws_nhk/install/dynamixel_controller/lib/libdynamixel_controller__rosidl_typesupport_c.so
[3.057s] -- Up-to-date: /home/a/ws_nhk/install/dynamixel_controller/include/dynamixel_controller/dynamixel_controller
[3.057s] -- Up-to-date: /home/a/ws_nhk/install/dynamixel_controller/include/dynamixel_controller/dynamixel_controller/msg
[3.057s] -- Up-to-date: /home/a/ws_nhk/install/dynamixel_controller/include/dynamixel_controller/dynamixel_controller/msg/detail
[3.057s] -- Up-to-date: /home/a/ws_nhk/install/dynamixel_controller/include/dynamixel_controller/dynamixel_controller/msg/detail/dynamixel_controller__type_support.cpp
[3.057s] -- Up-to-date: /home/a/ws_nhk/install/dynamixel_controller/include/dynamixel_controller/dynamixel_controller/msg/detail/dynamixel_response__type_support.cpp
[3.057s] -- Up-to-date: /home/a/ws_nhk/install/dynamixel_controller/include/dynamixel_controller/dynamixel_controller/msg/detail/dynamixel_response__rosidl_typesupport_introspection_cpp.hpp
[3.057s] -- Up-to-date: /home/a/ws_nhk/install/dynamixel_controller/include/dynamixel_controller/dynamixel_controller/msg/detail/dynamixel_command__type_support.cpp
[3.057s] -- Up-to-date: /home/a/ws_nhk/install/dynamixel_controller/include/dynamixel_controller/dynamixel_controller/msg/detail/dynamixel_controller__rosidl_typesupport_introspection_cpp.hpp
[3.058s] -- Up-to-date: /home/a/ws_nhk/install/dynamixel_controller/include/dynamixel_controller/dynamixel_controller/msg/detail/dynamixel_command__rosidl_typesupport_introspection_cpp.hpp
[3.058s] -- Up-to-date: /home/a/ws_nhk/install/dynamixel_controller/lib/libdynamixel_controller__rosidl_typesupport_introspection_cpp.so
[3.058s] -- Up-to-date: /home/a/ws_nhk/install/dynamixel_controller/lib/libdynamixel_controller__rosidl_typesupport_cpp.so
[3.058s] -- Up-to-date: /home/a/ws_nhk/install/dynamixel_controller/share/dynamixel_controller/environment/pythonpath.sh
[3.058s] -- Up-to-date: /home/a/ws_nhk/install/dynamixel_controller/share/dynamixel_controller/environment/pythonpath.dsv
[3.058s] -- Up-to-date: /home/a/ws_nhk/install/dynamixel_controller/local/lib/python3.10/dist-packages/dynamixel_controller-0.0.0-py3.10.egg-info
[3.058s] -- Installing: /home/a/ws_nhk/install/dynamixel_controller/local/lib/python3.10/dist-packages/dynamixel_controller-0.0.0-py3.10.egg-info/top_level.txt
[3.058s] -- Installing: /home/a/ws_nhk/install/dynamixel_controller/local/lib/python3.10/dist-packages/dynamixel_controller-0.0.0-py3.10.egg-info/SOURCES.txt
[3.059s] -- Installing: /home/a/ws_nhk/install/dynamixel_controller/local/lib/python3.10/dist-packages/dynamixel_controller-0.0.0-py3.10.egg-info/PKG-INFO
[3.060s] -- Installing: /home/a/ws_nhk/install/dynamixel_controller/local/lib/python3.10/dist-packages/dynamixel_controller-0.0.0-py3.10.egg-info/dependency_links.txt
[3.060s] -- Up-to-date: /home/a/ws_nhk/install/dynamixel_controller/local/lib/python3.10/dist-packages/dynamixel_controller
[3.060s] -- Up-to-date: /home/a/ws_nhk/install/dynamixel_controller/local/lib/python3.10/dist-packages/dynamixel_controller/msg
[3.060s] -- Up-to-date: /home/a/ws_nhk/install/dynamixel_controller/local/lib/python3.10/dist-packages/dynamixel_controller/msg/_dynamixel_response.py
[3.061s] -- Up-to-date: /home/a/ws_nhk/install/dynamixel_controller/local/lib/python3.10/dist-packages/dynamixel_controller/msg/_dynamixel_controller_s.c
[3.061s] -- Up-to-date: /home/a/ws_nhk/install/dynamixel_controller/local/lib/python3.10/dist-packages/dynamixel_controller/msg/_dynamixel_controller.py
[3.061s] -- Up-to-date: /home/a/ws_nhk/install/dynamixel_controller/local/lib/python3.10/dist-packages/dynamixel_controller/msg/__init__.py
[3.061s] -- Up-to-date: /home/a/ws_nhk/install/dynamixel_controller/local/lib/python3.10/dist-packages/dynamixel_controller/msg/_dynamixel_response_s.c
[3.062s] -- Up-to-date: /home/a/ws_nhk/install/dynamixel_controller/local/lib/python3.10/dist-packages/dynamixel_controller/msg/_dynamixel_command.py
[3.062s] -- Up-to-date: /home/a/ws_nhk/install/dynamixel_controller/local/lib/python3.10/dist-packages/dynamixel_controller/msg/_dynamixel_command_s.c
[3.062s] -- Up-to-date: /home/a/ws_nhk/install/dynamixel_controller/local/lib/python3.10/dist-packages/dynamixel_controller/_dynamixel_controller_s.ep.rosidl_typesupport_introspection_c.c
[3.062s] -- Up-to-date: /home/a/ws_nhk/install/dynamixel_controller/local/lib/python3.10/dist-packages/dynamixel_controller/dynamixel_controller_s__rosidl_typesupport_fastrtps_c.cpython-310-x86_64-linux-gnu.so
[3.063s] -- Up-to-date: /home/a/ws_nhk/install/dynamixel_controller/local/lib/python3.10/dist-packages/dynamixel_controller/__init__.py
[3.063s] -- Up-to-date: /home/a/ws_nhk/install/dynamixel_controller/local/lib/python3.10/dist-packages/dynamixel_controller/dynamixel_controller_s__rosidl_typesupport_introspection_c.cpython-310-x86_64-linux-gnu.so
[3.063s] -- Up-to-date: /home/a/ws_nhk/install/dynamixel_controller/local/lib/python3.10/dist-packages/dynamixel_controller/_dynamixel_controller_s.ep.rosidl_typesupport_fastrtps_c.c
[3.063s] -- Up-to-date: /home/a/ws_nhk/install/dynamixel_controller/local/lib/python3.10/dist-packages/dynamixel_controller/dynamixel_controller_s__rosidl_typesupport_c.cpython-310-x86_64-linux-gnu.so
[3.064s] -- Up-to-date: /home/a/ws_nhk/install/dynamixel_controller/local/lib/python3.10/dist-packages/dynamixel_controller/_dynamixel_controller_s.ep.rosidl_typesupport_c.c
[3.064s] -- Up-to-date: /home/a/ws_nhk/install/dynamixel_controller/local/lib/python3.10/dist-packages/dynamixel_controller/libdynamixel_controller__rosidl_generator_py.so
[3.173s] Listing '/home/a/ws_nhk/install/dynamixel_controller/local/lib/python3.10/dist-packages/dynamixel_controller'...
[3.173s] Listing '/home/a/ws_nhk/install/dynamixel_controller/local/lib/python3.10/dist-packages/dynamixel_controller/msg'...
[3.192s] -- Up-to-date: /home/a/ws_nhk/install/dynamixel_controller/local/lib/python3.10/dist-packages/dynamixel_controller/dynamixel_controller_s__rosidl_typesupport_fastrtps_c.cpython-310-x86_64-linux-gnu.so
[3.194s] -- Up-to-date: /home/a/ws_nhk/install/dynamixel_controller/local/lib/python3.10/dist-packages/dynamixel_controller/dynamixel_controller_s__rosidl_typesupport_introspection_c.cpython-310-x86_64-linux-gnu.so
[3.197s] -- Up-to-date: /home/a/ws_nhk/install/dynamixel_controller/local/lib/python3.10/dist-packages/dynamixel_controller/dynamixel_controller_s__rosidl_typesupport_c.cpython-310-x86_64-linux-gnu.so
[3.198s] -- Up-to-date: /home/a/ws_nhk/install/dynamixel_controller/lib/libdynamixel_controller__rosidl_generator_py.so
[3.199s] -- Up-to-date: /home/a/ws_nhk/install/dynamixel_controller/share/dynamixel_controller/msg/DynamixelController.idl
[3.200s] -- Up-to-date: /home/a/ws_nhk/install/dynamixel_controller/share/dynamixel_controller/msg/DynamixelCommand.idl
[3.200s] -- Up-to-date: /home/a/ws_nhk/install/dynamixel_controller/share/dynamixel_controller/msg/DynamixelResponse.idl
[3.201s] -- Up-to-date: /home/a/ws_nhk/install/dynamixel_controller/share/dynamixel_controller/msg/DynamixelController.msg
[3.202s] -- Up-to-date: /home/a/ws_nhk/install/dynamixel_controller/share/dynamixel_controller/msg/DynamixelCommand.msg
[3.203s] -- Up-to-date: /home/a/ws_nhk/install/dynamixel_controller/share/dynamixel_controller/msg/DynamixelResponse.msg
[3.205s] -- Up-to-date: /home/a/ws_nhk/install/dynamixel_controller/lib/dynamixel_controller/dynamixel_controller_node
[3.206s] -- Up-to-date: /home/a/ws_nhk/install/dynamixel_controller/share/dynamixel_controller/config
[3.207s] -- Up-to-date: /home/a/ws_nhk/install/dynamixel_controller/share/dynamixel_controller/config/bus_config.yaml
[3.208s] -- Up-to-date: /home/a/ws_nhk/install/dynamixel_controller/share/ament_index/resource_index/package_run_dependencies/dynamixel_controller
[3.209s] -- Up-to-date: /home/a/ws_nhk/install/dynamixel_controller/share/ament_index/resource_index/parent_prefix_path/dynamixel_controller
[3.210s] -- Up-to-date: /home/a/ws_nhk/install/dynamixel_controller/share/dynamixel_controller/environment/ament_prefix_path.sh
[3.211s] -- Up-to-date: /home/a/ws_nhk/install/dynamixel_controller/share/dynamixel_controller/environment/ament_prefix_path.dsv
[3.211s] -- Up-to-date: /home/a/ws_nhk/install/dynamixel_controller/share/dynamixel_controller/environment/path.sh
[3.212s] -- Up-to-date: /home/a/ws_nhk/install/dynamixel_controller/share/dynamixel_controller/environment/path.dsv
[3.213s] -- Up-to-date: /home/a/ws_nhk/install/dynamixel_controller/share/dynamixel_controller/local_setup.bash
[3.214s] -- Up-to-date: /home/a/ws_nhk/install/dynamixel_controller/share/dynamixel_controller/local_setup.sh
[3.214s] -- Up-to-date: /home/a/ws_nhk/install/dynamixel_controller/share/dynamixel_controller/local_setup.zsh
[3.215s] -- Up-to-date: /home/a/ws_nhk/install/dynamixel_controller/share/dynamixel_controller/local_setup.dsv
[3.216s] -- Installing: /home/a/ws_nhk/install/dynamixel_controller/share/dynamixel_controller/package.dsv
[3.217s] -- Up-to-date: /home/a/ws_nhk/install/dynamixel_controller/share/ament_index/resource_index/packages/dynamixel_controller
[3.222s] -- Up-to-date: /home/a/ws_nhk/install/dynamixel_controller/share/dynamixel_controller/cmake/export_dynamixel_controller__rosidl_generator_cExport.cmake
[3.224s] -- Up-to-date: /home/a/ws_nhk/install/dynamixel_controller/share/dynamixel_controller/cmake/export_dynamixel_controller__rosidl_generator_cExport-release.cmake
[3.226s] -- Up-to-date: /home/a/ws_nhk/install/dynamixel_controller/share/dynamixel_controller/cmake/export_dynamixel_controller__rosidl_typesupport_fastrtps_cExport.cmake
[3.227s] -- Up-to-date: /home/a/ws_nhk/install/dynamixel_controller/share/dynamixel_controller/cmake/export_dynamixel_controller__rosidl_typesupport_fastrtps_cExport-release.cmake
[3.227s] -- Up-to-date: /home/a/ws_nhk/install/dynamixel_controller/share/dynamixel_controller/cmake/export_dynamixel_controller__rosidl_generator_cppExport.cmake
[3.228s] -- Up-to-date: /home/a/ws_nhk/install/dynamixel_controller/share/dynamixel_controller/cmake/export_dynamixel_controller__rosidl_typesupport_fastrtps_cppExport.cmake
[3.228s] -- Up-to-date: /home/a/ws_nhk/install/dynamixel_controller/share/dynamixel_controller/cmake/export_dynamixel_controller__rosidl_typesupport_fastrtps_cppExport-release.cmake
[3.233s] -- Up-to-date: /home/a/ws_nhk/install/dynamixel_controller/share/dynamixel_controller/cmake/dynamixel_controller__rosidl_typesupport_introspection_cExport.cmake
[3.234s] -- Up-to-date: /home/a/ws_nhk/install/dynamixel_controller/share/dynamixel_controller/cmake/dynamixel_controller__rosidl_typesupport_introspection_cExport-release.cmake
[3.234s] -- Up-to-date: /home/a/ws_nhk/install/dynamixel_controller/share/dynamixel_controller/cmake/dynamixel_controller__rosidl_typesupport_cExport.cmake
[3.235s] -- Up-to-date: /home/a/ws_nhk/install/dynamixel_controller/share/dynamixel_controller/cmake/dynamixel_controller__rosidl_typesupport_cExport-release.cmake
[3.236s] -- Up-to-date: /home/a/ws_nhk/install/dynamixel_controller/share/dynamixel_controller/cmake/dynamixel_controller__rosidl_typesupport_introspection_cppExport.cmake
[3.237s] -- Up-to-date: /home/a/ws_nhk/install/dynamixel_controller/share/dynamixel_controller/cmake/dynamixel_controller__rosidl_typesupport_introspection_cppExport-release.cmake
[3.239s] -- Up-to-date: /home/a/ws_nhk/install/dynamixel_controller/share/dynamixel_controller/cmake/dynamixel_controller__rosidl_typesupport_cppExport.cmake
[3.240s] -- Up-to-date: /home/a/ws_nhk/install/dynamixel_controller/share/dynamixel_controller/cmake/dynamixel_controller__rosidl_typesupport_cppExport-release.cmake
[3.240s] -- Up-to-date: /home/a/ws_nhk/install/dynamixel_controller/share/dynamixel_controller/cmake/export_dynamixel_controller__rosidl_generator_pyExport.cmake
[3.240s] -- Up-to-date: /home/a/ws_nhk/install/dynamixel_controller/share/dynamixel_controller/cmake/export_dynamixel_controller__rosidl_generator_pyExport-release.cmake
[3.241s] -- Up-to-date: /home/a/ws_nhk/install/dynamixel_controller/share/dynamixel_controller/cmake/rosidl_cmake-extras.cmake
[3.241s] -- Up-to-date: /home/a/ws_nhk/install/dynamixel_controller/share/dynamixel_controller/cmake/ament_cmake_export_dependencies-extras.cmake
[3.242s] -- Up-to-date: /home/a/ws_nhk/install/dynamixel_controller/share/dynamixel_controller/cmake/ament_cmake_export_include_directories-extras.cmake
[3.242s] -- Up-to-date: /home/a/ws_nhk/install/dynamixel_controller/share/dynamixel_controller/cmake/ament_cmake_export_libraries-extras.cmake
[3.242s] -- Up-to-date: /home/a/ws_nhk/install/dynamixel_controller/share/dynamixel_controller/cmake/ament_cmake_export_targets-extras.cmake
[3.242s] -- Up-to-date: /home/a/ws_nhk/install/dynamixel_controller/share/dynamixel_controller/cmake/rosidl_cmake_export_typesupport_targets-extras.cmake
[3.243s] -- Up-to-date: /home/a/ws_nhk/install/dynamixel_controller/share/dynamixel_controller/cmake/rosidl_cmake_export_typesupport_libraries-extras.cmake
[3.243s] -- Up-to-date: /home/a/ws_nhk/install/dynamixel_controller/share/dynamixel_controller/cmake/dynamixel_controllerConfig.cmake
[3.243s] -- Up-to-date: /home/a/ws_nhk/install/dynamixel_controller/share/dynamixel_controller/cmake/dynamixel_controllerConfig-version.cmake
[3.243s] -- Up-to-date: /home/a/ws_nhk/install/dynamixel_controller/share/dynamixel_controller/package.xml
[5.020s] Invoked command in '/home/a/ws_nhk/build/dynamixel_controller' returned '0': CMAKE_PREFIX_PATH=/home/a/ws_nhk/install/dynamixel_sdk:/home/a/ws_nhk/install/moveit_runtime:/home/a/ws_nhk/install/moveit_r2_config:/home/a/ws_nhk/install/moveit_config:/home/a/ws_nhk/install/moveit2_tutorials:/home/a/ws_nhk/install/moveit:/home/a/ws_nhk/install/moveit_planners:/home/a/ws_nhk/install/pilz_industrial_motion_planner:/home/a/ws_nhk/install/moveit_task_constructor_visualization:/home/a/ws_nhk/install/moveit_task_constructor_demo:/home/a/ws_nhk/install/moveit_task_constructor_capabilities:/home/a/ws_nhk/install/moveit_task_constructor_core:/home/a/ws_nhk/install/moveit_setup_assistant:/home/a/ws_nhk/install/moveit_setup_srdf_plugins:/home/a/ws_nhk/install/moveit_setup_core_plugins:/home/a/ws_nhk/install/moveit_setup_controllers:/home/a/ws_nhk/install/moveit_setup_app_plugins:/home/a/ws_nhk/install/moveit_setup_framework:/home/a/ws_nhk/install/moveit_servo:/home/a/ws_nhk/install/moveit_ros:/home/a/ws_nhk/install/moveit_ros_visualization:/home/a/ws_nhk/install/moveit_hybrid_planning:/home/a/ws_nhk/install/moveit_ros_planning_interface:/home/a/ws_nhk/install/moveit_resources_prbt_pg70_support:/home/a/ws_nhk/install/moveit_resources_prbt_moveit_config:/home/a/ws_nhk/install/moveit_ros_move_group:/home/a/ws_nhk/install/moveit_kinematics:/home/a/ws_nhk/install/trac_ik:/home/a/ws_nhk/install/trac_ik_kinematics_plugin:/home/a/ws_nhk/install/trac_ik_lib:/home/a/ws_nhk/install/pilz_industrial_motion_planner_testutils:/home/a/ws_nhk/install/moveit_visual_tools:/home/a/ws_nhk/install/moveit_ros_control_interface:/home/a/ws_nhk/install/moveit_plugins:/home/a/ws_nhk/install/moveit_simple_controller_manager:/home/a/ws_nhk/install/moveit_ros_benchmarks:/home/a/ws_nhk/install/moveit_ros_warehouse:/home/a/ws_nhk/install/moveit_ros_robot_interaction:/home/a/ws_nhk/install/moveit_ros_perception:/home/a/ws_nhk/install/moveit_planners_ompl:/home/a/ws_nhk/install/moveit_ros_planning:/home/a/ws_nhk/install/moveit_ros_occupancy_map_monitor:/home/a/ws_nhk/install/moveit_resources_prbt_ikfast_manipulator_plugin:/home/a/ws_nhk/install/moveit_planners_chomp:/home/a/ws_nhk/install/moveit_chomp_optimizer_adapter:/home/a/ws_nhk/install/chomp_motion_planner:/home/a/ws_nhk/install/moveit_core:/home/a/ws_nhk/install/srdfdom:/home/a/ws_nhk/install/rviz_marker_tools:/home/a/ws_nhk/install/rosparam_shortcuts:/home/a/ws_nhk/install/r2_odrive:/home/a/ws_nhk/install/rogidrive_msg:/home/a/ws_nhk/install/nhk_bt:/home/a/ws_nhk/install/moveit_task_constructor_msgs:/home/a/ws_nhk/install/moveit_resources_prbt_support:/home/a/ws_nhk/install/moveit_resources:/home/a/ws_nhk/install/moveit_resources_pr2_description:/home/a/ws_nhk/install/moveit_resources_panda_moveit_config:/home/a/ws_nhk/install/moveit_resources_panda_description:/home/a/ws_nhk/install/moveit_resources_fanuc_moveit_config:/home/a/ws_nhk/install/moveit_resources_fanuc_description:/home/a/ws_nhk/install/moveit_common:/home/a/ws_nhk/install/dynamixel_sdk_examples:/home/a/ws_nhk/install/dynamixel_sdk_custom_interfaces:/home/a/ws_nhk/install/dynamixel_controller:/home/a/ws_nhk/install/arm_v20_description:/home/a/ws_nhk/install/a_r2_description:/home/a/install/field_description_test:/home/a/ws_nhk/install/moveit_configs_utils:/home/a/ws_nhk/install/rogidrive:/home/a/ws_nhk/install/launch_param_builder:/home/a/ws_nhk/install/dynamixel_controller_gui:/home/a/ws_nhk/install/dynamixel_controller_client:/opt/ros/humble LD_LIBRARY_PATH=/home/a/ws_nhk/install/dynamixel_sdk/lib:/home/a/ws_nhk/install/pilz_industrial_motion_planner/lib:/home/a/ws_nhk/install/moveit_task_constructor_visualization/lib:/home/a/ws_nhk/install/moveit_task_constructor_demo/lib:/home/a/ws_nhk/install/moveit_task_constructor_capabilities/lib:/home/a/ws_nhk/install/moveit_task_constructor_core/lib:/home/a/ws_nhk/install/moveit_setup_assistant/lib:/home/a/ws_nhk/install/moveit_setup_srdf_plugins/lib:/home/a/ws_nhk/install/moveit_setup_core_plugins/lib:/home/a/ws_nhk/install/moveit_setup_controllers/lib:/home/a/ws_nhk/install/moveit_setup_app_plugins/lib:/home/a/ws_nhk/install/moveit_setup_framework/lib:/home/a/ws_nhk/install/moveit_servo/lib:/home/a/ws_nhk/install/moveit_ros_visualization/lib:/home/a/ws_nhk/install/moveit_hybrid_planning/lib:/home/a/ws_nhk/install/moveit_ros_planning_interface/lib:/home/a/ws_nhk/install/moveit_ros_move_group/lib:/home/a/ws_nhk/install/moveit_kinematics/lib:/home/a/ws_nhk/install/trac_ik_kinematics_plugin/lib:/home/a/ws_nhk/install/trac_ik_lib/lib:/home/a/ws_nhk/install/pilz_industrial_motion_planner_testutils/lib:/home/a/ws_nhk/install/moveit_visual_tools/lib:/home/a/ws_nhk/install/moveit_ros_control_interface/lib:/home/a/ws_nhk/install/moveit_simple_controller_manager/lib:/home/a/ws_nhk/install/moveit_ros_benchmarks/lib:/home/a/ws_nhk/install/moveit_ros_warehouse/lib:/home/a/ws_nhk/install/moveit_ros_robot_interaction/lib:/home/a/ws_nhk/install/moveit_ros_perception/lib:/home/a/ws_nhk/install/moveit_planners_ompl/lib:/home/a/ws_nhk/install/moveit_ros_planning/lib:/home/a/ws_nhk/install/moveit_ros_occupancy_map_monitor/lib:/home/a/ws_nhk/install/moveit_resources_prbt_ikfast_manipulator_plugin/lib:/home/a/ws_nhk/install/moveit_planners_chomp/lib:/home/a/ws_nhk/install/moveit_chomp_optimizer_adapter/lib:/home/a/ws_nhk/install/chomp_motion_planner/lib:/home/a/ws_nhk/install/moveit_core/lib:/home/a/ws_nhk/install/srdfdom/lib:/home/a/ws_nhk/install/rviz_marker_tools/lib:/home/a/ws_nhk/install/rosparam_shortcuts/lib:/home/a/ws_nhk/install/rogidrive_msg/lib:/home/a/ws_nhk/install/moveit_task_constructor_msgs/lib:/home/a/ws_nhk/install/dynamixel_sdk_custom_interfaces/lib:/home/a/ws_nhk/install/dynamixel_controller/lib:/usr/local/lib:/usr/lib/x86_64-linux-gnu/gazebo-11/plugins:/opt/ros/humble/opt/rviz_ogre_vendor/lib:/opt/ros/humble/lib/x86_64-linux-gnu:/opt/ros/humble/lib /usr/bin/cmake --install /home/a/ws_nhk/build/dynamixel_controller
