gmake[2]: *** [CMakeFiles/moveit_task_constructor_msgs__rosidl_typesupport_fastrtps_cpp.dir/build.make:530: CMakeFiles/moveit_task_constructor_msgs__rosidl_typesupport_fastrtps_cpp.dir/rosidl_typesupport_fastrtps_cpp/moveit_task_constructor_msgs/action/detail/dds_fastrtps/execute_task_solution__type_support.cpp.o] Interrupt
gmake[2]: *** Deleting file 'rosidl_typesupport_fastrtps_c/moveit_task_constructor_msgs/msg/detail/property__rosidl_typesupport_fastrtps_c.h'
Traceback (most recent call last):
  File "/opt/ros/humble/lib/rosidl_typesupport_introspection_c/rosidl_typesupport_introspection_c", line 31, in <module>
    sys.exit(main())
  File "/opt/ros/humble/lib/rosidl_typesupport_introspection_c/rosidl_typesupport_introspection_c", line 27, in main
gmake[2]: *** [CMakeFiles/moveit_task_constructor_msgs__rosidl_typesupport_introspection_cpp.dir/build.make:460: CMakeFiles/moveit_task_constructor_msgs__rosidl_typesupport_introspection_cpp.dir/rosidl_typesupport_introspection_cpp/moveit_task_constructor_msgs/msg/detail/sub_trajectory__type_support.cpp.o] Interrupt
gmake[2]: *** [CMakeFiles/moveit_task_constructor_msgs__rosidl_typesupport_fastrtps_cpp.dir/build.make:418: CMakeFiles/moveit_task_constructor_msgs__rosidl_typesupport_fastrtps_cpp.dir/rosidl_typesupport_fastrtps_cpp/moveit_task_constructor_msgs/msg/detail/dds_fastrtps/stage_description__type_support.cpp.o] Interrupt
gmake[2]: *** [CMakeFiles/moveit_task_constructor_msgs__rosidl_typesupport_fastrtps_cpp.dir/build.make:404: CMakeFiles/moveit_task_constructor_msgs__rosidl_typesupport_fastrtps_cpp.dir/rosidl_typesupport_fastrtps_cpp/moveit_task_constructor_msgs/msg/detail/dds_fastrtps/solution_info__type_support.cpp.o] Interrupt
gmake[2]: *** [CMakeFiles/moveit_task_constructor_msgs__rosidl_typesupport_fastrtps_cpp.dir/build.make:432: CMakeFiles/moveit_task_constructor_msgs__rosidl_typesupport_fastrtps_cpp.dir/rosidl_typesupport_fastrtps_cpp/moveit_task_constructor_msgs/msg/detail/dds_fastrtps/stage_statistics__type_support.cpp.o] Interrupt
gmake[2]: *** [CMakeFiles/moveit_task_constructor_msgs__rosidl_typesupport_fastrtps_cpp.dir/build.make:446: CMakeFiles/moveit_task_constructor_msgs__rosidl_typesupport_fastrtps_cpp.dir/rosidl_typesupport_fastrtps_cpp/moveit_task_constructor_msgs/msg/detail/dds_fastrtps/sub_solution__type_support.cpp.o] Interrupt
gmake[2]: *** [CMakeFiles/moveit_task_constructor_msgs__rosidl_typesupport_fastrtps_cpp.dir/build.make:460: CMakeFiles/moveit_task_constructor_msgs__rosidl_typesupport_fastrtps_cpp.dir/rosidl_typesupport_fastrtps_cpp/moveit_task_constructor_msgs/msg/detail/dds_fastrtps/sub_trajectory__type_support.cpp.o] Interrupt
gmake[2]: *** [CMakeFiles/moveit_task_constructor_msgs__rosidl_typesupport_fastrtps_cpp.dir/build.make:474: CMakeFiles/moveit_task_constructor_msgs__rosidl_typesupport_fastrtps_cpp.dir/rosidl_typesupport_fastrtps_cpp/moveit_task_constructor_msgs/msg/detail/dds_fastrtps/task_description__type_support.cpp.o] Interrupt
gmake[2]: *** [CMakeFiles/moveit_task_constructor_msgs__rosidl_typesupport_fastrtps_cpp.dir/build.make:390: CMakeFiles/moveit_task_constructor_msgs__rosidl_typesupport_fastrtps_cpp.dir/rosidl_typesupport_fastrtps_cpp/moveit_task_constructor_msgs/msg/detail/dds_fastrtps/solution__type_support.cpp.o] Interrupt
gmake[2]: *** [CMakeFiles/moveit_task_constructor_msgs__rosidl_typesupport_fastrtps_cpp.dir/build.make:488: CMakeFiles/moveit_task_constructor_msgs__rosidl_typesupport_fastrtps_cpp.dir/rosidl_typesupport_fastrtps_cpp/moveit_task_constructor_msgs/msg/detail/dds_fastrtps/task_statistics__type_support.cpp.o] Interrupt
    generate_c(args.generator_arguments_file)
gmake[2]: *** [CMakeFiles/moveit_task_constructor_msgs__rosidl_typesupport_fastrtps_cpp.dir/build.make:502: CMakeFiles/moveit_task_constructor_msgs__rosidl_typesupport_fastrtps_cpp.dir/rosidl_typesupport_fastrtps_cpp/moveit_task_constructor_msgs/msg/detail/dds_fastrtps/trajectory_execution_info__type_support.cpp.o] Interrupt
gmake[2]: *** [CMakeFiles/moveit_task_constructor_msgs__rosidl_typesupport_fastrtps_cpp.dir/build.make:516: CMakeFiles/moveit_task_constructor_msgs__rosidl_typesupport_fastrtps_cpp.dir/rosidl_typesupport_fastrtps_cpp/moveit_task_constructor_msgs/srv/detail/dds_fastrtps/get_solution__type_support.cpp.o] Interrupt
Traceback (most recent call last):
  File "/opt/ros/humble/lib/rosidl_typesupport_fastrtps_c/rosidl_typesupport_fastrtps_c", line 33, in <module>
    sys.exit(main())
  File "/opt/ros/humble/lib/rosidl_typesupport_fastrtps_c/rosidl_typesupport_fastrtps_c", line 29, in main
    generate_typesupport_fastrtps_c(args.generator_arguments_file)
  File "/opt/ros/humble/local/lib/python3.10/dist-packages/rosidl_typesupport_fastrtps_c/__init__.py", line 24, in generate_typesupport_fastrtps_c
    return generate_files(generator_arguments_file, mapping)
  File "/opt/ros/humble/local/lib/python3.10/dist-packages/rosidl_cmake/__init__.py", line 74, in generate_files
    idl_file = parse_idl_file(locator)
  File "/opt/ros/humble/local/lib/python3.10/dist-packages/rosidl_parser/parser.py", line 64, in parse_idl_file
gmake[2]: *** [CMakeFiles/moveit_task_constructor_msgs__rosidl_typesupport_c.dir/build.make:337: CMakeFiles/moveit_task_constructor_msgs__rosidl_typesupport_c.dir/rosidl_typesupport_c/moveit_task_constructor_msgs/msg/property__type_support.cpp.o] Interrupt
    content = parse_idl_string(string, png_file=png_file)
  File "/opt/ros/humble/local/lib/python3.10/dist-packages/rosidl_parser/parser.py", line 72, in parse_idl_string
gmake[2]: *** [CMakeFiles/moveit_task_constructor_msgs__rosidl_typesupport_c.dir/build.make:365: CMakeFiles/moveit_task_constructor_msgs__rosidl_typesupport_c.dir/rosidl_typesupport_c/moveit_task_constructor_msgs/msg/solution_info__type_support.cpp.o] Interrupt
gmake[2]: *** [CMakeFiles/moveit_task_constructor_msgs__rosidl_typesupport_c.dir/build.make:351: CMakeFiles/moveit_task_constructor_msgs__rosidl_typesupport_c.dir/rosidl_typesupport_c/moveit_task_constructor_msgs/msg/solution__type_support.cpp.o] Interrupt
gmake[2]: *** [CMakeFiles/moveit_task_constructor_msgs__rosidl_typesupport_c.dir/build.make:379: CMakeFiles/moveit_task_constructor_msgs__rosidl_typesupport_c.dir/rosidl_typesupport_c/moveit_task_constructor_msgs/msg/stage_description__type_support.cpp.o] Interrupt
gmake[2]: *** [CMakeFiles/moveit_task_constructor_msgs__rosidl_typesupport_c.dir/build.make:393: CMakeFiles/moveit_task_constructor_msgs__rosidl_typesupport_c.dir/rosidl_typesupport_c/moveit_task_constructor_msgs/msg/stage_statistics__type_support.cpp.o] Interrupt
gmake[2]: *** [CMakeFiles/moveit_task_constructor_msgs__rosidl_typesupport_introspection_cpp.dir/build.make:530: CMakeFiles/moveit_task_constructor_msgs__rosidl_typesupport_introspection_cpp.dir/rosidl_typesupport_introspection_cpp/moveit_task_constructor_msgs/action/detail/execute_task_solution__type_support.cpp.o] Interrupt
  File "/opt/ros/humble/local/lib/python3.10/dist-packages/rosidl_typesupport_introspection_c/__init__.py", line 31, in generate_c
    tree = get_ast_from_idl_string(idl_string)
    return generate_files(generator_arguments_file, mapping)
  File "/opt/ros/humble/local/lib/python3.10/dist-packages/rosidl_cmake/__init__.py", line 87, in generate_files
  File "/opt/ros/humble/local/lib/python3.10/dist-packages/rosidl_parser/parser.py", line 89, in get_ast_from_idl_string
    expand_template(
  File "/opt/ros/humble/local/lib/python3.10/dist-packages/rosidl_cmake/__init__.py", line 149, in expand_template
    return _parser.parse(idl_string)
  File "/home/a/.local/lib/python3.10/site-packages/lark/lark.py", line 676, in parse
    interpreter.string(template_content, template_path, locals=data)
  File "/usr/lib/python3/dist-packages/em.py", line 2391, in string
    return self.parser.parse(text, start=start, on_error=on_error)
  File "/home/a/.local/lib/python3.10/site-packages/lark/parser_frontends.py", line 123, in parse
    return self.parser.parse(stream, chosen_start, **kw)
  File "/home/a/.local/lib/python3.10/site-packages/lark/parsers/earley.py", line 280, in parse
gmake[1]: *** [CMakeFiles/Makefile2:291: CMakeFiles/moveit_task_constructor_msgs__rosidl_typesupport_fastrtps_cpp.dir/all] Interrupt
gmake[2]: *** Deleting file 'rosidl_typesupport_introspection_c/moveit_task_constructor_msgs/msg/detail/property__rosidl_typesupport_introspection_c.h'
gmake[2]: *** [CMakeFiles/moveit_task_constructor_msgs__rosidl_typesupport_introspection_cpp.dir/build.make:390: CMakeFiles/moveit_task_constructor_msgs__rosidl_typesupport_introspection_cpp.dir/rosidl_typesupport_introspection_cpp/moveit_task_constructor_msgs/msg/detail/solution__type_support.cpp.o] Interrupt
gmake[1]: *** [CMakeFiles/Makefile2:343: CMakeFiles/moveit_task_constructor_msgs__rosidl_typesupport_c.dir/all] Interrupt
    to_scan = self._parse(lexer, columns, to_scan, start_symbol)
  File "/home/a/.local/lib/python3.10/site-packages/lark/parsers/xearley.py", line 153, in _parse
    to_scan, node_cache = scan(i, to_scan)
  File "/home/a/.local/lib/python3.10/site-packages/lark/parsers/xearley.py", line 82, in scan
gmake[2]: *** [CMakeFiles/moveit_task_constructor_msgs__rosidl_typesupport_cpp.dir/build.make:492: CMakeFiles/moveit_task_constructor_msgs__rosidl_typesupport_cpp.dir/rosidl_typesupport_cpp/moveit_task_constructor_msgs/action/execute_task_solution__type_support.cpp.o] Interrupt
    m = match(x, stream, i)
  File "/home/a/.local/lib/python3.10/site-packages/lark/parser_frontends.py", line 203, in match
    def match(self, term, text, index=0):
KeyboardInterrupt
    self.safe(scanner, True, locals)
  File "/usr/lib/python3/dist-packages/em.py", line 2401, in safe
gmake[1]: *** [CMakeFiles/Makefile2:369: CMakeFiles/moveit_task_constructor_msgs__rosidl_typesupport_introspection_cpp.dir/all] Interrupt
    self.parse(scanner, locals)
  File "/usr/lib/python3/dist-packages/em.py", line 2421, in parse
gmake[1]: *** [CMakeFiles/Makefile2:395: CMakeFiles/moveit_task_constructor_msgs__rosidl_typesupport_cpp.dir/all] Interrupt
    token.run(self, locals)
  File "/usr/lib/python3/dist-packages/em.py", line 1547, in run
    self.subrun(info[0][1], interpreter, locals)
  File "/usr/lib/python3/dist-packages/em.py", line 1631, in subrun
    token.run(interpreter, locals)
  File "/usr/lib/python3/dist-packages/em.py", line 1425, in run
    interpreter.execute(self.code, locals)
  File "/usr/lib/python3/dist-packages/em.py", line 2596, in execute
    _exec(statements, self.globals, locals)
  File "<string>", line 2, in <module>
  File "/opt/ros/humble/local/lib/python3.10/dist-packages/rosidl_cmake/__init__.py", line 198, in _expand_template
    interpreter.string(content, str(template_path), kwargs)
  File "/usr/lib/python3/dist-packages/em.py", line 2391, in string
    self.safe(scanner, True, locals)
  File "/usr/lib/python3/dist-packages/em.py", line 2401, in safe
    self.parse(scanner, locals)
  File "/usr/lib/python3/dist-packages/em.py", line 2417, in parse
    token = scanner.one()
  File "/usr/lib/python3/dist-packages/em.py", line 1984, in one
    token.scan(self)
  File "/usr/lib/python3/dist-packages/em.py", line 1421, in scan
    i = scanner.complex('{', '}', 0)
  File "/usr/lib/python3/dist-packages/em.py", line 1892, in complex
    while i < end:
KeyboardInterrupt
gmake: *** [Makefile:146: all] Interrupt
gmake[2]: *** [CMakeFiles/moveit_task_constructor_msgs__rosidl_typesupport_introspection_c.dir/build.make:301: rosidl_typesupport_introspection_c/moveit_task_constructor_msgs/msg/detail/property__rosidl_typesupport_introspection_c.h] Interrupt
gmake[2]: *** [CMakeFiles/moveit_task_constructor_msgs__rosidl_typesupport_fastrtps_c.dir/build.make:301: rosidl_typesupport_fastrtps_c/moveit_task_constructor_msgs/msg/detail/property__rosidl_typesupport_fastrtps_c.h] Interrupt
