[0.282s] Invoking command in '/home/a/ws_nhk/build/moveit_resources_fanuc_description': CMAKE_PREFIX_PATH=${CMAKE_PREFIX_PATH}:/opt/ros/humble /usr/bin/cmake --build /home/a/ws_nhk/build/moveit_resources_fanuc_description -- -j22 -l22
[1.123s] Invoked command in '/home/a/ws_nhk/build/moveit_resources_fanuc_description' returned '0': CMAKE_PREFIX_PATH=${CMAKE_PREFIX_PATH}:/opt/ros/humble /usr/bin/cmake --build /home/a/ws_nhk/build/moveit_resources_fanuc_description -- -j22 -l22
[1.125s] Invoking command in '/home/a/ws_nhk/build/moveit_resources_fanuc_description': CMAKE_PREFIX_PATH=${CMAKE_PREFIX_PATH}:/opt/ros/humble /usr/bin/cmake --install /home/a/ws_nhk/build/moveit_resources_fanuc_description
[1.201s] -- Install configuration: "Release"
[1.202s] -- Up-to-date: /home/a/ws_nhk/install/moveit_resources_fanuc_description/share/ament_index/resource_index/package_run_dependencies/moveit_resources_fanuc_description
[1.202s] -- Up-to-date: /home/a/ws_nhk/install/moveit_resources_fanuc_description/share/ament_index/resource_index/parent_prefix_path/moveit_resources_fanuc_description
[1.203s] -- Up-to-date: /home/a/ws_nhk/install/moveit_resources_fanuc_description/share/moveit_resources_fanuc_description/environment/ament_prefix_path.sh
[1.203s] -- Up-to-date: /home/a/ws_nhk/install/moveit_resources_fanuc_description/share/moveit_resources_fanuc_description/environment/ament_prefix_path.dsv
[1.203s] -- Up-to-date: /home/a/ws_nhk/install/moveit_resources_fanuc_description/share/moveit_resources_fanuc_description/environment/path.sh
[1.203s] -- Up-to-date: /home/a/ws_nhk/install/moveit_resources_fanuc_description/share/moveit_resources_fanuc_description/environment/path.dsv
[1.203s] -- Up-to-date: /home/a/ws_nhk/install/moveit_resources_fanuc_description/share/moveit_resources_fanuc_description/local_setup.bash
[1.204s] -- Up-to-date: /home/a/ws_nhk/install/moveit_resources_fanuc_description/share/moveit_resources_fanuc_description/local_setup.sh
[1.204s] -- Up-to-date: /home/a/ws_nhk/install/moveit_resources_fanuc_description/share/moveit_resources_fanuc_description/local_setup.zsh
[1.204s] -- Up-to-date: /home/a/ws_nhk/install/moveit_resources_fanuc_description/share/moveit_resources_fanuc_description/local_setup.dsv
[1.204s] -- Installing: /home/a/ws_nhk/install/moveit_resources_fanuc_description/share/moveit_resources_fanuc_description/package.dsv
[1.205s] -- Up-to-date: /home/a/ws_nhk/install/moveit_resources_fanuc_description/share/ament_index/resource_index/packages/moveit_resources_fanuc_description
[1.205s] -- Up-to-date: /home/a/ws_nhk/install/moveit_resources_fanuc_description/share/moveit_resources_fanuc_description/cmake/moveit_resources_fanuc_descriptionConfig.cmake
[1.205s] -- Up-to-date: /home/a/ws_nhk/install/moveit_resources_fanuc_description/share/moveit_resources_fanuc_description/cmake/moveit_resources_fanuc_descriptionConfig-version.cmake
[1.205s] -- Up-to-date: /home/a/ws_nhk/install/moveit_resources_fanuc_description/share/moveit_resources_fanuc_description/package.xml
[1.205s] -- Up-to-date: /home/a/ws_nhk/install/moveit_resources_fanuc_description/share/moveit_resources_fanuc_description/meshes
[1.205s] -- Up-to-date: /home/a/ws_nhk/install/moveit_resources_fanuc_description/share/moveit_resources_fanuc_description/meshes/collision
[1.205s] -- Up-to-date: /home/a/ws_nhk/install/moveit_resources_fanuc_description/share/moveit_resources_fanuc_description/meshes/collision/link_6.stl
[1.206s] -- Up-to-date: /home/a/ws_nhk/install/moveit_resources_fanuc_description/share/moveit_resources_fanuc_description/meshes/collision/base_link.stl
[1.206s] -- Up-to-date: /home/a/ws_nhk/install/moveit_resources_fanuc_description/share/moveit_resources_fanuc_description/meshes/collision/link_5.stl
[1.206s] -- Up-to-date: /home/a/ws_nhk/install/moveit_resources_fanuc_description/share/moveit_resources_fanuc_description/meshes/collision/link_3.stl
[1.206s] -- Up-to-date: /home/a/ws_nhk/install/moveit_resources_fanuc_description/share/moveit_resources_fanuc_description/meshes/collision/link_4.stl
[1.206s] -- Up-to-date: /home/a/ws_nhk/install/moveit_resources_fanuc_description/share/moveit_resources_fanuc_description/meshes/collision/link_2.stl
[1.206s] -- Up-to-date: /home/a/ws_nhk/install/moveit_resources_fanuc_description/share/moveit_resources_fanuc_description/meshes/collision/link_1.stl
[1.206s] -- Up-to-date: /home/a/ws_nhk/install/moveit_resources_fanuc_description/share/moveit_resources_fanuc_description/meshes/visual
[1.207s] -- Up-to-date: /home/a/ws_nhk/install/moveit_resources_fanuc_description/share/moveit_resources_fanuc_description/meshes/visual/link_6.stl
[1.207s] -- Up-to-date: /home/a/ws_nhk/install/moveit_resources_fanuc_description/share/moveit_resources_fanuc_description/meshes/visual/base_link.stl
[1.207s] -- Up-to-date: /home/a/ws_nhk/install/moveit_resources_fanuc_description/share/moveit_resources_fanuc_description/meshes/visual/link_5.stl
[1.228s] -- Up-to-date: /home/a/ws_nhk/install/moveit_resources_fanuc_description/share/moveit_resources_fanuc_description/meshes/visual/link_3.stl
[1.228s] -- Up-to-date: /home/a/ws_nhk/install/moveit_resources_fanuc_description/share/moveit_resources_fanuc_description/meshes/visual/link_4.stl
[1.228s] -- Up-to-date: /home/a/ws_nhk/install/moveit_resources_fanuc_description/share/moveit_resources_fanuc_description/meshes/visual/link_2.stl
[1.228s] -- Up-to-date: /home/a/ws_nhk/install/moveit_resources_fanuc_description/share/moveit_resources_fanuc_description/meshes/visual/link_1.stl
[1.228s] -- Up-to-date: /home/a/ws_nhk/install/moveit_resources_fanuc_description/share/moveit_resources_fanuc_description/urdf
[1.228s] -- Up-to-date: /home/a/ws_nhk/install/moveit_resources_fanuc_description/share/moveit_resources_fanuc_description/urdf/fanuc.urdf
[1.357s] Invoked command in '/home/a/ws_nhk/build/moveit_resources_fanuc_description' returned '0': CMAKE_PREFIX_PATH=${CMAKE_PREFIX_PATH}:/opt/ros/humble /usr/bin/cmake --install /home/a/ws_nhk/build/moveit_resources_fanuc_description
