[0.025s] Invoking command in '/home/a/ws_nhk/build/moveit_ros_warehouse': AMENT_PREFIX_PATH=/home/a/ws_nhk/install/moveit_ros_planning:/home/a/ws_nhk/install/moveit_ros_occupancy_map_monitor:/home/a/ws_nhk/install/moveit_core:/home/a/ws_nhk/install/moveit_resources_panda_moveit_config:/home/a/ws_nhk/install/moveit_configs_utils:/home/a/ws_nhk/install/srdfdom:/home/a/ws_nhk/install/moveit_resources_pr2_description:/home/a/ws_nhk/install/moveit_resources_panda_description:/home/a/ws_nhk/install/moveit_common:/home/a/ws_nhk/install/launch_param_builder:${AMENT_PREFIX_PATH} CMAKE_PREFIX_PATH=/home/a/ws_nhk/install/moveit_ros_planning:/home/a/ws_nhk/install/moveit_ros_occupancy_map_monitor:/home/a/ws_nhk/install/moveit_core:/home/a/ws_nhk/install/moveit_resources_panda_moveit_config:/home/a/ws_nhk/install/srdfdom:/home/a/ws_nhk/install/moveit_resources_pr2_description:/home/a/ws_nhk/install/moveit_resources_panda_description:/home/a/ws_nhk/install/moveit_common:/home/a/install/field_description_test:/opt/ros/humble LD_LIBRARY_PATH=/home/a/ws_nhk/install/moveit_ros_planning/lib:/home/a/ws_nhk/install/moveit_ros_occupancy_map_monitor/lib:/home/a/ws_nhk/install/moveit_core/lib:/home/a/ws_nhk/install/srdfdom/lib:${LD_LIBRARY_PATH} PATH=/home/a/ws_nhk/install/moveit_core/bin:${PATH} PYTHONPATH=/home/a/ws_nhk/install/moveit_configs_utils/lib/python3.10/site-packages:/home/a/ws_nhk/install/srdfdom/local/lib/python3.10/dist-packages:/home/a/ws_nhk/install/launch_param_builder/lib/python3.10/site-packages:${PYTHONPATH} /usr/bin/cmake --build /home/a/ws_nhk/build/moveit_ros_warehouse -- -j22 -l22
[0.108s] [ 40%] Built target moveit_warehouse
[0.149s] [ 50%] Built target moveit_save_to_warehouse
[0.150s] [ 60%] Built target moveit_warehouse_import_from_text
[0.154s] [ 70%] Built target moveit_warehouse_services
[0.158s] [ 80%] Built target moveit_warehouse_broadcast
[0.161s] [ 90%] Built target moveit_init_demo_warehouse
[0.165s] [100%] Built target moveit_warehouse_save_as_text
[0.182s] Invoked command in '/home/a/ws_nhk/build/moveit_ros_warehouse' returned '0': AMENT_PREFIX_PATH=/home/a/ws_nhk/install/moveit_ros_planning:/home/a/ws_nhk/install/moveit_ros_occupancy_map_monitor:/home/a/ws_nhk/install/moveit_core:/home/a/ws_nhk/install/moveit_resources_panda_moveit_config:/home/a/ws_nhk/install/moveit_configs_utils:/home/a/ws_nhk/install/srdfdom:/home/a/ws_nhk/install/moveit_resources_pr2_description:/home/a/ws_nhk/install/moveit_resources_panda_description:/home/a/ws_nhk/install/moveit_common:/home/a/ws_nhk/install/launch_param_builder:${AMENT_PREFIX_PATH} CMAKE_PREFIX_PATH=/home/a/ws_nhk/install/moveit_ros_planning:/home/a/ws_nhk/install/moveit_ros_occupancy_map_monitor:/home/a/ws_nhk/install/moveit_core:/home/a/ws_nhk/install/moveit_resources_panda_moveit_config:/home/a/ws_nhk/install/srdfdom:/home/a/ws_nhk/install/moveit_resources_pr2_description:/home/a/ws_nhk/install/moveit_resources_panda_description:/home/a/ws_nhk/install/moveit_common:/home/a/install/field_description_test:/opt/ros/humble LD_LIBRARY_PATH=/home/a/ws_nhk/install/moveit_ros_planning/lib:/home/a/ws_nhk/install/moveit_ros_occupancy_map_monitor/lib:/home/a/ws_nhk/install/moveit_core/lib:/home/a/ws_nhk/install/srdfdom/lib:${LD_LIBRARY_PATH} PATH=/home/a/ws_nhk/install/moveit_core/bin:${PATH} PYTHONPATH=/home/a/ws_nhk/install/moveit_configs_utils/lib/python3.10/site-packages:/home/a/ws_nhk/install/srdfdom/local/lib/python3.10/dist-packages:/home/a/ws_nhk/install/launch_param_builder/lib/python3.10/site-packages:${PYTHONPATH} /usr/bin/cmake --build /home/a/ws_nhk/build/moveit_ros_warehouse -- -j22 -l22
[0.184s] Invoking command in '/home/a/ws_nhk/build/moveit_ros_warehouse': AMENT_PREFIX_PATH=/home/a/ws_nhk/install/moveit_ros_planning:/home/a/ws_nhk/install/moveit_ros_occupancy_map_monitor:/home/a/ws_nhk/install/moveit_core:/home/a/ws_nhk/install/moveit_resources_panda_moveit_config:/home/a/ws_nhk/install/moveit_configs_utils:/home/a/ws_nhk/install/srdfdom:/home/a/ws_nhk/install/moveit_resources_pr2_description:/home/a/ws_nhk/install/moveit_resources_panda_description:/home/a/ws_nhk/install/moveit_common:/home/a/ws_nhk/install/launch_param_builder:${AMENT_PREFIX_PATH} CMAKE_PREFIX_PATH=/home/a/ws_nhk/install/moveit_ros_planning:/home/a/ws_nhk/install/moveit_ros_occupancy_map_monitor:/home/a/ws_nhk/install/moveit_core:/home/a/ws_nhk/install/moveit_resources_panda_moveit_config:/home/a/ws_nhk/install/srdfdom:/home/a/ws_nhk/install/moveit_resources_pr2_description:/home/a/ws_nhk/install/moveit_resources_panda_description:/home/a/ws_nhk/install/moveit_common:/home/a/install/field_description_test:/opt/ros/humble LD_LIBRARY_PATH=/home/a/ws_nhk/install/moveit_ros_planning/lib:/home/a/ws_nhk/install/moveit_ros_occupancy_map_monitor/lib:/home/a/ws_nhk/install/moveit_core/lib:/home/a/ws_nhk/install/srdfdom/lib:${LD_LIBRARY_PATH} PATH=/home/a/ws_nhk/install/moveit_core/bin:${PATH} PYTHONPATH=/home/a/ws_nhk/install/moveit_configs_utils/lib/python3.10/site-packages:/home/a/ws_nhk/install/srdfdom/local/lib/python3.10/dist-packages:/home/a/ws_nhk/install/launch_param_builder/lib/python3.10/site-packages:${PYTHONPATH} /usr/bin/cmake --install /home/a/ws_nhk/build/moveit_ros_warehouse
[0.197s] -- Install configuration: "Release"
[0.197s] -- Up-to-date: /home/a/ws_nhk/install/moveit_ros_warehouse/lib/moveit_ros_warehouse/moveit_save_to_warehouse
[0.197s] -- Up-to-date: /home/a/ws_nhk/install/moveit_ros_warehouse/lib/moveit_ros_warehouse/moveit_warehouse_broadcast
[0.197s] -- Up-to-date: /home/a/ws_nhk/install/moveit_ros_warehouse/lib/moveit_ros_warehouse/moveit_warehouse_import_from_text
[0.198s] -- Up-to-date: /home/a/ws_nhk/install/moveit_ros_warehouse/lib/moveit_ros_warehouse/moveit_warehouse_save_as_text
[0.198s] -- Up-to-date: /home/a/ws_nhk/install/moveit_ros_warehouse/lib/moveit_ros_warehouse/moveit_init_demo_warehouse
[0.199s] -- Up-to-date: /home/a/ws_nhk/install/moveit_ros_warehouse/lib/moveit_ros_warehouse/moveit_warehouse_services
[0.199s] -- Up-to-date: /home/a/ws_nhk/install/moveit_ros_warehouse/include
[0.200s] -- Up-to-date: /home/a/ws_nhk/install/moveit_ros_warehouse/include/moveit
[0.200s] -- Up-to-date: /home/a/ws_nhk/install/moveit_ros_warehouse/include/moveit/warehouse
[0.200s] -- Up-to-date: /home/a/ws_nhk/install/moveit_ros_warehouse/include/moveit/warehouse/warehouse_connector.h
[0.200s] -- Up-to-date: /home/a/ws_nhk/install/moveit_ros_warehouse/include/moveit/warehouse/planning_scene_storage.h
[0.200s] -- Up-to-date: /home/a/ws_nhk/install/moveit_ros_warehouse/include/moveit/warehouse/constraints_storage.h
[0.200s] -- Up-to-date: /home/a/ws_nhk/install/moveit_ros_warehouse/include/moveit/warehouse/trajectory_constraints_storage.h
[0.200s] -- Up-to-date: /home/a/ws_nhk/install/moveit_ros_warehouse/include/moveit/warehouse/moveit_message_storage.h
[0.201s] -- Up-to-date: /home/a/ws_nhk/install/moveit_ros_warehouse/include/moveit/warehouse/state_storage.h
[0.201s] -- Up-to-date: /home/a/ws_nhk/install/moveit_ros_warehouse/include/moveit/warehouse/planning_scene_world_storage.h
[0.201s] -- Up-to-date: /home/a/ws_nhk/install/moveit_ros_warehouse/include/moveit_warehouse_export.h
[0.201s] -- Up-to-date: /home/a/ws_nhk/install/moveit_ros_warehouse/lib/libmoveit_warehouse.so.2.5.9
[0.201s] -- Up-to-date: /home/a/ws_nhk/install/moveit_ros_warehouse/lib/libmoveit_warehouse.so
[0.201s] -- Up-to-date: /home/a/ws_nhk/install/moveit_ros_warehouse/share/moveit_ros_warehouse/environment/library_path.sh
[0.201s] -- Up-to-date: /home/a/ws_nhk/install/moveit_ros_warehouse/share/moveit_ros_warehouse/environment/library_path.dsv
[0.201s] -- Up-to-date: /home/a/ws_nhk/install/moveit_ros_warehouse/share/ament_index/resource_index/package_run_dependencies/moveit_ros_warehouse
[0.202s] -- Up-to-date: /home/a/ws_nhk/install/moveit_ros_warehouse/share/ament_index/resource_index/parent_prefix_path/moveit_ros_warehouse
[0.202s] -- Up-to-date: /home/a/ws_nhk/install/moveit_ros_warehouse/share/moveit_ros_warehouse/environment/ament_prefix_path.sh
[0.202s] -- Up-to-date: /home/a/ws_nhk/install/moveit_ros_warehouse/share/moveit_ros_warehouse/environment/ament_prefix_path.dsv
[0.202s] -- Up-to-date: /home/a/ws_nhk/install/moveit_ros_warehouse/share/moveit_ros_warehouse/environment/path.sh
[0.202s] -- Up-to-date: /home/a/ws_nhk/install/moveit_ros_warehouse/share/moveit_ros_warehouse/environment/path.dsv
[0.202s] -- Up-to-date: /home/a/ws_nhk/install/moveit_ros_warehouse/share/moveit_ros_warehouse/local_setup.bash
[0.202s] -- Up-to-date: /home/a/ws_nhk/install/moveit_ros_warehouse/share/moveit_ros_warehouse/local_setup.sh
[0.202s] -- Up-to-date: /home/a/ws_nhk/install/moveit_ros_warehouse/share/moveit_ros_warehouse/local_setup.zsh
[0.202s] -- Up-to-date: /home/a/ws_nhk/install/moveit_ros_warehouse/share/moveit_ros_warehouse/local_setup.dsv
[0.202s] -- Installing: /home/a/ws_nhk/install/moveit_ros_warehouse/share/moveit_ros_warehouse/package.dsv
[0.203s] -- Up-to-date: /home/a/ws_nhk/install/moveit_ros_warehouse/share/ament_index/resource_index/packages/moveit_ros_warehouse
[0.203s] -- Up-to-date: /home/a/ws_nhk/install/moveit_ros_warehouse/share/moveit_ros_warehouse/cmake/export_moveit_ros_warehouseExport.cmake
[0.203s] -- Up-to-date: /home/a/ws_nhk/install/moveit_ros_warehouse/share/moveit_ros_warehouse/cmake/export_moveit_ros_warehouseExport-release.cmake
[0.203s] -- Up-to-date: /home/a/ws_nhk/install/moveit_ros_warehouse/share/moveit_ros_warehouse/cmake/ConfigExtras.cmake
[0.203s] -- Up-to-date: /home/a/ws_nhk/install/moveit_ros_warehouse/share/moveit_ros_warehouse/cmake/ament_cmake_export_targets-extras.cmake
[0.204s] -- Up-to-date: /home/a/ws_nhk/install/moveit_ros_warehouse/share/moveit_ros_warehouse/cmake/ament_cmake_export_dependencies-extras.cmake
[0.204s] -- Up-to-date: /home/a/ws_nhk/install/moveit_ros_warehouse/share/moveit_ros_warehouse/cmake/moveit_ros_warehouseConfig.cmake
[0.204s] -- Up-to-date: /home/a/ws_nhk/install/moveit_ros_warehouse/share/moveit_ros_warehouse/cmake/moveit_ros_warehouseConfig-version.cmake
[0.204s] -- Up-to-date: /home/a/ws_nhk/install/moveit_ros_warehouse/share/moveit_ros_warehouse/package.xml
[0.250s] Invoked command in '/home/a/ws_nhk/build/moveit_ros_warehouse' returned '0': AMENT_PREFIX_PATH=/home/a/ws_nhk/install/moveit_ros_planning:/home/a/ws_nhk/install/moveit_ros_occupancy_map_monitor:/home/a/ws_nhk/install/moveit_core:/home/a/ws_nhk/install/moveit_resources_panda_moveit_config:/home/a/ws_nhk/install/moveit_configs_utils:/home/a/ws_nhk/install/srdfdom:/home/a/ws_nhk/install/moveit_resources_pr2_description:/home/a/ws_nhk/install/moveit_resources_panda_description:/home/a/ws_nhk/install/moveit_common:/home/a/ws_nhk/install/launch_param_builder:${AMENT_PREFIX_PATH} CMAKE_PREFIX_PATH=/home/a/ws_nhk/install/moveit_ros_planning:/home/a/ws_nhk/install/moveit_ros_occupancy_map_monitor:/home/a/ws_nhk/install/moveit_core:/home/a/ws_nhk/install/moveit_resources_panda_moveit_config:/home/a/ws_nhk/install/srdfdom:/home/a/ws_nhk/install/moveit_resources_pr2_description:/home/a/ws_nhk/install/moveit_resources_panda_description:/home/a/ws_nhk/install/moveit_common:/home/a/install/field_description_test:/opt/ros/humble LD_LIBRARY_PATH=/home/a/ws_nhk/install/moveit_ros_planning/lib:/home/a/ws_nhk/install/moveit_ros_occupancy_map_monitor/lib:/home/a/ws_nhk/install/moveit_core/lib:/home/a/ws_nhk/install/srdfdom/lib:${LD_LIBRARY_PATH} PATH=/home/a/ws_nhk/install/moveit_core/bin:${PATH} PYTHONPATH=/home/a/ws_nhk/install/moveit_configs_utils/lib/python3.10/site-packages:/home/a/ws_nhk/install/srdfdom/local/lib/python3.10/dist-packages:/home/a/ws_nhk/install/launch_param_builder/lib/python3.10/site-packages:${PYTHONPATH} /usr/bin/cmake --install /home/a/ws_nhk/build/moveit_ros_warehouse
