[0.552s] Invoking command in '/home/a/ws_nhk/build/moveit_resources_prbt_support': CMAKE_PREFIX_PATH=${CMAKE_PREFIX_PATH}:/home/a/ws_nhk/install/ikeyaMD_wizard:/home/a/ws_nhk/install/moveit_configs_utils:/home/a/ws_nhk/install/rogidrive:/home/a/ws_nhk/install/launch_param_builder:/home/a/ws_nhk/install/dynamixel_controller_gui:/home/a/ws_nhk/install/dynamixel_controller_client:/opt/ros/humble /usr/bin/cmake /home/a/ws_nhk/src/moveit2/moveit_planners/test_configs/prbt_support -DCMAKE_INSTALL_PREFIX=/home/a/ws_nhk/install/moveit_resources_prbt_support
[1.467s] -- Found ament_cmake: 1.3.12 (/opt/ros/humble/share/ament_cmake/cmake)
[1.467s] -- Configuring done
[1.467s] -- Generating done
[1.468s] -- Build files have been written to: /home/a/ws_nhk/build/moveit_resources_prbt_support
[1.590s] Invoked command in '/home/a/ws_nhk/build/moveit_resources_prbt_support' returned '0': CMAKE_PREFIX_PATH=${CMAKE_PREFIX_PATH}:/home/a/ws_nhk/install/ikeyaMD_wizard:/home/a/ws_nhk/install/moveit_configs_utils:/home/a/ws_nhk/install/rogidrive:/home/a/ws_nhk/install/launch_param_builder:/home/a/ws_nhk/install/dynamixel_controller_gui:/home/a/ws_nhk/install/dynamixel_controller_client:/opt/ros/humble /usr/bin/cmake /home/a/ws_nhk/src/moveit2/moveit_planners/test_configs/prbt_support -DCMAKE_INSTALL_PREFIX=/home/a/ws_nhk/install/moveit_resources_prbt_support
[1.596s] Invoking command in '/home/a/ws_nhk/build/moveit_resources_prbt_support': CMAKE_PREFIX_PATH=${CMAKE_PREFIX_PATH}:/home/a/ws_nhk/install/ikeyaMD_wizard:/home/a/ws_nhk/install/moveit_configs_utils:/home/a/ws_nhk/install/rogidrive:/home/a/ws_nhk/install/launch_param_builder:/home/a/ws_nhk/install/dynamixel_controller_gui:/home/a/ws_nhk/install/dynamixel_controller_client:/opt/ros/humble /usr/bin/cmake --build /home/a/ws_nhk/build/moveit_resources_prbt_support -- -j22 -l22
[1.777s] Invoked command in '/home/a/ws_nhk/build/moveit_resources_prbt_support' returned '0': CMAKE_PREFIX_PATH=${CMAKE_PREFIX_PATH}:/home/a/ws_nhk/install/ikeyaMD_wizard:/home/a/ws_nhk/install/moveit_configs_utils:/home/a/ws_nhk/install/rogidrive:/home/a/ws_nhk/install/launch_param_builder:/home/a/ws_nhk/install/dynamixel_controller_gui:/home/a/ws_nhk/install/dynamixel_controller_client:/opt/ros/humble /usr/bin/cmake --build /home/a/ws_nhk/build/moveit_resources_prbt_support -- -j22 -l22
[1.785s] Invoking command in '/home/a/ws_nhk/build/moveit_resources_prbt_support': CMAKE_PREFIX_PATH=${CMAKE_PREFIX_PATH}:/home/a/ws_nhk/install/ikeyaMD_wizard:/home/a/ws_nhk/install/moveit_configs_utils:/home/a/ws_nhk/install/rogidrive:/home/a/ws_nhk/install/launch_param_builder:/home/a/ws_nhk/install/dynamixel_controller_gui:/home/a/ws_nhk/install/dynamixel_controller_client:/opt/ros/humble /usr/bin/cmake --install /home/a/ws_nhk/build/moveit_resources_prbt_support
[1.957s] -- Install configuration: "Release"
[1.960s] -- Up-to-date: /home/a/ws_nhk/install/moveit_resources_prbt_support/share/ament_index/resource_index/package_run_dependencies/moveit_resources_prbt_support
[1.961s] -- Installing: /home/a/ws_nhk/install/moveit_resources_prbt_support/share/ament_index/resource_index/parent_prefix_path/moveit_resources_prbt_support
[2.047s] -- Up-to-date: /home/a/ws_nhk/install/moveit_resources_prbt_support/share/moveit_resources_prbt_support/environment/ament_prefix_path.sh
[2.047s] -- Installing: /home/a/ws_nhk/install/moveit_resources_prbt_support/share/moveit_resources_prbt_support/environment/ament_prefix_path.dsv
[2.048s] -- Up-to-date: /home/a/ws_nhk/install/moveit_resources_prbt_support/share/moveit_resources_prbt_support/environment/path.sh
[2.048s] -- Installing: /home/a/ws_nhk/install/moveit_resources_prbt_support/share/moveit_resources_prbt_support/environment/path.dsv
[2.049s] -- Up-to-date: /home/a/ws_nhk/install/moveit_resources_prbt_support/share/moveit_resources_prbt_support/local_setup.bash
[2.050s] -- Up-to-date: /home/a/ws_nhk/install/moveit_resources_prbt_support/share/moveit_resources_prbt_support/local_setup.sh
[2.050s] -- Up-to-date: /home/a/ws_nhk/install/moveit_resources_prbt_support/share/moveit_resources_prbt_support/local_setup.zsh
[2.051s] -- Installing: /home/a/ws_nhk/install/moveit_resources_prbt_support/share/moveit_resources_prbt_support/local_setup.dsv
[2.087s] -- Installing: /home/a/ws_nhk/install/moveit_resources_prbt_support/share/moveit_resources_prbt_support/package.dsv
[2.088s] -- Up-to-date: /home/a/ws_nhk/install/moveit_resources_prbt_support/share/ament_index/resource_index/packages/moveit_resources_prbt_support
[2.088s] -- Up-to-date: /home/a/ws_nhk/install/moveit_resources_prbt_support/share/moveit_resources_prbt_support/cmake/moveit_resources_prbt_supportConfig.cmake
[2.089s] -- Up-to-date: /home/a/ws_nhk/install/moveit_resources_prbt_support/share/moveit_resources_prbt_support/cmake/moveit_resources_prbt_supportConfig-version.cmake
[2.090s] -- Up-to-date: /home/a/ws_nhk/install/moveit_resources_prbt_support/share/moveit_resources_prbt_support/package.xml
[2.090s] -- Up-to-date: /home/a/ws_nhk/install/moveit_resources_prbt_support/share/moveit_resources_prbt_support/urdf
[2.091s] -- Up-to-date: /home/a/ws_nhk/install/moveit_resources_prbt_support/share/moveit_resources_prbt_support/urdf/prbt.ros2_control.xacro
[2.093s] -- Up-to-date: /home/a/ws_nhk/install/moveit_resources_prbt_support/share/moveit_resources_prbt_support/urdf/prbt.xacro
[2.093s] -- Up-to-date: /home/a/ws_nhk/install/moveit_resources_prbt_support/share/moveit_resources_prbt_support/urdf/prbt_macro.xacro
[2.094s] -- Up-to-date: /home/a/ws_nhk/install/moveit_resources_prbt_support/share/moveit_resources_prbt_support/urdf/simple_gripper_brackets.urdf.xacro
[2.095s] -- Up-to-date: /home/a/ws_nhk/install/moveit_resources_prbt_support/share/moveit_resources_prbt_support/meshes
[2.096s] -- Up-to-date: /home/a/ws_nhk/install/moveit_resources_prbt_support/share/moveit_resources_prbt_support/meshes/foot.stl
[2.096s] -- Up-to-date: /home/a/ws_nhk/install/moveit_resources_prbt_support/share/moveit_resources_prbt_support/meshes/link_1.dae
[2.097s] -- Up-to-date: /home/a/ws_nhk/install/moveit_resources_prbt_support/share/moveit_resources_prbt_support/meshes/flange.dae
[2.099s] -- Up-to-date: /home/a/ws_nhk/install/moveit_resources_prbt_support/share/moveit_resources_prbt_support/meshes/link_2.dae
[2.114s] -- Up-to-date: /home/a/ws_nhk/install/moveit_resources_prbt_support/share/moveit_resources_prbt_support/meshes/link_3.dae
[2.115s] -- Up-to-date: /home/a/ws_nhk/install/moveit_resources_prbt_support/share/moveit_resources_prbt_support/meshes/link_5.stl
[2.115s] -- Up-to-date: /home/a/ws_nhk/install/moveit_resources_prbt_support/share/moveit_resources_prbt_support/meshes/foot.dae
[2.115s] -- Up-to-date: /home/a/ws_nhk/install/moveit_resources_prbt_support/share/moveit_resources_prbt_support/meshes/flange.stl
[2.116s] -- Up-to-date: /home/a/ws_nhk/install/moveit_resources_prbt_support/share/moveit_resources_prbt_support/meshes/link_4.dae
[2.116s] -- Up-to-date: /home/a/ws_nhk/install/moveit_resources_prbt_support/share/moveit_resources_prbt_support/meshes/link_3.stl
[2.116s] -- Up-to-date: /home/a/ws_nhk/install/moveit_resources_prbt_support/share/moveit_resources_prbt_support/meshes/link_4.stl
[2.117s] -- Up-to-date: /home/a/ws_nhk/install/moveit_resources_prbt_support/share/moveit_resources_prbt_support/meshes/link_2.stl
[2.117s] -- Up-to-date: /home/a/ws_nhk/install/moveit_resources_prbt_support/share/moveit_resources_prbt_support/meshes/link_5.dae
[2.117s] -- Up-to-date: /home/a/ws_nhk/install/moveit_resources_prbt_support/share/moveit_resources_prbt_support/meshes/link_1.stl
[2.117s] -- Up-to-date: /home/a/ws_nhk/install/moveit_resources_prbt_support/share/moveit_resources_prbt_support/config
[2.118s] -- Up-to-date: /home/a/ws_nhk/install/moveit_resources_prbt_support/share/moveit_resources_prbt_support/config/manipulator_controller.yaml
[2.118s] -- Up-to-date: /home/a/ws_nhk/install/moveit_resources_prbt_support/share/moveit_resources_prbt_support/config/prbt_0_1.dcf
[2.118s] -- Up-to-date: /home/a/ws_nhk/install/moveit_resources_prbt_support/share/moveit_resources_prbt_support/config/manipulator_driver.yaml
[2.280s] Invoked command in '/home/a/ws_nhk/build/moveit_resources_prbt_support' returned '0': CMAKE_PREFIX_PATH=${CMAKE_PREFIX_PATH}:/home/a/ws_nhk/install/ikeyaMD_wizard:/home/a/ws_nhk/install/moveit_configs_utils:/home/a/ws_nhk/install/rogidrive:/home/a/ws_nhk/install/launch_param_builder:/home/a/ws_nhk/install/dynamixel_controller_gui:/home/a/ws_nhk/install/dynamixel_controller_client:/opt/ros/humble /usr/bin/cmake --install /home/a/ws_nhk/build/moveit_resources_prbt_support
