[0.017s] Invoking command in '/home/a/ws_nhk/build/dynamixel_controller': AMENT_PREFIX_PATH=/home/a/ws_nhk/install/dynamixel_sdk:${AMENT_PREFIX_PATH} CMAKE_PREFIX_PATH=/home/a/ws_nhk/install/dynamixel_sdk:/home/a/install/field_description_test:/opt/ros/humble LD_LIBRARY_PATH=/home/a/ws_nhk/install/dynamixel_sdk/lib:${LD_LIBRARY_PATH} /usr/bin/cmake /home/a/ws_nhk/src/dynamixel_ros2/dynamixel_controller -DCMAKE_BUILD_TYPE=Release -DCMAKE_INSTALL_PREFIX=/home/a/ws_nhk/install/dynamixel_controller
[0.034s] -- Found ament_cmake: 1.3.12 (/opt/ros/humble/share/ament_cmake/cmake)
[0.201s] -- Found rclcpp: 16.0.16 (/opt/ros/humble/share/rclcpp/cmake)
[0.238s] -- Found rosidl_generator_c: 3.1.7 (/opt/ros/humble/share/rosidl_generator_c/cmake)
[0.241s] -- Found rosidl_adapter: 3.1.7 (/opt/ros/humble/share/rosidl_adapter/cmake)
[0.248s] -- Found rosidl_generator_cpp: 3.1.7 (/opt/ros/humble/share/rosidl_generator_cpp/cmake)
[0.261s] -- Using all available rosidl_typesupport_c: rosidl_typesupport_fastrtps_c;rosidl_typesupport_introspection_c
[0.276s] -- Using all available rosidl_typesupport_cpp: rosidl_typesupport_fastrtps_cpp;rosidl_typesupport_introspection_cpp
[0.315s] -- Found rmw_implementation_cmake: 6.1.2 (/opt/ros/humble/share/rmw_implementation_cmake/cmake)
[0.316s] -- Found rmw_fastrtps_cpp: 6.2.9 (/opt/ros/humble/share/rmw_fastrtps_cpp/cmake)
[0.449s] -- Using RMW implementation 'rmw_fastrtps_cpp' as default
[0.509s] -- Found rosidl_default_generators: 1.2.0 (/opt/ros/humble/share/rosidl_default_generators/cmake)
[0.521s] -- Found dynamixel_sdk: 3.7.60 (/home/a/ws_nhk/install/dynamixel_sdk/share/dynamixel_sdk/cmake)
[0.894s] -- Found ament_cmake_ros: 0.10.0 (/opt/ros/humble/share/ament_cmake_ros/cmake)
[1.318s] -- Using all available rosidl_typesupport_c: rosidl_typesupport_fastrtps_c;rosidl_typesupport_introspection_c
[1.475s] -- Using all available rosidl_typesupport_cpp: rosidl_typesupport_fastrtps_cpp;rosidl_typesupport_introspection_cpp
[1.499s] -- Found python_cmake_module: 0.10.0 (/opt/ros/humble/share/python_cmake_module/cmake)
[1.524s] -- Using PYTHON_EXECUTABLE: /usr/bin/python3
[1.524s] -- Using PYTHON_INCLUDE_DIRS: /usr/include/python3.10
[1.524s] -- Using PYTHON_LIBRARIES: /usr/lib/x86_64-linux-gnu/libpython3.10.so
[1.560s] -- Configuring done
[1.604s] -- Generating done
[1.618s] -- Build files have been written to: /home/a/ws_nhk/build/dynamixel_controller
[1.627s] Invoked command in '/home/a/ws_nhk/build/dynamixel_controller' returned '0': AMENT_PREFIX_PATH=/home/a/ws_nhk/install/dynamixel_sdk:${AMENT_PREFIX_PATH} CMAKE_PREFIX_PATH=/home/a/ws_nhk/install/dynamixel_sdk:/home/a/install/field_description_test:/opt/ros/humble LD_LIBRARY_PATH=/home/a/ws_nhk/install/dynamixel_sdk/lib:${LD_LIBRARY_PATH} /usr/bin/cmake /home/a/ws_nhk/src/dynamixel_ros2/dynamixel_controller -DCMAKE_BUILD_TYPE=Release -DCMAKE_INSTALL_PREFIX=/home/a/ws_nhk/install/dynamixel_controller
[1.628s] Invoking command in '/home/a/ws_nhk/build/dynamixel_controller': AMENT_PREFIX_PATH=/home/a/ws_nhk/install/dynamixel_sdk:${AMENT_PREFIX_PATH} CMAKE_PREFIX_PATH=/home/a/ws_nhk/install/dynamixel_sdk:/home/a/install/field_description_test:/opt/ros/humble LD_LIBRARY_PATH=/home/a/ws_nhk/install/dynamixel_sdk/lib:${LD_LIBRARY_PATH} /usr/bin/cmake --build /home/a/ws_nhk/build/dynamixel_controller -- -j22 -l22
[1.679s] [35m[1mConsolidate compiler generated dependencies of target dynamixel_controller__rosidl_generator_c[0m
[1.690s] [  2%] Built target dynamixel_controller__cpp
[1.691s] [  4%] [32mBuilding C object CMakeFiles/dynamixel_controller__rosidl_generator_c.dir/rosidl_generator_c/dynamixel_controller/msg/detail/dynamixel_response__functions.c.o[0m
[1.692s] [  6%] [32mBuilding C object CMakeFiles/dynamixel_controller__rosidl_generator_c.dir/rosidl_generator_c/dynamixel_controller/msg/detail/dynamixel_command__functions.c.o[0m
[1.693s] [  8%] [32mBuilding C object CMakeFiles/dynamixel_controller__rosidl_generator_c.dir/rosidl_generator_c/dynamixel_controller/msg/detail/dynamixel_controller__functions.c.o[0m
[1.701s] [35m[1mConsolidate compiler generated dependencies of target dynamixel_controller__rosidl_typesupport_fastrtps_cpp[0m
[1.701s] [  8%] Built target ament_cmake_python_copy_dynamixel_controller
[1.702s] [35m[1mConsolidate compiler generated dependencies of target dynamixel_controller__rosidl_typesupport_cpp[0m
[1.703s] [35m[1mConsolidate compiler generated dependencies of target dynamixel_controller__rosidl_typesupport_introspection_cpp[0m
[1.715s] [ 10%] [32mBuilding CXX object CMakeFiles/dynamixel_controller__rosidl_typesupport_fastrtps_cpp.dir/rosidl_typesupport_fastrtps_cpp/dynamixel_controller/msg/detail/dds_fastrtps/dynamixel_controller__type_support.cpp.o[0m
[1.715s] [ 12%] [32mBuilding CXX object CMakeFiles/dynamixel_controller__rosidl_typesupport_cpp.dir/rosidl_typesupport_cpp/dynamixel_controller/msg/dynamixel_command__type_support.cpp.o[0m
[1.715s] [ 14%] [32mBuilding CXX object CMakeFiles/dynamixel_controller__rosidl_typesupport_fastrtps_cpp.dir/rosidl_typesupport_fastrtps_cpp/dynamixel_controller/msg/detail/dds_fastrtps/dynamixel_command__type_support.cpp.o[0m
[1.716s] [ 16%] [32mBuilding CXX object CMakeFiles/dynamixel_controller__rosidl_typesupport_introspection_cpp.dir/rosidl_typesupport_introspection_cpp/dynamixel_controller/msg/detail/dynamixel_response__type_support.cpp.o[0m
[1.716s] [ 18%] [32mBuilding CXX object CMakeFiles/dynamixel_controller__rosidl_typesupport_fastrtps_cpp.dir/rosidl_typesupport_fastrtps_cpp/dynamixel_controller/msg/detail/dds_fastrtps/dynamixel_response__type_support.cpp.o[0m
[1.718s] [ 20%] [32mBuilding CXX object CMakeFiles/dynamixel_controller__rosidl_typesupport_cpp.dir/rosidl_typesupport_cpp/dynamixel_controller/msg/dynamixel_controller__type_support.cpp.o[0m
[1.718s] [ 22%] [32mBuilding CXX object CMakeFiles/dynamixel_controller__rosidl_typesupport_cpp.dir/rosidl_typesupport_cpp/dynamixel_controller/msg/dynamixel_response__type_support.cpp.o[0m
[1.719s] [ 24%] [32mBuilding CXX object CMakeFiles/dynamixel_controller__rosidl_typesupport_introspection_cpp.dir/rosidl_typesupport_introspection_cpp/dynamixel_controller/msg/detail/dynamixel_controller__type_support.cpp.o[0m
[1.719s] [ 26%] [32mBuilding CXX object CMakeFiles/dynamixel_controller__rosidl_typesupport_introspection_cpp.dir/rosidl_typesupport_introspection_cpp/dynamixel_controller/msg/detail/dynamixel_command__type_support.cpp.o[0m
[1.851s] [ 28%] [32m[1mLinking C shared library libdynamixel_controller__rosidl_generator_c.so[0m
[1.918s] [ 30%] Built target dynamixel_controller__rosidl_generator_c
[1.933s] [35m[1mConsolidate compiler generated dependencies of target dynamixel_controller__rosidl_typesupport_c[0m
[1.938s] [35m[1mConsolidate compiler generated dependencies of target dynamixel_controller__rosidl_typesupport_introspection_c[0m
[1.939s] [35m[1mConsolidate compiler generated dependencies of target dynamixel_controller__rosidl_typesupport_fastrtps_c[0m
[1.948s] [ 32%] [32mBuilding CXX object CMakeFiles/dynamixel_controller__rosidl_typesupport_c.dir/rosidl_typesupport_c/dynamixel_controller/msg/dynamixel_controller__type_support.cpp.o[0m
[1.953s] [ 34%] [32mBuilding CXX object CMakeFiles/dynamixel_controller__rosidl_typesupport_c.dir/rosidl_typesupport_c/dynamixel_controller/msg/dynamixel_response__type_support.cpp.o[0m
[1.954s] [ 36%] [32mBuilding CXX object CMakeFiles/dynamixel_controller__rosidl_typesupport_c.dir/rosidl_typesupport_c/dynamixel_controller/msg/dynamixel_command__type_support.cpp.o[0m
[1.962s] [ 38%] [32mBuilding C object CMakeFiles/dynamixel_controller__rosidl_typesupport_introspection_c.dir/rosidl_typesupport_introspection_c/dynamixel_controller/msg/detail/dynamixel_response__type_support.c.o[0m
[1.962s] [ 40%] [32mBuilding C object CMakeFiles/dynamixel_controller__rosidl_typesupport_introspection_c.dir/rosidl_typesupport_introspection_c/dynamixel_controller/msg/detail/dynamixel_command__type_support.c.o[0m
[1.963s] [ 42%] [32mBuilding C object CMakeFiles/dynamixel_controller__rosidl_typesupport_introspection_c.dir/rosidl_typesupport_introspection_c/dynamixel_controller/msg/detail/dynamixel_controller__type_support.c.o[0m
[1.963s] [ 44%] [32mBuilding CXX object CMakeFiles/dynamixel_controller__rosidl_typesupport_fastrtps_c.dir/rosidl_typesupport_fastrtps_c/dynamixel_controller/msg/detail/dynamixel_response__type_support_c.cpp.o[0m
[1.965s] [ 46%] [32mBuilding CXX object CMakeFiles/dynamixel_controller__rosidl_typesupport_fastrtps_c.dir/rosidl_typesupport_fastrtps_c/dynamixel_controller/msg/detail/dynamixel_controller__type_support_c.cpp.o[0m
[1.965s] [ 48%] [32mBuilding CXX object CMakeFiles/dynamixel_controller__rosidl_typesupport_fastrtps_c.dir/rosidl_typesupport_fastrtps_c/dynamixel_controller/msg/detail/dynamixel_command__type_support_c.cpp.o[0m
[2.025s] [ 51%] [32m[1mLinking CXX shared library libdynamixel_controller__rosidl_typesupport_c.so[0m
[2.080s] [ 53%] Built target dynamixel_controller__rosidl_typesupport_c
[2.103s] [ 55%] [32m[1mLinking C shared library libdynamixel_controller__rosidl_typesupport_introspection_c.so[0m
[2.167s] running egg_info
[2.168s] writing dynamixel_controller.egg-info/PKG-INFO
[2.168s] writing dependency_links to dynamixel_controller.egg-info/dependency_links.txt
[2.169s] writing top-level names to dynamixel_controller.egg-info/top_level.txt
[2.172s] reading manifest file 'dynamixel_controller.egg-info/SOURCES.txt'
[2.173s] writing manifest file 'dynamixel_controller.egg-info/SOURCES.txt'
[2.187s] [ 57%] Built target dynamixel_controller__rosidl_typesupport_introspection_c
[2.214s] [ 57%] Built target ament_cmake_python_build_dynamixel_controller_egg
[2.365s] [ 59%] [32m[1mLinking CXX shared library libdynamixel_controller__rosidl_typesupport_cpp.so[0m
[2.445s] [ 61%] Built target dynamixel_controller__rosidl_typesupport_cpp
[2.470s] [35m[1mConsolidate compiler generated dependencies of target dynamixel_controller_node[0m
[2.507s] [ 63%] [32mBuilding CXX object CMakeFiles/dynamixel_controller_node.dir/src/dynamixel_controller.cpp.o[0m
[2.631s] [ 65%] [32m[1mLinking CXX shared library libdynamixel_controller__rosidl_typesupport_introspection_cpp.so[0m
[2.640s] [ 67%] [32m[1mLinking CXX shared library libdynamixel_controller__rosidl_typesupport_fastrtps_c.so[0m
[2.695s] [ 69%] [32m[1mLinking CXX shared library libdynamixel_controller__rosidl_typesupport_fastrtps_cpp.so[0m
[2.778s] [ 71%] Built target dynamixel_controller__rosidl_typesupport_introspection_cpp
[2.796s] [ 73%] Built target dynamixel_controller__rosidl_typesupport_fastrtps_c
[2.849s] [ 75%] Built target dynamixel_controller__rosidl_typesupport_fastrtps_cpp
[2.889s] [ 75%] Built target dynamixel_controller
[2.927s] [ 77%] Built target dynamixel_controller__py
[2.948s] [35m[1mConsolidate compiler generated dependencies of target dynamixel_controller__rosidl_generator_py[0m
[2.974s] [ 79%] [32mBuilding C object CMakeFiles/dynamixel_controller__rosidl_generator_py.dir/rosidl_generator_py/dynamixel_controller/msg/_dynamixel_response_s.c.o[0m
[2.976s] [ 81%] [32mBuilding C object CMakeFiles/dynamixel_controller__rosidl_generator_py.dir/rosidl_generator_py/dynamixel_controller/msg/_dynamixel_controller_s.c.o[0m
[2.977s] [ 83%] [32mBuilding C object CMakeFiles/dynamixel_controller__rosidl_generator_py.dir/rosidl_generator_py/dynamixel_controller/msg/_dynamixel_command_s.c.o[0m
[3.325s] [ 85%] [32m[1mLinking C shared library rosidl_generator_py/dynamixel_controller/libdynamixel_controller__rosidl_generator_py.so[0m
[3.404s] [ 85%] Built target dynamixel_controller__rosidl_generator_py
[3.428s] [35m[1mConsolidate compiler generated dependencies of target dynamixel_controller__rosidl_typesupport_c__pyext[0m
[3.428s] [35m[1mConsolidate compiler generated dependencies of target dynamixel_controller__rosidl_typesupport_fastrtps_c__pyext[0m
[3.428s] [35m[1mConsolidate compiler generated dependencies of target dynamixel_controller__rosidl_typesupport_introspection_c__pyext[0m
[3.452s] [ 87%] [32mBuilding C object CMakeFiles/dynamixel_controller__rosidl_typesupport_c__pyext.dir/rosidl_generator_py/dynamixel_controller/_dynamixel_controller_s.ep.rosidl_typesupport_c.c.o[0m
[3.452s] [ 89%] [32mBuilding C object CMakeFiles/dynamixel_controller__rosidl_typesupport_introspection_c__pyext.dir/rosidl_generator_py/dynamixel_controller/_dynamixel_controller_s.ep.rosidl_typesupport_introspection_c.c.o[0m
[3.453s] [ 91%] [32mBuilding C object CMakeFiles/dynamixel_controller__rosidl_typesupport_fastrtps_c__pyext.dir/rosidl_generator_py/dynamixel_controller/_dynamixel_controller_s.ep.rosidl_typesupport_fastrtps_c.c.o[0m
[3.701s] [ 93%] [32m[1mLinking C shared library rosidl_generator_py/dynamixel_controller/dynamixel_controller_s__rosidl_typesupport_c.cpython-310-x86_64-linux-gnu.so[0m
[3.703s] [ 95%] [32m[1mLinking C shared library rosidl_generator_py/dynamixel_controller/dynamixel_controller_s__rosidl_typesupport_introspection_c.cpython-310-x86_64-linux-gnu.so[0m
[3.704s] [ 97%] [32m[1mLinking C shared library rosidl_generator_py/dynamixel_controller/dynamixel_controller_s__rosidl_typesupport_fastrtps_c.cpython-310-x86_64-linux-gnu.so[0m
[3.767s] [ 97%] Built target dynamixel_controller__rosidl_typesupport_c__pyext
[3.780s] [ 97%] Built target dynamixel_controller__rosidl_typesupport_fastrtps_c__pyext
[3.780s] [ 97%] Built target dynamixel_controller__rosidl_typesupport_introspection_c__pyext
[12.926s] [100%] [32m[1mLinking CXX executable dynamixel_controller_node[0m
[13.043s] [100%] Built target dynamixel_controller_node
[13.056s] Invoked command in '/home/a/ws_nhk/build/dynamixel_controller' returned '0': AMENT_PREFIX_PATH=/home/a/ws_nhk/install/dynamixel_sdk:${AMENT_PREFIX_PATH} CMAKE_PREFIX_PATH=/home/a/ws_nhk/install/dynamixel_sdk:/home/a/install/field_description_test:/opt/ros/humble LD_LIBRARY_PATH=/home/a/ws_nhk/install/dynamixel_sdk/lib:${LD_LIBRARY_PATH} /usr/bin/cmake --build /home/a/ws_nhk/build/dynamixel_controller -- -j22 -l22
[13.058s] Invoking command in '/home/a/ws_nhk/build/dynamixel_controller': AMENT_PREFIX_PATH=/home/a/ws_nhk/install/dynamixel_sdk:${AMENT_PREFIX_PATH} CMAKE_PREFIX_PATH=/home/a/ws_nhk/install/dynamixel_sdk:/home/a/install/field_description_test:/opt/ros/humble LD_LIBRARY_PATH=/home/a/ws_nhk/install/dynamixel_sdk/lib:${LD_LIBRARY_PATH} /usr/bin/cmake --install /home/a/ws_nhk/build/dynamixel_controller
[13.065s] -- Install configuration: "Release"
[13.066s] -- Up-to-date: /home/a/ws_nhk/install/dynamixel_controller/share/ament_index/resource_index/rosidl_interfaces/dynamixel_controller
[13.066s] -- Up-to-date: /home/a/ws_nhk/install/dynamixel_controller/include/dynamixel_controller/dynamixel_controller
[13.067s] -- Up-to-date: /home/a/ws_nhk/install/dynamixel_controller/include/dynamixel_controller/dynamixel_controller/msg
[13.067s] -- Up-to-date: /home/a/ws_nhk/install/dynamixel_controller/include/dynamixel_controller/dynamixel_controller/msg/rosidl_generator_c__visibility_control.h
[13.067s] -- Up-to-date: /home/a/ws_nhk/install/dynamixel_controller/include/dynamixel_controller/dynamixel_controller/msg/dynamixel_controller.h
[13.067s] -- Up-to-date: /home/a/ws_nhk/install/dynamixel_controller/include/dynamixel_controller/dynamixel_controller/msg/dynamixel_response.h
[13.067s] -- Up-to-date: /home/a/ws_nhk/install/dynamixel_controller/include/dynamixel_controller/dynamixel_controller/msg/detail
[13.067s] -- Up-to-date: /home/a/ws_nhk/install/dynamixel_controller/include/dynamixel_controller/dynamixel_controller/msg/detail/dynamixel_command__functions.c
[13.067s] -- Up-to-date: /home/a/ws_nhk/install/dynamixel_controller/include/dynamixel_controller/dynamixel_controller/msg/detail/dynamixel_controller__functions.c
[13.067s] -- Up-to-date: /home/a/ws_nhk/install/dynamixel_controller/include/dynamixel_controller/dynamixel_controller/msg/detail/dynamixel_controller__functions.h
[13.067s] -- Up-to-date: /home/a/ws_nhk/install/dynamixel_controller/include/dynamixel_controller/dynamixel_controller/msg/detail/dynamixel_command__type_support.h
[13.067s] -- Up-to-date: /home/a/ws_nhk/install/dynamixel_controller/include/dynamixel_controller/dynamixel_controller/msg/detail/dynamixel_command__functions.h
[13.067s] -- Up-to-date: /home/a/ws_nhk/install/dynamixel_controller/include/dynamixel_controller/dynamixel_controller/msg/detail/dynamixel_response__functions.h
[13.067s] -- Up-to-date: /home/a/ws_nhk/install/dynamixel_controller/include/dynamixel_controller/dynamixel_controller/msg/detail/dynamixel_controller__type_support.h
[13.067s] -- Up-to-date: /home/a/ws_nhk/install/dynamixel_controller/include/dynamixel_controller/dynamixel_controller/msg/detail/dynamixel_response__struct.h
[13.067s] -- Up-to-date: /home/a/ws_nhk/install/dynamixel_controller/include/dynamixel_controller/dynamixel_controller/msg/detail/dynamixel_controller__struct.h
[13.067s] -- Up-to-date: /home/a/ws_nhk/install/dynamixel_controller/include/dynamixel_controller/dynamixel_controller/msg/detail/dynamixel_response__type_support.h
[13.067s] -- Up-to-date: /home/a/ws_nhk/install/dynamixel_controller/include/dynamixel_controller/dynamixel_controller/msg/detail/dynamixel_response__functions.c
[13.067s] -- Up-to-date: /home/a/ws_nhk/install/dynamixel_controller/include/dynamixel_controller/dynamixel_controller/msg/detail/dynamixel_command__struct.h
[13.067s] -- Up-to-date: /home/a/ws_nhk/install/dynamixel_controller/include/dynamixel_controller/dynamixel_controller/msg/dynamixel_command.h
[13.067s] -- Up-to-date: /home/a/ws_nhk/install/dynamixel_controller/share/dynamixel_controller/environment/library_path.sh
[13.067s] -- Installing: /home/a/ws_nhk/install/dynamixel_controller/share/dynamixel_controller/environment/library_path.dsv
[13.068s] -- Installing: /home/a/ws_nhk/install/dynamixel_controller/lib/libdynamixel_controller__rosidl_generator_c.so
[13.069s] -- Set runtime path of "/home/a/ws_nhk/install/dynamixel_controller/lib/libdynamixel_controller__rosidl_generator_c.so" to ""
[13.069s] -- Up-to-date: /home/a/ws_nhk/install/dynamixel_controller/include/dynamixel_controller/dynamixel_controller
[13.069s] -- Up-to-date: /home/a/ws_nhk/install/dynamixel_controller/include/dynamixel_controller/dynamixel_controller/msg
[13.069s] -- Up-to-date: /home/a/ws_nhk/install/dynamixel_controller/include/dynamixel_controller/dynamixel_controller/msg/rosidl_typesupport_fastrtps_c__visibility_control.h
[13.069s] -- Up-to-date: /home/a/ws_nhk/install/dynamixel_controller/include/dynamixel_controller/dynamixel_controller/msg/detail
[13.069s] -- Up-to-date: /home/a/ws_nhk/install/dynamixel_controller/include/dynamixel_controller/dynamixel_controller/msg/detail/dynamixel_controller__rosidl_typesupport_fastrtps_c.h
[13.069s] -- Up-to-date: /home/a/ws_nhk/install/dynamixel_controller/include/dynamixel_controller/dynamixel_controller/msg/detail/dynamixel_response__rosidl_typesupport_fastrtps_c.h
[13.069s] -- Up-to-date: /home/a/ws_nhk/install/dynamixel_controller/include/dynamixel_controller/dynamixel_controller/msg/detail/dynamixel_command__rosidl_typesupport_fastrtps_c.h
[13.069s] -- Installing: /home/a/ws_nhk/install/dynamixel_controller/lib/libdynamixel_controller__rosidl_typesupport_fastrtps_c.so
[13.069s] -- Set runtime path of "/home/a/ws_nhk/install/dynamixel_controller/lib/libdynamixel_controller__rosidl_typesupport_fastrtps_c.so" to ""
[13.069s] -- Up-to-date: /home/a/ws_nhk/install/dynamixel_controller/include/dynamixel_controller/dynamixel_controller
[13.070s] -- Up-to-date: /home/a/ws_nhk/install/dynamixel_controller/include/dynamixel_controller/dynamixel_controller/msg
[13.070s] -- Up-to-date: /home/a/ws_nhk/install/dynamixel_controller/include/dynamixel_controller/dynamixel_controller/msg/dynamixel_command.hpp
[13.070s] -- Up-to-date: /home/a/ws_nhk/install/dynamixel_controller/include/dynamixel_controller/dynamixel_controller/msg/dynamixel_response.hpp
[13.070s] -- Up-to-date: /home/a/ws_nhk/install/dynamixel_controller/include/dynamixel_controller/dynamixel_controller/msg/rosidl_generator_cpp__visibility_control.hpp
[13.070s] -- Up-to-date: /home/a/ws_nhk/install/dynamixel_controller/include/dynamixel_controller/dynamixel_controller/msg/dynamixel_controller.hpp
[13.070s] -- Up-to-date: /home/a/ws_nhk/install/dynamixel_controller/include/dynamixel_controller/dynamixel_controller/msg/detail
[13.070s] -- Up-to-date: /home/a/ws_nhk/install/dynamixel_controller/include/dynamixel_controller/dynamixel_controller/msg/detail/dynamixel_controller__type_support.hpp
[13.070s] -- Up-to-date: /home/a/ws_nhk/install/dynamixel_controller/include/dynamixel_controller/dynamixel_controller/msg/detail/dynamixel_response__struct.hpp
[13.070s] -- Up-to-date: /home/a/ws_nhk/install/dynamixel_controller/include/dynamixel_controller/dynamixel_controller/msg/detail/dynamixel_controller__struct.hpp
[13.070s] -- Up-to-date: /home/a/ws_nhk/install/dynamixel_controller/include/dynamixel_controller/dynamixel_controller/msg/detail/dynamixel_controller__builder.hpp
[13.070s] -- Up-to-date: /home/a/ws_nhk/install/dynamixel_controller/include/dynamixel_controller/dynamixel_controller/msg/detail/dynamixel_response__builder.hpp
[13.070s] -- Up-to-date: /home/a/ws_nhk/install/dynamixel_controller/include/dynamixel_controller/dynamixel_controller/msg/detail/dynamixel_response__traits.hpp
[13.070s] -- Up-to-date: /home/a/ws_nhk/install/dynamixel_controller/include/dynamixel_controller/dynamixel_controller/msg/detail/dynamixel_command__type_support.hpp
[13.070s] -- Up-to-date: /home/a/ws_nhk/install/dynamixel_controller/include/dynamixel_controller/dynamixel_controller/msg/detail/dynamixel_command__traits.hpp
[13.070s] -- Up-to-date: /home/a/ws_nhk/install/dynamixel_controller/include/dynamixel_controller/dynamixel_controller/msg/detail/dynamixel_command__builder.hpp
[13.070s] -- Up-to-date: /home/a/ws_nhk/install/dynamixel_controller/include/dynamixel_controller/dynamixel_controller/msg/detail/dynamixel_command__struct.hpp
[13.070s] -- Up-to-date: /home/a/ws_nhk/install/dynamixel_controller/include/dynamixel_controller/dynamixel_controller/msg/detail/dynamixel_response__type_support.hpp
[13.070s] -- Up-to-date: /home/a/ws_nhk/install/dynamixel_controller/include/dynamixel_controller/dynamixel_controller/msg/detail/dynamixel_controller__traits.hpp
[13.070s] -- Up-to-date: /home/a/ws_nhk/install/dynamixel_controller/include/dynamixel_controller/dynamixel_controller
[13.070s] -- Up-to-date: /home/a/ws_nhk/install/dynamixel_controller/include/dynamixel_controller/dynamixel_controller/msg
[13.070s] -- Up-to-date: /home/a/ws_nhk/install/dynamixel_controller/include/dynamixel_controller/dynamixel_controller/msg/detail
[13.070s] -- Up-to-date: /home/a/ws_nhk/install/dynamixel_controller/include/dynamixel_controller/dynamixel_controller/msg/detail/dynamixel_command__rosidl_typesupport_fastrtps_cpp.hpp
[13.070s] -- Up-to-date: /home/a/ws_nhk/install/dynamixel_controller/include/dynamixel_controller/dynamixel_controller/msg/detail/dynamixel_controller__rosidl_typesupport_fastrtps_cpp.hpp
[13.070s] -- Up-to-date: /home/a/ws_nhk/install/dynamixel_controller/include/dynamixel_controller/dynamixel_controller/msg/detail/dynamixel_response__rosidl_typesupport_fastrtps_cpp.hpp
[13.070s] -- Up-to-date: /home/a/ws_nhk/install/dynamixel_controller/include/dynamixel_controller/dynamixel_controller/msg/detail/dds_fastrtps
[13.070s] -- Up-to-date: /home/a/ws_nhk/install/dynamixel_controller/include/dynamixel_controller/dynamixel_controller/msg/rosidl_typesupport_fastrtps_cpp__visibility_control.h
[13.070s] -- Installing: /home/a/ws_nhk/install/dynamixel_controller/lib/libdynamixel_controller__rosidl_typesupport_fastrtps_cpp.so
[13.071s] -- Set runtime path of "/home/a/ws_nhk/install/dynamixel_controller/lib/libdynamixel_controller__rosidl_typesupport_fastrtps_cpp.so" to ""
[13.071s] -- Up-to-date: /home/a/ws_nhk/install/dynamixel_controller/include/dynamixel_controller/dynamixel_controller
[13.071s] -- Up-to-date: /home/a/ws_nhk/install/dynamixel_controller/include/dynamixel_controller/dynamixel_controller/msg
[13.071s] -- Up-to-date: /home/a/ws_nhk/install/dynamixel_controller/include/dynamixel_controller/dynamixel_controller/msg/rosidl_typesupport_introspection_c__visibility_control.h
[13.071s] -- Up-to-date: /home/a/ws_nhk/install/dynamixel_controller/include/dynamixel_controller/dynamixel_controller/msg/detail
[13.071s] -- Up-to-date: /home/a/ws_nhk/install/dynamixel_controller/include/dynamixel_controller/dynamixel_controller/msg/detail/dynamixel_response__type_support.c
[13.071s] -- Up-to-date: /home/a/ws_nhk/install/dynamixel_controller/include/dynamixel_controller/dynamixel_controller/msg/detail/dynamixel_command__type_support.c
[13.071s] -- Up-to-date: /home/a/ws_nhk/install/dynamixel_controller/include/dynamixel_controller/dynamixel_controller/msg/detail/dynamixel_controller__type_support.c
[13.071s] -- Up-to-date: /home/a/ws_nhk/install/dynamixel_controller/include/dynamixel_controller/dynamixel_controller/msg/detail/dynamixel_controller__rosidl_typesupport_introspection_c.h
[13.071s] -- Up-to-date: /home/a/ws_nhk/install/dynamixel_controller/include/dynamixel_controller/dynamixel_controller/msg/detail/dynamixel_command__rosidl_typesupport_introspection_c.h
[13.071s] -- Up-to-date: /home/a/ws_nhk/install/dynamixel_controller/include/dynamixel_controller/dynamixel_controller/msg/detail/dynamixel_response__rosidl_typesupport_introspection_c.h
[13.071s] -- Installing: /home/a/ws_nhk/install/dynamixel_controller/lib/libdynamixel_controller__rosidl_typesupport_introspection_c.so
[13.072s] -- Set runtime path of "/home/a/ws_nhk/install/dynamixel_controller/lib/libdynamixel_controller__rosidl_typesupport_introspection_c.so" to ""
[13.072s] -- Installing: /home/a/ws_nhk/install/dynamixel_controller/lib/libdynamixel_controller__rosidl_typesupport_c.so
[13.072s] -- Set runtime path of "/home/a/ws_nhk/install/dynamixel_controller/lib/libdynamixel_controller__rosidl_typesupport_c.so" to ""
[13.073s] -- Up-to-date: /home/a/ws_nhk/install/dynamixel_controller/include/dynamixel_controller/dynamixel_controller
[13.073s] -- Up-to-date: /home/a/ws_nhk/install/dynamixel_controller/include/dynamixel_controller/dynamixel_controller/msg
[13.073s] -- Up-to-date: /home/a/ws_nhk/install/dynamixel_controller/include/dynamixel_controller/dynamixel_controller/msg/detail
[13.073s] -- Up-to-date: /home/a/ws_nhk/install/dynamixel_controller/include/dynamixel_controller/dynamixel_controller/msg/detail/dynamixel_controller__type_support.cpp
[13.073s] -- Up-to-date: /home/a/ws_nhk/install/dynamixel_controller/include/dynamixel_controller/dynamixel_controller/msg/detail/dynamixel_response__type_support.cpp
[13.073s] -- Up-to-date: /home/a/ws_nhk/install/dynamixel_controller/include/dynamixel_controller/dynamixel_controller/msg/detail/dynamixel_response__rosidl_typesupport_introspection_cpp.hpp
[13.073s] -- Up-to-date: /home/a/ws_nhk/install/dynamixel_controller/include/dynamixel_controller/dynamixel_controller/msg/detail/dynamixel_command__type_support.cpp
[13.073s] -- Up-to-date: /home/a/ws_nhk/install/dynamixel_controller/include/dynamixel_controller/dynamixel_controller/msg/detail/dynamixel_controller__rosidl_typesupport_introspection_cpp.hpp
[13.073s] -- Up-to-date: /home/a/ws_nhk/install/dynamixel_controller/include/dynamixel_controller/dynamixel_controller/msg/detail/dynamixel_command__rosidl_typesupport_introspection_cpp.hpp
[13.073s] -- Installing: /home/a/ws_nhk/install/dynamixel_controller/lib/libdynamixel_controller__rosidl_typesupport_introspection_cpp.so
[13.073s] -- Set runtime path of "/home/a/ws_nhk/install/dynamixel_controller/lib/libdynamixel_controller__rosidl_typesupport_introspection_cpp.so" to ""
[13.073s] -- Installing: /home/a/ws_nhk/install/dynamixel_controller/lib/libdynamixel_controller__rosidl_typesupport_cpp.so
[13.074s] -- Set runtime path of "/home/a/ws_nhk/install/dynamixel_controller/lib/libdynamixel_controller__rosidl_typesupport_cpp.so" to ""
[13.074s] -- Up-to-date: /home/a/ws_nhk/install/dynamixel_controller/share/dynamixel_controller/environment/pythonpath.sh
[13.074s] -- Installing: /home/a/ws_nhk/install/dynamixel_controller/share/dynamixel_controller/environment/pythonpath.dsv
[13.074s] -- Up-to-date: /home/a/ws_nhk/install/dynamixel_controller/local/lib/python3.10/dist-packages/dynamixel_controller-0.0.0-py3.10.egg-info
[13.074s] -- Installing: /home/a/ws_nhk/install/dynamixel_controller/local/lib/python3.10/dist-packages/dynamixel_controller-0.0.0-py3.10.egg-info/top_level.txt
[13.074s] -- Installing: /home/a/ws_nhk/install/dynamixel_controller/local/lib/python3.10/dist-packages/dynamixel_controller-0.0.0-py3.10.egg-info/SOURCES.txt
[13.074s] -- Installing: /home/a/ws_nhk/install/dynamixel_controller/local/lib/python3.10/dist-packages/dynamixel_controller-0.0.0-py3.10.egg-info/PKG-INFO
[13.074s] -- Installing: /home/a/ws_nhk/install/dynamixel_controller/local/lib/python3.10/dist-packages/dynamixel_controller-0.0.0-py3.10.egg-info/dependency_links.txt
[13.075s] -- Up-to-date: /home/a/ws_nhk/install/dynamixel_controller/local/lib/python3.10/dist-packages/dynamixel_controller
[13.075s] -- Up-to-date: /home/a/ws_nhk/install/dynamixel_controller/local/lib/python3.10/dist-packages/dynamixel_controller/msg
[13.075s] -- Up-to-date: /home/a/ws_nhk/install/dynamixel_controller/local/lib/python3.10/dist-packages/dynamixel_controller/msg/_dynamixel_response.py
[13.075s] -- Up-to-date: /home/a/ws_nhk/install/dynamixel_controller/local/lib/python3.10/dist-packages/dynamixel_controller/msg/_dynamixel_controller_s.c
[13.075s] -- Up-to-date: /home/a/ws_nhk/install/dynamixel_controller/local/lib/python3.10/dist-packages/dynamixel_controller/msg/_dynamixel_controller.py
[13.075s] -- Up-to-date: /home/a/ws_nhk/install/dynamixel_controller/local/lib/python3.10/dist-packages/dynamixel_controller/msg/__init__.py
[13.075s] -- Up-to-date: /home/a/ws_nhk/install/dynamixel_controller/local/lib/python3.10/dist-packages/dynamixel_controller/msg/_dynamixel_response_s.c
[13.075s] -- Up-to-date: /home/a/ws_nhk/install/dynamixel_controller/local/lib/python3.10/dist-packages/dynamixel_controller/msg/_dynamixel_command.py
[13.075s] -- Up-to-date: /home/a/ws_nhk/install/dynamixel_controller/local/lib/python3.10/dist-packages/dynamixel_controller/msg/_dynamixel_command_s.c
[13.075s] -- Up-to-date: /home/a/ws_nhk/install/dynamixel_controller/local/lib/python3.10/dist-packages/dynamixel_controller/_dynamixel_controller_s.ep.rosidl_typesupport_introspection_c.c
[13.075s] -- Installing: /home/a/ws_nhk/install/dynamixel_controller/local/lib/python3.10/dist-packages/dynamixel_controller/dynamixel_controller_s__rosidl_typesupport_fastrtps_c.cpython-310-x86_64-linux-gnu.so
[13.075s] -- Installing: /home/a/ws_nhk/install/dynamixel_controller/local/lib/python3.10/dist-packages/dynamixel_controller/__init__.py
[13.075s] -- Installing: /home/a/ws_nhk/install/dynamixel_controller/local/lib/python3.10/dist-packages/dynamixel_controller/dynamixel_controller_s__rosidl_typesupport_introspection_c.cpython-310-x86_64-linux-gnu.so
[13.075s] -- Up-to-date: /home/a/ws_nhk/install/dynamixel_controller/local/lib/python3.10/dist-packages/dynamixel_controller/_dynamixel_controller_s.ep.rosidl_typesupport_fastrtps_c.c
[13.075s] -- Installing: /home/a/ws_nhk/install/dynamixel_controller/local/lib/python3.10/dist-packages/dynamixel_controller/dynamixel_controller_s__rosidl_typesupport_c.cpython-310-x86_64-linux-gnu.so
[13.075s] -- Up-to-date: /home/a/ws_nhk/install/dynamixel_controller/local/lib/python3.10/dist-packages/dynamixel_controller/_dynamixel_controller_s.ep.rosidl_typesupport_c.c
[13.075s] -- Installing: /home/a/ws_nhk/install/dynamixel_controller/local/lib/python3.10/dist-packages/dynamixel_controller/libdynamixel_controller__rosidl_generator_py.so
[13.100s] Listing '/home/a/ws_nhk/install/dynamixel_controller/local/lib/python3.10/dist-packages/dynamixel_controller'...
[13.100s] Compiling '/home/a/ws_nhk/install/dynamixel_controller/local/lib/python3.10/dist-packages/dynamixel_controller/__init__.py'...
[13.100s] Listing '/home/a/ws_nhk/install/dynamixel_controller/local/lib/python3.10/dist-packages/dynamixel_controller/msg'...
[13.103s] -- Installing: /home/a/ws_nhk/install/dynamixel_controller/local/lib/python3.10/dist-packages/dynamixel_controller/dynamixel_controller_s__rosidl_typesupport_fastrtps_c.cpython-310-x86_64-linux-gnu.so
[13.104s] -- Set runtime path of "/home/a/ws_nhk/install/dynamixel_controller/local/lib/python3.10/dist-packages/dynamixel_controller/dynamixel_controller_s__rosidl_typesupport_fastrtps_c.cpython-310-x86_64-linux-gnu.so" to ""
[13.104s] -- Installing: /home/a/ws_nhk/install/dynamixel_controller/local/lib/python3.10/dist-packages/dynamixel_controller/dynamixel_controller_s__rosidl_typesupport_introspection_c.cpython-310-x86_64-linux-gnu.so
[13.104s] -- Set runtime path of "/home/a/ws_nhk/install/dynamixel_controller/local/lib/python3.10/dist-packages/dynamixel_controller/dynamixel_controller_s__rosidl_typesupport_introspection_c.cpython-310-x86_64-linux-gnu.so" to ""
[13.104s] -- Installing: /home/a/ws_nhk/install/dynamixel_controller/local/lib/python3.10/dist-packages/dynamixel_controller/dynamixel_controller_s__rosidl_typesupport_c.cpython-310-x86_64-linux-gnu.so
[13.104s] -- Set runtime path of "/home/a/ws_nhk/install/dynamixel_controller/local/lib/python3.10/dist-packages/dynamixel_controller/dynamixel_controller_s__rosidl_typesupport_c.cpython-310-x86_64-linux-gnu.so" to ""
[13.105s] -- Installing: /home/a/ws_nhk/install/dynamixel_controller/lib/libdynamixel_controller__rosidl_generator_py.so
[13.105s] -- Set runtime path of "/home/a/ws_nhk/install/dynamixel_controller/lib/libdynamixel_controller__rosidl_generator_py.so" to ""
[13.105s] -- Up-to-date: /home/a/ws_nhk/install/dynamixel_controller/share/dynamixel_controller/msg/DynamixelController.idl
[13.105s] -- Up-to-date: /home/a/ws_nhk/install/dynamixel_controller/share/dynamixel_controller/msg/DynamixelCommand.idl
[13.105s] -- Up-to-date: /home/a/ws_nhk/install/dynamixel_controller/share/dynamixel_controller/msg/DynamixelResponse.idl
[13.105s] -- Up-to-date: /home/a/ws_nhk/install/dynamixel_controller/share/dynamixel_controller/msg/DynamixelController.msg
[13.105s] -- Up-to-date: /home/a/ws_nhk/install/dynamixel_controller/share/dynamixel_controller/msg/DynamixelCommand.msg
[13.105s] -- Up-to-date: /home/a/ws_nhk/install/dynamixel_controller/share/dynamixel_controller/msg/DynamixelResponse.msg
[13.106s] -- Installing: /home/a/ws_nhk/install/dynamixel_controller/lib/dynamixel_controller/dynamixel_controller_node
[13.106s] -- Set runtime path of "/home/a/ws_nhk/install/dynamixel_controller/lib/dynamixel_controller/dynamixel_controller_node" to ""
[13.107s] -- Up-to-date: /home/a/ws_nhk/install/dynamixel_controller/share/dynamixel_controller/config
[13.107s] -- Up-to-date: /home/a/ws_nhk/install/dynamixel_controller/share/dynamixel_controller/config/bus_config.yaml
[13.107s] -- Up-to-date: /home/a/ws_nhk/install/dynamixel_controller/share/ament_index/resource_index/package_run_dependencies/dynamixel_controller
[13.107s] -- Up-to-date: /home/a/ws_nhk/install/dynamixel_controller/share/ament_index/resource_index/parent_prefix_path/dynamixel_controller
[13.107s] -- Up-to-date: /home/a/ws_nhk/install/dynamixel_controller/share/dynamixel_controller/environment/ament_prefix_path.sh
[13.107s] -- Installing: /home/a/ws_nhk/install/dynamixel_controller/share/dynamixel_controller/environment/ament_prefix_path.dsv
[13.107s] -- Up-to-date: /home/a/ws_nhk/install/dynamixel_controller/share/dynamixel_controller/environment/path.sh
[13.107s] -- Installing: /home/a/ws_nhk/install/dynamixel_controller/share/dynamixel_controller/environment/path.dsv
[13.107s] -- Up-to-date: /home/a/ws_nhk/install/dynamixel_controller/share/dynamixel_controller/local_setup.bash
[13.107s] -- Up-to-date: /home/a/ws_nhk/install/dynamixel_controller/share/dynamixel_controller/local_setup.sh
[13.107s] -- Up-to-date: /home/a/ws_nhk/install/dynamixel_controller/share/dynamixel_controller/local_setup.zsh
[13.107s] -- Installing: /home/a/ws_nhk/install/dynamixel_controller/share/dynamixel_controller/local_setup.dsv
[13.107s] -- Installing: /home/a/ws_nhk/install/dynamixel_controller/share/dynamixel_controller/package.dsv
[13.107s] -- Up-to-date: /home/a/ws_nhk/install/dynamixel_controller/share/ament_index/resource_index/packages/dynamixel_controller
[13.108s] -- Up-to-date: /home/a/ws_nhk/install/dynamixel_controller/share/dynamixel_controller/cmake/export_dynamixel_controller__rosidl_generator_cExport.cmake
[13.108s] -- Installing: /home/a/ws_nhk/install/dynamixel_controller/share/dynamixel_controller/cmake/export_dynamixel_controller__rosidl_generator_cExport-release.cmake
[13.108s] -- Up-to-date: /home/a/ws_nhk/install/dynamixel_controller/share/dynamixel_controller/cmake/export_dynamixel_controller__rosidl_typesupport_fastrtps_cExport.cmake
[13.109s] -- Installing: /home/a/ws_nhk/install/dynamixel_controller/share/dynamixel_controller/cmake/export_dynamixel_controller__rosidl_typesupport_fastrtps_cExport-release.cmake
[13.109s] -- Up-to-date: /home/a/ws_nhk/install/dynamixel_controller/share/dynamixel_controller/cmake/export_dynamixel_controller__rosidl_generator_cppExport.cmake
[13.109s] -- Up-to-date: /home/a/ws_nhk/install/dynamixel_controller/share/dynamixel_controller/cmake/export_dynamixel_controller__rosidl_typesupport_fastrtps_cppExport.cmake
[13.109s] -- Installing: /home/a/ws_nhk/install/dynamixel_controller/share/dynamixel_controller/cmake/export_dynamixel_controller__rosidl_typesupport_fastrtps_cppExport-release.cmake
[13.109s] -- Up-to-date: /home/a/ws_nhk/install/dynamixel_controller/share/dynamixel_controller/cmake/dynamixel_controller__rosidl_typesupport_introspection_cExport.cmake
[13.109s] -- Installing: /home/a/ws_nhk/install/dynamixel_controller/share/dynamixel_controller/cmake/dynamixel_controller__rosidl_typesupport_introspection_cExport-release.cmake
[13.109s] -- Up-to-date: /home/a/ws_nhk/install/dynamixel_controller/share/dynamixel_controller/cmake/dynamixel_controller__rosidl_typesupport_cExport.cmake
[13.109s] -- Installing: /home/a/ws_nhk/install/dynamixel_controller/share/dynamixel_controller/cmake/dynamixel_controller__rosidl_typesupport_cExport-release.cmake
[13.109s] -- Up-to-date: /home/a/ws_nhk/install/dynamixel_controller/share/dynamixel_controller/cmake/dynamixel_controller__rosidl_typesupport_introspection_cppExport.cmake
[13.109s] -- Installing: /home/a/ws_nhk/install/dynamixel_controller/share/dynamixel_controller/cmake/dynamixel_controller__rosidl_typesupport_introspection_cppExport-release.cmake
[13.110s] -- Up-to-date: /home/a/ws_nhk/install/dynamixel_controller/share/dynamixel_controller/cmake/dynamixel_controller__rosidl_typesupport_cppExport.cmake
[13.110s] -- Installing: /home/a/ws_nhk/install/dynamixel_controller/share/dynamixel_controller/cmake/dynamixel_controller__rosidl_typesupport_cppExport-release.cmake
[13.110s] -- Up-to-date: /home/a/ws_nhk/install/dynamixel_controller/share/dynamixel_controller/cmake/export_dynamixel_controller__rosidl_generator_pyExport.cmake
[13.110s] -- Installing: /home/a/ws_nhk/install/dynamixel_controller/share/dynamixel_controller/cmake/export_dynamixel_controller__rosidl_generator_pyExport-release.cmake
[13.110s] -- Up-to-date: /home/a/ws_nhk/install/dynamixel_controller/share/dynamixel_controller/cmake/rosidl_cmake-extras.cmake
[13.110s] -- Up-to-date: /home/a/ws_nhk/install/dynamixel_controller/share/dynamixel_controller/cmake/ament_cmake_export_dependencies-extras.cmake
[13.110s] -- Up-to-date: /home/a/ws_nhk/install/dynamixel_controller/share/dynamixel_controller/cmake/ament_cmake_export_include_directories-extras.cmake
[13.110s] -- Up-to-date: /home/a/ws_nhk/install/dynamixel_controller/share/dynamixel_controller/cmake/ament_cmake_export_libraries-extras.cmake
[13.110s] -- Up-to-date: /home/a/ws_nhk/install/dynamixel_controller/share/dynamixel_controller/cmake/ament_cmake_export_targets-extras.cmake
[13.110s] -- Up-to-date: /home/a/ws_nhk/install/dynamixel_controller/share/dynamixel_controller/cmake/rosidl_cmake_export_typesupport_targets-extras.cmake
[13.110s] -- Up-to-date: /home/a/ws_nhk/install/dynamixel_controller/share/dynamixel_controller/cmake/rosidl_cmake_export_typesupport_libraries-extras.cmake
[13.110s] -- Up-to-date: /home/a/ws_nhk/install/dynamixel_controller/share/dynamixel_controller/cmake/dynamixel_controllerConfig.cmake
[13.110s] -- Up-to-date: /home/a/ws_nhk/install/dynamixel_controller/share/dynamixel_controller/cmake/dynamixel_controllerConfig-version.cmake
[13.110s] -- Up-to-date: /home/a/ws_nhk/install/dynamixel_controller/share/dynamixel_controller/package.xml
[13.113s] Invoked command in '/home/a/ws_nhk/build/dynamixel_controller' returned '0': AMENT_PREFIX_PATH=/home/a/ws_nhk/install/dynamixel_sdk:${AMENT_PREFIX_PATH} CMAKE_PREFIX_PATH=/home/a/ws_nhk/install/dynamixel_sdk:/home/a/install/field_description_test:/opt/ros/humble LD_LIBRARY_PATH=/home/a/ws_nhk/install/dynamixel_sdk/lib:${LD_LIBRARY_PATH} /usr/bin/cmake --install /home/a/ws_nhk/build/dynamixel_controller
