[0.026s] Invoking command in '/home/a/ws_nhk/build/moveit_ros_robot_interaction': AMENT_PREFIX_PATH=/home/a/ws_nhk/install/moveit_ros_planning:/home/a/ws_nhk/install/moveit_ros_occupancy_map_monitor:/home/a/ws_nhk/install/moveit_core:/home/a/ws_nhk/install/moveit_resources_panda_moveit_config:/home/a/ws_nhk/install/moveit_configs_utils:/home/a/ws_nhk/install/srdfdom:/home/a/ws_nhk/install/moveit_resources_pr2_description:/home/a/ws_nhk/install/moveit_resources_panda_description:/home/a/ws_nhk/install/moveit_common:/home/a/ws_nhk/install/launch_param_builder:${AMENT_PREFIX_PATH} CMAKE_PREFIX_PATH=/home/a/ws_nhk/install/moveit_ros_planning:/home/a/ws_nhk/install/moveit_ros_occupancy_map_monitor:/home/a/ws_nhk/install/moveit_core:/home/a/ws_nhk/install/moveit_resources_panda_moveit_config:/home/a/ws_nhk/install/srdfdom:/home/a/ws_nhk/install/moveit_resources_pr2_description:/home/a/ws_nhk/install/moveit_resources_panda_description:/home/a/ws_nhk/install/moveit_common:/home/a/install/field_description_test:/opt/ros/humble LD_LIBRARY_PATH=/home/a/ws_nhk/install/moveit_ros_planning/lib:/home/a/ws_nhk/install/moveit_ros_occupancy_map_monitor/lib:/home/a/ws_nhk/install/moveit_core/lib:/home/a/ws_nhk/install/srdfdom/lib:${LD_LIBRARY_PATH} PATH=/home/a/ws_nhk/install/moveit_core/bin:${PATH} PYTHONPATH=/home/a/ws_nhk/install/moveit_configs_utils/lib/python3.10/site-packages:/home/a/ws_nhk/install/srdfdom/local/lib/python3.10/dist-packages:/home/a/ws_nhk/install/launch_param_builder/lib/python3.10/site-packages:${PYTHONPATH} /usr/bin/cmake --build /home/a/ws_nhk/build/moveit_ros_robot_interaction -- -j22 -l22
[0.087s] [  7%] [32mBuilding CXX object gtest/CMakeFiles/gtest_main.dir/src/gtest_main.cc.o[0m
[0.091s] [ 15%] [32mBuilding CXX object gtest/CMakeFiles/gtest.dir/src/gtest-all.cc.o[0m
[0.111s] [ 23%] [32m[1mLinking CXX shared library libmoveit_robot_interaction.so[0m
[0.639s] [ 69%] Built target moveit_robot_interaction
[1.906s] [ 76%] [32m[1mLinking CXX static library libgtest_main.a[0m
[2.042s] [ 76%] Built target gtest_main
[11.988s] [ 84%] [32m[1mLinking CXX static library libgtest.a[0m
[12.050s] [ 84%] Built target gtest
[12.093s] [ 92%] [32m[1mLinking CXX executable locked_robot_state_test[0m
[12.499s] [100%] Built target locked_robot_state_test
[12.514s] Invoked command in '/home/a/ws_nhk/build/moveit_ros_robot_interaction' returned '0': AMENT_PREFIX_PATH=/home/a/ws_nhk/install/moveit_ros_planning:/home/a/ws_nhk/install/moveit_ros_occupancy_map_monitor:/home/a/ws_nhk/install/moveit_core:/home/a/ws_nhk/install/moveit_resources_panda_moveit_config:/home/a/ws_nhk/install/moveit_configs_utils:/home/a/ws_nhk/install/srdfdom:/home/a/ws_nhk/install/moveit_resources_pr2_description:/home/a/ws_nhk/install/moveit_resources_panda_description:/home/a/ws_nhk/install/moveit_common:/home/a/ws_nhk/install/launch_param_builder:${AMENT_PREFIX_PATH} CMAKE_PREFIX_PATH=/home/a/ws_nhk/install/moveit_ros_planning:/home/a/ws_nhk/install/moveit_ros_occupancy_map_monitor:/home/a/ws_nhk/install/moveit_core:/home/a/ws_nhk/install/moveit_resources_panda_moveit_config:/home/a/ws_nhk/install/srdfdom:/home/a/ws_nhk/install/moveit_resources_pr2_description:/home/a/ws_nhk/install/moveit_resources_panda_description:/home/a/ws_nhk/install/moveit_common:/home/a/install/field_description_test:/opt/ros/humble LD_LIBRARY_PATH=/home/a/ws_nhk/install/moveit_ros_planning/lib:/home/a/ws_nhk/install/moveit_ros_occupancy_map_monitor/lib:/home/a/ws_nhk/install/moveit_core/lib:/home/a/ws_nhk/install/srdfdom/lib:${LD_LIBRARY_PATH} PATH=/home/a/ws_nhk/install/moveit_core/bin:${PATH} PYTHONPATH=/home/a/ws_nhk/install/moveit_configs_utils/lib/python3.10/site-packages:/home/a/ws_nhk/install/srdfdom/local/lib/python3.10/dist-packages:/home/a/ws_nhk/install/launch_param_builder/lib/python3.10/site-packages:${PYTHONPATH} /usr/bin/cmake --build /home/a/ws_nhk/build/moveit_ros_robot_interaction -- -j22 -l22
[12.518s] Invoking command in '/home/a/ws_nhk/build/moveit_ros_robot_interaction': AMENT_PREFIX_PATH=/home/a/ws_nhk/install/moveit_ros_planning:/home/a/ws_nhk/install/moveit_ros_occupancy_map_monitor:/home/a/ws_nhk/install/moveit_core:/home/a/ws_nhk/install/moveit_resources_panda_moveit_config:/home/a/ws_nhk/install/moveit_configs_utils:/home/a/ws_nhk/install/srdfdom:/home/a/ws_nhk/install/moveit_resources_pr2_description:/home/a/ws_nhk/install/moveit_resources_panda_description:/home/a/ws_nhk/install/moveit_common:/home/a/ws_nhk/install/launch_param_builder:${AMENT_PREFIX_PATH} CMAKE_PREFIX_PATH=/home/a/ws_nhk/install/moveit_ros_planning:/home/a/ws_nhk/install/moveit_ros_occupancy_map_monitor:/home/a/ws_nhk/install/moveit_core:/home/a/ws_nhk/install/moveit_resources_panda_moveit_config:/home/a/ws_nhk/install/srdfdom:/home/a/ws_nhk/install/moveit_resources_pr2_description:/home/a/ws_nhk/install/moveit_resources_panda_description:/home/a/ws_nhk/install/moveit_common:/home/a/install/field_description_test:/opt/ros/humble LD_LIBRARY_PATH=/home/a/ws_nhk/install/moveit_ros_planning/lib:/home/a/ws_nhk/install/moveit_ros_occupancy_map_monitor/lib:/home/a/ws_nhk/install/moveit_core/lib:/home/a/ws_nhk/install/srdfdom/lib:${LD_LIBRARY_PATH} PATH=/home/a/ws_nhk/install/moveit_core/bin:${PATH} PYTHONPATH=/home/a/ws_nhk/install/moveit_configs_utils/lib/python3.10/site-packages:/home/a/ws_nhk/install/srdfdom/local/lib/python3.10/dist-packages:/home/a/ws_nhk/install/launch_param_builder/lib/python3.10/site-packages:${PYTHONPATH} /usr/bin/cmake --install /home/a/ws_nhk/build/moveit_ros_robot_interaction
[12.528s] -- Install configuration: "Release"
[12.529s] -- Installing: /home/a/ws_nhk/install/moveit_ros_robot_interaction/lib/libmoveit_robot_interaction.so.2.5.9
[12.531s] -- Set runtime path of "/home/a/ws_nhk/install/moveit_ros_robot_interaction/lib/libmoveit_robot_interaction.so.2.5.9" to ""
[12.532s] -- Up-to-date: /home/a/ws_nhk/install/moveit_ros_robot_interaction/lib/libmoveit_robot_interaction.so
[12.532s] -- Up-to-date: /home/a/ws_nhk/install/moveit_ros_robot_interaction/include
[12.532s] -- Up-to-date: /home/a/ws_nhk/install/moveit_ros_robot_interaction/include/moveit
[12.532s] -- Up-to-date: /home/a/ws_nhk/install/moveit_ros_robot_interaction/include/moveit/robot_interaction
[12.532s] -- Up-to-date: /home/a/ws_nhk/install/moveit_ros_robot_interaction/include/moveit/robot_interaction/kinematic_options_map.h
[12.532s] -- Up-to-date: /home/a/ws_nhk/install/moveit_ros_robot_interaction/include/moveit/robot_interaction/locked_robot_state.h
[12.532s] -- Up-to-date: /home/a/ws_nhk/install/moveit_ros_robot_interaction/include/moveit/robot_interaction/kinematic_options.h
[12.532s] -- Up-to-date: /home/a/ws_nhk/install/moveit_ros_robot_interaction/include/moveit/robot_interaction/interactive_marker_helpers.h
[12.532s] -- Up-to-date: /home/a/ws_nhk/install/moveit_ros_robot_interaction/include/moveit/robot_interaction/interaction.h
[12.532s] -- Up-to-date: /home/a/ws_nhk/install/moveit_ros_robot_interaction/include/moveit/robot_interaction/robot_interaction.h
[12.533s] -- Up-to-date: /home/a/ws_nhk/install/moveit_ros_robot_interaction/include/moveit/robot_interaction/interaction_handler.h
[12.533s] -- Up-to-date: /home/a/ws_nhk/install/moveit_ros_robot_interaction/include/moveit_robot_interaction_export.h
[12.533s] -- Up-to-date: /home/a/ws_nhk/install/moveit_ros_robot_interaction/share/moveit_ros_robot_interaction/resources
[12.533s] -- Up-to-date: /home/a/ws_nhk/install/moveit_ros_robot_interaction/share/moveit_ros_robot_interaction/resources/access-denied.dae
[12.533s] -- Up-to-date: /home/a/ws_nhk/install/moveit_ros_robot_interaction/share/moveit_ros_robot_interaction/resources/access-denied.stl
[12.534s] -- Up-to-date: /home/a/ws_nhk/install/moveit_ros_robot_interaction/share/moveit_ros_robot_interaction/environment/library_path.sh
[12.534s] -- Up-to-date: /home/a/ws_nhk/install/moveit_ros_robot_interaction/share/moveit_ros_robot_interaction/environment/library_path.dsv
[12.534s] -- Up-to-date: /home/a/ws_nhk/install/moveit_ros_robot_interaction/share/ament_index/resource_index/package_run_dependencies/moveit_ros_robot_interaction
[12.534s] -- Up-to-date: /home/a/ws_nhk/install/moveit_ros_robot_interaction/share/ament_index/resource_index/parent_prefix_path/moveit_ros_robot_interaction
[12.534s] -- Up-to-date: /home/a/ws_nhk/install/moveit_ros_robot_interaction/share/moveit_ros_robot_interaction/environment/ament_prefix_path.sh
[12.534s] -- Up-to-date: /home/a/ws_nhk/install/moveit_ros_robot_interaction/share/moveit_ros_robot_interaction/environment/ament_prefix_path.dsv
[12.535s] -- Up-to-date: /home/a/ws_nhk/install/moveit_ros_robot_interaction/share/moveit_ros_robot_interaction/environment/path.sh
[12.535s] -- Up-to-date: /home/a/ws_nhk/install/moveit_ros_robot_interaction/share/moveit_ros_robot_interaction/environment/path.dsv
[12.535s] -- Up-to-date: /home/a/ws_nhk/install/moveit_ros_robot_interaction/share/moveit_ros_robot_interaction/local_setup.bash
[12.535s] -- Up-to-date: /home/a/ws_nhk/install/moveit_ros_robot_interaction/share/moveit_ros_robot_interaction/local_setup.sh
[12.535s] -- Up-to-date: /home/a/ws_nhk/install/moveit_ros_robot_interaction/share/moveit_ros_robot_interaction/local_setup.zsh
[12.535s] -- Up-to-date: /home/a/ws_nhk/install/moveit_ros_robot_interaction/share/moveit_ros_robot_interaction/local_setup.dsv
[12.535s] -- Installing: /home/a/ws_nhk/install/moveit_ros_robot_interaction/share/moveit_ros_robot_interaction/package.dsv
[12.535s] -- Up-to-date: /home/a/ws_nhk/install/moveit_ros_robot_interaction/share/ament_index/resource_index/packages/moveit_ros_robot_interaction
[12.535s] -- Up-to-date: /home/a/ws_nhk/install/moveit_ros_robot_interaction/share/moveit_ros_robot_interaction/cmake/export_moveit_ros_robot_interactionExport.cmake
[12.536s] -- Up-to-date: /home/a/ws_nhk/install/moveit_ros_robot_interaction/share/moveit_ros_robot_interaction/cmake/export_moveit_ros_robot_interactionExport-release.cmake
[12.536s] -- Up-to-date: /home/a/ws_nhk/install/moveit_ros_robot_interaction/share/moveit_ros_robot_interaction/cmake/ament_cmake_export_targets-extras.cmake
[12.536s] -- Up-to-date: /home/a/ws_nhk/install/moveit_ros_robot_interaction/share/moveit_ros_robot_interaction/cmake/ament_cmake_export_dependencies-extras.cmake
[12.536s] -- Up-to-date: /home/a/ws_nhk/install/moveit_ros_robot_interaction/share/moveit_ros_robot_interaction/cmake/moveit_ros_robot_interactionConfig.cmake
[12.536s] -- Up-to-date: /home/a/ws_nhk/install/moveit_ros_robot_interaction/share/moveit_ros_robot_interaction/cmake/moveit_ros_robot_interactionConfig-version.cmake
[12.536s] -- Up-to-date: /home/a/ws_nhk/install/moveit_ros_robot_interaction/share/moveit_ros_robot_interaction/package.xml
[12.540s] Invoked command in '/home/a/ws_nhk/build/moveit_ros_robot_interaction' returned '0': AMENT_PREFIX_PATH=/home/a/ws_nhk/install/moveit_ros_planning:/home/a/ws_nhk/install/moveit_ros_occupancy_map_monitor:/home/a/ws_nhk/install/moveit_core:/home/a/ws_nhk/install/moveit_resources_panda_moveit_config:/home/a/ws_nhk/install/moveit_configs_utils:/home/a/ws_nhk/install/srdfdom:/home/a/ws_nhk/install/moveit_resources_pr2_description:/home/a/ws_nhk/install/moveit_resources_panda_description:/home/a/ws_nhk/install/moveit_common:/home/a/ws_nhk/install/launch_param_builder:${AMENT_PREFIX_PATH} CMAKE_PREFIX_PATH=/home/a/ws_nhk/install/moveit_ros_planning:/home/a/ws_nhk/install/moveit_ros_occupancy_map_monitor:/home/a/ws_nhk/install/moveit_core:/home/a/ws_nhk/install/moveit_resources_panda_moveit_config:/home/a/ws_nhk/install/srdfdom:/home/a/ws_nhk/install/moveit_resources_pr2_description:/home/a/ws_nhk/install/moveit_resources_panda_description:/home/a/ws_nhk/install/moveit_common:/home/a/install/field_description_test:/opt/ros/humble LD_LIBRARY_PATH=/home/a/ws_nhk/install/moveit_ros_planning/lib:/home/a/ws_nhk/install/moveit_ros_occupancy_map_monitor/lib:/home/a/ws_nhk/install/moveit_core/lib:/home/a/ws_nhk/install/srdfdom/lib:${LD_LIBRARY_PATH} PATH=/home/a/ws_nhk/install/moveit_core/bin:${PATH} PYTHONPATH=/home/a/ws_nhk/install/moveit_configs_utils/lib/python3.10/site-packages:/home/a/ws_nhk/install/srdfdom/local/lib/python3.10/dist-packages:/home/a/ws_nhk/install/launch_param_builder/lib/python3.10/site-packages:${PYTHONPATH} /usr/bin/cmake --install /home/a/ws_nhk/build/moveit_ros_robot_interaction
