[0.411s] Invoking command in '/home/a/ws_nhk/build/arm_module_description': CMAKE_PREFIX_PATH=${CMAKE_PREFIX_PATH}:/home/a/ws_nhk/install/ikeyaMD_wizard:/home/a/ws_nhk/install/moveit_configs_utils:/home/a/ws_nhk/install/rogidrive:/home/a/ws_nhk/install/launch_param_builder:/home/a/ws_nhk/install/dynamixel_controller_gui:/home/a/ws_nhk/install/dynamixel_controller_client:/opt/ros/humble /usr/bin/cmake --build /home/a/ws_nhk/build/arm_module_description -- -j22 -l22
[1.171s] Invoked command in '/home/a/ws_nhk/build/arm_module_description' returned '0': CMAKE_PREFIX_PATH=${CMAKE_PREFIX_PATH}:/home/a/ws_nhk/install/ikeyaMD_wizard:/home/a/ws_nhk/install/moveit_configs_utils:/home/a/ws_nhk/install/rogidrive:/home/a/ws_nhk/install/launch_param_builder:/home/a/ws_nhk/install/dynamixel_controller_gui:/home/a/ws_nhk/install/dynamixel_controller_client:/opt/ros/humble /usr/bin/cmake --build /home/a/ws_nhk/build/arm_module_description -- -j22 -l22
[1.175s] Invoking command in '/home/a/ws_nhk/build/arm_module_description': CMAKE_PREFIX_PATH=${CMAKE_PREFIX_PATH}:/home/a/ws_nhk/install/ikeyaMD_wizard:/home/a/ws_nhk/install/moveit_configs_utils:/home/a/ws_nhk/install/rogidrive:/home/a/ws_nhk/install/launch_param_builder:/home/a/ws_nhk/install/dynamixel_controller_gui:/home/a/ws_nhk/install/dynamixel_controller_client:/opt/ros/humble /usr/bin/cmake --install /home/a/ws_nhk/build/arm_module_description
[1.283s] -- Install configuration: ""
[1.284s] -- Up-to-date: /home/a/ws_nhk/install/arm_module_description/share/arm_module_description/meshes
[1.284s] -- Up-to-date: /home/a/ws_nhk/install/arm_module_description/share/arm_module_description/meshes/base_link.stl
[1.284s] -- Up-to-date: /home/a/ws_nhk/install/arm_module_description/share/arm_module_description/meshes/Link3_1.stl
[1.284s] -- Up-to-date: /home/a/ws_nhk/install/arm_module_description/share/arm_module_description/meshes/Link2_1.stl
[1.284s] -- Up-to-date: /home/a/ws_nhk/install/arm_module_description/share/arm_module_description/meshes/Link1_1.stl
[1.284s] -- Up-to-date: /home/a/ws_nhk/install/arm_module_description/share/arm_module_description/urdf
[1.284s] -- Up-to-date: /home/a/ws_nhk/install/arm_module_description/share/arm_module_description/urdf/arm_module.xacro
[1.284s] -- Up-to-date: /home/a/ws_nhk/install/arm_module_description/share/arm_module_description/urdf/materials.xacro
[1.284s] -- Up-to-date: /home/a/ws_nhk/install/arm_module_description/share/arm_module_description/urdf/materials.urdf
[1.285s] -- Up-to-date: /home/a/ws_nhk/install/arm_module_description/share/arm_module_description/urdf/arm_module.urdf
[1.285s] -- Up-to-date: /home/a/ws_nhk/install/arm_module_description/share/arm_module_description/urdf/arm_module.trans
[1.285s] -- Up-to-date: /home/a/ws_nhk/install/arm_module_description/share/arm_module_description/launch
[1.285s] -- Up-to-date: /home/a/ws_nhk/install/arm_module_description/share/arm_module_description/launch/robot_description.launch.py
[1.285s] -- Up-to-date: /home/a/ws_nhk/install/arm_module_description/share/ament_index/resource_index/package_run_dependencies/arm_module_description
[1.285s] -- Up-to-date: /home/a/ws_nhk/install/arm_module_description/share/ament_index/resource_index/parent_prefix_path/arm_module_description
[1.285s] -- Up-to-date: /home/a/ws_nhk/install/arm_module_description/share/arm_module_description/environment/ament_prefix_path.sh
[1.285s] -- Up-to-date: /home/a/ws_nhk/install/arm_module_description/share/arm_module_description/environment/ament_prefix_path.dsv
[1.285s] -- Up-to-date: /home/a/ws_nhk/install/arm_module_description/share/arm_module_description/environment/path.sh
[1.285s] -- Up-to-date: /home/a/ws_nhk/install/arm_module_description/share/arm_module_description/environment/path.dsv
[1.286s] -- Up-to-date: /home/a/ws_nhk/install/arm_module_description/share/arm_module_description/local_setup.bash
[1.286s] -- Up-to-date: /home/a/ws_nhk/install/arm_module_description/share/arm_module_description/local_setup.sh
[1.286s] -- Up-to-date: /home/a/ws_nhk/install/arm_module_description/share/arm_module_description/local_setup.zsh
[1.287s] -- Up-to-date: /home/a/ws_nhk/install/arm_module_description/share/arm_module_description/local_setup.dsv
[1.287s] -- Installing: /home/a/ws_nhk/install/arm_module_description/share/arm_module_description/package.dsv
[1.287s] -- Up-to-date: /home/a/ws_nhk/install/arm_module_description/share/ament_index/resource_index/packages/arm_module_description
[1.287s] -- Up-to-date: /home/a/ws_nhk/install/arm_module_description/share/arm_module_description/cmake/arm_module_descriptionConfig.cmake
[1.287s] -- Up-to-date: /home/a/ws_nhk/install/arm_module_description/share/arm_module_description/cmake/arm_module_descriptionConfig-version.cmake
[1.287s] -- Up-to-date: /home/a/ws_nhk/install/arm_module_description/share/arm_module_description/package.xml
[1.903s] Invoked command in '/home/a/ws_nhk/build/arm_module_description' returned '0': CMAKE_PREFIX_PATH=${CMAKE_PREFIX_PATH}:/home/a/ws_nhk/install/ikeyaMD_wizard:/home/a/ws_nhk/install/moveit_configs_utils:/home/a/ws_nhk/install/rogidrive:/home/a/ws_nhk/install/launch_param_builder:/home/a/ws_nhk/install/dynamixel_controller_gui:/home/a/ws_nhk/install/dynamixel_controller_client:/opt/ros/humble /usr/bin/cmake --install /home/a/ws_nhk/build/arm_module_description
