[0.066s] Invoking command in '/home/a/ws_nhk/build/moveit_ros_control_interface': AMENT_PREFIX_PATH=/home/a/ws_nhk/install/moveit_simple_controller_manager:/home/a/ws_nhk/install/moveit_core:/home/a/ws_nhk/install/moveit_resources_panda_moveit_config:/home/a/ws_nhk/install/srdfdom:/home/a/ws_nhk/install/moveit_resources_pr2_description:/home/a/ws_nhk/install/moveit_resources_panda_description:/home/a/ws_nhk/install/moveit_common:${AMENT_PREFIX_PATH} CMAKE_PREFIX_PATH=/home/a/ws_nhk/install/moveit_simple_controller_manager:/home/a/ws_nhk/install/moveit_core:/home/a/ws_nhk/install/moveit_resources_panda_moveit_config:/home/a/ws_nhk/install/srdfdom:/home/a/ws_nhk/install/moveit_resources_pr2_description:/home/a/ws_nhk/install/moveit_resources_panda_description:/home/a/ws_nhk/install/moveit_common:/home/a/install/field_description_test:/opt/ros/humble LD_LIBRARY_PATH=/home/a/ws_nhk/install/moveit_simple_controller_manager/lib:/home/a/ws_nhk/install/moveit_core/lib:/home/a/ws_nhk/install/srdfdom/lib:${LD_LIBRARY_PATH} PATH=/home/a/ws_nhk/install/moveit_core/bin:${PATH} PYTHONPATH=/home/a/ws_nhk/install/srdfdom/local/lib/python3.10/dist-packages:${PYTHONPATH} /usr/bin/cmake --build /home/a/ws_nhk/build/moveit_ros_control_interface -- -j22 -l22
[0.118s] [35m[1mConsolidate compiler generated dependencies of target gtest_main[0m
[0.121s] [35m[1mConsolidate compiler generated dependencies of target gtest[0m
[0.133s] [ 14%] Built target gtest_main
[0.134s] [ 28%] Built target gtest
[0.135s] [ 42%] Built target moveit_ros_control_interface_empty_plugin
[0.143s] [ 57%] Built target moveit_ros_control_interface_trajectory_plugin
[0.143s] [ 71%] Built target moveit_ros_control_interface_gripper_plugin
[0.144s] [ 85%] Built target moveit_ros_control_interface_plugin
[0.171s] [100%] Built target test_controller_manager_plugin
[0.200s] Invoked command in '/home/a/ws_nhk/build/moveit_ros_control_interface' returned '0': AMENT_PREFIX_PATH=/home/a/ws_nhk/install/moveit_simple_controller_manager:/home/a/ws_nhk/install/moveit_core:/home/a/ws_nhk/install/moveit_resources_panda_moveit_config:/home/a/ws_nhk/install/srdfdom:/home/a/ws_nhk/install/moveit_resources_pr2_description:/home/a/ws_nhk/install/moveit_resources_panda_description:/home/a/ws_nhk/install/moveit_common:${AMENT_PREFIX_PATH} CMAKE_PREFIX_PATH=/home/a/ws_nhk/install/moveit_simple_controller_manager:/home/a/ws_nhk/install/moveit_core:/home/a/ws_nhk/install/moveit_resources_panda_moveit_config:/home/a/ws_nhk/install/srdfdom:/home/a/ws_nhk/install/moveit_resources_pr2_description:/home/a/ws_nhk/install/moveit_resources_panda_description:/home/a/ws_nhk/install/moveit_common:/home/a/install/field_description_test:/opt/ros/humble LD_LIBRARY_PATH=/home/a/ws_nhk/install/moveit_simple_controller_manager/lib:/home/a/ws_nhk/install/moveit_core/lib:/home/a/ws_nhk/install/srdfdom/lib:${LD_LIBRARY_PATH} PATH=/home/a/ws_nhk/install/moveit_core/bin:${PATH} PYTHONPATH=/home/a/ws_nhk/install/srdfdom/local/lib/python3.10/dist-packages:${PYTHONPATH} /usr/bin/cmake --build /home/a/ws_nhk/build/moveit_ros_control_interface -- -j22 -l22
[0.200s] Invoking command in '/home/a/ws_nhk/build/moveit_ros_control_interface': AMENT_PREFIX_PATH=/home/a/ws_nhk/install/moveit_simple_controller_manager:/home/a/ws_nhk/install/moveit_core:/home/a/ws_nhk/install/moveit_resources_panda_moveit_config:/home/a/ws_nhk/install/srdfdom:/home/a/ws_nhk/install/moveit_resources_pr2_description:/home/a/ws_nhk/install/moveit_resources_panda_description:/home/a/ws_nhk/install/moveit_common:${AMENT_PREFIX_PATH} CMAKE_PREFIX_PATH=/home/a/ws_nhk/install/moveit_simple_controller_manager:/home/a/ws_nhk/install/moveit_core:/home/a/ws_nhk/install/moveit_resources_panda_moveit_config:/home/a/ws_nhk/install/srdfdom:/home/a/ws_nhk/install/moveit_resources_pr2_description:/home/a/ws_nhk/install/moveit_resources_panda_description:/home/a/ws_nhk/install/moveit_common:/home/a/install/field_description_test:/opt/ros/humble LD_LIBRARY_PATH=/home/a/ws_nhk/install/moveit_simple_controller_manager/lib:/home/a/ws_nhk/install/moveit_core/lib:/home/a/ws_nhk/install/srdfdom/lib:${LD_LIBRARY_PATH} PATH=/home/a/ws_nhk/install/moveit_core/bin:${PATH} PYTHONPATH=/home/a/ws_nhk/install/srdfdom/local/lib/python3.10/dist-packages:${PYTHONPATH} /usr/bin/cmake --install /home/a/ws_nhk/build/moveit_ros_control_interface
[0.209s] -- Install configuration: "Release"
[0.209s] -- Up-to-date: /home/a/ws_nhk/install/moveit_ros_control_interface/lib/libmoveit_ros_control_interface_plugin.so.2.5.9
[0.209s] -- Up-to-date: /home/a/ws_nhk/install/moveit_ros_control_interface/lib/libmoveit_ros_control_interface_plugin.so
[0.210s] -- Up-to-date: /home/a/ws_nhk/install/moveit_ros_control_interface/lib/libmoveit_ros_control_interface_trajectory_plugin.so.2.5.9
[0.210s] -- Up-to-date: /home/a/ws_nhk/install/moveit_ros_control_interface/lib/libmoveit_ros_control_interface_trajectory_plugin.so
[0.210s] -- Up-to-date: /home/a/ws_nhk/install/moveit_ros_control_interface/lib/libmoveit_ros_control_interface_gripper_plugin.so.2.5.9
[0.210s] -- Up-to-date: /home/a/ws_nhk/install/moveit_ros_control_interface/lib/libmoveit_ros_control_interface_gripper_plugin.so
[0.210s] -- Up-to-date: /home/a/ws_nhk/install/moveit_ros_control_interface/lib/libmoveit_ros_control_interface_empty_plugin.so.2.5.9
[0.210s] -- Up-to-date: /home/a/ws_nhk/install/moveit_ros_control_interface/lib/libmoveit_ros_control_interface_empty_plugin.so
[0.211s] -- Up-to-date: /home/a/ws_nhk/install/moveit_ros_control_interface/include
[0.211s] -- Up-to-date: /home/a/ws_nhk/install/moveit_ros_control_interface/include/moveit_ros_control_interface
[0.211s] -- Up-to-date: /home/a/ws_nhk/install/moveit_ros_control_interface/include/moveit_ros_control_interface/ControllerHandle.h
[0.211s] -- Up-to-date: /home/a/ws_nhk/install/moveit_ros_control_interface/share/moveit_ros_control_interface/moveit_core_plugins.xml
[0.211s] -- Up-to-date: /home/a/ws_nhk/install/moveit_ros_control_interface/share/moveit_ros_control_interface/moveit_ros_control_interface_plugins.xml
[0.211s] -- Up-to-date: /home/a/ws_nhk/install/moveit_ros_control_interface/share/moveit_ros_control_interface/environment/library_path.sh
[0.211s] -- Up-to-date: /home/a/ws_nhk/install/moveit_ros_control_interface/share/moveit_ros_control_interface/environment/library_path.dsv
[0.211s] -- Up-to-date: /home/a/ws_nhk/install/moveit_ros_control_interface/share/ament_index/resource_index/package_run_dependencies/moveit_ros_control_interface
[0.211s] -- Up-to-date: /home/a/ws_nhk/install/moveit_ros_control_interface/share/ament_index/resource_index/parent_prefix_path/moveit_ros_control_interface
[0.211s] -- Up-to-date: /home/a/ws_nhk/install/moveit_ros_control_interface/share/moveit_ros_control_interface/environment/ament_prefix_path.sh
[0.212s] -- Up-to-date: /home/a/ws_nhk/install/moveit_ros_control_interface/share/moveit_ros_control_interface/environment/ament_prefix_path.dsv
[0.212s] -- Up-to-date: /home/a/ws_nhk/install/moveit_ros_control_interface/share/moveit_ros_control_interface/environment/path.sh
[0.212s] -- Up-to-date: /home/a/ws_nhk/install/moveit_ros_control_interface/share/moveit_ros_control_interface/environment/path.dsv
[0.212s] -- Up-to-date: /home/a/ws_nhk/install/moveit_ros_control_interface/share/moveit_ros_control_interface/local_setup.bash
[0.212s] -- Up-to-date: /home/a/ws_nhk/install/moveit_ros_control_interface/share/moveit_ros_control_interface/local_setup.sh
[0.212s] -- Up-to-date: /home/a/ws_nhk/install/moveit_ros_control_interface/share/moveit_ros_control_interface/local_setup.zsh
[0.212s] -- Up-to-date: /home/a/ws_nhk/install/moveit_ros_control_interface/share/moveit_ros_control_interface/local_setup.dsv
[0.212s] -- Installing: /home/a/ws_nhk/install/moveit_ros_control_interface/share/moveit_ros_control_interface/package.dsv
[0.212s] -- Up-to-date: /home/a/ws_nhk/install/moveit_ros_control_interface/share/ament_index/resource_index/packages/moveit_ros_control_interface
[0.212s] -- Up-to-date: /home/a/ws_nhk/install/moveit_ros_control_interface/share/ament_index/resource_index/moveit_core__pluginlib__plugin/moveit_ros_control_interface
[0.213s] -- Up-to-date: /home/a/ws_nhk/install/moveit_ros_control_interface/share/ament_index/resource_index/moveit_ros_control_interface__pluginlib__plugin/moveit_ros_control_interface
[0.213s] -- Up-to-date: /home/a/ws_nhk/install/moveit_ros_control_interface/share/moveit_ros_control_interface/cmake/export_moveit_ros_control_interfaceExport.cmake
[0.213s] -- Up-to-date: /home/a/ws_nhk/install/moveit_ros_control_interface/share/moveit_ros_control_interface/cmake/export_moveit_ros_control_interfaceExport-release.cmake
[0.213s] -- Up-to-date: /home/a/ws_nhk/install/moveit_ros_control_interface/share/moveit_ros_control_interface/cmake/ConfigExtras.cmake
[0.213s] -- Up-to-date: /home/a/ws_nhk/install/moveit_ros_control_interface/share/moveit_ros_control_interface/cmake/ament_cmake_export_targets-extras.cmake
[0.213s] -- Up-to-date: /home/a/ws_nhk/install/moveit_ros_control_interface/share/moveit_ros_control_interface/cmake/ament_cmake_export_dependencies-extras.cmake
[0.213s] -- Up-to-date: /home/a/ws_nhk/install/moveit_ros_control_interface/share/moveit_ros_control_interface/cmake/moveit_ros_control_interfaceConfig.cmake
[0.213s] -- Up-to-date: /home/a/ws_nhk/install/moveit_ros_control_interface/share/moveit_ros_control_interface/cmake/moveit_ros_control_interfaceConfig-version.cmake
[0.213s] -- Up-to-date: /home/a/ws_nhk/install/moveit_ros_control_interface/share/moveit_ros_control_interface/package.xml
[0.227s] Invoked command in '/home/a/ws_nhk/build/moveit_ros_control_interface' returned '0': AMENT_PREFIX_PATH=/home/a/ws_nhk/install/moveit_simple_controller_manager:/home/a/ws_nhk/install/moveit_core:/home/a/ws_nhk/install/moveit_resources_panda_moveit_config:/home/a/ws_nhk/install/srdfdom:/home/a/ws_nhk/install/moveit_resources_pr2_description:/home/a/ws_nhk/install/moveit_resources_panda_description:/home/a/ws_nhk/install/moveit_common:${AMENT_PREFIX_PATH} CMAKE_PREFIX_PATH=/home/a/ws_nhk/install/moveit_simple_controller_manager:/home/a/ws_nhk/install/moveit_core:/home/a/ws_nhk/install/moveit_resources_panda_moveit_config:/home/a/ws_nhk/install/srdfdom:/home/a/ws_nhk/install/moveit_resources_pr2_description:/home/a/ws_nhk/install/moveit_resources_panda_description:/home/a/ws_nhk/install/moveit_common:/home/a/install/field_description_test:/opt/ros/humble LD_LIBRARY_PATH=/home/a/ws_nhk/install/moveit_simple_controller_manager/lib:/home/a/ws_nhk/install/moveit_core/lib:/home/a/ws_nhk/install/srdfdom/lib:${LD_LIBRARY_PATH} PATH=/home/a/ws_nhk/install/moveit_core/bin:${PATH} PYTHONPATH=/home/a/ws_nhk/install/srdfdom/local/lib/python3.10/dist-packages:${PYTHONPATH} /usr/bin/cmake --install /home/a/ws_nhk/build/moveit_ros_control_interface
