[0.030s] Invoking command in '/home/a/ws_nhk/build/moveit_planners_ompl': AMENT_PREFIX_PATH=/home/a/ws_nhk/install/moveit_ros_planning:/home/a/ws_nhk/install/moveit_ros_occupancy_map_monitor:/home/a/ws_nhk/install/moveit_core:/home/a/ws_nhk/install/moveit_resources_panda_moveit_config:/home/a/ws_nhk/install/moveit_resources_fanuc_moveit_config:/home/a/ws_nhk/install/moveit_configs_utils:/home/a/ws_nhk/install/srdfdom:/home/a/ws_nhk/install/moveit_resources_pr2_description:/home/a/ws_nhk/install/moveit_resources_panda_description:/home/a/ws_nhk/install/moveit_resources_fanuc_description:/home/a/ws_nhk/install/moveit_common:/home/a/ws_nhk/install/launch_param_builder:${AMENT_PREFIX_PATH} CMAKE_PREFIX_PATH=/home/a/ws_nhk/install/moveit_ros_planning:/home/a/ws_nhk/install/moveit_ros_occupancy_map_monitor:/home/a/ws_nhk/install/moveit_core:/home/a/ws_nhk/install/moveit_resources_panda_moveit_config:/home/a/ws_nhk/install/moveit_resources_fanuc_moveit_config:/home/a/ws_nhk/install/srdfdom:/home/a/ws_nhk/install/moveit_resources_pr2_description:/home/a/ws_nhk/install/moveit_resources_panda_description:/home/a/ws_nhk/install/moveit_resources_fanuc_description:/home/a/ws_nhk/install/moveit_common:/home/a/install/field_description_test:/opt/ros/humble LD_LIBRARY_PATH=/home/a/ws_nhk/install/moveit_ros_planning/lib:/home/a/ws_nhk/install/moveit_ros_occupancy_map_monitor/lib:/home/a/ws_nhk/install/moveit_core/lib:/home/a/ws_nhk/install/srdfdom/lib:${LD_LIBRARY_PATH} PATH=/home/a/ws_nhk/install/moveit_core/bin:${PATH} PYTHONPATH=/home/a/ws_nhk/install/moveit_configs_utils/lib/python3.10/site-packages:/home/a/ws_nhk/install/srdfdom/local/lib/python3.10/dist-packages:/home/a/ws_nhk/install/launch_param_builder/lib/python3.10/site-packages:${PYTHONPATH} /usr/bin/cmake --build /home/a/ws_nhk/build/moveit_planners_ompl -- -j22 -l22
[0.092s] [35m[1mConsolidate compiler generated dependencies of target gtest[0m
[0.095s] [35m[1mConsolidate compiler generated dependencies of target gtest_main[0m
[0.108s] [  4%] Built target gtest
[0.110s] [  9%] Built target gtest_main
[0.140s] [35m[1mConsolidate compiler generated dependencies of target moveit_ompl_interface[0m
[0.240s] [ 60%] Built target moveit_ompl_interface
[0.281s] [ 65%] Built target test_threadsafe_state_storage
[0.282s] [ 70%] Built target moveit_ompl_planner_plugin
[0.282s] [ 75%] Built target test_constrained_planning_state_space
[0.282s] [ 80%] Built target test_planning_context_manager
[0.284s] [ 85%] Built target test_state_validity_checker
[0.285s] [ 90%] Built target test_state_space
[0.288s] [ 95%] Built target test_constrained_state_validity_checker
[0.305s] [100%] Built target moveit_generate_state_database
[0.355s] Invoked command in '/home/a/ws_nhk/build/moveit_planners_ompl' returned '0': AMENT_PREFIX_PATH=/home/a/ws_nhk/install/moveit_ros_planning:/home/a/ws_nhk/install/moveit_ros_occupancy_map_monitor:/home/a/ws_nhk/install/moveit_core:/home/a/ws_nhk/install/moveit_resources_panda_moveit_config:/home/a/ws_nhk/install/moveit_resources_fanuc_moveit_config:/home/a/ws_nhk/install/moveit_configs_utils:/home/a/ws_nhk/install/srdfdom:/home/a/ws_nhk/install/moveit_resources_pr2_description:/home/a/ws_nhk/install/moveit_resources_panda_description:/home/a/ws_nhk/install/moveit_resources_fanuc_description:/home/a/ws_nhk/install/moveit_common:/home/a/ws_nhk/install/launch_param_builder:${AMENT_PREFIX_PATH} CMAKE_PREFIX_PATH=/home/a/ws_nhk/install/moveit_ros_planning:/home/a/ws_nhk/install/moveit_ros_occupancy_map_monitor:/home/a/ws_nhk/install/moveit_core:/home/a/ws_nhk/install/moveit_resources_panda_moveit_config:/home/a/ws_nhk/install/moveit_resources_fanuc_moveit_config:/home/a/ws_nhk/install/srdfdom:/home/a/ws_nhk/install/moveit_resources_pr2_description:/home/a/ws_nhk/install/moveit_resources_panda_description:/home/a/ws_nhk/install/moveit_resources_fanuc_description:/home/a/ws_nhk/install/moveit_common:/home/a/install/field_description_test:/opt/ros/humble LD_LIBRARY_PATH=/home/a/ws_nhk/install/moveit_ros_planning/lib:/home/a/ws_nhk/install/moveit_ros_occupancy_map_monitor/lib:/home/a/ws_nhk/install/moveit_core/lib:/home/a/ws_nhk/install/srdfdom/lib:${LD_LIBRARY_PATH} PATH=/home/a/ws_nhk/install/moveit_core/bin:${PATH} PYTHONPATH=/home/a/ws_nhk/install/moveit_configs_utils/lib/python3.10/site-packages:/home/a/ws_nhk/install/srdfdom/local/lib/python3.10/dist-packages:/home/a/ws_nhk/install/launch_param_builder/lib/python3.10/site-packages:${PYTHONPATH} /usr/bin/cmake --build /home/a/ws_nhk/build/moveit_planners_ompl -- -j22 -l22
[0.356s] Invoking command in '/home/a/ws_nhk/build/moveit_planners_ompl': AMENT_PREFIX_PATH=/home/a/ws_nhk/install/moveit_ros_planning:/home/a/ws_nhk/install/moveit_ros_occupancy_map_monitor:/home/a/ws_nhk/install/moveit_core:/home/a/ws_nhk/install/moveit_resources_panda_moveit_config:/home/a/ws_nhk/install/moveit_resources_fanuc_moveit_config:/home/a/ws_nhk/install/moveit_configs_utils:/home/a/ws_nhk/install/srdfdom:/home/a/ws_nhk/install/moveit_resources_pr2_description:/home/a/ws_nhk/install/moveit_resources_panda_description:/home/a/ws_nhk/install/moveit_resources_fanuc_description:/home/a/ws_nhk/install/moveit_common:/home/a/ws_nhk/install/launch_param_builder:${AMENT_PREFIX_PATH} CMAKE_PREFIX_PATH=/home/a/ws_nhk/install/moveit_ros_planning:/home/a/ws_nhk/install/moveit_ros_occupancy_map_monitor:/home/a/ws_nhk/install/moveit_core:/home/a/ws_nhk/install/moveit_resources_panda_moveit_config:/home/a/ws_nhk/install/moveit_resources_fanuc_moveit_config:/home/a/ws_nhk/install/srdfdom:/home/a/ws_nhk/install/moveit_resources_pr2_description:/home/a/ws_nhk/install/moveit_resources_panda_description:/home/a/ws_nhk/install/moveit_resources_fanuc_description:/home/a/ws_nhk/install/moveit_common:/home/a/install/field_description_test:/opt/ros/humble LD_LIBRARY_PATH=/home/a/ws_nhk/install/moveit_ros_planning/lib:/home/a/ws_nhk/install/moveit_ros_occupancy_map_monitor/lib:/home/a/ws_nhk/install/moveit_core/lib:/home/a/ws_nhk/install/srdfdom/lib:${LD_LIBRARY_PATH} PATH=/home/a/ws_nhk/install/moveit_core/bin:${PATH} PYTHONPATH=/home/a/ws_nhk/install/moveit_configs_utils/lib/python3.10/site-packages:/home/a/ws_nhk/install/srdfdom/local/lib/python3.10/dist-packages:/home/a/ws_nhk/install/launch_param_builder/lib/python3.10/site-packages:${PYTHONPATH} /usr/bin/cmake --install /home/a/ws_nhk/build/moveit_planners_ompl
[0.365s] -- Install configuration: "Release"
[0.365s] -- Up-to-date: /home/a/ws_nhk/install/moveit_planners_ompl/lib/moveit_planners_ompl/generate_state_database
[0.365s] -- Up-to-date: /home/a/ws_nhk/install/moveit_planners_ompl/include
[0.365s] -- Up-to-date: /home/a/ws_nhk/install/moveit_planners_ompl/include/moveit
[0.366s] -- Up-to-date: /home/a/ws_nhk/install/moveit_planners_ompl/include/moveit/ompl_interface
[0.366s] -- Up-to-date: /home/a/ws_nhk/install/moveit_planners_ompl/include/moveit/ompl_interface/ompl_interface.h
[0.366s] -- Up-to-date: /home/a/ws_nhk/install/moveit_planners_ompl/include/moveit/ompl_interface/model_based_planning_context.h
[0.366s] -- Up-to-date: /home/a/ws_nhk/install/moveit_planners_ompl/include/moveit/ompl_interface/planning_context_manager.h
[0.366s] -- Up-to-date: /home/a/ws_nhk/install/moveit_planners_ompl/include/moveit/ompl_interface/detail
[0.366s] -- Up-to-date: /home/a/ws_nhk/install/moveit_planners_ompl/include/moveit/ompl_interface/detail/projection_evaluators.h
[0.366s] -- Up-to-date: /home/a/ws_nhk/install/moveit_planners_ompl/include/moveit/ompl_interface/detail/ompl_constraints.h
[0.366s] -- Up-to-date: /home/a/ws_nhk/install/moveit_planners_ompl/include/moveit/ompl_interface/detail/constrained_sampler.h
[0.366s] -- Up-to-date: /home/a/ws_nhk/install/moveit_planners_ompl/include/moveit/ompl_interface/detail/constrained_valid_state_sampler.h
[0.366s] -- Up-to-date: /home/a/ws_nhk/install/moveit_planners_ompl/include/moveit/ompl_interface/detail/goal_union.h
[0.366s] -- Up-to-date: /home/a/ws_nhk/install/moveit_planners_ompl/include/moveit/ompl_interface/detail/constraint_approximations.h
[0.366s] -- Up-to-date: /home/a/ws_nhk/install/moveit_planners_ompl/include/moveit/ompl_interface/detail/threadsafe_state_storage.h
[0.367s] -- Up-to-date: /home/a/ws_nhk/install/moveit_planners_ompl/include/moveit/ompl_interface/detail/state_validity_checker.h
[0.367s] -- Up-to-date: /home/a/ws_nhk/install/moveit_planners_ompl/include/moveit/ompl_interface/detail/constrained_goal_sampler.h
[0.367s] -- Up-to-date: /home/a/ws_nhk/install/moveit_planners_ompl/include/moveit/ompl_interface/detail/constraints_library.h
[0.367s] -- Up-to-date: /home/a/ws_nhk/install/moveit_planners_ompl/include/moveit/ompl_interface/parameterization
[0.367s] -- Up-to-date: /home/a/ws_nhk/install/moveit_planners_ompl/include/moveit/ompl_interface/parameterization/joint_space
[0.367s] -- Up-to-date: /home/a/ws_nhk/install/moveit_planners_ompl/include/moveit/ompl_interface/parameterization/joint_space/constrained_planning_state_space_factory.h
[0.368s] -- Up-to-date: /home/a/ws_nhk/install/moveit_planners_ompl/include/moveit/ompl_interface/parameterization/joint_space/constrained_planning_state_space.h
[0.368s] -- Up-to-date: /home/a/ws_nhk/install/moveit_planners_ompl/include/moveit/ompl_interface/parameterization/joint_space/joint_model_state_space.h
[0.368s] -- Up-to-date: /home/a/ws_nhk/install/moveit_planners_ompl/include/moveit/ompl_interface/parameterization/joint_space/joint_model_state_space_factory.h
[0.368s] -- Up-to-date: /home/a/ws_nhk/install/moveit_planners_ompl/include/moveit/ompl_interface/parameterization/model_based_state_space.h
[0.368s] -- Up-to-date: /home/a/ws_nhk/install/moveit_planners_ompl/include/moveit/ompl_interface/parameterization/model_based_state_space_factory.h
[0.368s] -- Up-to-date: /home/a/ws_nhk/install/moveit_planners_ompl/include/moveit/ompl_interface/parameterization/work_space
[0.368s] -- Up-to-date: /home/a/ws_nhk/install/moveit_planners_ompl/include/moveit/ompl_interface/parameterization/work_space/pose_model_state_space_factory.h
[0.368s] -- Up-to-date: /home/a/ws_nhk/install/moveit_planners_ompl/include/moveit/ompl_interface/parameterization/work_space/pose_model_state_space.h
[0.368s] -- Up-to-date: /home/a/ws_nhk/install/moveit_planners_ompl/lib/libmoveit_ompl_interface.so.2.5.9
[0.368s] -- Up-to-date: /home/a/ws_nhk/install/moveit_planners_ompl/lib/libmoveit_ompl_interface.so
[0.368s] -- Up-to-date: /home/a/ws_nhk/install/moveit_planners_ompl/lib/libmoveit_ompl_planner_plugin.so.2.5.9
[0.369s] -- Up-to-date: /home/a/ws_nhk/install/moveit_planners_ompl/lib/libmoveit_ompl_planner_plugin.so
[0.369s] -- Up-to-date: /home/a/ws_nhk/install/moveit_planners_ompl/share/moveit_planners_ompl/environment/library_path.sh
[0.369s] -- Up-to-date: /home/a/ws_nhk/install/moveit_planners_ompl/share/moveit_planners_ompl/environment/library_path.dsv
[0.369s] -- Up-to-date: /home/a/ws_nhk/install/moveit_planners_ompl/share/moveit_planners_ompl/ompl_interface_plugin_description.xml
[0.369s] -- Up-to-date: /home/a/ws_nhk/install/moveit_planners_ompl/share/ament_index/resource_index/package_run_dependencies/moveit_planners_ompl
[0.369s] -- Up-to-date: /home/a/ws_nhk/install/moveit_planners_ompl/share/ament_index/resource_index/parent_prefix_path/moveit_planners_ompl
[0.369s] -- Up-to-date: /home/a/ws_nhk/install/moveit_planners_ompl/share/moveit_planners_ompl/environment/ament_prefix_path.sh
[0.369s] -- Up-to-date: /home/a/ws_nhk/install/moveit_planners_ompl/share/moveit_planners_ompl/environment/ament_prefix_path.dsv
[0.369s] -- Up-to-date: /home/a/ws_nhk/install/moveit_planners_ompl/share/moveit_planners_ompl/environment/path.sh
[0.369s] -- Up-to-date: /home/a/ws_nhk/install/moveit_planners_ompl/share/moveit_planners_ompl/environment/path.dsv
[0.370s] -- Up-to-date: /home/a/ws_nhk/install/moveit_planners_ompl/share/moveit_planners_ompl/local_setup.bash
[0.370s] -- Up-to-date: /home/a/ws_nhk/install/moveit_planners_ompl/share/moveit_planners_ompl/local_setup.sh
[0.370s] -- Up-to-date: /home/a/ws_nhk/install/moveit_planners_ompl/share/moveit_planners_ompl/local_setup.zsh
[0.370s] -- Up-to-date: /home/a/ws_nhk/install/moveit_planners_ompl/share/moveit_planners_ompl/local_setup.dsv
[0.370s] -- Installing: /home/a/ws_nhk/install/moveit_planners_ompl/share/moveit_planners_ompl/package.dsv
[0.370s] -- Up-to-date: /home/a/ws_nhk/install/moveit_planners_ompl/share/ament_index/resource_index/packages/moveit_planners_ompl
[0.370s] -- Up-to-date: /home/a/ws_nhk/install/moveit_planners_ompl/share/ament_index/resource_index/moveit_core__pluginlib__plugin/moveit_planners_ompl
[0.370s] -- Up-to-date: /home/a/ws_nhk/install/moveit_planners_ompl/share/moveit_planners_ompl/cmake/export_moveit_planners_omplExport.cmake
[0.370s] -- Up-to-date: /home/a/ws_nhk/install/moveit_planners_ompl/share/moveit_planners_ompl/cmake/export_moveit_planners_omplExport-release.cmake
[0.370s] -- Up-to-date: /home/a/ws_nhk/install/moveit_planners_ompl/share/moveit_planners_ompl/cmake/ament_cmake_export_targets-extras.cmake
[0.370s] -- Up-to-date: /home/a/ws_nhk/install/moveit_planners_ompl/share/moveit_planners_ompl/cmake/ament_cmake_export_dependencies-extras.cmake
[0.370s] -- Up-to-date: /home/a/ws_nhk/install/moveit_planners_ompl/share/moveit_planners_ompl/cmake/moveit_planners_omplConfig.cmake
[0.370s] -- Up-to-date: /home/a/ws_nhk/install/moveit_planners_ompl/share/moveit_planners_ompl/cmake/moveit_planners_omplConfig-version.cmake
[0.371s] -- Up-to-date: /home/a/ws_nhk/install/moveit_planners_ompl/share/moveit_planners_ompl/package.xml
[0.371s] Invoked command in '/home/a/ws_nhk/build/moveit_planners_ompl' returned '0': AMENT_PREFIX_PATH=/home/a/ws_nhk/install/moveit_ros_planning:/home/a/ws_nhk/install/moveit_ros_occupancy_map_monitor:/home/a/ws_nhk/install/moveit_core:/home/a/ws_nhk/install/moveit_resources_panda_moveit_config:/home/a/ws_nhk/install/moveit_resources_fanuc_moveit_config:/home/a/ws_nhk/install/moveit_configs_utils:/home/a/ws_nhk/install/srdfdom:/home/a/ws_nhk/install/moveit_resources_pr2_description:/home/a/ws_nhk/install/moveit_resources_panda_description:/home/a/ws_nhk/install/moveit_resources_fanuc_description:/home/a/ws_nhk/install/moveit_common:/home/a/ws_nhk/install/launch_param_builder:${AMENT_PREFIX_PATH} CMAKE_PREFIX_PATH=/home/a/ws_nhk/install/moveit_ros_planning:/home/a/ws_nhk/install/moveit_ros_occupancy_map_monitor:/home/a/ws_nhk/install/moveit_core:/home/a/ws_nhk/install/moveit_resources_panda_moveit_config:/home/a/ws_nhk/install/moveit_resources_fanuc_moveit_config:/home/a/ws_nhk/install/srdfdom:/home/a/ws_nhk/install/moveit_resources_pr2_description:/home/a/ws_nhk/install/moveit_resources_panda_description:/home/a/ws_nhk/install/moveit_resources_fanuc_description:/home/a/ws_nhk/install/moveit_common:/home/a/install/field_description_test:/opt/ros/humble LD_LIBRARY_PATH=/home/a/ws_nhk/install/moveit_ros_planning/lib:/home/a/ws_nhk/install/moveit_ros_occupancy_map_monitor/lib:/home/a/ws_nhk/install/moveit_core/lib:/home/a/ws_nhk/install/srdfdom/lib:${LD_LIBRARY_PATH} PATH=/home/a/ws_nhk/install/moveit_core/bin:${PATH} PYTHONPATH=/home/a/ws_nhk/install/moveit_configs_utils/lib/python3.10/site-packages:/home/a/ws_nhk/install/srdfdom/local/lib/python3.10/dist-packages:/home/a/ws_nhk/install/launch_param_builder/lib/python3.10/site-packages:${PYTHONPATH} /usr/bin/cmake --install /home/a/ws_nhk/build/moveit_planners_ompl
