[0.259s] Invoking command in '/home/a/ws_nhk/build/rogidrive_msg': CMAKE_PREFIX_PATH=${CMAKE_PREFIX_PATH}:/home/a/ws_nhk/install/ikeyaMD_wizard:/home/a/ws_nhk/install/moveit_configs_utils:/home/a/ws_nhk/install/rogidrive:/home/a/ws_nhk/install/launch_param_builder:/home/a/ws_nhk/install/dynamixel_controller_gui:/home/a/ws_nhk/install/dynamixel_controller_client:/opt/ros/humble /usr/bin/cmake --build /home/a/ws_nhk/build/rogidrive_msg -- -j22 -l22
[0.582s] [  2%] Built target rogidrive_msg__cpp
[0.582s] [ 12%] Built target rogidrive_msg__rosidl_generator_c
[0.582s] [ 12%] Built target ament_cmake_python_copy_rogidrive_msg
[0.582s] [ 23%] Built target rogidrive_msg__rosidl_typesupport_cpp
[0.582s] [ 41%] Built target rogidrive_msg__rosidl_typesupport_introspection_cpp
[0.582s] [ 43%] Built target rogidrive_msg__rosidl_typesupport_fastrtps_c
[0.582s] [ 53%] Built target rogidrive_msg__rosidl_typesupport_fastrtps_cpp
[0.582s] [ 64%] Built target rogidrive_msg__rosidl_typesupport_c
[0.582s] [ 74%] Built target rogidrive_msg__rosidl_typesupport_introspection_c
[0.582s] [ 74%] Built target rogidrive_msg
[0.582s] [ 76%] Built target rogidrive_msg__py
[0.582s] [ 84%] Built target rogidrive_msg__rosidl_generator_py
[0.582s] [ 89%] Built target rogidrive_msg__rosidl_typesupport_introspection_c__pyext
[0.582s] [ 94%] Built target rogidrive_msg__rosidl_typesupport_c__pyext
[0.583s] [100%] Built target rogidrive_msg__rosidl_typesupport_fastrtps_c__pyext
[0.603s] running egg_info
[0.605s] writing rogidrive_msg.egg-info/PKG-INFO
[0.605s] writing dependency_links to rogidrive_msg.egg-info/dependency_links.txt
[0.605s] writing top-level names to rogidrive_msg.egg-info/top_level.txt
[0.607s] reading manifest file 'rogidrive_msg.egg-info/SOURCES.txt'
[0.607s] writing manifest file 'rogidrive_msg.egg-info/SOURCES.txt'
[0.701s] [100%] Built target ament_cmake_python_build_rogidrive_msg_egg
[0.862s] Invoked command in '/home/a/ws_nhk/build/rogidrive_msg' returned '0': CMAKE_PREFIX_PATH=${CMAKE_PREFIX_PATH}:/home/a/ws_nhk/install/ikeyaMD_wizard:/home/a/ws_nhk/install/moveit_configs_utils:/home/a/ws_nhk/install/rogidrive:/home/a/ws_nhk/install/launch_param_builder:/home/a/ws_nhk/install/dynamixel_controller_gui:/home/a/ws_nhk/install/dynamixel_controller_client:/opt/ros/humble /usr/bin/cmake --build /home/a/ws_nhk/build/rogidrive_msg -- -j22 -l22
[0.863s] Invoking command in '/home/a/ws_nhk/build/rogidrive_msg': CMAKE_PREFIX_PATH=${CMAKE_PREFIX_PATH}:/home/a/ws_nhk/install/ikeyaMD_wizard:/home/a/ws_nhk/install/moveit_configs_utils:/home/a/ws_nhk/install/rogidrive:/home/a/ws_nhk/install/launch_param_builder:/home/a/ws_nhk/install/dynamixel_controller_gui:/home/a/ws_nhk/install/dynamixel_controller_client:/opt/ros/humble /usr/bin/cmake --install /home/a/ws_nhk/build/rogidrive_msg
[0.885s] -- Install configuration: "Release"
[0.885s] -- Up-to-date: /home/a/ws_nhk/install/rogidrive_msg/share/ament_index/resource_index/rosidl_interfaces/rogidrive_msg
[0.885s] -- Up-to-date: /home/a/ws_nhk/install/rogidrive_msg/include/rogidrive_msg/rogidrive_msg
[0.885s] -- Up-to-date: /home/a/ws_nhk/install/rogidrive_msg/include/rogidrive_msg/rogidrive_msg/msg
[0.885s] -- Up-to-date: /home/a/ws_nhk/install/rogidrive_msg/include/rogidrive_msg/rogidrive_msg/msg/rogidrive_multi_array.h
[0.885s] -- Up-to-date: /home/a/ws_nhk/install/rogidrive_msg/include/rogidrive_msg/rogidrive_msg/msg/rogidrive_message.h
[0.885s] -- Up-to-date: /home/a/ws_nhk/install/rogidrive_msg/include/rogidrive_msg/rogidrive_msg/msg/rosidl_generator_c__visibility_control.h
[0.885s] -- Up-to-date: /home/a/ws_nhk/install/rogidrive_msg/include/rogidrive_msg/rogidrive_msg/msg/detail
[0.886s] -- Up-to-date: /home/a/ws_nhk/install/rogidrive_msg/include/rogidrive_msg/rogidrive_msg/msg/detail/rogidrive_multi_array__struct.h
[0.886s] -- Up-to-date: /home/a/ws_nhk/install/rogidrive_msg/include/rogidrive_msg/rogidrive_msg/msg/detail/rogidrive_multi_array__functions.h
[0.886s] -- Up-to-date: /home/a/ws_nhk/install/rogidrive_msg/include/rogidrive_msg/rogidrive_msg/msg/detail/rogidrive_multi_array__type_support.h
[0.886s] -- Up-to-date: /home/a/ws_nhk/install/rogidrive_msg/include/rogidrive_msg/rogidrive_msg/msg/detail/rogidrive_message__struct.h
[0.886s] -- Up-to-date: /home/a/ws_nhk/install/rogidrive_msg/include/rogidrive_msg/rogidrive_msg/msg/detail/rogidrive_message__functions.c
[0.887s] -- Up-to-date: /home/a/ws_nhk/install/rogidrive_msg/include/rogidrive_msg/rogidrive_msg/msg/detail/rogidrive_multi_array__functions.c
[0.887s] -- Up-to-date: /home/a/ws_nhk/install/rogidrive_msg/include/rogidrive_msg/rogidrive_msg/msg/detail/rogidrive_message__functions.h
[0.887s] -- Up-to-date: /home/a/ws_nhk/install/rogidrive_msg/include/rogidrive_msg/rogidrive_msg/msg/detail/rogidrive_message__type_support.h
[0.887s] -- Up-to-date: /home/a/ws_nhk/install/rogidrive_msg/share/rogidrive_msg/environment/library_path.sh
[0.887s] -- Up-to-date: /home/a/ws_nhk/install/rogidrive_msg/share/rogidrive_msg/environment/library_path.dsv
[0.887s] -- Up-to-date: /home/a/ws_nhk/install/rogidrive_msg/lib/librogidrive_msg__rosidl_generator_c.so
[0.887s] -- Up-to-date: /home/a/ws_nhk/install/rogidrive_msg/include/rogidrive_msg/rogidrive_msg
[0.887s] -- Up-to-date: /home/a/ws_nhk/install/rogidrive_msg/include/rogidrive_msg/rogidrive_msg/msg
[0.887s] -- Up-to-date: /home/a/ws_nhk/install/rogidrive_msg/include/rogidrive_msg/rogidrive_msg/msg/rosidl_typesupport_fastrtps_c__visibility_control.h
[0.887s] -- Up-to-date: /home/a/ws_nhk/install/rogidrive_msg/include/rogidrive_msg/rogidrive_msg/msg/detail
[0.887s] -- Up-to-date: /home/a/ws_nhk/install/rogidrive_msg/include/rogidrive_msg/rogidrive_msg/msg/detail/rogidrive_multi_array__rosidl_typesupport_fastrtps_c.h
[0.888s] -- Up-to-date: /home/a/ws_nhk/install/rogidrive_msg/include/rogidrive_msg/rogidrive_msg/msg/detail/rogidrive_message__rosidl_typesupport_fastrtps_c.h
[0.888s] -- Up-to-date: /home/a/ws_nhk/install/rogidrive_msg/lib/librogidrive_msg__rosidl_typesupport_fastrtps_c.so
[0.888s] -- Up-to-date: /home/a/ws_nhk/install/rogidrive_msg/include/rogidrive_msg/rogidrive_msg
[0.888s] -- Up-to-date: /home/a/ws_nhk/install/rogidrive_msg/include/rogidrive_msg/rogidrive_msg/msg
[0.888s] -- Up-to-date: /home/a/ws_nhk/install/rogidrive_msg/include/rogidrive_msg/rogidrive_msg/msg/rogidrive_message.hpp
[0.889s] -- Up-to-date: /home/a/ws_nhk/install/rogidrive_msg/include/rogidrive_msg/rogidrive_msg/msg/rogidrive_multi_array.hpp
[0.889s] -- Up-to-date: /home/a/ws_nhk/install/rogidrive_msg/include/rogidrive_msg/rogidrive_msg/msg/rosidl_generator_cpp__visibility_control.hpp
[0.889s] -- Up-to-date: /home/a/ws_nhk/install/rogidrive_msg/include/rogidrive_msg/rogidrive_msg/msg/detail
[0.889s] -- Up-to-date: /home/a/ws_nhk/install/rogidrive_msg/include/rogidrive_msg/rogidrive_msg/msg/detail/rogidrive_multi_array__type_support.hpp
[0.889s] -- Up-to-date: /home/a/ws_nhk/install/rogidrive_msg/include/rogidrive_msg/rogidrive_msg/msg/detail/rogidrive_message__type_support.hpp
[0.889s] -- Up-to-date: /home/a/ws_nhk/install/rogidrive_msg/include/rogidrive_msg/rogidrive_msg/msg/detail/rogidrive_multi_array__struct.hpp
[0.889s] -- Up-to-date: /home/a/ws_nhk/install/rogidrive_msg/include/rogidrive_msg/rogidrive_msg/msg/detail/rogidrive_message__traits.hpp
[0.889s] -- Up-to-date: /home/a/ws_nhk/install/rogidrive_msg/include/rogidrive_msg/rogidrive_msg/msg/detail/rogidrive_message__struct.hpp
[0.889s] -- Up-to-date: /home/a/ws_nhk/install/rogidrive_msg/include/rogidrive_msg/rogidrive_msg/msg/detail/rogidrive_message__builder.hpp
[0.889s] -- Up-to-date: /home/a/ws_nhk/install/rogidrive_msg/include/rogidrive_msg/rogidrive_msg/msg/detail/rogidrive_multi_array__builder.hpp
[0.889s] -- Up-to-date: /home/a/ws_nhk/install/rogidrive_msg/include/rogidrive_msg/rogidrive_msg/msg/detail/rogidrive_multi_array__traits.hpp
[0.889s] -- Up-to-date: /home/a/ws_nhk/install/rogidrive_msg/include/rogidrive_msg/rogidrive_msg
[0.890s] -- Up-to-date: /home/a/ws_nhk/install/rogidrive_msg/include/rogidrive_msg/rogidrive_msg/msg
[0.890s] -- Up-to-date: /home/a/ws_nhk/install/rogidrive_msg/include/rogidrive_msg/rogidrive_msg/msg/detail
[0.890s] -- Up-to-date: /home/a/ws_nhk/install/rogidrive_msg/include/rogidrive_msg/rogidrive_msg/msg/detail/rogidrive_multi_array__rosidl_typesupport_fastrtps_cpp.hpp
[0.890s] -- Up-to-date: /home/a/ws_nhk/install/rogidrive_msg/include/rogidrive_msg/rogidrive_msg/msg/detail/rogidrive_message__rosidl_typesupport_fastrtps_cpp.hpp
[0.890s] -- Up-to-date: /home/a/ws_nhk/install/rogidrive_msg/include/rogidrive_msg/rogidrive_msg/msg/detail/dds_fastrtps
[0.890s] -- Up-to-date: /home/a/ws_nhk/install/rogidrive_msg/include/rogidrive_msg/rogidrive_msg/msg/rosidl_typesupport_fastrtps_cpp__visibility_control.h
[0.890s] -- Up-to-date: /home/a/ws_nhk/install/rogidrive_msg/lib/librogidrive_msg__rosidl_typesupport_fastrtps_cpp.so
[0.890s] -- Up-to-date: /home/a/ws_nhk/install/rogidrive_msg/include/rogidrive_msg/rogidrive_msg
[0.890s] -- Up-to-date: /home/a/ws_nhk/install/rogidrive_msg/include/rogidrive_msg/rogidrive_msg/msg
[0.890s] -- Up-to-date: /home/a/ws_nhk/install/rogidrive_msg/include/rogidrive_msg/rogidrive_msg/msg/rosidl_typesupport_introspection_c__visibility_control.h
[0.890s] -- Up-to-date: /home/a/ws_nhk/install/rogidrive_msg/include/rogidrive_msg/rogidrive_msg/msg/detail
[0.890s] -- Up-to-date: /home/a/ws_nhk/install/rogidrive_msg/include/rogidrive_msg/rogidrive_msg/msg/detail/rogidrive_message__rosidl_typesupport_introspection_c.h
[0.890s] -- Up-to-date: /home/a/ws_nhk/install/rogidrive_msg/include/rogidrive_msg/rogidrive_msg/msg/detail/rogidrive_message__type_support.c
[0.890s] -- Up-to-date: /home/a/ws_nhk/install/rogidrive_msg/include/rogidrive_msg/rogidrive_msg/msg/detail/rogidrive_multi_array__type_support.c
[0.890s] -- Up-to-date: /home/a/ws_nhk/install/rogidrive_msg/include/rogidrive_msg/rogidrive_msg/msg/detail/rogidrive_multi_array__rosidl_typesupport_introspection_c.h
[0.891s] -- Up-to-date: /home/a/ws_nhk/install/rogidrive_msg/lib/librogidrive_msg__rosidl_typesupport_introspection_c.so
[0.891s] -- Up-to-date: /home/a/ws_nhk/install/rogidrive_msg/lib/librogidrive_msg__rosidl_typesupport_c.so
[0.891s] -- Up-to-date: /home/a/ws_nhk/install/rogidrive_msg/include/rogidrive_msg/rogidrive_msg
[0.891s] -- Up-to-date: /home/a/ws_nhk/install/rogidrive_msg/include/rogidrive_msg/rogidrive_msg/msg
[0.891s] -- Up-to-date: /home/a/ws_nhk/install/rogidrive_msg/include/rogidrive_msg/rogidrive_msg/msg/detail
[0.891s] -- Up-to-date: /home/a/ws_nhk/install/rogidrive_msg/include/rogidrive_msg/rogidrive_msg/msg/detail/rogidrive_message__rosidl_typesupport_introspection_cpp.hpp
[0.891s] -- Up-to-date: /home/a/ws_nhk/install/rogidrive_msg/include/rogidrive_msg/rogidrive_msg/msg/detail/rogidrive_message__type_support.cpp
[0.891s] -- Up-to-date: /home/a/ws_nhk/install/rogidrive_msg/include/rogidrive_msg/rogidrive_msg/msg/detail/rogidrive_multi_array__rosidl_typesupport_introspection_cpp.hpp
[0.891s] -- Up-to-date: /home/a/ws_nhk/install/rogidrive_msg/include/rogidrive_msg/rogidrive_msg/msg/detail/rogidrive_multi_array__type_support.cpp
[0.891s] -- Up-to-date: /home/a/ws_nhk/install/rogidrive_msg/lib/librogidrive_msg__rosidl_typesupport_introspection_cpp.so
[0.891s] -- Up-to-date: /home/a/ws_nhk/install/rogidrive_msg/lib/librogidrive_msg__rosidl_typesupport_cpp.so
[0.891s] -- Up-to-date: /home/a/ws_nhk/install/rogidrive_msg/share/rogidrive_msg/environment/pythonpath.sh
[0.891s] -- Up-to-date: /home/a/ws_nhk/install/rogidrive_msg/share/rogidrive_msg/environment/pythonpath.dsv
[0.891s] -- Up-to-date: /home/a/ws_nhk/install/rogidrive_msg/local/lib/python3.10/dist-packages/rogidrive_msg-0.0.0-py3.10.egg-info
[0.891s] -- Installing: /home/a/ws_nhk/install/rogidrive_msg/local/lib/python3.10/dist-packages/rogidrive_msg-0.0.0-py3.10.egg-info/top_level.txt
[0.891s] -- Installing: /home/a/ws_nhk/install/rogidrive_msg/local/lib/python3.10/dist-packages/rogidrive_msg-0.0.0-py3.10.egg-info/SOURCES.txt
[0.891s] -- Installing: /home/a/ws_nhk/install/rogidrive_msg/local/lib/python3.10/dist-packages/rogidrive_msg-0.0.0-py3.10.egg-info/PKG-INFO
[0.892s] -- Installing: /home/a/ws_nhk/install/rogidrive_msg/local/lib/python3.10/dist-packages/rogidrive_msg-0.0.0-py3.10.egg-info/dependency_links.txt
[0.892s] -- Up-to-date: /home/a/ws_nhk/install/rogidrive_msg/local/lib/python3.10/dist-packages/rogidrive_msg
[0.892s] -- Up-to-date: /home/a/ws_nhk/install/rogidrive_msg/local/lib/python3.10/dist-packages/rogidrive_msg/librogidrive_msg__rosidl_generator_py.so
[0.892s] -- Up-to-date: /home/a/ws_nhk/install/rogidrive_msg/local/lib/python3.10/dist-packages/rogidrive_msg/msg
[0.892s] -- Up-to-date: /home/a/ws_nhk/install/rogidrive_msg/local/lib/python3.10/dist-packages/rogidrive_msg/msg/_rogidrive_message_s.c
[0.892s] -- Up-to-date: /home/a/ws_nhk/install/rogidrive_msg/local/lib/python3.10/dist-packages/rogidrive_msg/msg/_rogidrive_multi_array.py
[0.892s] -- Up-to-date: /home/a/ws_nhk/install/rogidrive_msg/local/lib/python3.10/dist-packages/rogidrive_msg/msg/__init__.py
[0.892s] -- Up-to-date: /home/a/ws_nhk/install/rogidrive_msg/local/lib/python3.10/dist-packages/rogidrive_msg/msg/_rogidrive_multi_array_s.c
[0.892s] -- Up-to-date: /home/a/ws_nhk/install/rogidrive_msg/local/lib/python3.10/dist-packages/rogidrive_msg/msg/_rogidrive_message.py
[0.892s] -- Up-to-date: /home/a/ws_nhk/install/rogidrive_msg/local/lib/python3.10/dist-packages/rogidrive_msg/rogidrive_msg_s__rosidl_typesupport_fastrtps_c.cpython-310-x86_64-linux-gnu.so
[0.892s] -- Up-to-date: /home/a/ws_nhk/install/rogidrive_msg/local/lib/python3.10/dist-packages/rogidrive_msg/__init__.py
[0.892s] -- Up-to-date: /home/a/ws_nhk/install/rogidrive_msg/local/lib/python3.10/dist-packages/rogidrive_msg/_rogidrive_msg_s.ep.rosidl_typesupport_fastrtps_c.c
[0.892s] -- Up-to-date: /home/a/ws_nhk/install/rogidrive_msg/local/lib/python3.10/dist-packages/rogidrive_msg/rogidrive_msg_s__rosidl_typesupport_c.cpython-310-x86_64-linux-gnu.so
[0.892s] -- Up-to-date: /home/a/ws_nhk/install/rogidrive_msg/local/lib/python3.10/dist-packages/rogidrive_msg/_rogidrive_msg_s.ep.rosidl_typesupport_introspection_c.c
[0.892s] -- Up-to-date: /home/a/ws_nhk/install/rogidrive_msg/local/lib/python3.10/dist-packages/rogidrive_msg/rogidrive_msg_s__rosidl_typesupport_introspection_c.cpython-310-x86_64-linux-gnu.so
[0.892s] -- Up-to-date: /home/a/ws_nhk/install/rogidrive_msg/local/lib/python3.10/dist-packages/rogidrive_msg/_rogidrive_msg_s.ep.rosidl_typesupport_c.c
[0.968s] Listing '/home/a/ws_nhk/install/rogidrive_msg/local/lib/python3.10/dist-packages/rogidrive_msg'...
[0.969s] Listing '/home/a/ws_nhk/install/rogidrive_msg/local/lib/python3.10/dist-packages/rogidrive_msg/msg'...
[0.969s] -- Up-to-date: /home/a/ws_nhk/install/rogidrive_msg/local/lib/python3.10/dist-packages/rogidrive_msg/rogidrive_msg_s__rosidl_typesupport_fastrtps_c.cpython-310-x86_64-linux-gnu.so
[0.969s] -- Up-to-date: /home/a/ws_nhk/install/rogidrive_msg/local/lib/python3.10/dist-packages/rogidrive_msg/rogidrive_msg_s__rosidl_typesupport_introspection_c.cpython-310-x86_64-linux-gnu.so
[0.969s] -- Up-to-date: /home/a/ws_nhk/install/rogidrive_msg/local/lib/python3.10/dist-packages/rogidrive_msg/rogidrive_msg_s__rosidl_typesupport_c.cpython-310-x86_64-linux-gnu.so
[0.969s] -- Up-to-date: /home/a/ws_nhk/install/rogidrive_msg/lib/librogidrive_msg__rosidl_generator_py.so
[0.969s] -- Up-to-date: /home/a/ws_nhk/install/rogidrive_msg/share/rogidrive_msg/msg/RogidriveMessage.idl
[0.969s] -- Up-to-date: /home/a/ws_nhk/install/rogidrive_msg/share/rogidrive_msg/msg/RogidriveMultiArray.idl
[0.969s] -- Up-to-date: /home/a/ws_nhk/install/rogidrive_msg/share/rogidrive_msg/msg/RogidriveMessage.msg
[0.969s] -- Up-to-date: /home/a/ws_nhk/install/rogidrive_msg/share/rogidrive_msg/msg/RogidriveMultiArray.msg
[0.969s] -- Up-to-date: /home/a/ws_nhk/install/rogidrive_msg/share/ament_index/resource_index/package_run_dependencies/rogidrive_msg
[0.969s] -- Up-to-date: /home/a/ws_nhk/install/rogidrive_msg/share/ament_index/resource_index/parent_prefix_path/rogidrive_msg
[0.969s] -- Up-to-date: /home/a/ws_nhk/install/rogidrive_msg/share/rogidrive_msg/environment/ament_prefix_path.sh
[0.970s] -- Up-to-date: /home/a/ws_nhk/install/rogidrive_msg/share/rogidrive_msg/environment/ament_prefix_path.dsv
[0.970s] -- Up-to-date: /home/a/ws_nhk/install/rogidrive_msg/share/rogidrive_msg/environment/path.sh
[0.970s] -- Up-to-date: /home/a/ws_nhk/install/rogidrive_msg/share/rogidrive_msg/environment/path.dsv
[0.970s] -- Up-to-date: /home/a/ws_nhk/install/rogidrive_msg/share/rogidrive_msg/local_setup.bash
[0.970s] -- Up-to-date: /home/a/ws_nhk/install/rogidrive_msg/share/rogidrive_msg/local_setup.sh
[0.970s] -- Up-to-date: /home/a/ws_nhk/install/rogidrive_msg/share/rogidrive_msg/local_setup.zsh
[0.970s] -- Up-to-date: /home/a/ws_nhk/install/rogidrive_msg/share/rogidrive_msg/local_setup.dsv
[0.970s] -- Installing: /home/a/ws_nhk/install/rogidrive_msg/share/rogidrive_msg/package.dsv
[0.970s] -- Up-to-date: /home/a/ws_nhk/install/rogidrive_msg/share/ament_index/resource_index/packages/rogidrive_msg
[0.970s] -- Up-to-date: /home/a/ws_nhk/install/rogidrive_msg/share/rogidrive_msg/cmake/export_rogidrive_msg__rosidl_generator_cExport.cmake
[0.970s] -- Up-to-date: /home/a/ws_nhk/install/rogidrive_msg/share/rogidrive_msg/cmake/export_rogidrive_msg__rosidl_generator_cExport-release.cmake
[0.970s] -- Up-to-date: /home/a/ws_nhk/install/rogidrive_msg/share/rogidrive_msg/cmake/export_rogidrive_msg__rosidl_typesupport_fastrtps_cExport.cmake
[0.971s] -- Up-to-date: /home/a/ws_nhk/install/rogidrive_msg/share/rogidrive_msg/cmake/export_rogidrive_msg__rosidl_typesupport_fastrtps_cExport-release.cmake
[0.971s] -- Up-to-date: /home/a/ws_nhk/install/rogidrive_msg/share/rogidrive_msg/cmake/export_rogidrive_msg__rosidl_generator_cppExport.cmake
[0.971s] -- Up-to-date: /home/a/ws_nhk/install/rogidrive_msg/share/rogidrive_msg/cmake/export_rogidrive_msg__rosidl_typesupport_fastrtps_cppExport.cmake
[0.971s] -- Up-to-date: /home/a/ws_nhk/install/rogidrive_msg/share/rogidrive_msg/cmake/export_rogidrive_msg__rosidl_typesupport_fastrtps_cppExport-release.cmake
[0.971s] -- Up-to-date: /home/a/ws_nhk/install/rogidrive_msg/share/rogidrive_msg/cmake/rogidrive_msg__rosidl_typesupport_introspection_cExport.cmake
[0.971s] -- Up-to-date: /home/a/ws_nhk/install/rogidrive_msg/share/rogidrive_msg/cmake/rogidrive_msg__rosidl_typesupport_introspection_cExport-release.cmake
[0.971s] -- Up-to-date: /home/a/ws_nhk/install/rogidrive_msg/share/rogidrive_msg/cmake/rogidrive_msg__rosidl_typesupport_cExport.cmake
[0.971s] -- Up-to-date: /home/a/ws_nhk/install/rogidrive_msg/share/rogidrive_msg/cmake/rogidrive_msg__rosidl_typesupport_cExport-release.cmake
[0.971s] -- Up-to-date: /home/a/ws_nhk/install/rogidrive_msg/share/rogidrive_msg/cmake/rogidrive_msg__rosidl_typesupport_introspection_cppExport.cmake
[0.972s] -- Up-to-date: /home/a/ws_nhk/install/rogidrive_msg/share/rogidrive_msg/cmake/rogidrive_msg__rosidl_typesupport_introspection_cppExport-release.cmake
[0.973s] -- Up-to-date: /home/a/ws_nhk/install/rogidrive_msg/share/rogidrive_msg/cmake/rogidrive_msg__rosidl_typesupport_cppExport.cmake
[0.973s] -- Up-to-date: /home/a/ws_nhk/install/rogidrive_msg/share/rogidrive_msg/cmake/rogidrive_msg__rosidl_typesupport_cppExport-release.cmake
[0.973s] -- Up-to-date: /home/a/ws_nhk/install/rogidrive_msg/share/rogidrive_msg/cmake/export_rogidrive_msg__rosidl_generator_pyExport.cmake
[0.973s] -- Up-to-date: /home/a/ws_nhk/install/rogidrive_msg/share/rogidrive_msg/cmake/export_rogidrive_msg__rosidl_generator_pyExport-release.cmake
[0.973s] -- Up-to-date: /home/a/ws_nhk/install/rogidrive_msg/share/rogidrive_msg/cmake/rosidl_cmake-extras.cmake
[0.973s] -- Up-to-date: /home/a/ws_nhk/install/rogidrive_msg/share/rogidrive_msg/cmake/ament_cmake_export_dependencies-extras.cmake
[0.974s] -- Up-to-date: /home/a/ws_nhk/install/rogidrive_msg/share/rogidrive_msg/cmake/ament_cmake_export_include_directories-extras.cmake
[0.974s] -- Up-to-date: /home/a/ws_nhk/install/rogidrive_msg/share/rogidrive_msg/cmake/ament_cmake_export_libraries-extras.cmake
[0.974s] -- Up-to-date: /home/a/ws_nhk/install/rogidrive_msg/share/rogidrive_msg/cmake/ament_cmake_export_targets-extras.cmake
[0.974s] -- Up-to-date: /home/a/ws_nhk/install/rogidrive_msg/share/rogidrive_msg/cmake/rosidl_cmake_export_typesupport_targets-extras.cmake
[0.974s] -- Up-to-date: /home/a/ws_nhk/install/rogidrive_msg/share/rogidrive_msg/cmake/rosidl_cmake_export_typesupport_libraries-extras.cmake
[0.974s] -- Up-to-date: /home/a/ws_nhk/install/rogidrive_msg/share/rogidrive_msg/cmake/rogidrive_msgConfig.cmake
[0.974s] -- Up-to-date: /home/a/ws_nhk/install/rogidrive_msg/share/rogidrive_msg/cmake/rogidrive_msgConfig-version.cmake
[0.974s] -- Up-to-date: /home/a/ws_nhk/install/rogidrive_msg/share/rogidrive_msg/package.xml
[0.975s] Invoked command in '/home/a/ws_nhk/build/rogidrive_msg' returned '0': CMAKE_PREFIX_PATH=${CMAKE_PREFIX_PATH}:/home/a/ws_nhk/install/ikeyaMD_wizard:/home/a/ws_nhk/install/moveit_configs_utils:/home/a/ws_nhk/install/rogidrive:/home/a/ws_nhk/install/launch_param_builder:/home/a/ws_nhk/install/dynamixel_controller_gui:/home/a/ws_nhk/install/dynamixel_controller_client:/opt/ros/humble /usr/bin/cmake --install /home/a/ws_nhk/build/rogidrive_msg
