-- Found ament_cmake: 1.3.12 (/opt/ros/humble/share/ament_cmake/cmake)
-- Found rclcpp: 16.0.17 (/opt/ros/humble/share/rclcpp/cmake)
-- Found rosidl_generator_c: 3.1.8 (/opt/ros/humble/share/rosidl_generator_c/cmake)
-- Found rosidl_adapter: 3.1.8 (/opt/ros/humble/share/rosidl_adapter/cmake)
-- Found rosidl_generator_cpp: 3.1.8 (/opt/ros/humble/share/rosidl_generator_cpp/cmake)
-- Using all available rosidl_typesupport_c: rosidl_typesupport_fastrtps_c;rosidl_typesupport_introspection_c
-- Using all available rosidl_typesupport_cpp: rosidl_typesupport_fastrtps_cpp;rosidl_typesupport_introspection_cpp
-- Found rmw_implementation_cmake: 6.1.2 (/opt/ros/humble/share/rmw_implementation_cmake/cmake)
-- Found rmw_fastrtps_cpp: 6.2.9 (/opt/ros/humble/share/rmw_fastrtps_cpp/cmake)
-- Using RMW implementation 'rmw_fastrtps_cpp' as default
-- Found sensor_msgs: 4.9.0 (/opt/ros/humble/share/sensor_msgs/cmake)
-- Found behaviortree_cpp: 4.8.3 (/opt/ros/humble/share/behaviortree_cpp/cmake)
-- Found ament_lint_auto: 0.12.14 (/opt/ros/humble/share/ament_lint_auto/cmake)
-- Added test 'cppcheck' to perform static code analysis on C / C++ code
-- Configured cppcheck include dirs: /home/a/ws_nhk/src/nhk_bt/include
-- Configured cppcheck exclude dirs and/or files: 
-- Added test 'flake8' to check Python code syntax and style conventions
-- Added test 'lint_cmake' to check CMake code style
-- Added test 'pep257' to check Python code against some of the docstring style conventions in PEP 257
-- Added test 'uncrustify' to check C / C++ code style
-- Configured uncrustify additional arguments: 
-- Added test 'xmllint' to check XML markup files
-- Configuring done
-- Generating done
-- Build files have been written to: /home/a/ws_nhk/build/nhk_bt
[35m[1mConsolidate compiler generated dependencies of target remote_control_bt_node[0m
[100%] Built target remote_control_bt_node
-- Install configuration: "Release"
-- Up-to-date: /home/a/ws_nhk/install/nhk_bt/lib/nhk_bt/remote_control_bt_node
-- Up-to-date: /home/a/ws_nhk/install/nhk_bt/share/nhk_bt/config
-- Up-to-date: /home/a/ws_nhk/install/nhk_bt/share/nhk_bt/config/remote_control_sequence.xml
-- Up-to-date: /home/a/ws_nhk/install/nhk_bt/share/nhk_bt/launch
-- Up-to-date: /home/a/ws_nhk/install/nhk_bt/share/nhk_bt/launch/remote_control_bt.launch.py
-- Up-to-date: /home/a/ws_nhk/install/nhk_bt/include
-- Up-to-date: /home/a/ws_nhk/install/nhk_bt/include/nhk_bt
-- Up-to-date: /home/a/ws_nhk/install/nhk_bt/include/nhk_bt/remote_control_nodes.hpp
-- Up-to-date: /home/a/ws_nhk/install/nhk_bt/share/ament_index/resource_index/package_run_dependencies/nhk_bt
-- Installing: /home/a/ws_nhk/install/nhk_bt/share/ament_index/resource_index/parent_prefix_path/nhk_bt
-- Up-to-date: /home/a/ws_nhk/install/nhk_bt/share/nhk_bt/environment/ament_prefix_path.sh
-- Installing: /home/a/ws_nhk/install/nhk_bt/share/nhk_bt/environment/ament_prefix_path.dsv
-- Up-to-date: /home/a/ws_nhk/install/nhk_bt/share/nhk_bt/environment/path.sh
-- Installing: /home/a/ws_nhk/install/nhk_bt/share/nhk_bt/environment/path.dsv
-- Up-to-date: /home/a/ws_nhk/install/nhk_bt/share/nhk_bt/local_setup.bash
-- Up-to-date: /home/a/ws_nhk/install/nhk_bt/share/nhk_bt/local_setup.sh
-- Up-to-date: /home/a/ws_nhk/install/nhk_bt/share/nhk_bt/local_setup.zsh
-- Installing: /home/a/ws_nhk/install/nhk_bt/share/nhk_bt/local_setup.dsv
-- Installing: /home/a/ws_nhk/install/nhk_bt/share/nhk_bt/package.dsv
-- Up-to-date: /home/a/ws_nhk/install/nhk_bt/share/ament_index/resource_index/packages/nhk_bt
-- Up-to-date: /home/a/ws_nhk/install/nhk_bt/share/nhk_bt/cmake/nhk_btConfig.cmake
-- Up-to-date: /home/a/ws_nhk/install/nhk_bt/share/nhk_bt/cmake/nhk_btConfig-version.cmake
-- Up-to-date: /home/a/ws_nhk/install/nhk_bt/share/nhk_bt/package.xml
