-- Found ament_cmake: 1.3.12 (/opt/ros/humble/share/ament_cmake/cmake)
-- Found geometry_msgs: 4.9.0 (/opt/ros/humble/share/geometry_msgs/cmake)
-- Found rosidl_generator_c: 3.1.7 (/opt/ros/humble/share/rosidl_generator_c/cmake)
-- Found rosidl_adapter: 3.1.7 (/opt/ros/humble/share/rosidl_adapter/cmake)
-- Found rosidl_generator_cpp: 3.1.7 (/opt/ros/humble/share/rosidl_generator_cpp/cmake)
-- Using all available rosidl_typesupport_c: rosidl_typesupport_fastrtps_c;rosidl_typesupport_introspection_c
-- Using all available rosidl_typesupport_cpp: rosidl_typesupport_fastrtps_cpp;rosidl_typesupport_introspection_cpp
-- Found moveit_ros_planning_interface: 2.5.9 (/home/a/ws_nhk/install/moveit_ros_planning_interface/share/moveit_ros_planning_interface/cmake)
-- Found Boost: /usr/lib/x86_64-linux-gnu/cmake/Boost-1.74.0/BoostConfig.cmake (found version "1.74.0") found components: date_time filesystem program_options system thread 
-- Found Boost: /usr/lib/x86_64-linux-gnu/cmake/Boost-1.74.0/BoostConfig.cmake (found version "1.74.0") found components: chrono date_time filesystem iostreams program_options regex serialization system thread 
-- Found parameter_traits: 0.5.0 (/opt/ros/humble/share/parameter_traits/cmake)
-- Found rmw_implementation_cmake: 6.1.2 (/opt/ros/humble/share/rmw_implementation_cmake/cmake)
-- Found rmw_fastrtps_cpp: 6.2.9 (/opt/ros/humble/share/rmw_fastrtps_cpp/cmake)
-- Using RMW implementation 'rmw_fastrtps_cpp' as default
-- Found rclcpp_lifecycle: 16.0.16 (/opt/ros/humble/share/rclcpp_lifecycle/cmake)
-- Found Boost: /usr/lib/x86_64-linux-gnu/cmake/Boost-1.74.0/BoostConfig.cmake (found version "1.74.0") found components: filesystem 
-- library: /usr/lib/x86_64-linux-gnu/libcurl.so
-- Ensuring Eigen3 include directory is part of orocos-kdl CMake target
-- Found Boost: /usr/lib/x86_64-linux-gnu/cmake/Boost-1.74.0/BoostConfig.cmake (found version "1.74.0") found components: system filesystem date_time program_options thread chrono 
-- Found Boost: /usr/lib/x86_64-linux-gnu/cmake/Boost-1.74.0/BoostConfig.cmake (found version "1.74.0") found components: thread system filesystem regex date_time program_options 
-- Found Boost: /usr/lib/x86_64-linux-gnu/cmake/Boost-1.74.0/BoostConfig.cmake (found version "1.74.0") found components: system filesystem date_time program_options thread 
-- Configuring done
-- Generating done
-- Build files have been written to: /home/a/ws_nhk/build/moveit_r2_config
[35m[1mConsolidate compiler generated dependencies of target move_hand_node[0m
[ 50%] [32mBuilding CXX object CMakeFiles/move_hand_node.dir/src/move_hand_node.cpp.o[0m
[100%] [32m[1mLinking CXX executable move_hand_node[0m
[100%] Built target move_hand_node
-- Install configuration: "Release"
-- Up-to-date: /home/a/ws_nhk/install/moveit_r2_config/share/moveit_r2_config/launch
-- Up-to-date: /home/a/ws_nhk/install/moveit_r2_config/share/moveit_r2_config/launch/spawn_controllers.launch.py
-- Up-to-date: /home/a/ws_nhk/install/moveit_r2_config/share/moveit_r2_config/launch/warehouse_db.launch.py
-- Up-to-date: /home/a/ws_nhk/install/moveit_r2_config/share/moveit_r2_config/launch/demo.launch.py
-- Up-to-date: /home/a/ws_nhk/install/moveit_r2_config/share/moveit_r2_config/launch/moveit_rviz.launch.py
-- Up-to-date: /home/a/ws_nhk/install/moveit_r2_config/share/moveit_r2_config/launch/rsp.launch.py
-- Up-to-date: /home/a/ws_nhk/install/moveit_r2_config/share/moveit_r2_config/launch/move_group.launch.py
-- Up-to-date: /home/a/ws_nhk/install/moveit_r2_config/share/moveit_r2_config/launch/static_virtual_joint_tfs.launch.py
-- Up-to-date: /home/a/ws_nhk/install/moveit_r2_config/share/moveit_r2_config/launch/setup_assistant.launch.py
-- Up-to-date: /home/a/ws_nhk/install/moveit_r2_config/share/moveit_r2_config/config
-- Up-to-date: /home/a/ws_nhk/install/moveit_r2_config/share/moveit_r2_config/config/ompl_planning.yaml
-- Up-to-date: /home/a/ws_nhk/install/moveit_r2_config/share/moveit_r2_config/config/a_r2.srdf
-- Up-to-date: /home/a/ws_nhk/install/moveit_r2_config/share/moveit_r2_config/config/pilz_cartesian_limits.yaml
-- Up-to-date: /home/a/ws_nhk/install/moveit_r2_config/share/moveit_r2_config/config/a_r2.ros2_control.xacro
-- Up-to-date: /home/a/ws_nhk/install/moveit_r2_config/share/moveit_r2_config/config/kinematics.yaml
-- Up-to-date: /home/a/ws_nhk/install/moveit_r2_config/share/moveit_r2_config/config/a_r2.urdf.xacro
-- Up-to-date: /home/a/ws_nhk/install/moveit_r2_config/share/moveit_r2_config/config/ros2_controllers.yaml
-- Up-to-date: /home/a/ws_nhk/install/moveit_r2_config/share/moveit_r2_config/config/joint_limits.yaml
-- Up-to-date: /home/a/ws_nhk/install/moveit_r2_config/share/moveit_r2_config/config/moveit_controllers.yaml
-- Up-to-date: /home/a/ws_nhk/install/moveit_r2_config/share/moveit_r2_config/config/sensors_3d.yaml
-- Up-to-date: /home/a/ws_nhk/install/moveit_r2_config/share/moveit_r2_config/config/moveit.rviz
-- Up-to-date: /home/a/ws_nhk/install/moveit_r2_config/share/moveit_r2_config/config/initial_positions.yaml
-- Up-to-date: /home/a/ws_nhk/install/moveit_r2_config/share/moveit_r2_config/.setup_assistant
-- Installing: /home/a/ws_nhk/install/moveit_r2_config/lib/moveit_r2_config/move_hand_node
-- Set runtime path of "/home/a/ws_nhk/install/moveit_r2_config/lib/moveit_r2_config/move_hand_node" to ""
-- Installing: /home/a/ws_nhk/install/moveit_r2_config/share/ament_index/resource_index/package_run_dependencies/moveit_r2_config
-- Installing: /home/a/ws_nhk/install/moveit_r2_config/share/ament_index/resource_index/parent_prefix_path/moveit_r2_config
-- Up-to-date: /home/a/ws_nhk/install/moveit_r2_config/share/moveit_r2_config/environment/ament_prefix_path.sh
-- Installing: /home/a/ws_nhk/install/moveit_r2_config/share/moveit_r2_config/environment/ament_prefix_path.dsv
-- Up-to-date: /home/a/ws_nhk/install/moveit_r2_config/share/moveit_r2_config/environment/path.sh
-- Installing: /home/a/ws_nhk/install/moveit_r2_config/share/moveit_r2_config/environment/path.dsv
-- Up-to-date: /home/a/ws_nhk/install/moveit_r2_config/share/moveit_r2_config/local_setup.bash
-- Up-to-date: /home/a/ws_nhk/install/moveit_r2_config/share/moveit_r2_config/local_setup.sh
-- Up-to-date: /home/a/ws_nhk/install/moveit_r2_config/share/moveit_r2_config/local_setup.zsh
-- Installing: /home/a/ws_nhk/install/moveit_r2_config/share/moveit_r2_config/local_setup.dsv
-- Installing: /home/a/ws_nhk/install/moveit_r2_config/share/moveit_r2_config/package.dsv
-- Up-to-date: /home/a/ws_nhk/install/moveit_r2_config/share/ament_index/resource_index/packages/moveit_r2_config
-- Up-to-date: /home/a/ws_nhk/install/moveit_r2_config/share/moveit_r2_config/cmake/moveit_r2_configConfig.cmake
-- Up-to-date: /home/a/ws_nhk/install/moveit_r2_config/share/moveit_r2_config/cmake/moveit_r2_configConfig-version.cmake
-- Installing: /home/a/ws_nhk/install/moveit_r2_config/share/moveit_r2_config/package.xml
