[0.072s] Invoking command in '/home/a/ws_nhk/build/moveit_ros_benchmarks': AMENT_PREFIX_PATH=/home/a/ws_nhk/install/moveit_ros_warehouse:/home/a/ws_nhk/install/moveit_ros_planning:/home/a/ws_nhk/install/moveit_ros_occupancy_map_monitor:/home/a/ws_nhk/install/moveit_core:/home/a/ws_nhk/install/moveit_resources_panda_moveit_config:/home/a/ws_nhk/install/moveit_configs_utils:/home/a/ws_nhk/install/srdfdom:/home/a/ws_nhk/install/moveit_resources_pr2_description:/home/a/ws_nhk/install/moveit_resources_panda_description:/home/a/ws_nhk/install/moveit_common:/home/a/ws_nhk/install/launch_param_builder:${AMENT_PREFIX_PATH} CMAKE_PREFIX_PATH=/home/a/ws_nhk/install/moveit_ros_warehouse:/home/a/ws_nhk/install/moveit_ros_planning:/home/a/ws_nhk/install/moveit_ros_occupancy_map_monitor:/home/a/ws_nhk/install/moveit_core:/home/a/ws_nhk/install/moveit_resources_panda_moveit_config:/home/a/ws_nhk/install/srdfdom:/home/a/ws_nhk/install/moveit_resources_pr2_description:/home/a/ws_nhk/install/moveit_resources_panda_description:/home/a/ws_nhk/install/moveit_common:/home/a/install/field_description_test:/opt/ros/humble LD_LIBRARY_PATH=/home/a/ws_nhk/install/moveit_ros_warehouse/lib:/home/a/ws_nhk/install/moveit_ros_planning/lib:/home/a/ws_nhk/install/moveit_ros_occupancy_map_monitor/lib:/home/a/ws_nhk/install/moveit_core/lib:/home/a/ws_nhk/install/srdfdom/lib:${LD_LIBRARY_PATH} PATH=/home/a/ws_nhk/install/moveit_core/bin:${PATH} PYTHONPATH=/home/a/ws_nhk/install/moveit_configs_utils/lib/python3.10/site-packages:/home/a/ws_nhk/install/srdfdom/local/lib/python3.10/dist-packages:/home/a/ws_nhk/install/launch_param_builder/lib/python3.10/site-packages:${PYTHONPATH} /usr/bin/cmake --build /home/a/ws_nhk/build/moveit_ros_benchmarks -- -j22 -l22
[0.145s] -- Found moveit_common: 2.5.9 (/home/a/ws_nhk/install/moveit_common/share/moveit_common/cmake)
[0.146s] -- Found ament_cmake: 1.3.12 (/opt/ros/humble/share/ament_cmake/cmake)
[0.803s] -- Found rclcpp: 16.0.16 (/opt/ros/humble/share/rclcpp/cmake)
[0.901s] -- Found rosidl_generator_c: 3.1.7 (/opt/ros/humble/share/rosidl_generator_c/cmake)
[0.908s] -- Found rosidl_adapter: 3.1.7 (/opt/ros/humble/share/rosidl_adapter/cmake)
[0.926s] -- Found rosidl_generator_cpp: 3.1.7 (/opt/ros/humble/share/rosidl_generator_cpp/cmake)
[0.979s] -- Using all available rosidl_typesupport_c: rosidl_typesupport_fastrtps_c;rosidl_typesupport_introspection_c
[1.064s] -- Using all available rosidl_typesupport_cpp: rosidl_typesupport_fastrtps_cpp;rosidl_typesupport_introspection_cpp
[1.246s] -- Found rmw_implementation_cmake: 6.1.2 (/opt/ros/humble/share/rmw_implementation_cmake/cmake)
[1.256s] -- Found rmw_fastrtps_cpp: 6.2.9 (/opt/ros/humble/share/rmw_fastrtps_cpp/cmake)
[1.905s] -- Using RMW implementation 'rmw_fastrtps_cpp' as default
[2.203s] -- Found tf2_eigen: 0.25.17 (/opt/ros/humble/share/tf2_eigen/cmake)
[2.720s] -- Found moveit_core: 2.5.9 (/home/a/ws_nhk/install/moveit_core/share/moveit_core/cmake)
[2.787s] -- Found Boost: /usr/lib/x86_64-linux-gnu/cmake/Boost-1.74.0/BoostConfig.cmake (found version "1.74.0") found components: chrono date_time filesystem iostreams program_options regex serialization system thread 
[2.887s] -- Found parameter_traits: 0.5.0 (/opt/ros/humble/share/parameter_traits/cmake)
[2.916s] -- Found rclcpp_lifecycle: 16.0.16 (/opt/ros/humble/share/rclcpp_lifecycle/cmake)
[3.006s] -- Found Boost: /usr/lib/x86_64-linux-gnu/cmake/Boost-1.74.0/BoostConfig.cmake (found version "1.74.0") found components: filesystem 
[3.145s] -- library: /usr/lib/x86_64-linux-gnu/libcurl.so
[3.400s] -- Ensuring Eigen3 include directory is part of orocos-kdl CMake target
[3.937s] -- Found moveit_ros_planning: 2.5.9 (/home/a/ws_nhk/install/moveit_ros_planning/share/moveit_ros_planning/cmake)
[3.961s] -- Found Boost: /usr/lib/x86_64-linux-gnu/cmake/Boost-1.74.0/BoostConfig.cmake (found version "1.74.0") found components: system filesystem date_time program_options thread chrono 
[4.085s] -- Found moveit_ros_warehouse: 2.5.9 (/home/a/ws_nhk/install/moveit_ros_warehouse/share/moveit_ros_warehouse/cmake)
[4.112s] -- Found Boost: /usr/lib/x86_64-linux-gnu/cmake/Boost-1.74.0/BoostConfig.cmake (found version "1.74.0") found components: thread system filesystem regex date_time program_options 
[4.214s] -- Found Boost: /usr/lib/x86_64-linux-gnu/cmake/Boost-1.74.0/BoostConfig.cmake (found version "1.74.0") found components: date_time filesystem 
[4.288s] -- Found ament_lint_auto: 0.12.14 (/opt/ros/humble/share/ament_lint_auto/cmake)
[4.317s] -- Added test 'cppcheck' to perform static code analysis on C / C++ code
[4.319s] -- Configured cppcheck include dirs: /home/a/ws_nhk/src/moveit2/moveit_ros/benchmarks/include
[4.320s] -- Configured cppcheck exclude dirs and/or files: 
[4.321s] -- Added test 'lint_cmake' to check CMake code style
[4.323s] -- Added test 'xmllint' to check XML markup files
[4.328s] -- Configuring done
[4.534s] -- Generating done
[4.597s] -- Build files have been written to: /home/a/ws_nhk/build/moveit_ros_benchmarks
[4.743s] [35m[1mConsolidate compiler generated dependencies of target moveit_ros_benchmarks[0m
[4.860s] [ 14%] [32mBuilding CXX object CMakeFiles/moveit_ros_benchmarks.dir/src/BenchmarkOptions.cpp.o[0m
[4.910s] [ 28%] [32mBuilding CXX object CMakeFiles/moveit_ros_benchmarks.dir/src/BenchmarkExecutor.cpp.o[0m
[91.748s] [ 42%] [32m[1mLinking CXX shared library libmoveit_ros_benchmarks.so[0m
[92.442s] [ 42%] Built target moveit_ros_benchmarks
[92.470s] [35m[1mConsolidate compiler generated dependencies of target moveit_run_benchmark[0m
[92.473s] [35m[1mConsolidate compiler generated dependencies of target moveit_combine_predefined_poses_benchmark[0m
[92.532s] [ 57%] [32mBuilding CXX object CMakeFiles/moveit_run_benchmark.dir/src/RunBenchmark.cpp.o[0m
[92.537s] [ 71%] [32mBuilding CXX object CMakeFiles/moveit_combine_predefined_poses_benchmark.dir/src/simple_benchmarks/CombinePredefinedPosesBenchmark.cpp.o[0m
[112.398s] [ 85%] [32m[1mLinking CXX executable moveit_run_benchmark[0m
[112.961s] [ 85%] Built target moveit_run_benchmark
[113.157s] [100%] [32m[1mLinking CXX executable moveit_combine_predefined_poses_benchmark[0m
[113.802s] [100%] Built target moveit_combine_predefined_poses_benchmark
[113.821s] Invoked command in '/home/a/ws_nhk/build/moveit_ros_benchmarks' returned '0': AMENT_PREFIX_PATH=/home/a/ws_nhk/install/moveit_ros_warehouse:/home/a/ws_nhk/install/moveit_ros_planning:/home/a/ws_nhk/install/moveit_ros_occupancy_map_monitor:/home/a/ws_nhk/install/moveit_core:/home/a/ws_nhk/install/moveit_resources_panda_moveit_config:/home/a/ws_nhk/install/moveit_configs_utils:/home/a/ws_nhk/install/srdfdom:/home/a/ws_nhk/install/moveit_resources_pr2_description:/home/a/ws_nhk/install/moveit_resources_panda_description:/home/a/ws_nhk/install/moveit_common:/home/a/ws_nhk/install/launch_param_builder:${AMENT_PREFIX_PATH} CMAKE_PREFIX_PATH=/home/a/ws_nhk/install/moveit_ros_warehouse:/home/a/ws_nhk/install/moveit_ros_planning:/home/a/ws_nhk/install/moveit_ros_occupancy_map_monitor:/home/a/ws_nhk/install/moveit_core:/home/a/ws_nhk/install/moveit_resources_panda_moveit_config:/home/a/ws_nhk/install/srdfdom:/home/a/ws_nhk/install/moveit_resources_pr2_description:/home/a/ws_nhk/install/moveit_resources_panda_description:/home/a/ws_nhk/install/moveit_common:/home/a/install/field_description_test:/opt/ros/humble LD_LIBRARY_PATH=/home/a/ws_nhk/install/moveit_ros_warehouse/lib:/home/a/ws_nhk/install/moveit_ros_planning/lib:/home/a/ws_nhk/install/moveit_ros_occupancy_map_monitor/lib:/home/a/ws_nhk/install/moveit_core/lib:/home/a/ws_nhk/install/srdfdom/lib:${LD_LIBRARY_PATH} PATH=/home/a/ws_nhk/install/moveit_core/bin:${PATH} PYTHONPATH=/home/a/ws_nhk/install/moveit_configs_utils/lib/python3.10/site-packages:/home/a/ws_nhk/install/srdfdom/local/lib/python3.10/dist-packages:/home/a/ws_nhk/install/launch_param_builder/lib/python3.10/site-packages:${PYTHONPATH} /usr/bin/cmake --build /home/a/ws_nhk/build/moveit_ros_benchmarks -- -j22 -l22
[113.825s] Invoking command in '/home/a/ws_nhk/build/moveit_ros_benchmarks': AMENT_PREFIX_PATH=/home/a/ws_nhk/install/moveit_ros_warehouse:/home/a/ws_nhk/install/moveit_ros_planning:/home/a/ws_nhk/install/moveit_ros_occupancy_map_monitor:/home/a/ws_nhk/install/moveit_core:/home/a/ws_nhk/install/moveit_resources_panda_moveit_config:/home/a/ws_nhk/install/moveit_configs_utils:/home/a/ws_nhk/install/srdfdom:/home/a/ws_nhk/install/moveit_resources_pr2_description:/home/a/ws_nhk/install/moveit_resources_panda_description:/home/a/ws_nhk/install/moveit_common:/home/a/ws_nhk/install/launch_param_builder:${AMENT_PREFIX_PATH} CMAKE_PREFIX_PATH=/home/a/ws_nhk/install/moveit_ros_warehouse:/home/a/ws_nhk/install/moveit_ros_planning:/home/a/ws_nhk/install/moveit_ros_occupancy_map_monitor:/home/a/ws_nhk/install/moveit_core:/home/a/ws_nhk/install/moveit_resources_panda_moveit_config:/home/a/ws_nhk/install/srdfdom:/home/a/ws_nhk/install/moveit_resources_pr2_description:/home/a/ws_nhk/install/moveit_resources_panda_description:/home/a/ws_nhk/install/moveit_common:/home/a/install/field_description_test:/opt/ros/humble LD_LIBRARY_PATH=/home/a/ws_nhk/install/moveit_ros_warehouse/lib:/home/a/ws_nhk/install/moveit_ros_planning/lib:/home/a/ws_nhk/install/moveit_ros_occupancy_map_monitor/lib:/home/a/ws_nhk/install/moveit_core/lib:/home/a/ws_nhk/install/srdfdom/lib:${LD_LIBRARY_PATH} PATH=/home/a/ws_nhk/install/moveit_core/bin:${PATH} PYTHONPATH=/home/a/ws_nhk/install/moveit_configs_utils/lib/python3.10/site-packages:/home/a/ws_nhk/install/srdfdom/local/lib/python3.10/dist-packages:/home/a/ws_nhk/install/launch_param_builder/lib/python3.10/site-packages:${PYTHONPATH} /usr/bin/cmake --install /home/a/ws_nhk/build/moveit_ros_benchmarks
[113.837s] -- Install configuration: "Release"
[113.838s] -- Installing: /home/a/ws_nhk/install/moveit_ros_benchmarks/lib/libmoveit_ros_benchmarks.so.2.5.9
[113.840s] -- Set runtime path of "/home/a/ws_nhk/install/moveit_ros_benchmarks/lib/libmoveit_ros_benchmarks.so.2.5.9" to ""
[113.840s] -- Up-to-date: /home/a/ws_nhk/install/moveit_ros_benchmarks/lib/libmoveit_ros_benchmarks.so
[113.841s] -- Up-to-date: /home/a/ws_nhk/install/moveit_ros_benchmarks/share/moveit_ros_benchmarks/environment/library_path.sh
[113.841s] -- Installing: /home/a/ws_nhk/install/moveit_ros_benchmarks/share/moveit_ros_benchmarks/environment/library_path.dsv
[113.842s] -- Installing: /home/a/ws_nhk/install/moveit_ros_benchmarks/lib/moveit_ros_benchmarks/moveit_run_benchmark
[113.842s] -- Set runtime path of "/home/a/ws_nhk/install/moveit_ros_benchmarks/lib/moveit_ros_benchmarks/moveit_run_benchmark" to ""
[113.843s] -- Installing: /home/a/ws_nhk/install/moveit_ros_benchmarks/lib/moveit_ros_benchmarks/moveit_combine_predefined_poses_benchmark
[113.843s] -- Set runtime path of "/home/a/ws_nhk/install/moveit_ros_benchmarks/lib/moveit_ros_benchmarks/moveit_combine_predefined_poses_benchmark" to ""
[113.843s] -- Up-to-date: /home/a/ws_nhk/install/moveit_ros_benchmarks/include
[113.844s] -- Up-to-date: /home/a/ws_nhk/install/moveit_ros_benchmarks/include/moveit
[113.844s] -- Up-to-date: /home/a/ws_nhk/install/moveit_ros_benchmarks/include/moveit/benchmarks
[113.844s] -- Up-to-date: /home/a/ws_nhk/install/moveit_ros_benchmarks/include/moveit/benchmarks/BenchmarkOptions.h
[113.844s] -- Up-to-date: /home/a/ws_nhk/install/moveit_ros_benchmarks/include/moveit/benchmarks/BenchmarkExecutor.h
[113.844s] -- Up-to-date: /home/a/ws_nhk/install/moveit_ros_benchmarks/lib/moveit_ros_benchmarks/moveit_benchmark_statistics.py
[113.844s] -- Up-to-date: /home/a/ws_nhk/install/moveit_ros_benchmarks/share/moveit_ros_benchmarks
[113.844s] -- Up-to-date: /home/a/ws_nhk/install/moveit_ros_benchmarks/share/moveit_ros_benchmarks/demo_fanuc.launch
[113.844s] -- Up-to-date: /home/a/ws_nhk/install/moveit_ros_benchmarks/share/moveit_ros_benchmarks/demo1.yaml
[113.844s] -- Up-to-date: /home/a/ws_nhk/install/moveit_ros_benchmarks/share/moveit_ros_benchmarks/demo_panda_predefined_poses.launch.py
[113.845s] -- Up-to-date: /home/a/ws_nhk/install/moveit_ros_benchmarks/share/moveit_ros_benchmarks/demo_panda_all_planners.yaml
[113.845s] -- Up-to-date: /home/a/ws_nhk/install/moveit_ros_benchmarks/share/moveit_ros_benchmarks/demo_panda_predefined_poses.yaml
[113.845s] -- Up-to-date: /home/a/ws_nhk/install/moveit_ros_benchmarks/share/moveit_ros_benchmarks/demo_panda.launch.py
[113.845s] -- Up-to-date: /home/a/ws_nhk/install/moveit_ros_benchmarks/share/moveit_ros_benchmarks/demo2.yaml
[113.845s] -- Up-to-date: /home/a/ws_nhk/install/moveit_ros_benchmarks/share/moveit_ros_benchmarks/demo_panda_all_planners_obstacles.launch
[113.845s] -- Up-to-date: /home/a/ws_nhk/install/moveit_ros_benchmarks/share/moveit_ros_benchmarks/demo_obstacles.yaml
[113.845s] -- Up-to-date: /home/a/ws_nhk/install/moveit_ros_benchmarks/share/moveit_ros_benchmarks/demo_panda_all_planners.launch
[113.845s] -- Up-to-date: /home/a/ws_nhk/install/moveit_ros_benchmarks/share/ament_index/resource_index/package_run_dependencies/moveit_ros_benchmarks
[113.846s] -- Installing: /home/a/ws_nhk/install/moveit_ros_benchmarks/share/ament_index/resource_index/parent_prefix_path/moveit_ros_benchmarks
[113.846s] -- Up-to-date: /home/a/ws_nhk/install/moveit_ros_benchmarks/share/moveit_ros_benchmarks/environment/ament_prefix_path.sh
[113.846s] -- Installing: /home/a/ws_nhk/install/moveit_ros_benchmarks/share/moveit_ros_benchmarks/environment/ament_prefix_path.dsv
[113.846s] -- Up-to-date: /home/a/ws_nhk/install/moveit_ros_benchmarks/share/moveit_ros_benchmarks/environment/path.sh
[113.846s] -- Installing: /home/a/ws_nhk/install/moveit_ros_benchmarks/share/moveit_ros_benchmarks/environment/path.dsv
[113.846s] -- Up-to-date: /home/a/ws_nhk/install/moveit_ros_benchmarks/share/moveit_ros_benchmarks/local_setup.bash
[113.847s] -- Up-to-date: /home/a/ws_nhk/install/moveit_ros_benchmarks/share/moveit_ros_benchmarks/local_setup.sh
[113.847s] -- Up-to-date: /home/a/ws_nhk/install/moveit_ros_benchmarks/share/moveit_ros_benchmarks/local_setup.zsh
[113.847s] -- Installing: /home/a/ws_nhk/install/moveit_ros_benchmarks/share/moveit_ros_benchmarks/local_setup.dsv
[113.847s] -- Installing: /home/a/ws_nhk/install/moveit_ros_benchmarks/share/moveit_ros_benchmarks/package.dsv
[113.847s] -- Up-to-date: /home/a/ws_nhk/install/moveit_ros_benchmarks/share/ament_index/resource_index/packages/moveit_ros_benchmarks
[113.847s] -- Up-to-date: /home/a/ws_nhk/install/moveit_ros_benchmarks/share/moveit_ros_benchmarks/cmake/export_moveit_ros_benchmarksExport.cmake
[113.848s] -- Up-to-date: /home/a/ws_nhk/install/moveit_ros_benchmarks/share/moveit_ros_benchmarks/cmake/export_moveit_ros_benchmarksExport-release.cmake
[113.848s] -- Up-to-date: /home/a/ws_nhk/install/moveit_ros_benchmarks/share/moveit_ros_benchmarks/cmake/ConfigExtras.cmake
[113.848s] -- Up-to-date: /home/a/ws_nhk/install/moveit_ros_benchmarks/share/moveit_ros_benchmarks/cmake/ament_cmake_export_targets-extras.cmake
[113.848s] -- Up-to-date: /home/a/ws_nhk/install/moveit_ros_benchmarks/share/moveit_ros_benchmarks/cmake/ament_cmake_export_dependencies-extras.cmake
[113.848s] -- Up-to-date: /home/a/ws_nhk/install/moveit_ros_benchmarks/share/moveit_ros_benchmarks/cmake/moveit_ros_benchmarksConfig.cmake
[113.848s] -- Up-to-date: /home/a/ws_nhk/install/moveit_ros_benchmarks/share/moveit_ros_benchmarks/cmake/moveit_ros_benchmarksConfig-version.cmake
[113.848s] -- Up-to-date: /home/a/ws_nhk/install/moveit_ros_benchmarks/share/moveit_ros_benchmarks/package.xml
[113.852s] Invoked command in '/home/a/ws_nhk/build/moveit_ros_benchmarks' returned '0': AMENT_PREFIX_PATH=/home/a/ws_nhk/install/moveit_ros_warehouse:/home/a/ws_nhk/install/moveit_ros_planning:/home/a/ws_nhk/install/moveit_ros_occupancy_map_monitor:/home/a/ws_nhk/install/moveit_core:/home/a/ws_nhk/install/moveit_resources_panda_moveit_config:/home/a/ws_nhk/install/moveit_configs_utils:/home/a/ws_nhk/install/srdfdom:/home/a/ws_nhk/install/moveit_resources_pr2_description:/home/a/ws_nhk/install/moveit_resources_panda_description:/home/a/ws_nhk/install/moveit_common:/home/a/ws_nhk/install/launch_param_builder:${AMENT_PREFIX_PATH} CMAKE_PREFIX_PATH=/home/a/ws_nhk/install/moveit_ros_warehouse:/home/a/ws_nhk/install/moveit_ros_planning:/home/a/ws_nhk/install/moveit_ros_occupancy_map_monitor:/home/a/ws_nhk/install/moveit_core:/home/a/ws_nhk/install/moveit_resources_panda_moveit_config:/home/a/ws_nhk/install/srdfdom:/home/a/ws_nhk/install/moveit_resources_pr2_description:/home/a/ws_nhk/install/moveit_resources_panda_description:/home/a/ws_nhk/install/moveit_common:/home/a/install/field_description_test:/opt/ros/humble LD_LIBRARY_PATH=/home/a/ws_nhk/install/moveit_ros_warehouse/lib:/home/a/ws_nhk/install/moveit_ros_planning/lib:/home/a/ws_nhk/install/moveit_ros_occupancy_map_monitor/lib:/home/a/ws_nhk/install/moveit_core/lib:/home/a/ws_nhk/install/srdfdom/lib:${LD_LIBRARY_PATH} PATH=/home/a/ws_nhk/install/moveit_core/bin:${PATH} PYTHONPATH=/home/a/ws_nhk/install/moveit_configs_utils/lib/python3.10/site-packages:/home/a/ws_nhk/install/srdfdom/local/lib/python3.10/dist-packages:/home/a/ws_nhk/install/launch_param_builder/lib/python3.10/site-packages:${PYTHONPATH} /usr/bin/cmake --install /home/a/ws_nhk/build/moveit_ros_benchmarks
