[0.792s] Invoking command in '/home/a/ws_nhk/src/launch_param_builder': PYTHONPATH=/home/a/ws_nhk/build/launch_param_builder/prefix_override:/usr/lib/python3/dist-packages/colcon_core/task/python/colcon_distutils_commands:/home/a/ws_nhk/install/launch_param_builder/lib/python3.10/site-packages:${PYTHONPATH} /usr/bin/python3 -W ignore:setup.py install is deprecated -W ignore:easy_install command is deprecated setup.py egg_info --egg-base ../../build/launch_param_builder build --build-base /home/a/ws_nhk/build/launch_param_builder/build install --record /home/a/ws_nhk/build/launch_param_builder/install.log --single-version-externally-managed install_data
[1.015s] running egg_info
[1.016s] writing ../../build/launch_param_builder/launch_param_builder.egg-info/PKG-INFO
[1.016s] writing dependency_links to ../../build/launch_param_builder/launch_param_builder.egg-info/dependency_links.txt
[1.016s] writing entry points to ../../build/launch_param_builder/launch_param_builder.egg-info/entry_points.txt
[1.016s] writing requirements to ../../build/launch_param_builder/launch_param_builder.egg-info/requires.txt
[1.016s] writing top-level names to ../../build/launch_param_builder/launch_param_builder.egg-info/top_level.txt
[1.017s] reading manifest file '../../build/launch_param_builder/launch_param_builder.egg-info/SOURCES.txt'
[1.017s] adding license file 'LICENSE'
[1.018s] writing manifest file '../../build/launch_param_builder/launch_param_builder.egg-info/SOURCES.txt'
[1.018s] running build
[1.018s] running build_py
[1.018s] running install
[1.018s] running install_lib
[1.019s] running install_data
[1.019s] running install_egg_info
[1.020s] removing '/home/a/ws_nhk/install/launch_param_builder/lib/python3.10/site-packages/launch_param_builder-0.1.1-py3.10.egg-info' (and everything under it)
[1.020s] Copying ../../build/launch_param_builder/launch_param_builder.egg-info to /home/a/ws_nhk/install/launch_param_builder/lib/python3.10/site-packages/launch_param_builder-0.1.1-py3.10.egg-info
[1.021s] running install_scripts
[1.036s] writing list of installed files to '/home/a/ws_nhk/build/launch_param_builder/install.log'
[1.058s] Invoked command in '/home/a/ws_nhk/src/launch_param_builder' returned '0': PYTHONPATH=/home/a/ws_nhk/build/launch_param_builder/prefix_override:/usr/lib/python3/dist-packages/colcon_core/task/python/colcon_distutils_commands:/home/a/ws_nhk/install/launch_param_builder/lib/python3.10/site-packages:${PYTHONPATH} /usr/bin/python3 -W ignore:setup.py install is deprecated -W ignore:easy_install command is deprecated setup.py egg_info --egg-base ../../build/launch_param_builder build --build-base /home/a/ws_nhk/build/launch_param_builder/build install --record /home/a/ws_nhk/build/launch_param_builder/install.log --single-version-externally-managed install_data
