[0.012s] Invoking command in '/home/a/ws_nhk/build/dynamixel_sdk_examples': AMENT_PREFIX_PATH=/home/a/ws_nhk/install/dynamixel_sdk_custom_interfaces:/home/a/ws_nhk/install/dynamixel_sdk:${AMENT_PREFIX_PATH} CMAKE_PREFIX_PATH=/home/a/ws_nhk/install/dynamixel_sdk_custom_interfaces:/home/a/ws_nhk/install/dynamixel_sdk:/home/a/install/field_description_test:/opt/ros/humble LD_LIBRARY_PATH=/home/a/ws_nhk/install/dynamixel_sdk_custom_interfaces/lib:/home/a/ws_nhk/install/dynamixel_sdk/lib:${LD_LIBRARY_PATH} PYTHONPATH=/home/a/ws_nhk/install/dynamixel_sdk_custom_interfaces/local/lib/python3.10/dist-packages:${PYTHONPATH} /usr/bin/cmake /home/a/ws_nhk/src/dynamixel_ros2/DynamixelSDK/dynamixel_sdk_examples -DCMAKE_BUILD_TYPE=Release -DCMAKE_INSTALL_PREFIX=/home/a/ws_nhk/install/dynamixel_sdk_examples
[0.020s] -- Found ament_cmake: 1.3.12 (/opt/ros/humble/share/ament_cmake/cmake)
[0.122s] -- Found dynamixel_sdk: 3.7.60 (/home/a/ws_nhk/install/dynamixel_sdk/share/dynamixel_sdk/cmake)
[0.123s] -- Found dynamixel_sdk_custom_interfaces: 3.7.60 (/home/a/ws_nhk/install/dynamixel_sdk_custom_interfaces/share/dynamixel_sdk_custom_interfaces/cmake)
[0.141s] -- Found rosidl_generator_c: 3.1.7 (/opt/ros/humble/share/rosidl_generator_c/cmake)
[0.143s] -- Found rosidl_adapter: 3.1.7 (/opt/ros/humble/share/rosidl_adapter/cmake)
[0.147s] -- Found rosidl_generator_cpp: 3.1.7 (/opt/ros/humble/share/rosidl_generator_cpp/cmake)
[0.155s] -- Using all available rosidl_typesupport_c: rosidl_typesupport_fastrtps_c;rosidl_typesupport_introspection_c
[0.164s] -- Using all available rosidl_typesupport_cpp: rosidl_typesupport_fastrtps_cpp;rosidl_typesupport_introspection_cpp
[0.182s] -- Found rclcpp: 16.0.16 (/opt/ros/humble/share/rclcpp/cmake)
[0.201s] -- Found rmw_implementation_cmake: 6.1.2 (/opt/ros/humble/share/rmw_implementation_cmake/cmake)
[0.202s] -- Found rmw_fastrtps_cpp: 6.2.9 (/opt/ros/humble/share/rmw_fastrtps_cpp/cmake)
[0.297s] -- Using RMW implementation 'rmw_fastrtps_cpp' as default
[0.332s] -- Found geometry_msgs: 4.9.0 (/opt/ros/humble/share/geometry_msgs/cmake)
[0.347s] -- Found ament_lint_auto: 0.12.14 (/opt/ros/humble/share/ament_lint_auto/cmake)
[0.406s] -- Added test 'copyright' to check source files copyright and LICENSE
[0.407s] -- Added test 'cppcheck' to perform static code analysis on C / C++ code
[0.407s] -- Configured cppcheck include dirs: /home/a/ws_nhk/src/dynamixel_ros2/DynamixelSDK/dynamixel_sdk_examples/include
[0.407s] -- Configured cppcheck exclude dirs and/or files: 
[0.408s] -- Added test 'cpplint' to check C / C++ code against the Google style
[0.408s] -- Configured cpplint exclude dirs and/or files: 
[0.408s] -- Added test 'lint_cmake' to check CMake code style
[0.409s] -- Added test 'uncrustify' to check C / C++ code style
[0.409s] -- Configured uncrustify additional arguments: 
[0.409s] -- Added test 'xmllint' to check XML markup files
[0.409s] -- Configuring done
[0.435s] -- Generating done
[0.445s] -- Build files have been written to: /home/a/ws_nhk/build/dynamixel_sdk_examples
[0.452s] Invoked command in '/home/a/ws_nhk/build/dynamixel_sdk_examples' returned '0': AMENT_PREFIX_PATH=/home/a/ws_nhk/install/dynamixel_sdk_custom_interfaces:/home/a/ws_nhk/install/dynamixel_sdk:${AMENT_PREFIX_PATH} CMAKE_PREFIX_PATH=/home/a/ws_nhk/install/dynamixel_sdk_custom_interfaces:/home/a/ws_nhk/install/dynamixel_sdk:/home/a/install/field_description_test:/opt/ros/humble LD_LIBRARY_PATH=/home/a/ws_nhk/install/dynamixel_sdk_custom_interfaces/lib:/home/a/ws_nhk/install/dynamixel_sdk/lib:${LD_LIBRARY_PATH} PYTHONPATH=/home/a/ws_nhk/install/dynamixel_sdk_custom_interfaces/local/lib/python3.10/dist-packages:${PYTHONPATH} /usr/bin/cmake /home/a/ws_nhk/src/dynamixel_ros2/DynamixelSDK/dynamixel_sdk_examples -DCMAKE_BUILD_TYPE=Release -DCMAKE_INSTALL_PREFIX=/home/a/ws_nhk/install/dynamixel_sdk_examples
[0.454s] Invoking command in '/home/a/ws_nhk/build/dynamixel_sdk_examples': AMENT_PREFIX_PATH=/home/a/ws_nhk/install/dynamixel_sdk_custom_interfaces:/home/a/ws_nhk/install/dynamixel_sdk:${AMENT_PREFIX_PATH} CMAKE_PREFIX_PATH=/home/a/ws_nhk/install/dynamixel_sdk_custom_interfaces:/home/a/ws_nhk/install/dynamixel_sdk:/home/a/install/field_description_test:/opt/ros/humble LD_LIBRARY_PATH=/home/a/ws_nhk/install/dynamixel_sdk_custom_interfaces/lib:/home/a/ws_nhk/install/dynamixel_sdk/lib:${LD_LIBRARY_PATH} PYTHONPATH=/home/a/ws_nhk/install/dynamixel_sdk_custom_interfaces/local/lib/python3.10/dist-packages:${PYTHONPATH} /usr/bin/cmake --build /home/a/ws_nhk/build/dynamixel_sdk_examples -- -j22 -l22
[0.492s] [35m[1mConsolidate compiler generated dependencies of target pub_current_pos_v2_node[0m
[0.493s] [35m[1mConsolidate compiler generated dependencies of target pub_current_pos_v1_node[0m
[0.493s] [35m[1mConsolidate compiler generated dependencies of target pub_velocity_node[0m
[0.493s] [35m[1mConsolidate compiler generated dependencies of target read_write_current_pos_v1_node[0m
[0.493s] [35m[1mConsolidate compiler generated dependencies of target read_write_current_node[0m
[0.493s] [35m[1mConsolidate compiler generated dependencies of target read_write_velocity_node[0m
[0.493s] [35m[1mConsolidate compiler generated dependencies of target read_write_current_pos_v2_node[0m
[0.494s] [35m[1mConsolidate compiler generated dependencies of target pub_position_node[0m
[0.494s] [35m[1mConsolidate compiler generated dependencies of target pub_current_node[0m
[0.495s] [35m[1mConsolidate compiler generated dependencies of target read_write_position_node[0m
[0.505s] [ 10%] [32mBuilding CXX object CMakeFiles/read_write_current_node.dir/src/read_write_current_node.cpp.o[0m
[0.505s] [ 10%] [32mBuilding CXX object CMakeFiles/pub_current_pos_v1_node.dir/src/pub_current_pos_v1_node.cpp.o[0m
[0.505s] [ 15%] [32mBuilding CXX object CMakeFiles/read_write_velocity_node.dir/src/read_write_velocity_node.cpp.o[0m
[0.505s] [ 20%] [32mBuilding CXX object CMakeFiles/pub_current_pos_v2_node.dir/src/pub_current_pos_v2_node.cpp.o[0m
[0.505s] [ 25%] [32mBuilding CXX object CMakeFiles/pub_velocity_node.dir/src/pub_velocity_node.cpp.o[0m
[0.507s] [ 35%] [32mBuilding CXX object CMakeFiles/read_write_current_pos_v1_node.dir/src/read_write_current_pos_v1_node.cpp.o[0m
[0.507s] [ 35%] [32mBuilding CXX object CMakeFiles/pub_current_node.dir/src/pub_current_node.cpp.o[0m
[0.508s] [ 40%] [32mBuilding CXX object CMakeFiles/read_write_current_pos_v2_node.dir/src/read_write_current_pos_v2_node.cpp.o[0m
[0.510s] [ 45%] [32mBuilding CXX object CMakeFiles/pub_position_node.dir/src/pub_position_node.cpp.o[0m
[0.511s] [ 50%] [32mBuilding CXX object CMakeFiles/read_write_position_node.dir/src/read_write_position_node.cpp.o[0m
[18.514s] [ 55%] [32m[1mLinking CXX executable pub_current_pos_v1_node[0m
[18.976s] [ 55%] Built target pub_current_pos_v1_node
[20.304s] [ 60%] [32m[1mLinking CXX executable pub_velocity_node[0m
[20.359s] [ 65%] [32m[1mLinking CXX executable pub_position_node[0m
[20.643s] [ 65%] Built target pub_velocity_node
[20.751s] [ 65%] Built target pub_position_node
[21.184s] [ 70%] [32m[1mLinking CXX executable pub_current_node[0m
[21.562s] [ 70%] Built target pub_current_node
[21.810s] [ 75%] [32m[1mLinking CXX executable pub_current_pos_v2_node[0m
[22.189s] [ 75%] Built target pub_current_pos_v2_node
[31.329s] [ 80%] [32m[1mLinking CXX executable read_write_velocity_node[0m
[31.394s] [ 85%] [32m[1mLinking CXX executable read_write_current_node[0m
[31.675s] [ 85%] Built target read_write_velocity_node
[31.703s] [ 85%] Built target read_write_current_node
[32.953s] [ 90%] [32m[1mLinking CXX executable read_write_position_node[0m
[33.183s] [ 90%] Built target read_write_position_node
[34.495s] [ 95%] [32m[1mLinking CXX executable read_write_current_pos_v2_node[0m
[34.687s] [ 95%] Built target read_write_current_pos_v2_node
[34.770s] [100%] [32m[1mLinking CXX executable read_write_current_pos_v1_node[0m
[34.946s] [100%] Built target read_write_current_pos_v1_node
[34.960s] Invoked command in '/home/a/ws_nhk/build/dynamixel_sdk_examples' returned '0': AMENT_PREFIX_PATH=/home/a/ws_nhk/install/dynamixel_sdk_custom_interfaces:/home/a/ws_nhk/install/dynamixel_sdk:${AMENT_PREFIX_PATH} CMAKE_PREFIX_PATH=/home/a/ws_nhk/install/dynamixel_sdk_custom_interfaces:/home/a/ws_nhk/install/dynamixel_sdk:/home/a/install/field_description_test:/opt/ros/humble LD_LIBRARY_PATH=/home/a/ws_nhk/install/dynamixel_sdk_custom_interfaces/lib:/home/a/ws_nhk/install/dynamixel_sdk/lib:${LD_LIBRARY_PATH} PYTHONPATH=/home/a/ws_nhk/install/dynamixel_sdk_custom_interfaces/local/lib/python3.10/dist-packages:${PYTHONPATH} /usr/bin/cmake --build /home/a/ws_nhk/build/dynamixel_sdk_examples -- -j22 -l22
[34.962s] Invoking command in '/home/a/ws_nhk/build/dynamixel_sdk_examples': AMENT_PREFIX_PATH=/home/a/ws_nhk/install/dynamixel_sdk_custom_interfaces:/home/a/ws_nhk/install/dynamixel_sdk:${AMENT_PREFIX_PATH} CMAKE_PREFIX_PATH=/home/a/ws_nhk/install/dynamixel_sdk_custom_interfaces:/home/a/ws_nhk/install/dynamixel_sdk:/home/a/install/field_description_test:/opt/ros/humble LD_LIBRARY_PATH=/home/a/ws_nhk/install/dynamixel_sdk_custom_interfaces/lib:/home/a/ws_nhk/install/dynamixel_sdk/lib:${LD_LIBRARY_PATH} PYTHONPATH=/home/a/ws_nhk/install/dynamixel_sdk_custom_interfaces/local/lib/python3.10/dist-packages:${PYTHONPATH} /usr/bin/cmake --install /home/a/ws_nhk/build/dynamixel_sdk_examples
[34.973s] -- Install configuration: "Release"
[34.975s] -- Installing: /home/a/ws_nhk/install/dynamixel_sdk_examples/lib/dynamixel_sdk_examples/read_write_current_node
[34.976s] -- Set runtime path of "/home/a/ws_nhk/install/dynamixel_sdk_examples/lib/dynamixel_sdk_examples/read_write_current_node" to ""
[34.976s] -- Installing: /home/a/ws_nhk/install/dynamixel_sdk_examples/lib/dynamixel_sdk_examples/pub_current_node
[34.977s] -- Set runtime path of "/home/a/ws_nhk/install/dynamixel_sdk_examples/lib/dynamixel_sdk_examples/pub_current_node" to ""
[34.977s] -- Installing: /home/a/ws_nhk/install/dynamixel_sdk_examples/lib/dynamixel_sdk_examples/read_write_velocity_node
[34.978s] -- Set runtime path of "/home/a/ws_nhk/install/dynamixel_sdk_examples/lib/dynamixel_sdk_examples/read_write_velocity_node" to ""
[34.978s] -- Installing: /home/a/ws_nhk/install/dynamixel_sdk_examples/lib/dynamixel_sdk_examples/pub_velocity_node
[34.979s] -- Set runtime path of "/home/a/ws_nhk/install/dynamixel_sdk_examples/lib/dynamixel_sdk_examples/pub_velocity_node" to ""
[34.979s] -- Installing: /home/a/ws_nhk/install/dynamixel_sdk_examples/lib/dynamixel_sdk_examples/read_write_position_node
[34.980s] -- Set runtime path of "/home/a/ws_nhk/install/dynamixel_sdk_examples/lib/dynamixel_sdk_examples/read_write_position_node" to ""
[34.981s] -- Installing: /home/a/ws_nhk/install/dynamixel_sdk_examples/lib/dynamixel_sdk_examples/pub_position_node
[34.981s] -- Set runtime path of "/home/a/ws_nhk/install/dynamixel_sdk_examples/lib/dynamixel_sdk_examples/pub_position_node" to ""
[34.982s] -- Installing: /home/a/ws_nhk/install/dynamixel_sdk_examples/lib/dynamixel_sdk_examples/read_write_current_pos_v1_node
[34.982s] -- Set runtime path of "/home/a/ws_nhk/install/dynamixel_sdk_examples/lib/dynamixel_sdk_examples/read_write_current_pos_v1_node" to ""
[34.983s] -- Installing: /home/a/ws_nhk/install/dynamixel_sdk_examples/lib/dynamixel_sdk_examples/pub_current_pos_v1_node
[34.983s] -- Set runtime path of "/home/a/ws_nhk/install/dynamixel_sdk_examples/lib/dynamixel_sdk_examples/pub_current_pos_v1_node" to ""
[34.984s] -- Installing: /home/a/ws_nhk/install/dynamixel_sdk_examples/lib/dynamixel_sdk_examples/read_write_current_pos_v2_node
[34.985s] -- Set runtime path of "/home/a/ws_nhk/install/dynamixel_sdk_examples/lib/dynamixel_sdk_examples/read_write_current_pos_v2_node" to ""
[34.985s] -- Installing: /home/a/ws_nhk/install/dynamixel_sdk_examples/lib/dynamixel_sdk_examples/pub_current_pos_v2_node
[34.986s] -- Set runtime path of "/home/a/ws_nhk/install/dynamixel_sdk_examples/lib/dynamixel_sdk_examples/pub_current_pos_v2_node" to ""
[34.986s] -- Up-to-date: /home/a/ws_nhk/install/dynamixel_sdk_examples/share/ament_index/resource_index/package_run_dependencies/dynamixel_sdk_examples
[34.986s] -- Up-to-date: /home/a/ws_nhk/install/dynamixel_sdk_examples/share/ament_index/resource_index/parent_prefix_path/dynamixel_sdk_examples
[34.986s] -- Up-to-date: /home/a/ws_nhk/install/dynamixel_sdk_examples/share/dynamixel_sdk_examples/environment/ament_prefix_path.sh
[34.986s] -- Installing: /home/a/ws_nhk/install/dynamixel_sdk_examples/share/dynamixel_sdk_examples/environment/ament_prefix_path.dsv
[34.986s] -- Up-to-date: /home/a/ws_nhk/install/dynamixel_sdk_examples/share/dynamixel_sdk_examples/environment/path.sh
[34.986s] -- Installing: /home/a/ws_nhk/install/dynamixel_sdk_examples/share/dynamixel_sdk_examples/environment/path.dsv
[34.987s] -- Up-to-date: /home/a/ws_nhk/install/dynamixel_sdk_examples/share/dynamixel_sdk_examples/local_setup.bash
[34.987s] -- Up-to-date: /home/a/ws_nhk/install/dynamixel_sdk_examples/share/dynamixel_sdk_examples/local_setup.sh
[34.987s] -- Up-to-date: /home/a/ws_nhk/install/dynamixel_sdk_examples/share/dynamixel_sdk_examples/local_setup.zsh
[34.987s] -- Installing: /home/a/ws_nhk/install/dynamixel_sdk_examples/share/dynamixel_sdk_examples/local_setup.dsv
[34.987s] -- Installing: /home/a/ws_nhk/install/dynamixel_sdk_examples/share/dynamixel_sdk_examples/package.dsv
[34.987s] -- Up-to-date: /home/a/ws_nhk/install/dynamixel_sdk_examples/share/ament_index/resource_index/packages/dynamixel_sdk_examples
[34.987s] -- Up-to-date: /home/a/ws_nhk/install/dynamixel_sdk_examples/share/dynamixel_sdk_examples/cmake/dynamixel_sdk_examplesConfig.cmake
[34.987s] -- Up-to-date: /home/a/ws_nhk/install/dynamixel_sdk_examples/share/dynamixel_sdk_examples/cmake/dynamixel_sdk_examplesConfig-version.cmake
[34.987s] -- Up-to-date: /home/a/ws_nhk/install/dynamixel_sdk_examples/share/dynamixel_sdk_examples/package.xml
[34.990s] Invoked command in '/home/a/ws_nhk/build/dynamixel_sdk_examples' returned '0': AMENT_PREFIX_PATH=/home/a/ws_nhk/install/dynamixel_sdk_custom_interfaces:/home/a/ws_nhk/install/dynamixel_sdk:${AMENT_PREFIX_PATH} CMAKE_PREFIX_PATH=/home/a/ws_nhk/install/dynamixel_sdk_custom_interfaces:/home/a/ws_nhk/install/dynamixel_sdk:/home/a/install/field_description_test:/opt/ros/humble LD_LIBRARY_PATH=/home/a/ws_nhk/install/dynamixel_sdk_custom_interfaces/lib:/home/a/ws_nhk/install/dynamixel_sdk/lib:${LD_LIBRARY_PATH} PYTHONPATH=/home/a/ws_nhk/install/dynamixel_sdk_custom_interfaces/local/lib/python3.10/dist-packages:${PYTHONPATH} /usr/bin/cmake --install /home/a/ws_nhk/build/dynamixel_sdk_examples
