[0.050s] Invoking command in '/home/a/ws_nhk/build/dynamixel_sdk_examples': AMENT_PREFIX_PATH=/home/a/ws_nhk/install/dynamixel_sdk_custom_interfaces:/home/a/ws_nhk/install/dynamixel_sdk:${AMENT_PREFIX_PATH} CMAKE_PREFIX_PATH=/home/a/ws_nhk/install/dynamixel_sdk_custom_interfaces:/home/a/ws_nhk/install/dynamixel_sdk:/home/a/install/field_description_test:/opt/ros/humble LD_LIBRARY_PATH=/home/a/ws_nhk/install/dynamixel_sdk_custom_interfaces/lib:/home/a/ws_nhk/install/dynamixel_sdk/lib:${LD_LIBRARY_PATH} PYTHONPATH=/home/a/ws_nhk/install/dynamixel_sdk_custom_interfaces/local/lib/python3.10/dist-packages:${PYTHONPATH} /usr/bin/cmake --build /home/a/ws_nhk/build/dynamixel_sdk_examples -- -j22 -l22
[0.095s] [ 10%] Built target read_write_current_pos_v1_node
[0.095s] [ 20%] Built target read_write_position_node
[0.095s] [ 30%] Built target read_write_current_pos_v2_node
[0.095s] [ 40%] Built target read_write_current_node
[0.096s] [ 50%] Built target pub_current_pos_v1_node
[0.096s] [ 60%] Built target pub_current_node
[0.100s] [ 70%] Built target pub_position_node
[0.100s] [ 80%] Built target pub_current_pos_v2_node
[0.100s] [ 90%] Built target read_write_velocity_node
[0.101s] [100%] Built target pub_velocity_node
[0.112s] Invoked command in '/home/a/ws_nhk/build/dynamixel_sdk_examples' returned '0': AMENT_PREFIX_PATH=/home/a/ws_nhk/install/dynamixel_sdk_custom_interfaces:/home/a/ws_nhk/install/dynamixel_sdk:${AMENT_PREFIX_PATH} CMAKE_PREFIX_PATH=/home/a/ws_nhk/install/dynamixel_sdk_custom_interfaces:/home/a/ws_nhk/install/dynamixel_sdk:/home/a/install/field_description_test:/opt/ros/humble LD_LIBRARY_PATH=/home/a/ws_nhk/install/dynamixel_sdk_custom_interfaces/lib:/home/a/ws_nhk/install/dynamixel_sdk/lib:${LD_LIBRARY_PATH} PYTHONPATH=/home/a/ws_nhk/install/dynamixel_sdk_custom_interfaces/local/lib/python3.10/dist-packages:${PYTHONPATH} /usr/bin/cmake --build /home/a/ws_nhk/build/dynamixel_sdk_examples -- -j22 -l22
[0.114s] Invoking command in '/home/a/ws_nhk/build/dynamixel_sdk_examples': AMENT_PREFIX_PATH=/home/a/ws_nhk/install/dynamixel_sdk_custom_interfaces:/home/a/ws_nhk/install/dynamixel_sdk:${AMENT_PREFIX_PATH} CMAKE_PREFIX_PATH=/home/a/ws_nhk/install/dynamixel_sdk_custom_interfaces:/home/a/ws_nhk/install/dynamixel_sdk:/home/a/install/field_description_test:/opt/ros/humble LD_LIBRARY_PATH=/home/a/ws_nhk/install/dynamixel_sdk_custom_interfaces/lib:/home/a/ws_nhk/install/dynamixel_sdk/lib:${LD_LIBRARY_PATH} PYTHONPATH=/home/a/ws_nhk/install/dynamixel_sdk_custom_interfaces/local/lib/python3.10/dist-packages:${PYTHONPATH} /usr/bin/cmake --install /home/a/ws_nhk/build/dynamixel_sdk_examples
[0.120s] -- Install configuration: ""
[0.122s] -- Up-to-date: /home/a/ws_nhk/install/dynamixel_sdk_examples/lib/dynamixel_sdk_examples/read_write_current_node
[0.123s] -- Up-to-date: /home/a/ws_nhk/install/dynamixel_sdk_examples/lib/dynamixel_sdk_examples/pub_current_node
[0.123s] -- Up-to-date: /home/a/ws_nhk/install/dynamixel_sdk_examples/lib/dynamixel_sdk_examples/read_write_velocity_node
[0.124s] -- Up-to-date: /home/a/ws_nhk/install/dynamixel_sdk_examples/lib/dynamixel_sdk_examples/pub_velocity_node
[0.124s] -- Up-to-date: /home/a/ws_nhk/install/dynamixel_sdk_examples/lib/dynamixel_sdk_examples/read_write_position_node
[0.124s] -- Up-to-date: /home/a/ws_nhk/install/dynamixel_sdk_examples/lib/dynamixel_sdk_examples/pub_position_node
[0.125s] -- Up-to-date: /home/a/ws_nhk/install/dynamixel_sdk_examples/lib/dynamixel_sdk_examples/read_write_current_pos_v1_node
[0.125s] -- Up-to-date: /home/a/ws_nhk/install/dynamixel_sdk_examples/lib/dynamixel_sdk_examples/pub_current_pos_v1_node
[0.126s] -- Up-to-date: /home/a/ws_nhk/install/dynamixel_sdk_examples/lib/dynamixel_sdk_examples/read_write_current_pos_v2_node
[0.126s] -- Up-to-date: /home/a/ws_nhk/install/dynamixel_sdk_examples/lib/dynamixel_sdk_examples/pub_current_pos_v2_node
[0.126s] -- Up-to-date: /home/a/ws_nhk/install/dynamixel_sdk_examples/share/ament_index/resource_index/package_run_dependencies/dynamixel_sdk_examples
[0.126s] -- Up-to-date: /home/a/ws_nhk/install/dynamixel_sdk_examples/share/ament_index/resource_index/parent_prefix_path/dynamixel_sdk_examples
[0.127s] -- Up-to-date: /home/a/ws_nhk/install/dynamixel_sdk_examples/share/dynamixel_sdk_examples/environment/ament_prefix_path.sh
[0.127s] -- Up-to-date: /home/a/ws_nhk/install/dynamixel_sdk_examples/share/dynamixel_sdk_examples/environment/ament_prefix_path.dsv
[0.127s] -- Up-to-date: /home/a/ws_nhk/install/dynamixel_sdk_examples/share/dynamixel_sdk_examples/environment/path.sh
[0.127s] -- Up-to-date: /home/a/ws_nhk/install/dynamixel_sdk_examples/share/dynamixel_sdk_examples/environment/path.dsv
[0.127s] -- Up-to-date: /home/a/ws_nhk/install/dynamixel_sdk_examples/share/dynamixel_sdk_examples/local_setup.bash
[0.127s] -- Up-to-date: /home/a/ws_nhk/install/dynamixel_sdk_examples/share/dynamixel_sdk_examples/local_setup.sh
[0.127s] -- Up-to-date: /home/a/ws_nhk/install/dynamixel_sdk_examples/share/dynamixel_sdk_examples/local_setup.zsh
[0.127s] -- Up-to-date: /home/a/ws_nhk/install/dynamixel_sdk_examples/share/dynamixel_sdk_examples/local_setup.dsv
[0.127s] -- Installing: /home/a/ws_nhk/install/dynamixel_sdk_examples/share/dynamixel_sdk_examples/package.dsv
[0.128s] -- Up-to-date: /home/a/ws_nhk/install/dynamixel_sdk_examples/share/ament_index/resource_index/packages/dynamixel_sdk_examples
[0.128s] -- Up-to-date: /home/a/ws_nhk/install/dynamixel_sdk_examples/share/dynamixel_sdk_examples/cmake/dynamixel_sdk_examplesConfig.cmake
[0.128s] -- Up-to-date: /home/a/ws_nhk/install/dynamixel_sdk_examples/share/dynamixel_sdk_examples/cmake/dynamixel_sdk_examplesConfig-version.cmake
[0.128s] -- Up-to-date: /home/a/ws_nhk/install/dynamixel_sdk_examples/share/dynamixel_sdk_examples/package.xml
[0.130s] Invoked command in '/home/a/ws_nhk/build/dynamixel_sdk_examples' returned '0': AMENT_PREFIX_PATH=/home/a/ws_nhk/install/dynamixel_sdk_custom_interfaces:/home/a/ws_nhk/install/dynamixel_sdk:${AMENT_PREFIX_PATH} CMAKE_PREFIX_PATH=/home/a/ws_nhk/install/dynamixel_sdk_custom_interfaces:/home/a/ws_nhk/install/dynamixel_sdk:/home/a/install/field_description_test:/opt/ros/humble LD_LIBRARY_PATH=/home/a/ws_nhk/install/dynamixel_sdk_custom_interfaces/lib:/home/a/ws_nhk/install/dynamixel_sdk/lib:${LD_LIBRARY_PATH} PYTHONPATH=/home/a/ws_nhk/install/dynamixel_sdk_custom_interfaces/local/lib/python3.10/dist-packages:${PYTHONPATH} /usr/bin/cmake --install /home/a/ws_nhk/build/dynamixel_sdk_examples
