[0.050s] Invoking command in '/home/a/ws_nhk/build/pilz_industrial_motion_planner': AMENT_PREFIX_PATH=/home/a/ws_nhk/install/moveit_resources_prbt_pg70_support:/home/a/ws_nhk/install/moveit_ros_planning_interface:/home/a/ws_nhk/install/moveit_resources_prbt_moveit_config:/home/a/ws_nhk/install/moveit_ros_move_group:/home/a/ws_nhk/install/moveit_ros_warehouse:/home/a/ws_nhk/install/moveit_planners_ompl:/home/a/ws_nhk/install/moveit_kinematics:/home/a/ws_nhk/install/trac_ik:/home/a/ws_nhk/install/moveit_ros_planning:/home/a/ws_nhk/install/trac_ik_kinematics_plugin:/home/a/ws_nhk/install/pilz_industrial_motion_planner_testutils:/home/a/ws_nhk/install/moveit_simple_controller_manager:/home/a/ws_nhk/install/moveit_ros_occupancy_map_monitor:/home/a/ws_nhk/install/moveit_resources_prbt_ikfast_manipulator_plugin:/home/a/ws_nhk/install/moveit_core:/home/a/ws_nhk/install/moveit_resources_panda_moveit_config:/home/a/ws_nhk/install/moveit_resources_fanuc_moveit_config:/home/a/ws_nhk/install/moveit_configs_utils:/home/a/ws_nhk/install/trac_ik_lib:/home/a/ws_nhk/install/srdfdom:/home/a/ws_nhk/install/moveit_resources_prbt_support:/home/a/ws_nhk/install/moveit_resources_pr2_description:/home/a/ws_nhk/install/moveit_resources_panda_description:/home/a/ws_nhk/install/moveit_resources_fanuc_description:/home/a/ws_nhk/install/moveit_common:/home/a/ws_nhk/install/launch_param_builder:${AMENT_PREFIX_PATH} CMAKE_PREFIX_PATH=/home/a/ws_nhk/install/moveit_resources_prbt_pg70_support:/home/a/ws_nhk/install/moveit_ros_planning_interface:/home/a/ws_nhk/install/moveit_resources_prbt_moveit_config:/home/a/ws_nhk/install/moveit_ros_move_group:/home/a/ws_nhk/install/moveit_ros_warehouse:/home/a/ws_nhk/install/moveit_planners_ompl:/home/a/ws_nhk/install/moveit_kinematics:/home/a/ws_nhk/install/trac_ik:/home/a/ws_nhk/install/moveit_ros_planning:/home/a/ws_nhk/install/trac_ik_kinematics_plugin:/home/a/ws_nhk/install/pilz_industrial_motion_planner_testutils:/home/a/ws_nhk/install/moveit_simple_controller_manager:/home/a/ws_nhk/install/moveit_ros_occupancy_map_monitor:/home/a/ws_nhk/install/moveit_resources_prbt_ikfast_manipulator_plugin:/home/a/ws_nhk/install/moveit_core:/home/a/ws_nhk/install/moveit_resources_panda_moveit_config:/home/a/ws_nhk/install/moveit_resources_fanuc_moveit_config:/home/a/ws_nhk/install/trac_ik_lib:/home/a/ws_nhk/install/srdfdom:/home/a/ws_nhk/install/moveit_resources_prbt_support:/home/a/ws_nhk/install/moveit_resources_pr2_description:/home/a/ws_nhk/install/moveit_resources_panda_description:/home/a/ws_nhk/install/moveit_resources_fanuc_description:/home/a/ws_nhk/install/moveit_common:/home/a/install/field_description_test:/opt/ros/humble LD_LIBRARY_PATH=/home/a/ws_nhk/install/moveit_ros_planning_interface/lib:/home/a/ws_nhk/install/moveit_ros_move_group/lib:/home/a/ws_nhk/install/moveit_ros_warehouse/lib:/home/a/ws_nhk/install/moveit_planners_ompl/lib:/home/a/ws_nhk/install/moveit_kinematics/lib:/home/a/ws_nhk/install/moveit_ros_planning/lib:/home/a/ws_nhk/install/trac_ik_kinematics_plugin/lib:/home/a/ws_nhk/install/pilz_industrial_motion_planner_testutils/lib:/home/a/ws_nhk/install/moveit_simple_controller_manager/lib:/home/a/ws_nhk/install/moveit_ros_occupancy_map_monitor/lib:/home/a/ws_nhk/install/moveit_resources_prbt_ikfast_manipulator_plugin/lib:/home/a/ws_nhk/install/moveit_core/lib:/home/a/ws_nhk/install/trac_ik_lib/lib:/home/a/ws_nhk/install/srdfdom/lib:${LD_LIBRARY_PATH} PATH=/home/a/ws_nhk/install/moveit_core/bin:${PATH} PYTHONPATH=/home/a/ws_nhk/install/moveit_configs_utils/lib/python3.10/site-packages:/home/a/ws_nhk/install/srdfdom/local/lib/python3.10/dist-packages:/home/a/ws_nhk/install/launch_param_builder/lib/python3.10/site-packages:${PYTHONPATH} /usr/bin/cmake --build /home/a/ws_nhk/build/pilz_industrial_motion_planner -- -j22 -l22
[0.081s] -- Found moveit_common: 2.5.9 (/home/a/ws_nhk/install/moveit_common/share/moveit_common/cmake)
[0.081s] -- Found ament_cmake: 1.3.12 (/opt/ros/humble/share/ament_cmake/cmake)
[0.262s] -- Found eigen3_cmake_module: 0.1.1 (/opt/ros/humble/share/eigen3_cmake_module/cmake)
[0.263s] -- Found geometry_msgs: 4.9.0 (/opt/ros/humble/share/geometry_msgs/cmake)
[0.287s] -- Found rosidl_generator_c: 3.1.7 (/opt/ros/humble/share/rosidl_generator_c/cmake)
[0.290s] -- Found rosidl_adapter: 3.1.7 (/opt/ros/humble/share/rosidl_adapter/cmake)
[0.295s] -- Found rosidl_generator_cpp: 3.1.7 (/opt/ros/humble/share/rosidl_generator_cpp/cmake)
[0.305s] -- Using all available rosidl_typesupport_c: rosidl_typesupport_fastrtps_c;rosidl_typesupport_introspection_c
[0.317s] -- Using all available rosidl_typesupport_cpp: rosidl_typesupport_fastrtps_cpp;rosidl_typesupport_introspection_cpp
[0.352s] -- Found moveit_core: 2.5.9 (/home/a/ws_nhk/install/moveit_core/share/moveit_core/cmake)
[0.367s] -- Found Boost: /usr/lib/x86_64-linux-gnu/cmake/Boost-1.74.0/BoostConfig.cmake (found version "1.74.0") found components: chrono date_time filesystem iostreams program_options regex serialization system thread 
[0.399s] -- Found parameter_traits: 0.5.0 (/opt/ros/humble/share/parameter_traits/cmake)
[0.431s] -- Found rmw_implementation_cmake: 6.1.2 (/opt/ros/humble/share/rmw_implementation_cmake/cmake)
[0.434s] -- Found rmw_fastrtps_cpp: 6.2.9 (/opt/ros/humble/share/rmw_fastrtps_cpp/cmake)
[0.574s] -- Using RMW implementation 'rmw_fastrtps_cpp' as default
[0.628s] -- Found rclcpp_lifecycle: 16.0.16 (/opt/ros/humble/share/rclcpp_lifecycle/cmake)
[0.654s] -- Found Boost: /usr/lib/x86_64-linux-gnu/cmake/Boost-1.74.0/BoostConfig.cmake (found version "1.74.0") found components: filesystem 
[0.699s] -- library: /usr/lib/x86_64-linux-gnu/libcurl.so
[0.772s] -- Ensuring Eigen3 include directory is part of orocos-kdl CMake target
[1.036s] -- Found moveit_ros_move_group: 2.5.9 (/home/a/ws_nhk/install/moveit_ros_move_group/share/moveit_ros_move_group/cmake)
[1.043s] -- Found Boost: /usr/lib/x86_64-linux-gnu/cmake/Boost-1.74.0/BoostConfig.cmake (found version "1.74.0") found components: system filesystem date_time program_options thread 
[1.082s] -- Found Boost: /usr/lib/x86_64-linux-gnu/cmake/Boost-1.74.0/BoostConfig.cmake (found version "1.74.0") found components: system filesystem date_time program_options thread chrono 
[1.104s] -- Found moveit_ros_planning_interface: 2.5.9 (/home/a/ws_nhk/install/moveit_ros_planning_interface/share/moveit_ros_planning_interface/cmake)
[1.110s] -- Found Boost: /usr/lib/x86_64-linux-gnu/cmake/Boost-1.74.0/BoostConfig.cmake (found version "1.74.0") found components: date_time filesystem program_options system thread 
[1.128s] -- Found Boost: /usr/lib/x86_64-linux-gnu/cmake/Boost-1.74.0/BoostConfig.cmake (found version "1.74.0") found components: thread system filesystem regex date_time program_options 
[1.158s] -- Found tf2_eigen_kdl: 0.25.17 (/opt/ros/humble/share/tf2_eigen_kdl/cmake)
[1.169s] -- Found Boost: /usr/lib/x86_64-linux-gnu/cmake/Boost-1.74.0/BoostConfig.cmake (found version "1.74.0")  
[1.314s] -- Found ament_cmake_gtest: 1.3.12 (/opt/ros/humble/share/ament_cmake_gtest/cmake)
[1.315s] -- Found ament_cmake_gmock: 1.3.12 (/opt/ros/humble/share/ament_cmake_gmock/cmake)
[1.315s] -- Found ros_testing: 0.4.0 (/opt/ros/humble/share/ros_testing/cmake)
[1.316s] -- Found launch_testing_ament_cmake: 1.0.13 (/opt/ros/humble/share/launch_testing_ament_cmake/cmake)
[1.316s] -- Found python_cmake_module: 0.10.0 (/opt/ros/humble/share/python_cmake_module/cmake)
[1.348s] -- Using PYTHON_EXECUTABLE: /usr/bin/python3
[1.348s] -- Using PYTHON_INCLUDE_DIRS: /usr/include/python3.10
[1.348s] -- Using PYTHON_LIBRARIES: /usr/lib/x86_64-linux-gnu/libpython3.10.so
[1.351s] -- Found moveit_resources_prbt_support: 2.5.9 (/home/a/ws_nhk/install/moveit_resources_prbt_support/share/moveit_resources_prbt_support/cmake)
[1.351s] -- Found moveit_resources_prbt_moveit_config: 2.5.9 (/home/a/ws_nhk/install/moveit_resources_prbt_moveit_config/share/moveit_resources_prbt_moveit_config/cmake)
[1.358s] -- Found Boost: /usr/lib/x86_64-linux-gnu/cmake/Boost-1.74.0/BoostConfig.cmake (found version "1.74.0") found components: thread 
[1.359s] -- Found pilz_industrial_motion_planner_testutils: 2.5.9 (/home/a/ws_nhk/install/pilz_industrial_motion_planner_testutils/share/pilz_industrial_motion_planner_testutils/cmake)
[1.387s] -- Found gtest sources under '/opt/ros/humble/src/gtest_vendor': C++ tests using 'Google Test' will be built
[1.440s] -- Found gmock sources under '/opt/ros/humble/src/gmock_vendor': C++ tests using 'Google Mock' will be built
[1.445s] -- Found ament_lint_auto: 0.12.14 (/opt/ros/humble/share/ament_lint_auto/cmake)
[1.507s] -- Found launch_testing_ament_cmake: 1.0.13 (/opt/ros/humble/share/launch_testing_ament_cmake/cmake)
[1.507s] -- Found python_cmake_module: 0.10.0 (/opt/ros/humble/share/python_cmake_module/cmake)
[1.540s] -- Using PYTHON_EXECUTABLE: /usr/bin/python3
[1.540s] -- Using PYTHON_INCLUDE_DIRS: /usr/include/python3.10
[1.540s] -- Using PYTHON_LIBRARIES: /usr/lib/x86_64-linux-gnu/libpython3.10.so
[1.553s] -- Added test 'cppcheck' to perform static code analysis on C / C++ code
[1.555s] -- Configured cppcheck include dirs: /home/a/ws_nhk/src/moveit2/moveit_planners/pilz_industrial_motion_planner/include
[1.555s] -- Configured cppcheck exclude dirs and/or files: 
[1.556s] -- Added test 'pep257' to check Python code against some of the docstring style conventions in PEP 257
[1.557s] -- Added test 'xmllint' to check XML markup files
[1.559s] -- Configuring done
[2.787s] -- Generating done
[3.675s] -- Build files have been written to: /home/a/ws_nhk/build/pilz_industrial_motion_planner
[4.025s] [35m[1mConsolidate compiler generated dependencies of target gmock_main[0m
[4.057s] [35m[1mConsolidate compiler generated dependencies of target gtest[0m
[4.059s] [35m[1mConsolidate compiler generated dependencies of target gmock[0m
[4.082s] [35m[1mConsolidate compiler generated dependencies of target planning_context_loader_base[0m
[4.096s] [35m[1mConsolidate compiler generated dependencies of target joint_limits_common[0m
[4.097s] [35m[1mConsolidate compiler generated dependencies of target gtest_main[0m
[4.128s] [35m[1mConsolidate compiler generated dependencies of target trajectory_generation_common[0m
[4.206s] [  2%] Built target gmock_main
[4.235s] [  6%] Built target gmock
[4.248s] [  8%] Built target gtest
[4.332s] [ 10%] Built target gtest_main
[4.334s] [ 12%] [32mBuilding CXX object CMakeFiles/planning_context_loader_base.dir/src/planning_context_loader.cpp.o[0m
[4.518s] [ 13%] [32mBuilding CXX object CMakeFiles/joint_limits_common.dir/src/joint_limits_aggregator.cpp.o[0m
[4.540s] [ 14%] [32mBuilding CXX object CMakeFiles/joint_limits_common.dir/src/joint_limits_validator.cpp.o[0m
[4.553s] [ 16%] [32mBuilding CXX object CMakeFiles/trajectory_generation_common.dir/src/trajectory_functions.cpp.o[0m
[4.554s] [ 15%] [32mBuilding CXX object CMakeFiles/joint_limits_common.dir/src/joint_limits_container.cpp.o[0m
[4.559s] [ 18%] [32mBuilding CXX object CMakeFiles/joint_limits_common.dir/src/cartesian_limits_aggregator.cpp.o[0m
[4.629s] [ 19%] [32mBuilding CXX object CMakeFiles/trajectory_generation_common.dir/src/trajectory_generator.cpp.o[0m
[4.632s] [ 20%] [32mBuilding CXX object CMakeFiles/trajectory_generation_common.dir/src/trajectory_blender_transition_window.cpp.o[0m
[61.214s] [ 21%] [32m[1mLinking CXX shared library libplanning_context_loader_base.so[0m
[78.276s] [ 22%] [32m[1mLinking CXX shared library libjoint_limits_common.so[0m
[90.578s] [ 25%] Built target joint_limits_common
[90.671s] [35m[1mConsolidate compiler generated dependencies of target unittest_joint_limits_container[0m
[90.683s] [35m[1mConsolidate compiler generated dependencies of target unittest_joint_limit[0m
[90.684s] [35m[1mConsolidate compiler generated dependencies of target unittest_joint_limits_validator[0m
[90.688s] [35m[1mConsolidate compiler generated dependencies of target unittest_cartesian_limits_aggregator[0m
[90.714s] [35m[1mConsolidate compiler generated dependencies of target unittest_joint_limits_aggregator[0m
[90.800s] [ 26%] [32m[1mLinking CXX executable unittest_joint_limits_validator[0m
[90.827s] [ 27%] [32mBuilding CXX object test/unit_tests/CMakeFiles/unittest_joint_limit.dir/src/unittest_joint_limit.cpp.o[0m
[90.828s] [ 28%] [32m[1mLinking CXX executable unittest_joint_limits_container[0m
[90.836s] [ 30%] [32mBuilding CXX object test/unit_tests/CMakeFiles/unittest_cartesian_limits_aggregator.dir/src/unittest_cartesian_limits_aggregator.cpp.o[0m
[90.932s] [ 31%] [32mBuilding CXX object test/unit_tests/CMakeFiles/unittest_joint_limits_aggregator.dir/src/unittest_joint_limits_aggregator.cpp.o[0m
[92.301s] [ 32%] [32m[1mLinking CXX shared library libtrajectory_generation_common.so[0m
[92.965s] [ 33%] Built target unittest_joint_limits_validator
[92.977s] [ 34%] Built target unittest_joint_limits_container
[94.436s] [ 34%] Built target trajectory_generation_common
[94.545s] [35m[1mConsolidate compiler generated dependencies of target pilz_industrial_motion_planner_test_utils[0m
[94.572s] [35m[1mConsolidate compiler generated dependencies of target command_list_manager[0m
[94.750s] [ 36%] [32mBuilding CXX object test/CMakeFiles/pilz_industrial_motion_planner_test_utils.dir/test_utils.cpp.o[0m
[94.801s] [ 37%] [32mBuilding CXX object CMakeFiles/command_list_manager.dir/src/command_list_manager.cpp.o[0m
[94.822s] [ 38%] [32mBuilding CXX object CMakeFiles/command_list_manager.dir/src/plan_components_builder.cpp.o[0m
[121.413s] [ 39%] [32m[1mLinking CXX executable unittest_cartesian_limits_aggregator[0m
[124.001s] [ 39%] Built target unittest_cartesian_limits_aggregator
[124.192s] [ 40%] [32m[1mLinking CXX executable unittest_joint_limit[0m
[125.295s] [ 40%] Built target unittest_joint_limit
[144.209s] [ 42%] [32m[1mLinking CXX executable unittest_joint_limits_aggregator[0m
[145.980s] [ 42%] Built target unittest_joint_limits_aggregator
[158.918s] [ 43%] [32m[1mLinking CXX shared library libcommand_list_manager.so[0m
[160.266s] [ 43%] Built target command_list_manager
[160.360s] [35m[1mConsolidate compiler generated dependencies of target sequence_capability[0m
[160.575s] [ 44%] [32mBuilding CXX object CMakeFiles/sequence_capability.dir/src/move_group_sequence_action.cpp.o[0m
[160.588s] [ 45%] [32mBuilding CXX object CMakeFiles/sequence_capability.dir/src/move_group_sequence_service.cpp.o[0m
[175.303s] [ 45%] Built target planning_context_loader_base
[175.389s] [35m[1mConsolidate compiler generated dependencies of target pilz_industrial_motion_planner[0m
[175.401s] [35m[1mConsolidate compiler generated dependencies of target planning_context_loader_circ[0m
[175.402s] [35m[1mConsolidate compiler generated dependencies of target planning_context_loader_lin[0m
[175.421s] [35m[1mConsolidate compiler generated dependencies of target planning_context_loader_ptp[0m
[175.551s] [ 46%] [32mBuilding CXX object CMakeFiles/pilz_industrial_motion_planner.dir/src/pilz_industrial_motion_planner.cpp.o[0m
[175.583s] [ 48%] [32mBuilding CXX object CMakeFiles/planning_context_loader_circ.dir/src/planning_context_loader_circ.cpp.o[0m
[175.594s] [ 49%] [32mBuilding CXX object CMakeFiles/planning_context_loader_lin.dir/src/trajectory_generator_lin.cpp.o[0m
[175.598s] [ 50%] [32mBuilding CXX object CMakeFiles/planning_context_loader_lin.dir/src/planning_context_loader_lin.cpp.o[0m
[175.616s] [ 51%] [32mBuilding CXX object CMakeFiles/planning_context_loader_circ.dir/src/trajectory_generator_circ.cpp.o[0m
[175.638s] [ 53%] [32mBuilding CXX object CMakeFiles/planning_context_loader_ptp.dir/src/planning_context_loader_ptp.cpp.o[0m
[175.666s] [ 54%] [32mBuilding CXX object CMakeFiles/planning_context_loader_ptp.dir/src/trajectory_generator_ptp.cpp.o[0m
[203.237s] [ 55%] [32m[1mLinking CXX static library libpilz_industrial_motion_planner_test_utils.a[0m
[203.518s] [ 55%] Built target pilz_industrial_motion_planner_test_utils
[203.640s] [35m[1mConsolidate compiler generated dependencies of target unittest_trajectory_functions[0m
[203.857s] [ 56%] [32mBuilding CXX object test/unit_tests/CMakeFiles/unittest_trajectory_functions.dir/src/unittest_trajectory_functions.cpp.o[0m
[241.509s] [ 57%] [32m[1mLinking CXX shared library libplanning_context_loader_circ.so[0m
[243.011s] [ 59%] Built target planning_context_loader_circ
[243.087s] [35m[1mConsolidate compiler generated dependencies of target unittest_trajectory_generator_circ[0m
[243.235s] [ 60%] [32mBuilding CXX object test/unit_tests/CMakeFiles/unittest_trajectory_generator_circ.dir/src/unittest_trajectory_generator_circ.cpp.o[0m
[246.432s] [ 61%] [32m[1mLinking CXX shared library libplanning_context_loader_lin.so[0m
[247.999s] [ 62%] Built target planning_context_loader_lin
[248.094s] [35m[1mConsolidate compiler generated dependencies of target unittest_trajectory_generator_lin[0m
[248.110s] [35m[1mConsolidate compiler generated dependencies of target unittest_trajectory_blender_transition_window[0m
[248.267s] [ 63%] [32mBuilding CXX object test/unit_tests/CMakeFiles/unittest_trajectory_generator_lin.dir/src/unittest_trajectory_generator_lin.cpp.o[0m
[248.310s] [ 65%] [32mBuilding CXX object test/unit_tests/CMakeFiles/unittest_trajectory_blender_transition_window.dir/src/unittest_trajectory_blender_transition_window.cpp.o[0m
[248.319s] [ 66%] [32mBuilding CXX object test/unit_tests/CMakeFiles/unittest_trajectory_blender_transition_window.dir/__/__/src/trajectory_blender_transition_window.cpp.o[0m
[255.751s] [ 67%] [32m[1mLinking CXX shared library libplanning_context_loader_ptp.so[0m
[257.028s] [ 68%] [32m[1mLinking CXX shared library libsequence_capability.so[0m
[257.074s] [ 69%] Built target planning_context_loader_ptp
[257.145s] [35m[1mConsolidate compiler generated dependencies of target unittest_trajectory_generator_ptp[0m
[257.146s] [35m[1mConsolidate compiler generated dependencies of target unittest_trajectory_generator_common[0m
[257.288s] [ 71%] [32mBuilding CXX object test/unit_tests/CMakeFiles/unittest_trajectory_generator_ptp.dir/src/unittest_trajectory_generator_ptp.cpp.o[0m
[257.355s] [ 72%] [32mBuilding CXX object test/unit_tests/CMakeFiles/unittest_trajectory_generator_common.dir/src/unittest_trajectory_generator_common.cpp.o[0m
[258.872s] [ 72%] Built target sequence_capability
[262.120s] [ 73%] [32m[1mLinking CXX shared library libpilz_industrial_motion_planner.so[0m
[263.573s] [ 73%] Built target pilz_industrial_motion_planner
[263.692s] [35m[1mConsolidate compiler generated dependencies of target unittest_pilz_industrial_motion_planner_direct[0m
[263.698s] [35m[1mConsolidate compiler generated dependencies of target unittest_pilz_industrial_motion_planner[0m
[263.708s] [35m[1mConsolidate compiler generated dependencies of target unittest_trajectory_generator[0m
[263.711s] [35m[1mConsolidate compiler generated dependencies of target unittest_planning_context[0m
[263.715s] [35m[1mConsolidate compiler generated dependencies of target unittest_velocity_profile_atrap[0m
[263.716s] [35m[1mConsolidate compiler generated dependencies of target unittest_planning_context_loaders[0m
[263.718s] [35m[1mConsolidate compiler generated dependencies of target unittest_get_solver_tip_frame[0m
[263.878s] [ 74%] [32m[1mLinking CXX executable unittest_velocity_profile_atrap[0m
[263.896s] [ 75%] [32mBuilding CXX object test/unit_tests/CMakeFiles/unittest_pilz_industrial_motion_planner.dir/src/unittest_pilz_industrial_motion_planner.cpp.o[0m
[263.907s] [ 77%] [32mBuilding CXX object test/unit_tests/CMakeFiles/unittest_get_solver_tip_frame.dir/src/unittest_get_solver_tip_frame.cpp.o[0m
[263.970s] [ 78%] [32mBuilding CXX object test/unit_tests/CMakeFiles/unittest_planning_context.dir/src/unittest_planning_context.cpp.o[0m
[263.976s] [ 79%] [32mBuilding CXX object test/unit_tests/CMakeFiles/unittest_planning_context_loaders.dir/src/unittest_planning_context_loaders.cpp.o[0m
[263.977s] [ 80%] [32mBuilding CXX object test/unit_tests/CMakeFiles/unittest_pilz_industrial_motion_planner_direct.dir/src/unittest_pilz_industrial_motion_planner_direct.cpp.o[0m
[264.021s] [ 81%] [32mBuilding CXX object test/unit_tests/CMakeFiles/unittest_trajectory_generator.dir/src/unittest_trajectory_generator.cpp.o[0m
[264.047s] [ 83%] [32mBuilding CXX object test/unit_tests/CMakeFiles/unittest_trajectory_generator.dir/__/__/src/trajectory_generator.cpp.o[0m
[291.778s] [ 85%] Built target unittest_velocity_profile_atrap
[302.623s] [ 86%] [32m[1mLinking CXX executable unittest_trajectory_functions[0m
[305.714s] [ 86%] Built target unittest_trajectory_functions
[324.993s] [ 87%] [32m[1mLinking CXX executable unittest_get_solver_tip_frame[0m
[345.305s] [ 89%] [32m[1mLinking CXX executable unittest_trajectory_generator_lin[0m
[345.912s] [ 90%] [32m[1mLinking CXX executable unittest_trajectory_generator[0m
[348.058s] [ 90%] Built target unittest_trajectory_generator_lin
[348.466s] [ 90%] Built target unittest_trajectory_generator
[350.557s] [ 90%] Built target unittest_get_solver_tip_frame
[352.600s] [ 91%] [32m[1mLinking CXX executable unittest_trajectory_blender_transition_window[0m
[354.406s] [ 91%] Built target unittest_trajectory_blender_transition_window
[358.648s] [ 92%] [32m[1mLinking CXX executable unittest_trajectory_generator_circ[0m
[358.766s] [ 93%] [32m[1mLinking CXX executable unittest_pilz_industrial_motion_planner_direct[0m
[360.636s] [ 93%] Built target unittest_trajectory_generator_circ
[360.844s] [ 93%] Built target unittest_pilz_industrial_motion_planner_direct
[363.171s] [ 95%] [32m[1mLinking CXX executable unittest_trajectory_generator_ptp[0m
[365.561s] [ 95%] Built target unittest_trajectory_generator_ptp
[373.639s] [ 96%] [32m[1mLinking CXX executable unittest_planning_context_loaders[0m
[374.819s] [ 97%] [32m[1mLinking CXX executable unittest_pilz_industrial_motion_planner[0m
[375.318s] [ 98%] [32m[1mLinking CXX executable unittest_planning_context[0m
[375.381s] [ 98%] Built target unittest_planning_context_loaders
[376.538s] [ 98%] Built target unittest_pilz_industrial_motion_planner
[377.528s] [ 98%] Built target unittest_planning_context
[382.791s] [100%] [32m[1mLinking CXX executable unittest_trajectory_generator_common[0m
[385.197s] [100%] Built target unittest_trajectory_generator_common
[385.275s] Invoked command in '/home/a/ws_nhk/build/pilz_industrial_motion_planner' returned '0': AMENT_PREFIX_PATH=/home/a/ws_nhk/install/moveit_resources_prbt_pg70_support:/home/a/ws_nhk/install/moveit_ros_planning_interface:/home/a/ws_nhk/install/moveit_resources_prbt_moveit_config:/home/a/ws_nhk/install/moveit_ros_move_group:/home/a/ws_nhk/install/moveit_ros_warehouse:/home/a/ws_nhk/install/moveit_planners_ompl:/home/a/ws_nhk/install/moveit_kinematics:/home/a/ws_nhk/install/trac_ik:/home/a/ws_nhk/install/moveit_ros_planning:/home/a/ws_nhk/install/trac_ik_kinematics_plugin:/home/a/ws_nhk/install/pilz_industrial_motion_planner_testutils:/home/a/ws_nhk/install/moveit_simple_controller_manager:/home/a/ws_nhk/install/moveit_ros_occupancy_map_monitor:/home/a/ws_nhk/install/moveit_resources_prbt_ikfast_manipulator_plugin:/home/a/ws_nhk/install/moveit_core:/home/a/ws_nhk/install/moveit_resources_panda_moveit_config:/home/a/ws_nhk/install/moveit_resources_fanuc_moveit_config:/home/a/ws_nhk/install/moveit_configs_utils:/home/a/ws_nhk/install/trac_ik_lib:/home/a/ws_nhk/install/srdfdom:/home/a/ws_nhk/install/moveit_resources_prbt_support:/home/a/ws_nhk/install/moveit_resources_pr2_description:/home/a/ws_nhk/install/moveit_resources_panda_description:/home/a/ws_nhk/install/moveit_resources_fanuc_description:/home/a/ws_nhk/install/moveit_common:/home/a/ws_nhk/install/launch_param_builder:${AMENT_PREFIX_PATH} CMAKE_PREFIX_PATH=/home/a/ws_nhk/install/moveit_resources_prbt_pg70_support:/home/a/ws_nhk/install/moveit_ros_planning_interface:/home/a/ws_nhk/install/moveit_resources_prbt_moveit_config:/home/a/ws_nhk/install/moveit_ros_move_group:/home/a/ws_nhk/install/moveit_ros_warehouse:/home/a/ws_nhk/install/moveit_planners_ompl:/home/a/ws_nhk/install/moveit_kinematics:/home/a/ws_nhk/install/trac_ik:/home/a/ws_nhk/install/moveit_ros_planning:/home/a/ws_nhk/install/trac_ik_kinematics_plugin:/home/a/ws_nhk/install/pilz_industrial_motion_planner_testutils:/home/a/ws_nhk/install/moveit_simple_controller_manager:/home/a/ws_nhk/install/moveit_ros_occupancy_map_monitor:/home/a/ws_nhk/install/moveit_resources_prbt_ikfast_manipulator_plugin:/home/a/ws_nhk/install/moveit_core:/home/a/ws_nhk/install/moveit_resources_panda_moveit_config:/home/a/ws_nhk/install/moveit_resources_fanuc_moveit_config:/home/a/ws_nhk/install/trac_ik_lib:/home/a/ws_nhk/install/srdfdom:/home/a/ws_nhk/install/moveit_resources_prbt_support:/home/a/ws_nhk/install/moveit_resources_pr2_description:/home/a/ws_nhk/install/moveit_resources_panda_description:/home/a/ws_nhk/install/moveit_resources_fanuc_description:/home/a/ws_nhk/install/moveit_common:/home/a/install/field_description_test:/opt/ros/humble LD_LIBRARY_PATH=/home/a/ws_nhk/install/moveit_ros_planning_interface/lib:/home/a/ws_nhk/install/moveit_ros_move_group/lib:/home/a/ws_nhk/install/moveit_ros_warehouse/lib:/home/a/ws_nhk/install/moveit_planners_ompl/lib:/home/a/ws_nhk/install/moveit_kinematics/lib:/home/a/ws_nhk/install/moveit_ros_planning/lib:/home/a/ws_nhk/install/trac_ik_kinematics_plugin/lib:/home/a/ws_nhk/install/pilz_industrial_motion_planner_testutils/lib:/home/a/ws_nhk/install/moveit_simple_controller_manager/lib:/home/a/ws_nhk/install/moveit_ros_occupancy_map_monitor/lib:/home/a/ws_nhk/install/moveit_resources_prbt_ikfast_manipulator_plugin/lib:/home/a/ws_nhk/install/moveit_core/lib:/home/a/ws_nhk/install/trac_ik_lib/lib:/home/a/ws_nhk/install/srdfdom/lib:${LD_LIBRARY_PATH} PATH=/home/a/ws_nhk/install/moveit_core/bin:${PATH} PYTHONPATH=/home/a/ws_nhk/install/moveit_configs_utils/lib/python3.10/site-packages:/home/a/ws_nhk/install/srdfdom/local/lib/python3.10/dist-packages:/home/a/ws_nhk/install/launch_param_builder/lib/python3.10/site-packages:${PYTHONPATH} /usr/bin/cmake --build /home/a/ws_nhk/build/pilz_industrial_motion_planner -- -j22 -l22
[385.286s] Invoking command in '/home/a/ws_nhk/build/pilz_industrial_motion_planner': AMENT_PREFIX_PATH=/home/a/ws_nhk/install/moveit_resources_prbt_pg70_support:/home/a/ws_nhk/install/moveit_ros_planning_interface:/home/a/ws_nhk/install/moveit_resources_prbt_moveit_config:/home/a/ws_nhk/install/moveit_ros_move_group:/home/a/ws_nhk/install/moveit_ros_warehouse:/home/a/ws_nhk/install/moveit_planners_ompl:/home/a/ws_nhk/install/moveit_kinematics:/home/a/ws_nhk/install/trac_ik:/home/a/ws_nhk/install/moveit_ros_planning:/home/a/ws_nhk/install/trac_ik_kinematics_plugin:/home/a/ws_nhk/install/pilz_industrial_motion_planner_testutils:/home/a/ws_nhk/install/moveit_simple_controller_manager:/home/a/ws_nhk/install/moveit_ros_occupancy_map_monitor:/home/a/ws_nhk/install/moveit_resources_prbt_ikfast_manipulator_plugin:/home/a/ws_nhk/install/moveit_core:/home/a/ws_nhk/install/moveit_resources_panda_moveit_config:/home/a/ws_nhk/install/moveit_resources_fanuc_moveit_config:/home/a/ws_nhk/install/moveit_configs_utils:/home/a/ws_nhk/install/trac_ik_lib:/home/a/ws_nhk/install/srdfdom:/home/a/ws_nhk/install/moveit_resources_prbt_support:/home/a/ws_nhk/install/moveit_resources_pr2_description:/home/a/ws_nhk/install/moveit_resources_panda_description:/home/a/ws_nhk/install/moveit_resources_fanuc_description:/home/a/ws_nhk/install/moveit_common:/home/a/ws_nhk/install/launch_param_builder:${AMENT_PREFIX_PATH} CMAKE_PREFIX_PATH=/home/a/ws_nhk/install/moveit_resources_prbt_pg70_support:/home/a/ws_nhk/install/moveit_ros_planning_interface:/home/a/ws_nhk/install/moveit_resources_prbt_moveit_config:/home/a/ws_nhk/install/moveit_ros_move_group:/home/a/ws_nhk/install/moveit_ros_warehouse:/home/a/ws_nhk/install/moveit_planners_ompl:/home/a/ws_nhk/install/moveit_kinematics:/home/a/ws_nhk/install/trac_ik:/home/a/ws_nhk/install/moveit_ros_planning:/home/a/ws_nhk/install/trac_ik_kinematics_plugin:/home/a/ws_nhk/install/pilz_industrial_motion_planner_testutils:/home/a/ws_nhk/install/moveit_simple_controller_manager:/home/a/ws_nhk/install/moveit_ros_occupancy_map_monitor:/home/a/ws_nhk/install/moveit_resources_prbt_ikfast_manipulator_plugin:/home/a/ws_nhk/install/moveit_core:/home/a/ws_nhk/install/moveit_resources_panda_moveit_config:/home/a/ws_nhk/install/moveit_resources_fanuc_moveit_config:/home/a/ws_nhk/install/trac_ik_lib:/home/a/ws_nhk/install/srdfdom:/home/a/ws_nhk/install/moveit_resources_prbt_support:/home/a/ws_nhk/install/moveit_resources_pr2_description:/home/a/ws_nhk/install/moveit_resources_panda_description:/home/a/ws_nhk/install/moveit_resources_fanuc_description:/home/a/ws_nhk/install/moveit_common:/home/a/install/field_description_test:/opt/ros/humble LD_LIBRARY_PATH=/home/a/ws_nhk/install/moveit_ros_planning_interface/lib:/home/a/ws_nhk/install/moveit_ros_move_group/lib:/home/a/ws_nhk/install/moveit_ros_warehouse/lib:/home/a/ws_nhk/install/moveit_planners_ompl/lib:/home/a/ws_nhk/install/moveit_kinematics/lib:/home/a/ws_nhk/install/moveit_ros_planning/lib:/home/a/ws_nhk/install/trac_ik_kinematics_plugin/lib:/home/a/ws_nhk/install/pilz_industrial_motion_planner_testutils/lib:/home/a/ws_nhk/install/moveit_simple_controller_manager/lib:/home/a/ws_nhk/install/moveit_ros_occupancy_map_monitor/lib:/home/a/ws_nhk/install/moveit_resources_prbt_ikfast_manipulator_plugin/lib:/home/a/ws_nhk/install/moveit_core/lib:/home/a/ws_nhk/install/trac_ik_lib/lib:/home/a/ws_nhk/install/srdfdom/lib:${LD_LIBRARY_PATH} PATH=/home/a/ws_nhk/install/moveit_core/bin:${PATH} PYTHONPATH=/home/a/ws_nhk/install/moveit_configs_utils/lib/python3.10/site-packages:/home/a/ws_nhk/install/srdfdom/local/lib/python3.10/dist-packages:/home/a/ws_nhk/install/launch_param_builder/lib/python3.10/site-packages:${PYTHONPATH} /usr/bin/cmake --install /home/a/ws_nhk/build/pilz_industrial_motion_planner
[385.336s] -- Install configuration: "Release"
[385.338s] -- Up-to-date: /home/a/ws_nhk/install/pilz_industrial_motion_planner/share/pilz_industrial_motion_planner/plugins/pilz_industrial_motion_planner_plugin_description.xml
[385.339s] -- Up-to-date: /home/a/ws_nhk/install/pilz_industrial_motion_planner/share/pilz_industrial_motion_planner/plugins/sequence_capability_plugin_description.xml
[385.340s] -- Up-to-date: /home/a/ws_nhk/install/pilz_industrial_motion_planner/share/pilz_industrial_motion_planner/plugins/planning_context_plugin_description.xml
[385.340s] -- Installing: /home/a/ws_nhk/install/pilz_industrial_motion_planner/lib/libpilz_industrial_motion_planner.so
[385.344s] -- Set runtime path of "/home/a/ws_nhk/install/pilz_industrial_motion_planner/lib/libpilz_industrial_motion_planner.so" to ""
[385.345s] -- Installing: /home/a/ws_nhk/install/pilz_industrial_motion_planner/lib/libjoint_limits_common.so
[385.348s] -- Set runtime path of "/home/a/ws_nhk/install/pilz_industrial_motion_planner/lib/libjoint_limits_common.so" to ""
[385.349s] -- Installing: /home/a/ws_nhk/install/pilz_industrial_motion_planner/lib/libplanning_context_loader_base.so
[385.351s] -- Set runtime path of "/home/a/ws_nhk/install/pilz_industrial_motion_planner/lib/libplanning_context_loader_base.so" to ""
[385.352s] -- Installing: /home/a/ws_nhk/install/pilz_industrial_motion_planner/lib/libplanning_context_loader_ptp.so
[385.354s] -- Set runtime path of "/home/a/ws_nhk/install/pilz_industrial_motion_planner/lib/libplanning_context_loader_ptp.so" to ""
[385.355s] -- Installing: /home/a/ws_nhk/install/pilz_industrial_motion_planner/lib/libplanning_context_loader_lin.so
[385.358s] -- Set runtime path of "/home/a/ws_nhk/install/pilz_industrial_motion_planner/lib/libplanning_context_loader_lin.so" to ""
[385.360s] -- Installing: /home/a/ws_nhk/install/pilz_industrial_motion_planner/lib/libplanning_context_loader_circ.so
[385.363s] -- Set runtime path of "/home/a/ws_nhk/install/pilz_industrial_motion_planner/lib/libplanning_context_loader_circ.so" to ""
[385.364s] -- Installing: /home/a/ws_nhk/install/pilz_industrial_motion_planner/lib/libcommand_list_manager.so
[385.366s] -- Set runtime path of "/home/a/ws_nhk/install/pilz_industrial_motion_planner/lib/libcommand_list_manager.so" to ""
[385.368s] -- Installing: /home/a/ws_nhk/install/pilz_industrial_motion_planner/lib/libsequence_capability.so
[385.371s] -- Set runtime path of "/home/a/ws_nhk/install/pilz_industrial_motion_planner/lib/libsequence_capability.so" to ""
[385.373s] -- Installing: /home/a/ws_nhk/install/pilz_industrial_motion_planner/lib/libtrajectory_generation_common.so
[385.376s] -- Set runtime path of "/home/a/ws_nhk/install/pilz_industrial_motion_planner/lib/libtrajectory_generation_common.so" to ""
[385.377s] -- Up-to-date: /home/a/ws_nhk/install/pilz_industrial_motion_planner/include
[385.378s] -- Up-to-date: /home/a/ws_nhk/install/pilz_industrial_motion_planner/include/joint_limits_copy
[385.378s] -- Up-to-date: /home/a/ws_nhk/install/pilz_industrial_motion_planner/include/joint_limits_copy/joint_limits.hpp
[385.379s] -- Up-to-date: /home/a/ws_nhk/install/pilz_industrial_motion_planner/include/joint_limits_copy/joint_limits_rosparam.hpp
[385.379s] -- Up-to-date: /home/a/ws_nhk/install/pilz_industrial_motion_planner/include/pilz_industrial_motion_planner
[385.382s] -- Up-to-date: /home/a/ws_nhk/install/pilz_industrial_motion_planner/include/pilz_industrial_motion_planner/trajectory_functions.h
[385.382s] -- Up-to-date: /home/a/ws_nhk/install/pilz_industrial_motion_planner/include/pilz_industrial_motion_planner/cartesian_trajectory.h
[385.383s] -- Up-to-date: /home/a/ws_nhk/install/pilz_industrial_motion_planner/include/pilz_industrial_motion_planner/trajectory_blender_transition_window.h
[385.383s] -- Up-to-date: /home/a/ws_nhk/install/pilz_industrial_motion_planner/include/pilz_industrial_motion_planner/planning_context_ptp.h
[385.384s] -- Up-to-date: /home/a/ws_nhk/install/pilz_industrial_motion_planner/include/pilz_industrial_motion_planner/planning_exceptions.h
[385.384s] -- Up-to-date: /home/a/ws_nhk/install/pilz_industrial_motion_planner/include/pilz_industrial_motion_planner/cartesian_limits_aggregator.h
[385.384s] -- Up-to-date: /home/a/ws_nhk/install/pilz_industrial_motion_planner/include/pilz_industrial_motion_planner/cartesian_trajectory_point.h
[385.385s] -- Up-to-date: /home/a/ws_nhk/install/pilz_industrial_motion_planner/include/pilz_industrial_motion_planner/joint_limits_validator.h
[385.385s] -- Up-to-date: /home/a/ws_nhk/install/pilz_industrial_motion_planner/include/pilz_industrial_motion_planner/planning_context_loader_ptp.h
[385.386s] -- Up-to-date: /home/a/ws_nhk/install/pilz_industrial_motion_planner/include/pilz_industrial_motion_planner/pilz_industrial_motion_planner.h
[385.386s] -- Up-to-date: /home/a/ws_nhk/install/pilz_industrial_motion_planner/include/pilz_industrial_motion_planner/trajectory_generator.h
[385.386s] -- Up-to-date: /home/a/ws_nhk/install/pilz_industrial_motion_planner/include/pilz_industrial_motion_planner/joint_limits_aggregator.h
[385.387s] -- Up-to-date: /home/a/ws_nhk/install/pilz_industrial_motion_planner/include/pilz_industrial_motion_planner/joint_limits_extension.h
[385.387s] -- Up-to-date: /home/a/ws_nhk/install/pilz_industrial_motion_planner/include/pilz_industrial_motion_planner/capability_names.h
[385.387s] -- Up-to-date: /home/a/ws_nhk/install/pilz_industrial_motion_planner/include/pilz_industrial_motion_planner/trajectory_blend_response.h
[385.388s] -- Up-to-date: /home/a/ws_nhk/install/pilz_industrial_motion_planner/include/pilz_industrial_motion_planner/path_circle_generator.h
[385.388s] -- Up-to-date: /home/a/ws_nhk/install/pilz_industrial_motion_planner/include/pilz_industrial_motion_planner/move_group_sequence_service.h
[385.389s] -- Up-to-date: /home/a/ws_nhk/install/pilz_industrial_motion_planner/include/pilz_industrial_motion_planner/planning_context_circ.h
[385.389s] -- Up-to-date: /home/a/ws_nhk/install/pilz_industrial_motion_planner/include/pilz_industrial_motion_planner/planning_context_base.h
[385.389s] -- Up-to-date: /home/a/ws_nhk/install/pilz_industrial_motion_planner/include/pilz_industrial_motion_planner/plan_components_builder.h
[385.390s] -- Up-to-date: /home/a/ws_nhk/install/pilz_industrial_motion_planner/include/pilz_industrial_motion_planner/planning_context_lin.h
[385.390s] -- Up-to-date: /home/a/ws_nhk/install/pilz_industrial_motion_planner/include/pilz_industrial_motion_planner/planning_context_loader.h
[385.390s] -- Up-to-date: /home/a/ws_nhk/install/pilz_industrial_motion_planner/include/pilz_industrial_motion_planner/tip_frame_getter.h
[385.391s] -- Up-to-date: /home/a/ws_nhk/install/pilz_industrial_motion_planner/include/pilz_industrial_motion_planner/trajectory_generator_lin.h
[385.391s] -- Up-to-date: /home/a/ws_nhk/install/pilz_industrial_motion_planner/include/pilz_industrial_motion_planner/joint_limits_interface_extension.h
[385.392s] -- Up-to-date: /home/a/ws_nhk/install/pilz_industrial_motion_planner/include/pilz_industrial_motion_planner/trajectory_generator_ptp.h
[385.392s] -- Up-to-date: /home/a/ws_nhk/install/pilz_industrial_motion_planner/include/pilz_industrial_motion_planner/planning_context_loader_lin.h
[385.392s] -- Up-to-date: /home/a/ws_nhk/install/pilz_industrial_motion_planner/include/pilz_industrial_motion_planner/command_list_manager.h
[385.393s] -- Up-to-date: /home/a/ws_nhk/install/pilz_industrial_motion_planner/include/pilz_industrial_motion_planner/trajectory_blender.h
[385.395s] -- Up-to-date: /home/a/ws_nhk/install/pilz_industrial_motion_planner/include/pilz_industrial_motion_planner/limits_container.h
[385.395s] -- Up-to-date: /home/a/ws_nhk/install/pilz_industrial_motion_planner/include/pilz_industrial_motion_planner/trajectory_generator_circ.h
[385.396s] -- Up-to-date: /home/a/ws_nhk/install/pilz_industrial_motion_planner/include/pilz_industrial_motion_planner/joint_limits_container.h
[385.396s] -- Up-to-date: /home/a/ws_nhk/install/pilz_industrial_motion_planner/include/pilz_industrial_motion_planner/trajectory_blend_request.h
[385.396s] -- Up-to-date: /home/a/ws_nhk/install/pilz_industrial_motion_planner/include/pilz_industrial_motion_planner/velocity_profile_atrap.h
[385.397s] -- Up-to-date: /home/a/ws_nhk/install/pilz_industrial_motion_planner/include/pilz_industrial_motion_planner/cartesian_limit.h
[385.397s] -- Up-to-date: /home/a/ws_nhk/install/pilz_industrial_motion_planner/include/pilz_industrial_motion_planner/move_group_sequence_action.h
[385.398s] -- Up-to-date: /home/a/ws_nhk/install/pilz_industrial_motion_planner/include/pilz_industrial_motion_planner/planning_context_loader_circ.h
[385.398s] -- Up-to-date: /home/a/ws_nhk/install/pilz_industrial_motion_planner/include/pilz_industrial_motion_planner/trajectory_generation_exceptions.h
[385.398s] -- Up-to-date: /home/a/ws_nhk/install/pilz_industrial_motion_planner/share/pilz_industrial_motion_planner/environment/library_path.sh
[385.399s] -- Installing: /home/a/ws_nhk/install/pilz_industrial_motion_planner/share/pilz_industrial_motion_planner/environment/library_path.dsv
[385.399s] -- Installing: /home/a/ws_nhk/install/pilz_industrial_motion_planner/lib/pilz_industrial_motion_planner/unittest_pilz_industrial_motion_planner_direct
[385.401s] -- Set runtime path of "/home/a/ws_nhk/install/pilz_industrial_motion_planner/lib/pilz_industrial_motion_planner/unittest_pilz_industrial_motion_planner_direct" to ""
[385.403s] -- Installing: /home/a/ws_nhk/install/pilz_industrial_motion_planner/lib/pilz_industrial_motion_planner/unittest_velocity_profile_atrap
[385.409s] -- Set runtime path of "/home/a/ws_nhk/install/pilz_industrial_motion_planner/lib/pilz_industrial_motion_planner/unittest_velocity_profile_atrap" to ""
[385.412s] -- Installing: /home/a/ws_nhk/install/pilz_industrial_motion_planner/lib/pilz_industrial_motion_planner/unittest_trajectory_generator
[385.418s] -- Set runtime path of "/home/a/ws_nhk/install/pilz_industrial_motion_planner/lib/pilz_industrial_motion_planner/unittest_trajectory_generator" to ""
[385.420s] -- Installing: /home/a/ws_nhk/install/pilz_industrial_motion_planner/lib/pilz_industrial_motion_planner/unittest_trajectory_functions
[385.433s] -- Set runtime path of "/home/a/ws_nhk/install/pilz_industrial_motion_planner/lib/pilz_industrial_motion_planner/unittest_trajectory_functions" to ""
[385.433s] -- Installing: /home/a/ws_nhk/install/pilz_industrial_motion_planner/lib/pilz_industrial_motion_planner/unittest_trajectory_blender_transition_window
[385.439s] -- Set runtime path of "/home/a/ws_nhk/install/pilz_industrial_motion_planner/lib/pilz_industrial_motion_planner/unittest_trajectory_blender_transition_window" to ""
[385.441s] -- Installing: /home/a/ws_nhk/install/pilz_industrial_motion_planner/lib/pilz_industrial_motion_planner/unittest_trajectory_generator_common
[385.453s] -- Set runtime path of "/home/a/ws_nhk/install/pilz_industrial_motion_planner/lib/pilz_industrial_motion_planner/unittest_trajectory_generator_common" to ""
[385.455s] -- Installing: /home/a/ws_nhk/install/pilz_industrial_motion_planner/lib/pilz_industrial_motion_planner/unittest_trajectory_generator_circ
[385.464s] -- Set runtime path of "/home/a/ws_nhk/install/pilz_industrial_motion_planner/lib/pilz_industrial_motion_planner/unittest_trajectory_generator_circ" to ""
[385.465s] -- Installing: /home/a/ws_nhk/install/pilz_industrial_motion_planner/lib/pilz_industrial_motion_planner/unittest_trajectory_generator_lin
[385.473s] -- Set runtime path of "/home/a/ws_nhk/install/pilz_industrial_motion_planner/lib/pilz_industrial_motion_planner/unittest_trajectory_generator_lin" to ""
[385.475s] -- Installing: /home/a/ws_nhk/install/pilz_industrial_motion_planner/lib/pilz_industrial_motion_planner/unittest_trajectory_generator_ptp
[385.483s] -- Set runtime path of "/home/a/ws_nhk/install/pilz_industrial_motion_planner/lib/pilz_industrial_motion_planner/unittest_trajectory_generator_ptp" to ""
[385.485s] -- Installing: /home/a/ws_nhk/install/pilz_industrial_motion_planner/lib/pilz_industrial_motion_planner/unittest_pilz_industrial_motion_planner
[385.493s] -- Set runtime path of "/home/a/ws_nhk/install/pilz_industrial_motion_planner/lib/pilz_industrial_motion_planner/unittest_pilz_industrial_motion_planner" to ""
[385.496s] -- Installing: /home/a/ws_nhk/install/pilz_industrial_motion_planner/lib/pilz_industrial_motion_planner/unittest_joint_limit
[385.501s] -- Set runtime path of "/home/a/ws_nhk/install/pilz_industrial_motion_planner/lib/pilz_industrial_motion_planner/unittest_joint_limit" to ""
[385.502s] -- Installing: /home/a/ws_nhk/install/pilz_industrial_motion_planner/lib/pilz_industrial_motion_planner/unittest_joint_limits_aggregator
[385.508s] -- Set runtime path of "/home/a/ws_nhk/install/pilz_industrial_motion_planner/lib/pilz_industrial_motion_planner/unittest_joint_limits_aggregator" to ""
[385.510s] -- Installing: /home/a/ws_nhk/install/pilz_industrial_motion_planner/lib/pilz_industrial_motion_planner/unittest_joint_limits_container
[385.516s] -- Set runtime path of "/home/a/ws_nhk/install/pilz_industrial_motion_planner/lib/pilz_industrial_motion_planner/unittest_joint_limits_container" to ""
[385.518s] -- Installing: /home/a/ws_nhk/install/pilz_industrial_motion_planner/lib/pilz_industrial_motion_planner/unittest_joint_limits_validator
[385.524s] -- Set runtime path of "/home/a/ws_nhk/install/pilz_industrial_motion_planner/lib/pilz_industrial_motion_planner/unittest_joint_limits_validator" to ""
[385.525s] -- Installing: /home/a/ws_nhk/install/pilz_industrial_motion_planner/lib/pilz_industrial_motion_planner/unittest_cartesian_limits_aggregator
[385.531s] -- Set runtime path of "/home/a/ws_nhk/install/pilz_industrial_motion_planner/lib/pilz_industrial_motion_planner/unittest_cartesian_limits_aggregator" to ""
[385.532s] -- Installing: /home/a/ws_nhk/install/pilz_industrial_motion_planner/lib/pilz_industrial_motion_planner/unittest_planning_context_loaders
[385.543s] -- Set runtime path of "/home/a/ws_nhk/install/pilz_industrial_motion_planner/lib/pilz_industrial_motion_planner/unittest_planning_context_loaders" to ""
[385.544s] -- Installing: /home/a/ws_nhk/install/pilz_industrial_motion_planner/lib/pilz_industrial_motion_planner/unittest_planning_context
[385.553s] -- Set runtime path of "/home/a/ws_nhk/install/pilz_industrial_motion_planner/lib/pilz_industrial_motion_planner/unittest_planning_context" to ""
[385.556s] -- Installing: /home/a/ws_nhk/install/pilz_industrial_motion_planner/lib/pilz_industrial_motion_planner/unittest_get_solver_tip_frame
[385.563s] -- Set runtime path of "/home/a/ws_nhk/install/pilz_industrial_motion_planner/lib/pilz_industrial_motion_planner/unittest_get_solver_tip_frame" to ""
[385.563s] -- Up-to-date: /home/a/ws_nhk/install/pilz_industrial_motion_planner/share/pilz_industrial_motion_planner/config
[385.564s] -- Up-to-date: /home/a/ws_nhk/install/pilz_industrial_motion_planner/share/pilz_industrial_motion_planner/config/unittest_trajectory_generator_lin.yaml
[385.565s] -- Up-to-date: /home/a/ws_nhk/install/pilz_industrial_motion_planner/share/pilz_industrial_motion_planner/config/unittest_joint_limit_config.yaml
[385.566s] -- Up-to-date: /home/a/ws_nhk/install/pilz_industrial_motion_planner/share/pilz_industrial_motion_planner/config/unittest_cartesian_limits_aggregator.yaml
[385.566s] -- Up-to-date: /home/a/ws_nhk/install/pilz_industrial_motion_planner/share/pilz_industrial_motion_planner/config/unittest_trajectory_generator_ptp.yaml
[385.567s] -- Up-to-date: /home/a/ws_nhk/install/pilz_industrial_motion_planner/share/pilz_industrial_motion_planner/config/unittest_trajectory_generator_common.yaml
[385.567s] -- Up-to-date: /home/a/ws_nhk/install/pilz_industrial_motion_planner/share/pilz_industrial_motion_planner/config/unittest_trajectory_blender_transition_window.yaml
[385.568s] -- Up-to-date: /home/a/ws_nhk/install/pilz_industrial_motion_planner/share/pilz_industrial_motion_planner/config/unittest_trajectory_generator_circ.yaml
[385.568s] -- Up-to-date: /home/a/ws_nhk/install/pilz_industrial_motion_planner/share/pilz_industrial_motion_planner/config/unittest_joint_limits_aggregator.yaml
[385.569s] -- Up-to-date: /home/a/ws_nhk/install/pilz_industrial_motion_planner/share/pilz_industrial_motion_planner/config/unittest_trajectory_functions.yaml
[385.570s] -- Up-to-date: /home/a/ws_nhk/install/pilz_industrial_motion_planner/share/pilz_industrial_motion_planner/launch
[385.570s] -- Up-to-date: /home/a/ws_nhk/install/pilz_industrial_motion_planner/share/pilz_industrial_motion_planner/launch/unittest_trajectory_blender_transition_window.test.py
[385.571s] -- Up-to-date: /home/a/ws_nhk/install/pilz_industrial_motion_planner/share/pilz_industrial_motion_planner/launch/unittest_planning_context.test.py
[385.571s] -- Up-to-date: /home/a/ws_nhk/install/pilz_industrial_motion_planner/share/pilz_industrial_motion_planner/launch/unittest_cartesian_limits_aggregator.test.py
[385.572s] -- Up-to-date: /home/a/ws_nhk/install/pilz_industrial_motion_planner/share/pilz_industrial_motion_planner/launch/unittest_trajectory_functions.test.py
[385.573s] -- Up-to-date: /home/a/ws_nhk/install/pilz_industrial_motion_planner/share/pilz_industrial_motion_planner/launch/unittest_trajectory_generator_lin.test.py
[385.573s] -- Up-to-date: /home/a/ws_nhk/install/pilz_industrial_motion_planner/share/pilz_industrial_motion_planner/launch/unittest_trajectory_generator_ptp.test.py
[385.574s] -- Up-to-date: /home/a/ws_nhk/install/pilz_industrial_motion_planner/share/pilz_industrial_motion_planner/launch/common_parameters.py
[385.574s] -- Up-to-date: /home/a/ws_nhk/install/pilz_industrial_motion_planner/share/pilz_industrial_motion_planner/launch/unittest_joint_limit.test.py
[385.575s] -- Up-to-date: /home/a/ws_nhk/install/pilz_industrial_motion_planner/share/pilz_industrial_motion_planner/launch/unittest_trajectory_generator_circ.test.py
[385.575s] -- Up-to-date: /home/a/ws_nhk/install/pilz_industrial_motion_planner/share/pilz_industrial_motion_planner/launch/unittest_trajectory_generator_common.test.py
[385.576s] -- Up-to-date: /home/a/ws_nhk/install/pilz_industrial_motion_planner/share/pilz_industrial_motion_planner/launch/unittest_pilz_industrial_motion_planner.test.py
[385.576s] -- Up-to-date: /home/a/ws_nhk/install/pilz_industrial_motion_planner/share/pilz_industrial_motion_planner/launch/unittest_planning_context_loaders.test.py
[385.577s] -- Up-to-date: /home/a/ws_nhk/install/pilz_industrial_motion_planner/share/pilz_industrial_motion_planner/launch/unittest_joint_limits_aggregator.test.py
[385.577s] -- Up-to-date: /home/a/ws_nhk/install/pilz_industrial_motion_planner/share/pilz_industrial_motion_planner/test_data
[385.578s] -- Up-to-date: /home/a/ws_nhk/install/pilz_industrial_motion_planner/share/pilz_industrial_motion_planner/test_data/concept_testdata.odp
[385.578s] -- Up-to-date: /home/a/ws_nhk/install/pilz_industrial_motion_planner/share/pilz_industrial_motion_planner/test_data/frankaemika_panda
[385.579s] -- Up-to-date: /home/a/ws_nhk/install/pilz_industrial_motion_planner/share/pilz_industrial_motion_planner/test_data/frankaemika_panda/testdata_sequence.xml
[385.580s] -- Up-to-date: /home/a/ws_nhk/install/pilz_industrial_motion_planner/share/pilz_industrial_motion_planner/test_data/prbt
[385.581s] -- Up-to-date: /home/a/ws_nhk/install/pilz_industrial_motion_planner/share/pilz_industrial_motion_planner/test_data/prbt/testdata_deprecated.xml
[385.582s] -- Up-to-date: /home/a/ws_nhk/install/pilz_industrial_motion_planner/share/pilz_industrial_motion_planner/test_data/prbt/testdata_sequence.xml
[385.583s] -- Up-to-date: /home/a/ws_nhk/install/pilz_industrial_motion_planner/share/pilz_industrial_motion_planner/test_data/prbt/testdata_with_gripper.xml
[385.583s] -- Up-to-date: /home/a/ws_nhk/install/pilz_industrial_motion_planner/share/pilz_industrial_motion_planner/test_data/testpoints.py
[385.585s] -- Up-to-date: /home/a/ws_nhk/install/pilz_industrial_motion_planner/share/pilz_industrial_motion_planner/test_data/concept_testdata.png
[385.585s] -- Up-to-date: /home/a/ws_nhk/install/pilz_industrial_motion_planner/share/ament_index/resource_index/package_run_dependencies/pilz_industrial_motion_planner
[385.586s] -- Installing: /home/a/ws_nhk/install/pilz_industrial_motion_planner/share/ament_index/resource_index/parent_prefix_path/pilz_industrial_motion_planner
[385.586s] -- Up-to-date: /home/a/ws_nhk/install/pilz_industrial_motion_planner/share/pilz_industrial_motion_planner/environment/ament_prefix_path.sh
[385.587s] -- Installing: /home/a/ws_nhk/install/pilz_industrial_motion_planner/share/pilz_industrial_motion_planner/environment/ament_prefix_path.dsv
[385.587s] -- Up-to-date: /home/a/ws_nhk/install/pilz_industrial_motion_planner/share/pilz_industrial_motion_planner/environment/path.sh
[385.588s] -- Installing: /home/a/ws_nhk/install/pilz_industrial_motion_planner/share/pilz_industrial_motion_planner/environment/path.dsv
[385.588s] -- Up-to-date: /home/a/ws_nhk/install/pilz_industrial_motion_planner/share/pilz_industrial_motion_planner/local_setup.bash
[385.589s] -- Up-to-date: /home/a/ws_nhk/install/pilz_industrial_motion_planner/share/pilz_industrial_motion_planner/local_setup.sh
[385.589s] -- Up-to-date: /home/a/ws_nhk/install/pilz_industrial_motion_planner/share/pilz_industrial_motion_planner/local_setup.zsh
[385.590s] -- Installing: /home/a/ws_nhk/install/pilz_industrial_motion_planner/share/pilz_industrial_motion_planner/local_setup.dsv
[385.590s] -- Installing: /home/a/ws_nhk/install/pilz_industrial_motion_planner/share/pilz_industrial_motion_planner/package.dsv
[385.591s] -- Up-to-date: /home/a/ws_nhk/install/pilz_industrial_motion_planner/share/ament_index/resource_index/packages/pilz_industrial_motion_planner
[385.591s] -- Up-to-date: /home/a/ws_nhk/install/pilz_industrial_motion_planner/share/ament_index/resource_index/moveit_core__pluginlib__plugin/pilz_industrial_motion_planner
[385.592s] -- Up-to-date: /home/a/ws_nhk/install/pilz_industrial_motion_planner/share/ament_index/resource_index/moveit_ros_move_group__pluginlib__plugin/pilz_industrial_motion_planner
[385.592s] -- Up-to-date: /home/a/ws_nhk/install/pilz_industrial_motion_planner/share/ament_index/resource_index/pilz_industrial_motion_planner__pluginlib__plugin/pilz_industrial_motion_planner
[385.593s] -- Up-to-date: /home/a/ws_nhk/install/pilz_industrial_motion_planner/share/pilz_industrial_motion_planner/cmake/pilz_industrial_motion_plannerTargetsExport.cmake
[385.595s] -- Up-to-date: /home/a/ws_nhk/install/pilz_industrial_motion_planner/share/pilz_industrial_motion_planner/cmake/pilz_industrial_motion_plannerTargetsExport-release.cmake
[385.596s] -- Up-to-date: /home/a/ws_nhk/install/pilz_industrial_motion_planner/share/pilz_industrial_motion_planner/cmake/ament_cmake_export_include_directories-extras.cmake
[385.596s] -- Up-to-date: /home/a/ws_nhk/install/pilz_industrial_motion_planner/share/pilz_industrial_motion_planner/cmake/ament_cmake_export_targets-extras.cmake
[385.597s] -- Up-to-date: /home/a/ws_nhk/install/pilz_industrial_motion_planner/share/pilz_industrial_motion_planner/cmake/ament_cmake_export_dependencies-extras.cmake
[385.599s] -- Up-to-date: /home/a/ws_nhk/install/pilz_industrial_motion_planner/share/pilz_industrial_motion_planner/cmake/pilz_industrial_motion_plannerConfig.cmake
[385.599s] -- Up-to-date: /home/a/ws_nhk/install/pilz_industrial_motion_planner/share/pilz_industrial_motion_planner/cmake/pilz_industrial_motion_plannerConfig-version.cmake
[385.601s] -- Up-to-date: /home/a/ws_nhk/install/pilz_industrial_motion_planner/share/pilz_industrial_motion_planner/package.xml
[385.610s] Invoked command in '/home/a/ws_nhk/build/pilz_industrial_motion_planner' returned '0': AMENT_PREFIX_PATH=/home/a/ws_nhk/install/moveit_resources_prbt_pg70_support:/home/a/ws_nhk/install/moveit_ros_planning_interface:/home/a/ws_nhk/install/moveit_resources_prbt_moveit_config:/home/a/ws_nhk/install/moveit_ros_move_group:/home/a/ws_nhk/install/moveit_ros_warehouse:/home/a/ws_nhk/install/moveit_planners_ompl:/home/a/ws_nhk/install/moveit_kinematics:/home/a/ws_nhk/install/trac_ik:/home/a/ws_nhk/install/moveit_ros_planning:/home/a/ws_nhk/install/trac_ik_kinematics_plugin:/home/a/ws_nhk/install/pilz_industrial_motion_planner_testutils:/home/a/ws_nhk/install/moveit_simple_controller_manager:/home/a/ws_nhk/install/moveit_ros_occupancy_map_monitor:/home/a/ws_nhk/install/moveit_resources_prbt_ikfast_manipulator_plugin:/home/a/ws_nhk/install/moveit_core:/home/a/ws_nhk/install/moveit_resources_panda_moveit_config:/home/a/ws_nhk/install/moveit_resources_fanuc_moveit_config:/home/a/ws_nhk/install/moveit_configs_utils:/home/a/ws_nhk/install/trac_ik_lib:/home/a/ws_nhk/install/srdfdom:/home/a/ws_nhk/install/moveit_resources_prbt_support:/home/a/ws_nhk/install/moveit_resources_pr2_description:/home/a/ws_nhk/install/moveit_resources_panda_description:/home/a/ws_nhk/install/moveit_resources_fanuc_description:/home/a/ws_nhk/install/moveit_common:/home/a/ws_nhk/install/launch_param_builder:${AMENT_PREFIX_PATH} CMAKE_PREFIX_PATH=/home/a/ws_nhk/install/moveit_resources_prbt_pg70_support:/home/a/ws_nhk/install/moveit_ros_planning_interface:/home/a/ws_nhk/install/moveit_resources_prbt_moveit_config:/home/a/ws_nhk/install/moveit_ros_move_group:/home/a/ws_nhk/install/moveit_ros_warehouse:/home/a/ws_nhk/install/moveit_planners_ompl:/home/a/ws_nhk/install/moveit_kinematics:/home/a/ws_nhk/install/trac_ik:/home/a/ws_nhk/install/moveit_ros_planning:/home/a/ws_nhk/install/trac_ik_kinematics_plugin:/home/a/ws_nhk/install/pilz_industrial_motion_planner_testutils:/home/a/ws_nhk/install/moveit_simple_controller_manager:/home/a/ws_nhk/install/moveit_ros_occupancy_map_monitor:/home/a/ws_nhk/install/moveit_resources_prbt_ikfast_manipulator_plugin:/home/a/ws_nhk/install/moveit_core:/home/a/ws_nhk/install/moveit_resources_panda_moveit_config:/home/a/ws_nhk/install/moveit_resources_fanuc_moveit_config:/home/a/ws_nhk/install/trac_ik_lib:/home/a/ws_nhk/install/srdfdom:/home/a/ws_nhk/install/moveit_resources_prbt_support:/home/a/ws_nhk/install/moveit_resources_pr2_description:/home/a/ws_nhk/install/moveit_resources_panda_description:/home/a/ws_nhk/install/moveit_resources_fanuc_description:/home/a/ws_nhk/install/moveit_common:/home/a/install/field_description_test:/opt/ros/humble LD_LIBRARY_PATH=/home/a/ws_nhk/install/moveit_ros_planning_interface/lib:/home/a/ws_nhk/install/moveit_ros_move_group/lib:/home/a/ws_nhk/install/moveit_ros_warehouse/lib:/home/a/ws_nhk/install/moveit_planners_ompl/lib:/home/a/ws_nhk/install/moveit_kinematics/lib:/home/a/ws_nhk/install/moveit_ros_planning/lib:/home/a/ws_nhk/install/trac_ik_kinematics_plugin/lib:/home/a/ws_nhk/install/pilz_industrial_motion_planner_testutils/lib:/home/a/ws_nhk/install/moveit_simple_controller_manager/lib:/home/a/ws_nhk/install/moveit_ros_occupancy_map_monitor/lib:/home/a/ws_nhk/install/moveit_resources_prbt_ikfast_manipulator_plugin/lib:/home/a/ws_nhk/install/moveit_core/lib:/home/a/ws_nhk/install/trac_ik_lib/lib:/home/a/ws_nhk/install/srdfdom/lib:${LD_LIBRARY_PATH} PATH=/home/a/ws_nhk/install/moveit_core/bin:${PATH} PYTHONPATH=/home/a/ws_nhk/install/moveit_configs_utils/lib/python3.10/site-packages:/home/a/ws_nhk/install/srdfdom/local/lib/python3.10/dist-packages:/home/a/ws_nhk/install/launch_param_builder/lib/python3.10/site-packages:${PYTHONPATH} /usr/bin/cmake --install /home/a/ws_nhk/build/pilz_industrial_motion_planner
