[0.075s] Invoking command in '/home/a/ws_nhk/build/moveit_task_constructor_core': AMENT_PREFIX_PATH=/home/a/ws_nhk/install/moveit_planners:/home/a/ws_nhk/install/pilz_industrial_motion_planner:/home/a/ws_nhk/install/moveit_resources_prbt_pg70_support:/home/a/ws_nhk/install/moveit_ros_planning_interface:/home/a/ws_nhk/install/moveit_resources_prbt_moveit_config:/home/a/ws_nhk/install/moveit_ros_move_group:/home/a/ws_nhk/install/moveit_ros_warehouse:/home/a/ws_nhk/install/moveit_planners_ompl:/home/a/ws_nhk/install/moveit_kinematics:/home/a/ws_nhk/install/trac_ik:/home/a/ws_nhk/install/moveit_ros_planning:/home/a/ws_nhk/install/moveit_planners_chomp:/home/a/ws_nhk/install/trac_ik_kinematics_plugin:/home/a/ws_nhk/install/pilz_industrial_motion_planner_testutils:/home/a/ws_nhk/install/moveit_simple_controller_manager:/home/a/ws_nhk/install/moveit_ros_occupancy_map_monitor:/home/a/ws_nhk/install/moveit_resources_prbt_ikfast_manipulator_plugin:/home/a/ws_nhk/install/chomp_motion_planner:/home/a/ws_nhk/install/moveit_core:/home/a/ws_nhk/install/rviz_marker_tools:/home/a/ws_nhk/install/moveit_resources_panda_moveit_config:/home/a/ws_nhk/install/moveit_resources_fanuc_moveit_config:/home/a/ws_nhk/install/moveit_configs_utils:/home/a/ws_nhk/install/trac_ik_lib:/home/a/ws_nhk/install/srdfdom:/home/a/ws_nhk/install/moveit_task_constructor_msgs:/home/a/ws_nhk/install/moveit_resources_prbt_support:/home/a/ws_nhk/install/moveit_resources_pr2_description:/home/a/ws_nhk/install/moveit_resources_panda_description:/home/a/ws_nhk/install/moveit_resources_fanuc_description:/home/a/ws_nhk/install/moveit_common:/home/a/ws_nhk/install/launch_param_builder:${AMENT_PREFIX_PATH} CMAKE_PREFIX_PATH=/home/a/ws_nhk/install/moveit_planners:/home/a/ws_nhk/install/pilz_industrial_motion_planner:/home/a/ws_nhk/install/moveit_resources_prbt_pg70_support:/home/a/ws_nhk/install/moveit_ros_planning_interface:/home/a/ws_nhk/install/moveit_resources_prbt_moveit_config:/home/a/ws_nhk/install/moveit_ros_move_group:/home/a/ws_nhk/install/moveit_ros_warehouse:/home/a/ws_nhk/install/moveit_planners_ompl:/home/a/ws_nhk/install/moveit_kinematics:/home/a/ws_nhk/install/trac_ik:/home/a/ws_nhk/install/moveit_ros_planning:/home/a/ws_nhk/install/moveit_planners_chomp:/home/a/ws_nhk/install/trac_ik_kinematics_plugin:/home/a/ws_nhk/install/pilz_industrial_motion_planner_testutils:/home/a/ws_nhk/install/moveit_simple_controller_manager:/home/a/ws_nhk/install/moveit_ros_occupancy_map_monitor:/home/a/ws_nhk/install/moveit_resources_prbt_ikfast_manipulator_plugin:/home/a/ws_nhk/install/chomp_motion_planner:/home/a/ws_nhk/install/moveit_core:/home/a/ws_nhk/install/rviz_marker_tools:/home/a/ws_nhk/install/moveit_resources_panda_moveit_config:/home/a/ws_nhk/install/moveit_resources_fanuc_moveit_config:/home/a/ws_nhk/install/trac_ik_lib:/home/a/ws_nhk/install/srdfdom:/home/a/ws_nhk/install/moveit_task_constructor_msgs:/home/a/ws_nhk/install/moveit_resources_prbt_support:/home/a/ws_nhk/install/moveit_resources_pr2_description:/home/a/ws_nhk/install/moveit_resources_panda_description:/home/a/ws_nhk/install/moveit_resources_fanuc_description:/home/a/ws_nhk/install/moveit_common:/home/a/install/field_description_test:/opt/ros/humble LD_LIBRARY_PATH=/home/a/ws_nhk/install/pilz_industrial_motion_planner/lib:/home/a/ws_nhk/install/moveit_ros_planning_interface/lib:/home/a/ws_nhk/install/moveit_ros_move_group/lib:/home/a/ws_nhk/install/moveit_ros_warehouse/lib:/home/a/ws_nhk/install/moveit_planners_ompl/lib:/home/a/ws_nhk/install/moveit_kinematics/lib:/home/a/ws_nhk/install/moveit_ros_planning/lib:/home/a/ws_nhk/install/moveit_planners_chomp/lib:/home/a/ws_nhk/install/trac_ik_kinematics_plugin/lib:/home/a/ws_nhk/install/pilz_industrial_motion_planner_testutils/lib:/home/a/ws_nhk/install/moveit_simple_controller_manager/lib:/home/a/ws_nhk/install/moveit_ros_occupancy_map_monitor/lib:/home/a/ws_nhk/install/moveit_resources_prbt_ikfast_manipulator_plugin/lib:/home/a/ws_nhk/install/chomp_motion_planner/lib:/home/a/ws_nhk/install/moveit_core/lib:/home/a/ws_nhk/install/rviz_marker_tools/lib:/home/a/ws_nhk/install/trac_ik_lib/lib:/home/a/ws_nhk/install/srdfdom/lib:/home/a/ws_nhk/install/moveit_task_constructor_msgs/lib:${LD_LIBRARY_PATH} PATH=/home/a/ws_nhk/install/moveit_core/bin:${PATH} PYTHONPATH=/home/a/ws_nhk/install/moveit_configs_utils/lib/python3.10/site-packages:/home/a/ws_nhk/install/srdfdom/local/lib/python3.10/dist-packages:/home/a/ws_nhk/install/moveit_task_constructor_msgs/local/lib/python3.10/dist-packages:/home/a/ws_nhk/install/launch_param_builder/lib/python3.10/site-packages:${PYTHONPATH} /usr/bin/cmake --build /home/a/ws_nhk/build/moveit_task_constructor_core -- -j22 -l22
[0.144s] [  1%] [32mBuilding CXX object gmock/CMakeFiles/gmock_main.dir/src/gmock_main.cc.o[0m
[0.144s] [  2%] [32mBuilding CXX object gtest/CMakeFiles/gtest_main.dir/src/gtest_main.cc.o[0m
[0.151s] [  3%] [32mBuilding CXX object gmock/CMakeFiles/gmock.dir/opt/ros/humble/src/gtest_vendor/src/gtest-all.cc.o[0m
[0.151s] [  4%] [32mBuilding CXX object gtest/CMakeFiles/gtest.dir/src/gtest-all.cc.o[0m
[0.152s] [  5%] [32mBuilding CXX object gmock/CMakeFiles/gmock.dir/src/gmock-all.cc.o[0m
[0.157s] [  5%] Built target ament_cmake_python_copy_moveit
[0.227s] [  7%] [32m[1mLinking CXX shared library libmoveit_task_constructor_core.so[0m
[0.517s] running egg_info
[0.519s] writing moveit.egg-info/PKG-INFO
[0.519s] writing dependency_links to moveit.egg-info/dependency_links.txt
[0.519s] writing top-level names to moveit.egg-info/top_level.txt
[0.523s] reading manifest file 'moveit.egg-info/SOURCES.txt'
[0.524s] writing manifest file 'moveit.egg-info/SOURCES.txt'
[0.563s] [  7%] Built target ament_cmake_python_build_moveit_egg
[0.682s] [ 24%] Built target moveit_task_constructor_core
[0.736s] [ 25%] [32m[1mLinking CXX shared library libgtest_utils.so[0m
[0.803s] [ 27%] [32m[1mLinking CXX shared library libmoveit_task_constructor_core_stages.so[0m
[1.053s] [ 30%] Built target gtest_utils
[1.624s] [ 50%] Built target moveit_task_constructor_core_stages
[1.706s] [ 51%] [32m[1mLinking CXX shared library libmoveit_task_constructor_core_stage_plugins.so[0m
[1.707s] [ 52%] [32m[1mLinking CXX shared module pymoveit_mtc.cpython-310-x86_64-linux-gnu.so[0m
[2.081s] [ 54%] [32m[1mLinking CXX static library libgtest_main.a[0m
[2.165s] [ 54%] Built target gtest_main
[2.179s] [ 55%] [32m[1mLinking CXX static library libgmock_main.a[0m
[2.205s] [ 56%] Built target moveit_task_constructor_core_stage_plugins
[2.254s] [ 56%] Built target gmock_main
[4.804s] lto-wrapper: warning: using serial compilation of 12 LTRANS jobs
[14.094s] [ 57%] [32m[1mLinking CXX static library libgtest.a[0m
[14.189s] [ 58%] [32m[1mLinking CXX static library libgmock.a[0m
[14.189s] [ 58%] Built target gtest
[14.244s] [ 60%] [32m[1mLinking CXX executable moveit_task_constructor_core-test-properties[0m
[14.248s] [ 61%] [32m[1mLinking CXX executable pick_pa10[0m
[14.258s] [ 62%] [32m[1mLinking CXX executable pick_ur5[0m
[14.265s] [ 63%] [32m[1mLinking CXX executable pick_pr2[0m
[14.270s] [ 64%] [32m[1mLinking CXX executable moveit_task_constructor_core-test-stage[0m
[14.271s] [ 65%] [32m[1mLinking CXX executable moveit_task_constructor_core-test-cost-terms[0m
[14.272s] [ 67%] [32m[1mLinking CXX executable moveit_task_constructor_core-test-move-relative[0m
[14.286s] [ 68%] [32m[1mLinking CXX executable moveit_task_constructor_core-test-container[0m
[14.291s] [ 68%] Built target gmock
[14.295s] [ 69%] [32m[1mLinking CXX executable moveit_task_constructor_core-test-move-to[0m
[14.375s] [ 70%] [32m[1mLinking CXX executable moveit_task_constructor_core-test-cost-queue[0m
[14.400s] [ 71%] [32m[1mLinking CXX executable moveit_task_constructor_core-test-serial[0m
[14.402s] [ 72%] [32m[1mLinking CXX executable moveit_task_constructor_core-test-pruning[0m
[14.405s] [ 74%] [32m[1mLinking CXX executable moveit_task_constructor_core-test-interface-state[0m
[14.407s] [ 75%] [32m[1mLinking CXX executable moveit_task_constructor_core-test-mockups[0m
[14.453s] [ 76%] [32m[1mLinking CXX executable moveit_task_constructor_core-test-fallback[0m
[15.159s] [ 77%] Built target moveit_task_constructor_core-test-properties
[15.270s] [ 78%] Built target pick_ur5
[15.435s] [ 80%] Built target moveit_task_constructor_core-test-stage
[15.448s] [ 81%] Built target moveit_task_constructor_core-test-mockups
[15.459s] [ 82%] Built target moveit_task_constructor_core-test-cost-queue
[15.467s] [ 83%] Built target moveit_task_constructor_core-test-move-relative
[15.480s] [ 84%] Built target pick_pr2
[15.574s] [ 85%] Built target moveit_task_constructor_core-test-fallback
[15.628s] [ 87%] Built target pick_pa10
[15.649s] [ 88%] Built target moveit_task_constructor_core-test-pruning
[15.671s] [ 89%] Built target moveit_task_constructor_core-test-move-to
[15.672s] [ 90%] Built target moveit_task_constructor_core-test-serial
[15.721s] [ 91%] Built target moveit_task_constructor_core-test-container
[15.858s] [ 92%] Built target moveit_task_constructor_core-test-cost-terms
[15.865s] [ 94%] Built target moveit_task_constructor_core-test-interface-state
[23.852s] [100%] Built target pymoveit_mtc
[23.868s] Invoked command in '/home/a/ws_nhk/build/moveit_task_constructor_core' returned '0': AMENT_PREFIX_PATH=/home/a/ws_nhk/install/moveit_planners:/home/a/ws_nhk/install/pilz_industrial_motion_planner:/home/a/ws_nhk/install/moveit_resources_prbt_pg70_support:/home/a/ws_nhk/install/moveit_ros_planning_interface:/home/a/ws_nhk/install/moveit_resources_prbt_moveit_config:/home/a/ws_nhk/install/moveit_ros_move_group:/home/a/ws_nhk/install/moveit_ros_warehouse:/home/a/ws_nhk/install/moveit_planners_ompl:/home/a/ws_nhk/install/moveit_kinematics:/home/a/ws_nhk/install/trac_ik:/home/a/ws_nhk/install/moveit_ros_planning:/home/a/ws_nhk/install/moveit_planners_chomp:/home/a/ws_nhk/install/trac_ik_kinematics_plugin:/home/a/ws_nhk/install/pilz_industrial_motion_planner_testutils:/home/a/ws_nhk/install/moveit_simple_controller_manager:/home/a/ws_nhk/install/moveit_ros_occupancy_map_monitor:/home/a/ws_nhk/install/moveit_resources_prbt_ikfast_manipulator_plugin:/home/a/ws_nhk/install/chomp_motion_planner:/home/a/ws_nhk/install/moveit_core:/home/a/ws_nhk/install/rviz_marker_tools:/home/a/ws_nhk/install/moveit_resources_panda_moveit_config:/home/a/ws_nhk/install/moveit_resources_fanuc_moveit_config:/home/a/ws_nhk/install/moveit_configs_utils:/home/a/ws_nhk/install/trac_ik_lib:/home/a/ws_nhk/install/srdfdom:/home/a/ws_nhk/install/moveit_task_constructor_msgs:/home/a/ws_nhk/install/moveit_resources_prbt_support:/home/a/ws_nhk/install/moveit_resources_pr2_description:/home/a/ws_nhk/install/moveit_resources_panda_description:/home/a/ws_nhk/install/moveit_resources_fanuc_description:/home/a/ws_nhk/install/moveit_common:/home/a/ws_nhk/install/launch_param_builder:${AMENT_PREFIX_PATH} CMAKE_PREFIX_PATH=/home/a/ws_nhk/install/moveit_planners:/home/a/ws_nhk/install/pilz_industrial_motion_planner:/home/a/ws_nhk/install/moveit_resources_prbt_pg70_support:/home/a/ws_nhk/install/moveit_ros_planning_interface:/home/a/ws_nhk/install/moveit_resources_prbt_moveit_config:/home/a/ws_nhk/install/moveit_ros_move_group:/home/a/ws_nhk/install/moveit_ros_warehouse:/home/a/ws_nhk/install/moveit_planners_ompl:/home/a/ws_nhk/install/moveit_kinematics:/home/a/ws_nhk/install/trac_ik:/home/a/ws_nhk/install/moveit_ros_planning:/home/a/ws_nhk/install/moveit_planners_chomp:/home/a/ws_nhk/install/trac_ik_kinematics_plugin:/home/a/ws_nhk/install/pilz_industrial_motion_planner_testutils:/home/a/ws_nhk/install/moveit_simple_controller_manager:/home/a/ws_nhk/install/moveit_ros_occupancy_map_monitor:/home/a/ws_nhk/install/moveit_resources_prbt_ikfast_manipulator_plugin:/home/a/ws_nhk/install/chomp_motion_planner:/home/a/ws_nhk/install/moveit_core:/home/a/ws_nhk/install/rviz_marker_tools:/home/a/ws_nhk/install/moveit_resources_panda_moveit_config:/home/a/ws_nhk/install/moveit_resources_fanuc_moveit_config:/home/a/ws_nhk/install/trac_ik_lib:/home/a/ws_nhk/install/srdfdom:/home/a/ws_nhk/install/moveit_task_constructor_msgs:/home/a/ws_nhk/install/moveit_resources_prbt_support:/home/a/ws_nhk/install/moveit_resources_pr2_description:/home/a/ws_nhk/install/moveit_resources_panda_description:/home/a/ws_nhk/install/moveit_resources_fanuc_description:/home/a/ws_nhk/install/moveit_common:/home/a/install/field_description_test:/opt/ros/humble LD_LIBRARY_PATH=/home/a/ws_nhk/install/pilz_industrial_motion_planner/lib:/home/a/ws_nhk/install/moveit_ros_planning_interface/lib:/home/a/ws_nhk/install/moveit_ros_move_group/lib:/home/a/ws_nhk/install/moveit_ros_warehouse/lib:/home/a/ws_nhk/install/moveit_planners_ompl/lib:/home/a/ws_nhk/install/moveit_kinematics/lib:/home/a/ws_nhk/install/moveit_ros_planning/lib:/home/a/ws_nhk/install/moveit_planners_chomp/lib:/home/a/ws_nhk/install/trac_ik_kinematics_plugin/lib:/home/a/ws_nhk/install/pilz_industrial_motion_planner_testutils/lib:/home/a/ws_nhk/install/moveit_simple_controller_manager/lib:/home/a/ws_nhk/install/moveit_ros_occupancy_map_monitor/lib:/home/a/ws_nhk/install/moveit_resources_prbt_ikfast_manipulator_plugin/lib:/home/a/ws_nhk/install/chomp_motion_planner/lib:/home/a/ws_nhk/install/moveit_core/lib:/home/a/ws_nhk/install/rviz_marker_tools/lib:/home/a/ws_nhk/install/trac_ik_lib/lib:/home/a/ws_nhk/install/srdfdom/lib:/home/a/ws_nhk/install/moveit_task_constructor_msgs/lib:${LD_LIBRARY_PATH} PATH=/home/a/ws_nhk/install/moveit_core/bin:${PATH} PYTHONPATH=/home/a/ws_nhk/install/moveit_configs_utils/lib/python3.10/site-packages:/home/a/ws_nhk/install/srdfdom/local/lib/python3.10/dist-packages:/home/a/ws_nhk/install/moveit_task_constructor_msgs/local/lib/python3.10/dist-packages:/home/a/ws_nhk/install/launch_param_builder/lib/python3.10/site-packages:${PYTHONPATH} /usr/bin/cmake --build /home/a/ws_nhk/build/moveit_task_constructor_core -- -j22 -l22
[23.871s] Invoking command in '/home/a/ws_nhk/build/moveit_task_constructor_core': AMENT_PREFIX_PATH=/home/a/ws_nhk/install/moveit_planners:/home/a/ws_nhk/install/pilz_industrial_motion_planner:/home/a/ws_nhk/install/moveit_resources_prbt_pg70_support:/home/a/ws_nhk/install/moveit_ros_planning_interface:/home/a/ws_nhk/install/moveit_resources_prbt_moveit_config:/home/a/ws_nhk/install/moveit_ros_move_group:/home/a/ws_nhk/install/moveit_ros_warehouse:/home/a/ws_nhk/install/moveit_planners_ompl:/home/a/ws_nhk/install/moveit_kinematics:/home/a/ws_nhk/install/trac_ik:/home/a/ws_nhk/install/moveit_ros_planning:/home/a/ws_nhk/install/moveit_planners_chomp:/home/a/ws_nhk/install/trac_ik_kinematics_plugin:/home/a/ws_nhk/install/pilz_industrial_motion_planner_testutils:/home/a/ws_nhk/install/moveit_simple_controller_manager:/home/a/ws_nhk/install/moveit_ros_occupancy_map_monitor:/home/a/ws_nhk/install/moveit_resources_prbt_ikfast_manipulator_plugin:/home/a/ws_nhk/install/chomp_motion_planner:/home/a/ws_nhk/install/moveit_core:/home/a/ws_nhk/install/rviz_marker_tools:/home/a/ws_nhk/install/moveit_resources_panda_moveit_config:/home/a/ws_nhk/install/moveit_resources_fanuc_moveit_config:/home/a/ws_nhk/install/moveit_configs_utils:/home/a/ws_nhk/install/trac_ik_lib:/home/a/ws_nhk/install/srdfdom:/home/a/ws_nhk/install/moveit_task_constructor_msgs:/home/a/ws_nhk/install/moveit_resources_prbt_support:/home/a/ws_nhk/install/moveit_resources_pr2_description:/home/a/ws_nhk/install/moveit_resources_panda_description:/home/a/ws_nhk/install/moveit_resources_fanuc_description:/home/a/ws_nhk/install/moveit_common:/home/a/ws_nhk/install/launch_param_builder:${AMENT_PREFIX_PATH} CMAKE_PREFIX_PATH=/home/a/ws_nhk/install/moveit_planners:/home/a/ws_nhk/install/pilz_industrial_motion_planner:/home/a/ws_nhk/install/moveit_resources_prbt_pg70_support:/home/a/ws_nhk/install/moveit_ros_planning_interface:/home/a/ws_nhk/install/moveit_resources_prbt_moveit_config:/home/a/ws_nhk/install/moveit_ros_move_group:/home/a/ws_nhk/install/moveit_ros_warehouse:/home/a/ws_nhk/install/moveit_planners_ompl:/home/a/ws_nhk/install/moveit_kinematics:/home/a/ws_nhk/install/trac_ik:/home/a/ws_nhk/install/moveit_ros_planning:/home/a/ws_nhk/install/moveit_planners_chomp:/home/a/ws_nhk/install/trac_ik_kinematics_plugin:/home/a/ws_nhk/install/pilz_industrial_motion_planner_testutils:/home/a/ws_nhk/install/moveit_simple_controller_manager:/home/a/ws_nhk/install/moveit_ros_occupancy_map_monitor:/home/a/ws_nhk/install/moveit_resources_prbt_ikfast_manipulator_plugin:/home/a/ws_nhk/install/chomp_motion_planner:/home/a/ws_nhk/install/moveit_core:/home/a/ws_nhk/install/rviz_marker_tools:/home/a/ws_nhk/install/moveit_resources_panda_moveit_config:/home/a/ws_nhk/install/moveit_resources_fanuc_moveit_config:/home/a/ws_nhk/install/trac_ik_lib:/home/a/ws_nhk/install/srdfdom:/home/a/ws_nhk/install/moveit_task_constructor_msgs:/home/a/ws_nhk/install/moveit_resources_prbt_support:/home/a/ws_nhk/install/moveit_resources_pr2_description:/home/a/ws_nhk/install/moveit_resources_panda_description:/home/a/ws_nhk/install/moveit_resources_fanuc_description:/home/a/ws_nhk/install/moveit_common:/home/a/install/field_description_test:/opt/ros/humble LD_LIBRARY_PATH=/home/a/ws_nhk/install/pilz_industrial_motion_planner/lib:/home/a/ws_nhk/install/moveit_ros_planning_interface/lib:/home/a/ws_nhk/install/moveit_ros_move_group/lib:/home/a/ws_nhk/install/moveit_ros_warehouse/lib:/home/a/ws_nhk/install/moveit_planners_ompl/lib:/home/a/ws_nhk/install/moveit_kinematics/lib:/home/a/ws_nhk/install/moveit_ros_planning/lib:/home/a/ws_nhk/install/moveit_planners_chomp/lib:/home/a/ws_nhk/install/trac_ik_kinematics_plugin/lib:/home/a/ws_nhk/install/pilz_industrial_motion_planner_testutils/lib:/home/a/ws_nhk/install/moveit_simple_controller_manager/lib:/home/a/ws_nhk/install/moveit_ros_occupancy_map_monitor/lib:/home/a/ws_nhk/install/moveit_resources_prbt_ikfast_manipulator_plugin/lib:/home/a/ws_nhk/install/chomp_motion_planner/lib:/home/a/ws_nhk/install/moveit_core/lib:/home/a/ws_nhk/install/rviz_marker_tools/lib:/home/a/ws_nhk/install/trac_ik_lib/lib:/home/a/ws_nhk/install/srdfdom/lib:/home/a/ws_nhk/install/moveit_task_constructor_msgs/lib:${LD_LIBRARY_PATH} PATH=/home/a/ws_nhk/install/moveit_core/bin:${PATH} PYTHONPATH=/home/a/ws_nhk/install/moveit_configs_utils/lib/python3.10/site-packages:/home/a/ws_nhk/install/srdfdom/local/lib/python3.10/dist-packages:/home/a/ws_nhk/install/moveit_task_constructor_msgs/local/lib/python3.10/dist-packages:/home/a/ws_nhk/install/launch_param_builder/lib/python3.10/site-packages:${PYTHONPATH} /usr/bin/cmake --install /home/a/ws_nhk/build/moveit_task_constructor_core
[23.883s] -- Install configuration: "Release"
[23.883s] -- Installing: /home/a/ws_nhk/install/moveit_task_constructor_core/lib/libmoveit_task_constructor_core_stages.so
[23.884s] -- Set runtime path of "/home/a/ws_nhk/install/moveit_task_constructor_core/lib/libmoveit_task_constructor_core_stages.so" to ""
[23.884s] -- Installing: /home/a/ws_nhk/install/moveit_task_constructor_core/lib/libmoveit_task_constructor_core_stage_plugins.so
[23.885s] -- Set runtime path of "/home/a/ws_nhk/install/moveit_task_constructor_core/lib/libmoveit_task_constructor_core_stage_plugins.so" to ""
[23.885s] -- Installing: /home/a/ws_nhk/install/moveit_task_constructor_core/lib/libmoveit_task_constructor_core.so
[23.887s] -- Set runtime path of "/home/a/ws_nhk/install/moveit_task_constructor_core/lib/libmoveit_task_constructor_core.so" to ""
[23.887s] -- Up-to-date: /home/a/ws_nhk/install/moveit_task_constructor_core/share/moveit_task_constructor_core/environment/pythonpath.sh
[23.887s] -- Up-to-date: /home/a/ws_nhk/install/moveit_task_constructor_core/share/moveit_task_constructor_core/environment/pythonpath.dsv
[23.887s] -- Up-to-date: /home/a/ws_nhk/install/moveit_task_constructor_core/local/lib/python3.10/dist-packages/moveit-0.1.3-py3.10.egg-info
[23.887s] -- Installing: /home/a/ws_nhk/install/moveit_task_constructor_core/local/lib/python3.10/dist-packages/moveit-0.1.3-py3.10.egg-info/top_level.txt
[23.887s] -- Installing: /home/a/ws_nhk/install/moveit_task_constructor_core/local/lib/python3.10/dist-packages/moveit-0.1.3-py3.10.egg-info/SOURCES.txt
[23.887s] -- Installing: /home/a/ws_nhk/install/moveit_task_constructor_core/local/lib/python3.10/dist-packages/moveit-0.1.3-py3.10.egg-info/PKG-INFO
[23.887s] -- Installing: /home/a/ws_nhk/install/moveit_task_constructor_core/local/lib/python3.10/dist-packages/moveit-0.1.3-py3.10.egg-info/dependency_links.txt
[23.887s] -- Up-to-date: /home/a/ws_nhk/install/moveit_task_constructor_core/local/lib/python3.10/dist-packages/moveit
[23.887s] -- Up-to-date: /home/a/ws_nhk/install/moveit_task_constructor_core/local/lib/python3.10/dist-packages/moveit/__init__.py
[23.887s] -- Up-to-date: /home/a/ws_nhk/install/moveit_task_constructor_core/local/lib/python3.10/dist-packages/moveit/task_constructor
[23.887s] -- Up-to-date: /home/a/ws_nhk/install/moveit_task_constructor_core/local/lib/python3.10/dist-packages/moveit/task_constructor/__init__.py
[23.887s] -- Up-to-date: /home/a/ws_nhk/install/moveit_task_constructor_core/local/lib/python3.10/dist-packages/moveit/task_constructor/stages.py
[23.888s] -- Up-to-date: /home/a/ws_nhk/install/moveit_task_constructor_core/local/lib/python3.10/dist-packages/moveit/task_constructor/core.py
[23.923s] Listing '/home/a/ws_nhk/install/moveit_task_constructor_core/local/lib/python3.10/dist-packages/moveit'...
[23.924s] Listing '/home/a/ws_nhk/install/moveit_task_constructor_core/local/lib/python3.10/dist-packages/moveit/task_constructor'...
[23.928s] -- Up-to-date: /home/a/ws_nhk/install/moveit_task_constructor_core/include/moveit/python/pybind11
[23.928s] -- Up-to-date: /home/a/ws_nhk/install/moveit_task_constructor_core/include/moveit/python/pybind11/buffer_info.h
[23.928s] -- Up-to-date: /home/a/ws_nhk/install/moveit_task_constructor_core/include/moveit/python/pybind11/typing.h
[23.928s] -- Up-to-date: /home/a/ws_nhk/install/moveit_task_constructor_core/include/moveit/python/pybind11/gil.h
[23.928s] -- Up-to-date: /home/a/ws_nhk/install/moveit_task_constructor_core/include/moveit/python/pybind11/gil_safe_call_once.h
[23.928s] -- Up-to-date: /home/a/ws_nhk/install/moveit_task_constructor_core/include/moveit/python/pybind11/pytypes.h
[23.928s] -- Up-to-date: /home/a/ws_nhk/install/moveit_task_constructor_core/include/moveit/python/pybind11/stl.h
[23.928s] -- Up-to-date: /home/a/ws_nhk/install/moveit_task_constructor_core/include/moveit/python/pybind11/attr.h
[23.929s] -- Up-to-date: /home/a/ws_nhk/install/moveit_task_constructor_core/include/moveit/python/pybind11/trampoline_self_life_support.h
[23.929s] -- Up-to-date: /home/a/ws_nhk/install/moveit_task_constructor_core/include/moveit/python/pybind11/numpy.h
[23.929s] -- Up-to-date: /home/a/ws_nhk/install/moveit_task_constructor_core/include/moveit/python/pybind11/eigen.h
[23.929s] -- Up-to-date: /home/a/ws_nhk/install/moveit_task_constructor_core/include/moveit/python/pybind11/cast.h
[23.929s] -- Up-to-date: /home/a/ws_nhk/install/moveit_task_constructor_core/include/moveit/python/pybind11/pybind11.h
[23.929s] -- Up-to-date: /home/a/ws_nhk/install/moveit_task_constructor_core/include/moveit/python/pybind11/stl
[23.929s] -- Up-to-date: /home/a/ws_nhk/install/moveit_task_constructor_core/include/moveit/python/pybind11/stl/filesystem.h
[23.929s] -- Up-to-date: /home/a/ws_nhk/install/moveit_task_constructor_core/include/moveit/python/pybind11/eigen
[23.929s] -- Up-to-date: /home/a/ws_nhk/install/moveit_task_constructor_core/include/moveit/python/pybind11/eigen/tensor.h
[23.929s] -- Up-to-date: /home/a/ws_nhk/install/moveit_task_constructor_core/include/moveit/python/pybind11/eigen/matrix.h
[23.929s] -- Up-to-date: /home/a/ws_nhk/install/moveit_task_constructor_core/include/moveit/python/pybind11/eigen/common.h
[23.929s] -- Up-to-date: /home/a/ws_nhk/install/moveit_task_constructor_core/include/moveit/python/pybind11/eval.h
[23.929s] -- Up-to-date: /home/a/ws_nhk/install/moveit_task_constructor_core/include/moveit/python/pybind11/embed.h
[23.929s] -- Up-to-date: /home/a/ws_nhk/install/moveit_task_constructor_core/include/moveit/python/pybind11/operators.h
[23.929s] -- Up-to-date: /home/a/ws_nhk/install/moveit_task_constructor_core/include/moveit/python/pybind11/chrono.h
[23.929s] -- Up-to-date: /home/a/ws_nhk/install/moveit_task_constructor_core/include/moveit/python/pybind11/options.h
[23.929s] -- Up-to-date: /home/a/ws_nhk/install/moveit_task_constructor_core/include/moveit/python/pybind11/stl_bind.h
[23.930s] -- Up-to-date: /home/a/ws_nhk/install/moveit_task_constructor_core/include/moveit/python/pybind11/detail
[23.930s] -- Up-to-date: /home/a/ws_nhk/install/moveit_task_constructor_core/include/moveit/python/pybind11/detail/internals.h
[23.930s] -- Up-to-date: /home/a/ws_nhk/install/moveit_task_constructor_core/include/moveit/python/pybind11/detail/typeid.h
[23.930s] -- Up-to-date: /home/a/ws_nhk/install/moveit_task_constructor_core/include/moveit/python/pybind11/detail/dynamic_raw_ptr_cast_if_possible.h
[23.930s] -- Up-to-date: /home/a/ws_nhk/install/moveit_task_constructor_core/include/moveit/python/pybind11/detail/smart_holder_sfinae_hooks_only.h
[23.930s] -- Up-to-date: /home/a/ws_nhk/install/moveit_task_constructor_core/include/moveit/python/pybind11/detail/smart_holder_poc.h
[23.930s] -- Up-to-date: /home/a/ws_nhk/install/moveit_task_constructor_core/include/moveit/python/pybind11/detail/type_caster_base.h
[23.930s] -- Up-to-date: /home/a/ws_nhk/install/moveit_task_constructor_core/include/moveit/python/pybind11/detail/descr.h
[23.930s] -- Up-to-date: /home/a/ws_nhk/install/moveit_task_constructor_core/include/moveit/python/pybind11/detail/class.h
[23.930s] -- Up-to-date: /home/a/ws_nhk/install/moveit_task_constructor_core/include/moveit/python/pybind11/detail/smart_holder_type_casters.h
[23.930s] -- Up-to-date: /home/a/ws_nhk/install/moveit_task_constructor_core/include/moveit/python/pybind11/detail/type_caster_odr_guard.h
[23.930s] -- Up-to-date: /home/a/ws_nhk/install/moveit_task_constructor_core/include/moveit/python/pybind11/detail/common.h
[23.930s] -- Up-to-date: /home/a/ws_nhk/install/moveit_task_constructor_core/include/moveit/python/pybind11/detail/init.h
[23.930s] -- Up-to-date: /home/a/ws_nhk/install/moveit_task_constructor_core/include/moveit/python/pybind11/complex.h
[23.930s] -- Up-to-date: /home/a/ws_nhk/install/moveit_task_constructor_core/include/moveit/python/pybind11/functional.h
[23.930s] -- Up-to-date: /home/a/ws_nhk/install/moveit_task_constructor_core/include/moveit/python/pybind11/type_caster_pyobject_ptr.h
[23.930s] -- Up-to-date: /home/a/ws_nhk/install/moveit_task_constructor_core/include/moveit/python/pybind11/iostream.h
[23.930s] -- Up-to-date: /home/a/ws_nhk/install/moveit_task_constructor_core/include/moveit/python/pybind11/common.h
[23.931s] -- Up-to-date: /home/a/ws_nhk/install/moveit_task_constructor_core/include/moveit/python/pybind11/smart_holder.h
[23.931s] -- Up-to-date: /home/a/ws_nhk/install/moveit_task_constructor_core/share/moveit_task_constructor_core/cmake/pybind11Config.cmake
[23.931s] -- Up-to-date: /home/a/ws_nhk/install/moveit_task_constructor_core/share/moveit_task_constructor_core/cmake/pybind11ConfigVersion.cmake
[23.931s] -- Up-to-date: /home/a/ws_nhk/install/moveit_task_constructor_core/share/moveit_task_constructor_core/cmake/FindPythonLibsNew.cmake
[23.931s] -- Up-to-date: /home/a/ws_nhk/install/moveit_task_constructor_core/share/moveit_task_constructor_core/cmake/pybind11Common.cmake
[23.931s] -- Up-to-date: /home/a/ws_nhk/install/moveit_task_constructor_core/share/moveit_task_constructor_core/cmake/pybind11Tools.cmake
[23.931s] -- Up-to-date: /home/a/ws_nhk/install/moveit_task_constructor_core/share/moveit_task_constructor_core/cmake/pybind11NewTools.cmake
[23.931s] -- Up-to-date: /home/a/ws_nhk/install/moveit_task_constructor_core/share/moveit_task_constructor_core/cmake/pybind11Targets.cmake
[23.931s] -- Up-to-date: /home/a/ws_nhk/install/moveit_task_constructor_core/share/pkgconfig/pybind11.pc
[23.931s] -- Installing: /home/a/ws_nhk/install/moveit_task_constructor_core/local/lib/python3.10/dist-packages/pymoveit_mtc.cpython-310-x86_64-linux-gnu.so
[23.931s] -- Set runtime path of "/home/a/ws_nhk/install/moveit_task_constructor_core/local/lib/python3.10/dist-packages/pymoveit_mtc.cpython-310-x86_64-linux-gnu.so" to ""
[23.931s] -- Up-to-date: /home/a/ws_nhk/install/moveit_task_constructor_core/include
[23.931s] -- Up-to-date: /home/a/ws_nhk/install/moveit_task_constructor_core/include/moveit
[23.931s] -- Up-to-date: /home/a/ws_nhk/install/moveit_task_constructor_core/include/moveit/python
[23.932s] -- Up-to-date: /home/a/ws_nhk/install/moveit_task_constructor_core/include/moveit/python/task_constructor
[23.932s] -- Up-to-date: /home/a/ws_nhk/install/moveit_task_constructor_core/include/moveit/python/task_constructor/properties.h
[23.932s] -- Up-to-date: /home/a/ws_nhk/install/moveit_task_constructor_core/include/moveit/task_constructor
[23.932s] -- Up-to-date: /home/a/ws_nhk/install/moveit_task_constructor_core/include/moveit/task_constructor/solvers.h
[23.932s] -- Up-to-date: /home/a/ws_nhk/install/moveit_task_constructor_core/include/moveit/task_constructor/stages
[23.932s] -- Up-to-date: /home/a/ws_nhk/install/moveit_task_constructor_core/include/moveit/task_constructor/stages/generate_place_pose.h
[23.932s] -- Up-to-date: /home/a/ws_nhk/install/moveit_task_constructor_core/include/moveit/task_constructor/stages/move_to.h
[23.932s] -- Up-to-date: /home/a/ws_nhk/install/moveit_task_constructor_core/include/moveit/task_constructor/stages/fixed_cartesian_poses.h
[23.932s] -- Up-to-date: /home/a/ws_nhk/install/moveit_task_constructor_core/include/moveit/task_constructor/stages/generate_pose.h
[23.932s] -- Up-to-date: /home/a/ws_nhk/install/moveit_task_constructor_core/include/moveit/task_constructor/stages/generate_grasp_pose.h
[23.932s] -- Up-to-date: /home/a/ws_nhk/install/moveit_task_constructor_core/include/moveit/task_constructor/stages/passthrough.h
[23.932s] -- Up-to-date: /home/a/ws_nhk/install/moveit_task_constructor_core/include/moveit/task_constructor/stages/fixed_state.h
[23.932s] -- Up-to-date: /home/a/ws_nhk/install/moveit_task_constructor_core/include/moveit/task_constructor/stages/simple_grasp.h
[23.932s] -- Up-to-date: /home/a/ws_nhk/install/moveit_task_constructor_core/include/moveit/task_constructor/stages/modify_planning_scene.h
[23.932s] -- Up-to-date: /home/a/ws_nhk/install/moveit_task_constructor_core/include/moveit/task_constructor/stages/compute_ik.h
[23.932s] -- Up-to-date: /home/a/ws_nhk/install/moveit_task_constructor_core/include/moveit/task_constructor/stages/pick.h
[23.932s] -- Up-to-date: /home/a/ws_nhk/install/moveit_task_constructor_core/include/moveit/task_constructor/stages/connect.h
[23.932s] -- Up-to-date: /home/a/ws_nhk/install/moveit_task_constructor_core/include/moveit/task_constructor/stages/predicate_filter.h
[23.933s] -- Up-to-date: /home/a/ws_nhk/install/moveit_task_constructor_core/include/moveit/task_constructor/stages/generate_random_pose.h
[23.933s] -- Up-to-date: /home/a/ws_nhk/install/moveit_task_constructor_core/include/moveit/task_constructor/stages/fix_collision_objects.h
[23.933s] -- Up-to-date: /home/a/ws_nhk/install/moveit_task_constructor_core/include/moveit/task_constructor/stages/noop.h
[23.933s] -- Up-to-date: /home/a/ws_nhk/install/moveit_task_constructor_core/include/moveit/task_constructor/stages/move_relative.h
[23.933s] -- Up-to-date: /home/a/ws_nhk/install/moveit_task_constructor_core/include/moveit/task_constructor/stages/current_state.h
[23.933s] -- Up-to-date: /home/a/ws_nhk/install/moveit_task_constructor_core/include/moveit/task_constructor/marker_tools.h
[23.933s] -- Up-to-date: /home/a/ws_nhk/install/moveit_task_constructor_core/include/moveit/task_constructor/cost_terms.h
[23.933s] -- Up-to-date: /home/a/ws_nhk/install/moveit_task_constructor_core/include/moveit/task_constructor/stage.h
[23.933s] -- Up-to-date: /home/a/ws_nhk/install/moveit_task_constructor_core/include/moveit/task_constructor/container.h
[23.933s] -- Up-to-date: /home/a/ws_nhk/install/moveit_task_constructor_core/include/moveit/task_constructor/utils.h
[23.933s] -- Up-to-date: /home/a/ws_nhk/install/moveit_task_constructor_core/include/moveit/task_constructor/solvers
[23.933s] -- Up-to-date: /home/a/ws_nhk/install/moveit_task_constructor_core/include/moveit/task_constructor/solvers/pipeline_planner.h
[23.933s] -- Up-to-date: /home/a/ws_nhk/install/moveit_task_constructor_core/include/moveit/task_constructor/solvers/cartesian_path.h
[23.933s] -- Up-to-date: /home/a/ws_nhk/install/moveit_task_constructor_core/include/moveit/task_constructor/solvers/multi_planner.h
[23.933s] -- Up-to-date: /home/a/ws_nhk/install/moveit_task_constructor_core/include/moveit/task_constructor/solvers/joint_interpolation.h
[23.933s] -- Up-to-date: /home/a/ws_nhk/install/moveit_task_constructor_core/include/moveit/task_constructor/solvers/planner_interface.h
[23.933s] -- Up-to-date: /home/a/ws_nhk/install/moveit_task_constructor_core/include/moveit/task_constructor/storage.h
[23.933s] -- Up-to-date: /home/a/ws_nhk/install/moveit_task_constructor_core/include/moveit/task_constructor/introspection.h
[23.934s] -- Up-to-date: /home/a/ws_nhk/install/moveit_task_constructor_core/include/moveit/task_constructor/moveit_compat.h
[23.934s] -- Up-to-date: /home/a/ws_nhk/install/moveit_task_constructor_core/include/moveit/task_constructor/task.h
[23.934s] -- Up-to-date: /home/a/ws_nhk/install/moveit_task_constructor_core/include/moveit/task_constructor/trajectory_execution_info.h
[23.934s] -- Up-to-date: /home/a/ws_nhk/install/moveit_task_constructor_core/include/moveit/task_constructor/stages.h
[23.934s] -- Up-to-date: /home/a/ws_nhk/install/moveit_task_constructor_core/include/moveit/task_constructor/properties.h
[23.934s] -- Up-to-date: /home/a/ws_nhk/install/moveit_task_constructor_core/include/moveit/task_constructor/cost_queue.h
[23.934s] -- Up-to-date: /home/a/ws_nhk/install/moveit_task_constructor_core/include/moveit/task_constructor/merge.h
[23.934s] -- Up-to-date: /home/a/ws_nhk/install/moveit_task_constructor_core/include/moveit/task_constructor/type_traits.h
[23.934s] -- Up-to-date: /home/a/ws_nhk/install/moveit_task_constructor_core/share/moveit_task_constructor_core/motion_planning_stages_plugin_description.xml
[23.934s] -- Up-to-date: /home/a/ws_nhk/install/moveit_task_constructor_core/share/moveit_task_constructor_core/environment/library_path.sh
[23.934s] -- Up-to-date: /home/a/ws_nhk/install/moveit_task_constructor_core/share/moveit_task_constructor_core/environment/library_path.dsv
[23.934s] -- Up-to-date: /home/a/ws_nhk/install/moveit_task_constructor_core/share/ament_index/resource_index/package_run_dependencies/moveit_task_constructor_core
[23.934s] -- Up-to-date: /home/a/ws_nhk/install/moveit_task_constructor_core/share/ament_index/resource_index/parent_prefix_path/moveit_task_constructor_core
[23.934s] -- Up-to-date: /home/a/ws_nhk/install/moveit_task_constructor_core/share/moveit_task_constructor_core/environment/ament_prefix_path.sh
[23.934s] -- Up-to-date: /home/a/ws_nhk/install/moveit_task_constructor_core/share/moveit_task_constructor_core/environment/ament_prefix_path.dsv
[23.934s] -- Up-to-date: /home/a/ws_nhk/install/moveit_task_constructor_core/share/moveit_task_constructor_core/environment/path.sh
[23.934s] -- Up-to-date: /home/a/ws_nhk/install/moveit_task_constructor_core/share/moveit_task_constructor_core/environment/path.dsv
[23.934s] -- Up-to-date: /home/a/ws_nhk/install/moveit_task_constructor_core/share/moveit_task_constructor_core/local_setup.bash
[23.934s] -- Up-to-date: /home/a/ws_nhk/install/moveit_task_constructor_core/share/moveit_task_constructor_core/local_setup.sh
[23.935s] -- Up-to-date: /home/a/ws_nhk/install/moveit_task_constructor_core/share/moveit_task_constructor_core/local_setup.zsh
[23.935s] -- Up-to-date: /home/a/ws_nhk/install/moveit_task_constructor_core/share/moveit_task_constructor_core/local_setup.dsv
[23.935s] -- Installing: /home/a/ws_nhk/install/moveit_task_constructor_core/share/moveit_task_constructor_core/package.dsv
[23.935s] -- Up-to-date: /home/a/ws_nhk/install/moveit_task_constructor_core/share/ament_index/resource_index/packages/moveit_task_constructor_core
[23.935s] -- Up-to-date: /home/a/ws_nhk/install/moveit_task_constructor_core/share/ament_index/resource_index/moveit_task_constructor_core__pluginlib__plugin/moveit_task_constructor_core
[23.935s] -- Up-to-date: /home/a/ws_nhk/install/moveit_task_constructor_core/share/moveit_task_constructor_core/cmake/moveit_task_constructor_coreTargetsExport.cmake
[23.935s] -- Up-to-date: /home/a/ws_nhk/install/moveit_task_constructor_core/share/moveit_task_constructor_core/cmake/moveit_task_constructor_coreTargetsExport-release.cmake
[23.935s] -- Up-to-date: /home/a/ws_nhk/install/moveit_task_constructor_core/share/moveit_task_constructor_core/cmake/ament_cmake_export_targets-extras.cmake
[23.935s] -- Up-to-date: /home/a/ws_nhk/install/moveit_task_constructor_core/share/moveit_task_constructor_core/cmake/ament_cmake_export_dependencies-extras.cmake
[23.935s] -- Up-to-date: /home/a/ws_nhk/install/moveit_task_constructor_core/share/moveit_task_constructor_core/cmake/moveit_task_constructor_coreConfig.cmake
[23.935s] -- Up-to-date: /home/a/ws_nhk/install/moveit_task_constructor_core/share/moveit_task_constructor_core/cmake/moveit_task_constructor_coreConfig-version.cmake
[23.935s] -- Up-to-date: /home/a/ws_nhk/install/moveit_task_constructor_core/share/moveit_task_constructor_core/package.xml
[23.937s] Invoked command in '/home/a/ws_nhk/build/moveit_task_constructor_core' returned '0': AMENT_PREFIX_PATH=/home/a/ws_nhk/install/moveit_planners:/home/a/ws_nhk/install/pilz_industrial_motion_planner:/home/a/ws_nhk/install/moveit_resources_prbt_pg70_support:/home/a/ws_nhk/install/moveit_ros_planning_interface:/home/a/ws_nhk/install/moveit_resources_prbt_moveit_config:/home/a/ws_nhk/install/moveit_ros_move_group:/home/a/ws_nhk/install/moveit_ros_warehouse:/home/a/ws_nhk/install/moveit_planners_ompl:/home/a/ws_nhk/install/moveit_kinematics:/home/a/ws_nhk/install/trac_ik:/home/a/ws_nhk/install/moveit_ros_planning:/home/a/ws_nhk/install/moveit_planners_chomp:/home/a/ws_nhk/install/trac_ik_kinematics_plugin:/home/a/ws_nhk/install/pilz_industrial_motion_planner_testutils:/home/a/ws_nhk/install/moveit_simple_controller_manager:/home/a/ws_nhk/install/moveit_ros_occupancy_map_monitor:/home/a/ws_nhk/install/moveit_resources_prbt_ikfast_manipulator_plugin:/home/a/ws_nhk/install/chomp_motion_planner:/home/a/ws_nhk/install/moveit_core:/home/a/ws_nhk/install/rviz_marker_tools:/home/a/ws_nhk/install/moveit_resources_panda_moveit_config:/home/a/ws_nhk/install/moveit_resources_fanuc_moveit_config:/home/a/ws_nhk/install/moveit_configs_utils:/home/a/ws_nhk/install/trac_ik_lib:/home/a/ws_nhk/install/srdfdom:/home/a/ws_nhk/install/moveit_task_constructor_msgs:/home/a/ws_nhk/install/moveit_resources_prbt_support:/home/a/ws_nhk/install/moveit_resources_pr2_description:/home/a/ws_nhk/install/moveit_resources_panda_description:/home/a/ws_nhk/install/moveit_resources_fanuc_description:/home/a/ws_nhk/install/moveit_common:/home/a/ws_nhk/install/launch_param_builder:${AMENT_PREFIX_PATH} CMAKE_PREFIX_PATH=/home/a/ws_nhk/install/moveit_planners:/home/a/ws_nhk/install/pilz_industrial_motion_planner:/home/a/ws_nhk/install/moveit_resources_prbt_pg70_support:/home/a/ws_nhk/install/moveit_ros_planning_interface:/home/a/ws_nhk/install/moveit_resources_prbt_moveit_config:/home/a/ws_nhk/install/moveit_ros_move_group:/home/a/ws_nhk/install/moveit_ros_warehouse:/home/a/ws_nhk/install/moveit_planners_ompl:/home/a/ws_nhk/install/moveit_kinematics:/home/a/ws_nhk/install/trac_ik:/home/a/ws_nhk/install/moveit_ros_planning:/home/a/ws_nhk/install/moveit_planners_chomp:/home/a/ws_nhk/install/trac_ik_kinematics_plugin:/home/a/ws_nhk/install/pilz_industrial_motion_planner_testutils:/home/a/ws_nhk/install/moveit_simple_controller_manager:/home/a/ws_nhk/install/moveit_ros_occupancy_map_monitor:/home/a/ws_nhk/install/moveit_resources_prbt_ikfast_manipulator_plugin:/home/a/ws_nhk/install/chomp_motion_planner:/home/a/ws_nhk/install/moveit_core:/home/a/ws_nhk/install/rviz_marker_tools:/home/a/ws_nhk/install/moveit_resources_panda_moveit_config:/home/a/ws_nhk/install/moveit_resources_fanuc_moveit_config:/home/a/ws_nhk/install/trac_ik_lib:/home/a/ws_nhk/install/srdfdom:/home/a/ws_nhk/install/moveit_task_constructor_msgs:/home/a/ws_nhk/install/moveit_resources_prbt_support:/home/a/ws_nhk/install/moveit_resources_pr2_description:/home/a/ws_nhk/install/moveit_resources_panda_description:/home/a/ws_nhk/install/moveit_resources_fanuc_description:/home/a/ws_nhk/install/moveit_common:/home/a/install/field_description_test:/opt/ros/humble LD_LIBRARY_PATH=/home/a/ws_nhk/install/pilz_industrial_motion_planner/lib:/home/a/ws_nhk/install/moveit_ros_planning_interface/lib:/home/a/ws_nhk/install/moveit_ros_move_group/lib:/home/a/ws_nhk/install/moveit_ros_warehouse/lib:/home/a/ws_nhk/install/moveit_planners_ompl/lib:/home/a/ws_nhk/install/moveit_kinematics/lib:/home/a/ws_nhk/install/moveit_ros_planning/lib:/home/a/ws_nhk/install/moveit_planners_chomp/lib:/home/a/ws_nhk/install/trac_ik_kinematics_plugin/lib:/home/a/ws_nhk/install/pilz_industrial_motion_planner_testutils/lib:/home/a/ws_nhk/install/moveit_simple_controller_manager/lib:/home/a/ws_nhk/install/moveit_ros_occupancy_map_monitor/lib:/home/a/ws_nhk/install/moveit_resources_prbt_ikfast_manipulator_plugin/lib:/home/a/ws_nhk/install/chomp_motion_planner/lib:/home/a/ws_nhk/install/moveit_core/lib:/home/a/ws_nhk/install/rviz_marker_tools/lib:/home/a/ws_nhk/install/trac_ik_lib/lib:/home/a/ws_nhk/install/srdfdom/lib:/home/a/ws_nhk/install/moveit_task_constructor_msgs/lib:${LD_LIBRARY_PATH} PATH=/home/a/ws_nhk/install/moveit_core/bin:${PATH} PYTHONPATH=/home/a/ws_nhk/install/moveit_configs_utils/lib/python3.10/site-packages:/home/a/ws_nhk/install/srdfdom/local/lib/python3.10/dist-packages:/home/a/ws_nhk/install/moveit_task_constructor_msgs/local/lib/python3.10/dist-packages:/home/a/ws_nhk/install/launch_param_builder/lib/python3.10/site-packages:${PYTHONPATH} /usr/bin/cmake --install /home/a/ws_nhk/build/moveit_task_constructor_core
