running egg_info
creating ../../../build/ikeyaMD_wizard/ikeyaMD_wizard.egg-info
writing ../../../build/ikeyaMD_wizard/ikeyaMD_wizard.egg-info/PKG-INFO
writing dependency_links to ../../../build/ikeyaMD_wizard/ikeyaMD_wizard.egg-info/dependency_links.txt
writing entry points to ../../../build/ikeyaMD_wizard/ikeyaMD_wizard.egg-info/entry_points.txt
writing requirements to ../../../build/ikeyaMD_wizard/ikeyaMD_wizard.egg-info/requires.txt
writing top-level names to ../../../build/ikeyaMD_wizard/ikeyaMD_wizard.egg-info/top_level.txt
writing manifest file '../../../build/ikeyaMD_wizard/ikeyaMD_wizard.egg-info/SOURCES.txt'
reading manifest file '../../../build/ikeyaMD_wizard/ikeyaMD_wizard.egg-info/SOURCES.txt'
adding license file 'LICENSE'
writing manifest file '../../../build/ikeyaMD_wizard/ikeyaMD_wizard.egg-info/SOURCES.txt'
running build
running build_py
creating /home/a/ws_nhk/build/ikeyaMD_wizard/build
creating /home/a/ws_nhk/build/ikeyaMD_wizard/build/lib
creating /home/a/ws_nhk/build/ikeyaMD_wizard/build/lib/ikeyaMD_wizard
copying ikeyaMD_wizard/__init__.py -> /home/a/ws_nhk/build/ikeyaMD_wizard/build/lib/ikeyaMD_wizard
running install
running install_lib
creating /home/a/ws_nhk/install/ikeyaMD_wizard/lib/python3.10/site-packages/ikeyaMD_wizard
copying /home/a/ws_nhk/build/ikeyaMD_wizard/build/lib/ikeyaMD_wizard/__init__.py -> /home/a/ws_nhk/install/ikeyaMD_wizard/lib/python3.10/site-packages/ikeyaMD_wizard
byte-compiling /home/a/ws_nhk/install/ikeyaMD_wizard/lib/python3.10/site-packages/ikeyaMD_wizard/__init__.py to __init__.cpython-310.pyc
running install_data
creating /home/a/ws_nhk/install/ikeyaMD_wizard/share/ament_index
creating /home/a/ws_nhk/install/ikeyaMD_wizard/share/ament_index/resource_index
creating /home/a/ws_nhk/install/ikeyaMD_wizard/share/ament_index/resource_index/packages
copying resource/ikeyaMD_wizard -> /home/a/ws_nhk/install/ikeyaMD_wizard/share/ament_index/resource_index/packages
copying package.xml -> /home/a/ws_nhk/install/ikeyaMD_wizard/share/ikeyaMD_wizard
creating /home/a/ws_nhk/install/ikeyaMD_wizard/share/ikeyaMD_wizard/launch
copying launch/ikeyaMD_wizard.launch.py -> /home/a/ws_nhk/install/ikeyaMD_wizard/share/ikeyaMD_wizard/launch
creating /home/a/ws_nhk/install/ikeyaMD_wizard/lib/ikeyaMD_wizard
copying scripts/ikeyaMD_wizard_gui.py -> /home/a/ws_nhk/install/ikeyaMD_wizard/lib/ikeyaMD_wizard
running install_egg_info
Copying ../../../build/ikeyaMD_wizard/ikeyaMD_wizard.egg-info to /home/a/ws_nhk/install/ikeyaMD_wizard/lib/python3.10/site-packages/ikeyaMD_wizard-1.0.0-py3.10.egg-info
running install_scripts
Installing ikeyaMD_wizard_gui script to /home/a/ws_nhk/install/ikeyaMD_wizard/lib/ikeyaMD_wizard
writing list of installed files to '/home/a/ws_nhk/build/ikeyaMD_wizard/install.log'
