Traceback (most recent call last):
  File "/home/a/ws_nhk/src/r2_odrive/setup.py", line 7, in <module>
    setup(
  File "/usr/lib/python3/dist-packages/setuptools/__init__.py", line 153, in setup
    return distutils.core.setup(**attrs)
  File "/usr/lib/python3.10/distutils/core.py", line 134, in setup
    ok = dist.parse_command_line()
  File "/usr/lib/python3.10/distutils/dist.py", line 483, in parse_command_line
    args = self._parse_command_opts(parser, args)
  File "/usr/lib/python3/dist-packages/setuptools/dist.py", line 1048, in _parse_command_opts
    nargs = _Distribution._parse_command_opts(self, parser, args)
  File "/usr/lib/python3.10/distutils/dist.py", line 539, in _parse_command_opts
    cmd_class = self.get_command_class(command)
  File "/usr/lib/python3/dist-packages/setuptools/dist.py", line 893, in get_command_class
    self.cmdclass[command] = cmdclass = ep.load()
  File "/usr/lib/python3/dist-packages/pkg_resources/__init__.py", line 2465, in load
    return self.resolve()
  File "/usr/lib/python3/dist-packages/pkg_resources/__init__.py", line 2471, in resolve
    module = __import__(self.module_name, fromlist=['__name__'], level=0)
  File "/usr/lib/python3/dist-packages/setuptools/command/egg_info.py", line 525, in <module>
    class manifest_maker(sdist):
KeyboardInterrupt
