-- Found ament_cmake: 1.3.12 (/opt/ros/humble/share/ament_cmake/cmake)
-- Found dynamixel_sdk: 3.7.60 (/home/a/ws_nhk/install/dynamixel_sdk/share/dynamixel_sdk/cmake)
-- Found dynamixel_sdk_custom_interfaces: 3.7.60 (/home/a/ws_nhk/install/dynamixel_sdk_custom_interfaces/share/dynamixel_sdk_custom_interfaces/cmake)
-- Found rosidl_generator_c: 3.1.8 (/opt/ros/humble/share/rosidl_generator_c/cmake)
-- Found rosidl_adapter: 3.1.8 (/opt/ros/humble/share/rosidl_adapter/cmake)
-- Found rosidl_generator_cpp: 3.1.8 (/opt/ros/humble/share/rosidl_generator_cpp/cmake)
-- Using all available rosidl_typesupport_c: rosidl_typesupport_fastrtps_c;rosidl_typesupport_introspection_c
-- Using all available rosidl_typesupport_cpp: rosidl_typesupport_fastrtps_cpp;rosidl_typesupport_introspection_cpp
-- Found rclcpp: 16.0.17 (/opt/ros/humble/share/rclcpp/cmake)
-- Found rmw_implementation_cmake: 6.1.2 (/opt/ros/humble/share/rmw_implementation_cmake/cmake)
-- Found rmw_fastrtps_cpp: 6.2.9 (/opt/ros/humble/share/rmw_fastrtps_cpp/cmake)
-- Using RMW implementation 'rmw_fastrtps_cpp' as default
-- Found geometry_msgs: 4.9.0 (/opt/ros/humble/share/geometry_msgs/cmake)
-- Found ament_lint_auto: 0.12.14 (/opt/ros/humble/share/ament_lint_auto/cmake)
-- Added test 'copyright' to check source files copyright and LICENSE
-- Added test 'cppcheck' to perform static code analysis on C / C++ code
-- Configured cppcheck include dirs: /home/a/ws_nhk/src/dynamixel_ros2/DynamixelSDK/dynamixel_sdk_examples/include
-- Configured cppcheck exclude dirs and/or files: 
-- Added test 'cpplint' to check C / C++ code against the Google style
-- Configured cpplint exclude dirs and/or files: 
-- Added test 'lint_cmake' to check CMake code style
-- Added test 'uncrustify' to check C / C++ code style
-- Configured uncrustify additional arguments: 
-- Added test 'xmllint' to check XML markup files
-- Configuring done
-- Generating done
-- Build files have been written to: /home/a/ws_nhk/build/dynamixel_sdk_examples
[35m[1mConsolidate compiler generated dependencies of target pub_velocity_node[0m
[35m[1mConsolidate compiler generated dependencies of target pub_current_pos_v2_node[0m
[35m[1mConsolidate compiler generated dependencies of target pub_current_node[0m
[35m[1mConsolidate compiler generated dependencies of target read_write_position_node[0m
[35m[1mConsolidate compiler generated dependencies of target read_write_current_pos_v1_node[0m
[35m[1mConsolidate compiler generated dependencies of target read_write_current_node[0m
[35m[1mConsolidate compiler generated dependencies of target pub_current_pos_v1_node[0m
[35m[1mConsolidate compiler generated dependencies of target read_write_current_pos_v2_node[0m
[35m[1mConsolidate compiler generated dependencies of target read_write_velocity_node[0m
[35m[1mConsolidate compiler generated dependencies of target pub_position_node[0m
[  5%] [32mBuilding CXX object CMakeFiles/pub_velocity_node.dir/src/pub_velocity_node.cpp.o[0m
[ 10%] [32mBuilding CXX object CMakeFiles/pub_current_pos_v2_node.dir/src/pub_current_pos_v2_node.cpp.o[0m
[ 15%] [32mBuilding CXX object CMakeFiles/read_write_current_pos_v1_node.dir/src/read_write_current_pos_v1_node.cpp.o[0m
[ 20%] [32mBuilding CXX object CMakeFiles/read_write_position_node.dir/src/read_write_position_node.cpp.o[0m
[ 25%] [32mBuilding CXX object CMakeFiles/pub_current_node.dir/src/pub_current_node.cpp.o[0m
[ 30%] [32mBuilding CXX object CMakeFiles/pub_current_pos_v1_node.dir/src/pub_current_pos_v1_node.cpp.o[0m
[ 35%] [32mBuilding CXX object CMakeFiles/pub_position_node.dir/src/pub_position_node.cpp.o[0m
[ 40%] [32mBuilding CXX object CMakeFiles/read_write_current_node.dir/src/read_write_current_node.cpp.o[0m
[ 45%] [32mBuilding CXX object CMakeFiles/read_write_current_pos_v2_node.dir/src/read_write_current_pos_v2_node.cpp.o[0m
[ 50%] [32mBuilding CXX object CMakeFiles/read_write_velocity_node.dir/src/read_write_velocity_node.cpp.o[0m
gmake[2]: *** [CMakeFiles/pub_current_node.dir/build.make:76: CMakeFiles/pub_current_node.dir/src/pub_current_node.cpp.o] Interrupt
gmake[1]: *** [CMakeFiles/Makefile2:181: CMakeFiles/pub_current_node.dir/all] Interrupt
gmake[2]: *** [CMakeFiles/read_write_velocity_node.dir/build.make:76: CMakeFiles/read_write_velocity_node.dir/src/read_write_velocity_node.cpp.o] Interrupt
gmake[1]: *** [CMakeFiles/Makefile2:207: CMakeFiles/read_write_velocity_node.dir/all] Interrupt
gmake[2]: *** [CMakeFiles/read_write_current_node.dir/build.make:76: CMakeFiles/read_write_current_node.dir/src/read_write_current_node.cpp.o] Interrupt
gmake[1]: *** [CMakeFiles/Makefile2:155: CMakeFiles/read_write_current_node.dir/all] Interrupt
gmake[2]: *** [CMakeFiles/read_write_current_pos_v2_node.dir/build.make:76: CMakeFiles/read_write_current_pos_v2_node.dir/src/read_write_current_pos_v2_node.cpp.o] Interrupt
gmake[2]: *** [CMakeFiles/read_write_position_node.dir/build.make:76: CMakeFiles/read_write_position_node.dir/src/read_write_position_node.cpp.o] Interrupt
gmake[2]: *** [CMakeFiles/read_write_current_pos_v1_node.dir/build.make:76: CMakeFiles/read_write_current_pos_v1_node.dir/src/read_write_current_pos_v1_node.cpp.o] Interrupt
gmake[1]: *** [CMakeFiles/Makefile2:259: CMakeFiles/read_write_position_node.dir/all] Interrupt
gmake[1]: *** [CMakeFiles/Makefile2:363: CMakeFiles/read_write_current_pos_v2_node.dir/all] Interrupt
gmake[2]: *** [CMakeFiles/pub_current_pos_v1_node.dir/build.make:76: CMakeFiles/pub_current_pos_v1_node.dir/src/pub_current_pos_v1_node.cpp.o] Interrupt
gmake[2]: *** [CMakeFiles/pub_velocity_node.dir/build.make:76: CMakeFiles/pub_velocity_node.dir/src/pub_velocity_node.cpp.o] Interrupt
gmake[1]: *** [CMakeFiles/Makefile2:311: CMakeFiles/read_write_current_pos_v1_node.dir/all] Interrupt
gmake[1]: *** [CMakeFiles/Makefile2:337: CMakeFiles/pub_current_pos_v1_node.dir/all] Interrupt
gmake[1]: *** [CMakeFiles/Makefile2:233: CMakeFiles/pub_velocity_node.dir/all] Interrupt
gmake[2]: *** [CMakeFiles/pub_position_node.dir/build.make:76: CMakeFiles/pub_position_node.dir/src/pub_position_node.cpp.o] Interrupt
gmake[1]: *** [CMakeFiles/Makefile2:285: CMakeFiles/pub_position_node.dir/all] Interrupt
gmake[2]: *** [CMakeFiles/pub_current_pos_v2_node.dir/build.make:76: CMakeFiles/pub_current_pos_v2_node.dir/src/pub_current_pos_v2_node.cpp.o] Interrupt
gmake[1]: *** [CMakeFiles/Makefile2:389: CMakeFiles/pub_current_pos_v2_node.dir/all] Interrupt
gmake: *** [Makefile:146: all] Interrupt
