[0.531s] Invoking command in '/home/a/ws_nhk/build/rogidrive_msg': CMAKE_PREFIX_PATH=${CMAKE_PREFIX_PATH}:/home/a/ws_nhk/install/ikeyaMD_wizard:/home/a/ws_nhk/install/moveit_configs_utils:/home/a/ws_nhk/install/rogidrive:/home/a/ws_nhk/install/launch_param_builder:/home/a/ws_nhk/install/dynamixel_controller_gui:/home/a/ws_nhk/install/dynamixel_controller_client:/opt/ros/humble /usr/bin/cmake /home/a/ws_nhk/src/rogidrive/rogidrive_msg -DCMAKE_INSTALL_PREFIX=/home/a/ws_nhk/install/rogidrive_msg
[1.457s] -- Found ament_cmake: 1.3.12 (/opt/ros/humble/share/ament_cmake/cmake)
[1.457s] -- Found std_msgs: 4.9.0 (/opt/ros/humble/share/std_msgs/cmake)
[1.458s] -- Found rosidl_generator_c: 3.1.8 (/opt/ros/humble/share/rosidl_generator_c/cmake)
[1.458s] -- Found rosidl_adapter: 3.1.8 (/opt/ros/humble/share/rosidl_adapter/cmake)
[1.463s] -- Found rosidl_generator_cpp: 3.1.8 (/opt/ros/humble/share/rosidl_generator_cpp/cmake)
[1.464s] -- Using all available rosidl_typesupport_c: rosidl_typesupport_fastrtps_c;rosidl_typesupport_introspection_c
[1.465s] -- Using all available rosidl_typesupport_cpp: rosidl_typesupport_fastrtps_cpp;rosidl_typesupport_introspection_cpp
[1.466s] -- Found rosidl_default_generators: 1.2.0 (/opt/ros/humble/share/rosidl_default_generators/cmake)
[2.302s] -- Found ament_cmake_ros: 0.10.0 (/opt/ros/humble/share/ament_cmake_ros/cmake)
[4.422s] -- Using all available rosidl_typesupport_c: rosidl_typesupport_fastrtps_c;rosidl_typesupport_introspection_c
[5.333s] -- Using all available rosidl_typesupport_cpp: rosidl_typesupport_fastrtps_cpp;rosidl_typesupport_introspection_cpp
[5.427s] -- Found python_cmake_module: 0.10.0 (/opt/ros/humble/share/python_cmake_module/cmake)
[5.528s] -- Using PYTHON_EXECUTABLE: /usr/bin/python3
[5.529s] -- Using PYTHON_INCLUDE_DIRS: /usr/include/python3.10
[5.530s] -- Using PYTHON_LIBRARIES: /usr/lib/x86_64-linux-gnu/libpython3.10.so
[5.872s] -- Found ament_lint_auto: 0.12.14 (/opt/ros/humble/share/ament_lint_auto/cmake)
[5.900s] -- Added test 'lint_cmake' to check CMake code style
[5.902s] -- Added test 'xmllint' to check XML markup files
[5.908s] -- Configuring done
[6.018s] -- Generating done
[6.061s] -- Build files have been written to: /home/a/ws_nhk/build/rogidrive_msg
[7.012s] Invoked command in '/home/a/ws_nhk/build/rogidrive_msg' returned '0': CMAKE_PREFIX_PATH=${CMAKE_PREFIX_PATH}:/home/a/ws_nhk/install/ikeyaMD_wizard:/home/a/ws_nhk/install/moveit_configs_utils:/home/a/ws_nhk/install/rogidrive:/home/a/ws_nhk/install/launch_param_builder:/home/a/ws_nhk/install/dynamixel_controller_gui:/home/a/ws_nhk/install/dynamixel_controller_client:/opt/ros/humble /usr/bin/cmake /home/a/ws_nhk/src/rogidrive/rogidrive_msg -DCMAKE_INSTALL_PREFIX=/home/a/ws_nhk/install/rogidrive_msg
[7.016s] Invoking command in '/home/a/ws_nhk/build/rogidrive_msg': CMAKE_PREFIX_PATH=${CMAKE_PREFIX_PATH}:/home/a/ws_nhk/install/ikeyaMD_wizard:/home/a/ws_nhk/install/moveit_configs_utils:/home/a/ws_nhk/install/rogidrive:/home/a/ws_nhk/install/launch_param_builder:/home/a/ws_nhk/install/dynamixel_controller_gui:/home/a/ws_nhk/install/dynamixel_controller_client:/opt/ros/humble /usr/bin/cmake --build /home/a/ws_nhk/build/rogidrive_msg -- -j22 -l22
[7.183s] [35m[1mConsolidate compiler generated dependencies of target rogidrive_msg__rosidl_generator_c[0m
[7.193s] [  2%] Built target rogidrive_msg__cpp
[7.246s] [ 12%] Built target rogidrive_msg__rosidl_generator_c
[7.251s] [35m[1mConsolidate compiler generated dependencies of target rogidrive_msg__rosidl_typesupport_introspection_cpp[0m
[7.251s] [35m[1mConsolidate compiler generated dependencies of target rogidrive_msg__rosidl_typesupport_fastrtps_cpp[0m
[7.251s] [35m[1mConsolidate compiler generated dependencies of target rogidrive_msg__rosidl_typesupport_cpp[0m
[7.280s] [ 12%] Built target ament_cmake_python_copy_rogidrive_msg
[7.312s] [35m[1mConsolidate compiler generated dependencies of target rogidrive_msg__rosidl_typesupport_introspection_c[0m
[7.318s] [35m[1mConsolidate compiler generated dependencies of target rogidrive_msg__rosidl_typesupport_fastrtps_c[0m
[7.328s] [ 23%] Built target rogidrive_msg__rosidl_typesupport_introspection_cpp
[7.339s] [ 33%] Built target rogidrive_msg__rosidl_typesupport_cpp
[7.342s] [ 43%] Built target rogidrive_msg__rosidl_typesupport_fastrtps_cpp
[7.344s] [35m[1mConsolidate compiler generated dependencies of target rogidrive_msg__rosidl_typesupport_c[0m
[7.395s] [ 53%] Built target rogidrive_msg__rosidl_typesupport_fastrtps_c
[7.397s] [ 64%] Built target rogidrive_msg__rosidl_typesupport_introspection_c
[7.413s] [ 74%] Built target rogidrive_msg__rosidl_typesupport_c
[7.521s] [ 74%] Built target rogidrive_msg
[7.644s] [ 76%] Built target rogidrive_msg__py
[7.711s] [35m[1mConsolidate compiler generated dependencies of target rogidrive_msg__rosidl_generator_py[0m
[7.774s] [ 84%] Built target rogidrive_msg__rosidl_generator_py
[7.834s] [35m[1mConsolidate compiler generated dependencies of target rogidrive_msg__rosidl_typesupport_c__pyext[0m
[7.835s] [35m[1mConsolidate compiler generated dependencies of target rogidrive_msg__rosidl_typesupport_fastrtps_c__pyext[0m
[7.840s] [35m[1mConsolidate compiler generated dependencies of target rogidrive_msg__rosidl_typesupport_introspection_c__pyext[0m
[7.897s] [ 89%] Built target rogidrive_msg__rosidl_typesupport_c__pyext
[7.900s] [ 94%] Built target rogidrive_msg__rosidl_typesupport_fastrtps_c__pyext
[7.904s] [100%] Built target rogidrive_msg__rosidl_typesupport_introspection_c__pyext
[8.354s] running egg_info
[8.357s] writing rogidrive_msg.egg-info/PKG-INFO
[8.358s] writing dependency_links to rogidrive_msg.egg-info/dependency_links.txt
[8.359s] writing top-level names to rogidrive_msg.egg-info/top_level.txt
[8.364s] reading manifest file 'rogidrive_msg.egg-info/SOURCES.txt'
[8.365s] writing manifest file 'rogidrive_msg.egg-info/SOURCES.txt'
[8.438s] [100%] Built target ament_cmake_python_build_rogidrive_msg_egg
[8.473s] Invoked command in '/home/a/ws_nhk/build/rogidrive_msg' returned '0': CMAKE_PREFIX_PATH=${CMAKE_PREFIX_PATH}:/home/a/ws_nhk/install/ikeyaMD_wizard:/home/a/ws_nhk/install/moveit_configs_utils:/home/a/ws_nhk/install/rogidrive:/home/a/ws_nhk/install/launch_param_builder:/home/a/ws_nhk/install/dynamixel_controller_gui:/home/a/ws_nhk/install/dynamixel_controller_client:/opt/ros/humble /usr/bin/cmake --build /home/a/ws_nhk/build/rogidrive_msg -- -j22 -l22
[8.479s] Invoking command in '/home/a/ws_nhk/build/rogidrive_msg': CMAKE_PREFIX_PATH=${CMAKE_PREFIX_PATH}:/home/a/ws_nhk/install/ikeyaMD_wizard:/home/a/ws_nhk/install/moveit_configs_utils:/home/a/ws_nhk/install/rogidrive:/home/a/ws_nhk/install/launch_param_builder:/home/a/ws_nhk/install/dynamixel_controller_gui:/home/a/ws_nhk/install/dynamixel_controller_client:/opt/ros/humble /usr/bin/cmake --install /home/a/ws_nhk/build/rogidrive_msg
[8.520s] -- Install configuration: "Release"
[8.521s] -- Up-to-date: /home/a/ws_nhk/install/rogidrive_msg/share/ament_index/resource_index/rosidl_interfaces/rogidrive_msg
[8.521s] -- Up-to-date: /home/a/ws_nhk/install/rogidrive_msg/include/rogidrive_msg/rogidrive_msg
[8.521s] -- Up-to-date: /home/a/ws_nhk/install/rogidrive_msg/include/rogidrive_msg/rogidrive_msg/msg
[8.522s] -- Up-to-date: /home/a/ws_nhk/install/rogidrive_msg/include/rogidrive_msg/rogidrive_msg/msg/rogidrive_multi_array.h
[8.522s] -- Up-to-date: /home/a/ws_nhk/install/rogidrive_msg/include/rogidrive_msg/rogidrive_msg/msg/rogidrive_message.h
[8.522s] -- Up-to-date: /home/a/ws_nhk/install/rogidrive_msg/include/rogidrive_msg/rogidrive_msg/msg/rosidl_generator_c__visibility_control.h
[8.523s] -- Up-to-date: /home/a/ws_nhk/install/rogidrive_msg/include/rogidrive_msg/rogidrive_msg/msg/detail
[8.523s] -- Up-to-date: /home/a/ws_nhk/install/rogidrive_msg/include/rogidrive_msg/rogidrive_msg/msg/detail/rogidrive_multi_array__struct.h
[8.523s] -- Up-to-date: /home/a/ws_nhk/install/rogidrive_msg/include/rogidrive_msg/rogidrive_msg/msg/detail/rogidrive_multi_array__functions.h
[8.523s] -- Up-to-date: /home/a/ws_nhk/install/rogidrive_msg/include/rogidrive_msg/rogidrive_msg/msg/detail/rogidrive_multi_array__type_support.h
[8.524s] -- Up-to-date: /home/a/ws_nhk/install/rogidrive_msg/include/rogidrive_msg/rogidrive_msg/msg/detail/rogidrive_message__struct.h
[8.524s] -- Up-to-date: /home/a/ws_nhk/install/rogidrive_msg/include/rogidrive_msg/rogidrive_msg/msg/detail/rogidrive_message__functions.c
[8.524s] -- Up-to-date: /home/a/ws_nhk/install/rogidrive_msg/include/rogidrive_msg/rogidrive_msg/msg/detail/rogidrive_multi_array__functions.c
[8.524s] -- Up-to-date: /home/a/ws_nhk/install/rogidrive_msg/include/rogidrive_msg/rogidrive_msg/msg/detail/rogidrive_message__functions.h
[8.525s] -- Up-to-date: /home/a/ws_nhk/install/rogidrive_msg/include/rogidrive_msg/rogidrive_msg/msg/detail/rogidrive_message__type_support.h
[8.525s] -- Up-to-date: /home/a/ws_nhk/install/rogidrive_msg/share/rogidrive_msg/environment/library_path.sh
[8.525s] -- Installing: /home/a/ws_nhk/install/rogidrive_msg/share/rogidrive_msg/environment/library_path.dsv
[8.525s] -- Up-to-date: /home/a/ws_nhk/install/rogidrive_msg/lib/librogidrive_msg__rosidl_generator_c.so
[8.526s] -- Up-to-date: /home/a/ws_nhk/install/rogidrive_msg/include/rogidrive_msg/rogidrive_msg
[8.526s] -- Up-to-date: /home/a/ws_nhk/install/rogidrive_msg/include/rogidrive_msg/rogidrive_msg/msg
[8.527s] -- Up-to-date: /home/a/ws_nhk/install/rogidrive_msg/include/rogidrive_msg/rogidrive_msg/msg/rosidl_typesupport_fastrtps_c__visibility_control.h
[8.527s] -- Up-to-date: /home/a/ws_nhk/install/rogidrive_msg/include/rogidrive_msg/rogidrive_msg/msg/detail
[8.527s] -- Up-to-date: /home/a/ws_nhk/install/rogidrive_msg/include/rogidrive_msg/rogidrive_msg/msg/detail/rogidrive_multi_array__rosidl_typesupport_fastrtps_c.h
[8.527s] -- Up-to-date: /home/a/ws_nhk/install/rogidrive_msg/include/rogidrive_msg/rogidrive_msg/msg/detail/rogidrive_message__rosidl_typesupport_fastrtps_c.h
[8.528s] -- Up-to-date: /home/a/ws_nhk/install/rogidrive_msg/lib/librogidrive_msg__rosidl_typesupport_fastrtps_c.so
[8.528s] -- Up-to-date: /home/a/ws_nhk/install/rogidrive_msg/include/rogidrive_msg/rogidrive_msg
[8.528s] -- Up-to-date: /home/a/ws_nhk/install/rogidrive_msg/include/rogidrive_msg/rogidrive_msg/msg
[8.528s] -- Up-to-date: /home/a/ws_nhk/install/rogidrive_msg/include/rogidrive_msg/rogidrive_msg/msg/rogidrive_message.hpp
[8.529s] -- Up-to-date: /home/a/ws_nhk/install/rogidrive_msg/include/rogidrive_msg/rogidrive_msg/msg/rogidrive_multi_array.hpp
[8.529s] -- Up-to-date: /home/a/ws_nhk/install/rogidrive_msg/include/rogidrive_msg/rogidrive_msg/msg/rosidl_generator_cpp__visibility_control.hpp
[8.529s] -- Up-to-date: /home/a/ws_nhk/install/rogidrive_msg/include/rogidrive_msg/rogidrive_msg/msg/detail
[8.530s] -- Up-to-date: /home/a/ws_nhk/install/rogidrive_msg/include/rogidrive_msg/rogidrive_msg/msg/detail/rogidrive_multi_array__type_support.hpp
[8.530s] -- Up-to-date: /home/a/ws_nhk/install/rogidrive_msg/include/rogidrive_msg/rogidrive_msg/msg/detail/rogidrive_message__type_support.hpp
[8.530s] -- Up-to-date: /home/a/ws_nhk/install/rogidrive_msg/include/rogidrive_msg/rogidrive_msg/msg/detail/rogidrive_multi_array__struct.hpp
[8.530s] -- Up-to-date: /home/a/ws_nhk/install/rogidrive_msg/include/rogidrive_msg/rogidrive_msg/msg/detail/rogidrive_message__traits.hpp
[8.531s] -- Up-to-date: /home/a/ws_nhk/install/rogidrive_msg/include/rogidrive_msg/rogidrive_msg/msg/detail/rogidrive_message__struct.hpp
[8.531s] -- Up-to-date: /home/a/ws_nhk/install/rogidrive_msg/include/rogidrive_msg/rogidrive_msg/msg/detail/rogidrive_message__builder.hpp
[8.531s] -- Up-to-date: /home/a/ws_nhk/install/rogidrive_msg/include/rogidrive_msg/rogidrive_msg/msg/detail/rogidrive_multi_array__builder.hpp
[8.532s] -- Up-to-date: /home/a/ws_nhk/install/rogidrive_msg/include/rogidrive_msg/rogidrive_msg/msg/detail/rogidrive_multi_array__traits.hpp
[8.532s] -- Up-to-date: /home/a/ws_nhk/install/rogidrive_msg/include/rogidrive_msg/rogidrive_msg
[8.532s] -- Up-to-date: /home/a/ws_nhk/install/rogidrive_msg/include/rogidrive_msg/rogidrive_msg/msg
[8.532s] -- Up-to-date: /home/a/ws_nhk/install/rogidrive_msg/include/rogidrive_msg/rogidrive_msg/msg/detail
[8.533s] -- Up-to-date: /home/a/ws_nhk/install/rogidrive_msg/include/rogidrive_msg/rogidrive_msg/msg/detail/rogidrive_multi_array__rosidl_typesupport_fastrtps_cpp.hpp
[8.533s] -- Up-to-date: /home/a/ws_nhk/install/rogidrive_msg/include/rogidrive_msg/rogidrive_msg/msg/detail/rogidrive_message__rosidl_typesupport_fastrtps_cpp.hpp
[8.533s] -- Up-to-date: /home/a/ws_nhk/install/rogidrive_msg/include/rogidrive_msg/rogidrive_msg/msg/detail/dds_fastrtps
[8.533s] -- Up-to-date: /home/a/ws_nhk/install/rogidrive_msg/include/rogidrive_msg/rogidrive_msg/msg/rosidl_typesupport_fastrtps_cpp__visibility_control.h
[8.533s] -- Up-to-date: /home/a/ws_nhk/install/rogidrive_msg/lib/librogidrive_msg__rosidl_typesupport_fastrtps_cpp.so
[8.534s] -- Up-to-date: /home/a/ws_nhk/install/rogidrive_msg/include/rogidrive_msg/rogidrive_msg
[8.534s] -- Up-to-date: /home/a/ws_nhk/install/rogidrive_msg/include/rogidrive_msg/rogidrive_msg/msg
[8.534s] -- Up-to-date: /home/a/ws_nhk/install/rogidrive_msg/include/rogidrive_msg/rogidrive_msg/msg/rosidl_typesupport_introspection_c__visibility_control.h
[8.535s] -- Up-to-date: /home/a/ws_nhk/install/rogidrive_msg/include/rogidrive_msg/rogidrive_msg/msg/detail
[8.535s] -- Up-to-date: /home/a/ws_nhk/install/rogidrive_msg/include/rogidrive_msg/rogidrive_msg/msg/detail/rogidrive_message__rosidl_typesupport_introspection_c.h
[8.535s] -- Up-to-date: /home/a/ws_nhk/install/rogidrive_msg/include/rogidrive_msg/rogidrive_msg/msg/detail/rogidrive_message__type_support.c
[8.535s] -- Up-to-date: /home/a/ws_nhk/install/rogidrive_msg/include/rogidrive_msg/rogidrive_msg/msg/detail/rogidrive_multi_array__type_support.c
[8.536s] -- Up-to-date: /home/a/ws_nhk/install/rogidrive_msg/include/rogidrive_msg/rogidrive_msg/msg/detail/rogidrive_multi_array__rosidl_typesupport_introspection_c.h
[8.536s] -- Up-to-date: /home/a/ws_nhk/install/rogidrive_msg/lib/librogidrive_msg__rosidl_typesupport_introspection_c.so
[8.536s] -- Up-to-date: /home/a/ws_nhk/install/rogidrive_msg/lib/librogidrive_msg__rosidl_typesupport_c.so
[8.536s] -- Up-to-date: /home/a/ws_nhk/install/rogidrive_msg/include/rogidrive_msg/rogidrive_msg
[8.536s] -- Up-to-date: /home/a/ws_nhk/install/rogidrive_msg/include/rogidrive_msg/rogidrive_msg/msg
[8.537s] -- Up-to-date: /home/a/ws_nhk/install/rogidrive_msg/include/rogidrive_msg/rogidrive_msg/msg/detail
[8.537s] -- Up-to-date: /home/a/ws_nhk/install/rogidrive_msg/include/rogidrive_msg/rogidrive_msg/msg/detail/rogidrive_message__rosidl_typesupport_introspection_cpp.hpp
[8.537s] -- Up-to-date: /home/a/ws_nhk/install/rogidrive_msg/include/rogidrive_msg/rogidrive_msg/msg/detail/rogidrive_message__type_support.cpp
[8.537s] -- Up-to-date: /home/a/ws_nhk/install/rogidrive_msg/include/rogidrive_msg/rogidrive_msg/msg/detail/rogidrive_multi_array__rosidl_typesupport_introspection_cpp.hpp
[8.538s] -- Up-to-date: /home/a/ws_nhk/install/rogidrive_msg/include/rogidrive_msg/rogidrive_msg/msg/detail/rogidrive_multi_array__type_support.cpp
[8.538s] -- Up-to-date: /home/a/ws_nhk/install/rogidrive_msg/lib/librogidrive_msg__rosidl_typesupport_introspection_cpp.so
[8.538s] -- Up-to-date: /home/a/ws_nhk/install/rogidrive_msg/lib/librogidrive_msg__rosidl_typesupport_cpp.so
[8.538s] -- Up-to-date: /home/a/ws_nhk/install/rogidrive_msg/share/rogidrive_msg/environment/pythonpath.sh
[8.539s] -- Installing: /home/a/ws_nhk/install/rogidrive_msg/share/rogidrive_msg/environment/pythonpath.dsv
[8.539s] -- Up-to-date: /home/a/ws_nhk/install/rogidrive_msg/local/lib/python3.10/dist-packages/rogidrive_msg-0.0.0-py3.10.egg-info
[8.539s] -- Installing: /home/a/ws_nhk/install/rogidrive_msg/local/lib/python3.10/dist-packages/rogidrive_msg-0.0.0-py3.10.egg-info/top_level.txt
[8.539s] -- Installing: /home/a/ws_nhk/install/rogidrive_msg/local/lib/python3.10/dist-packages/rogidrive_msg-0.0.0-py3.10.egg-info/SOURCES.txt
[8.539s] -- Installing: /home/a/ws_nhk/install/rogidrive_msg/local/lib/python3.10/dist-packages/rogidrive_msg-0.0.0-py3.10.egg-info/PKG-INFO
[8.539s] -- Installing: /home/a/ws_nhk/install/rogidrive_msg/local/lib/python3.10/dist-packages/rogidrive_msg-0.0.0-py3.10.egg-info/dependency_links.txt
[8.540s] -- Up-to-date: /home/a/ws_nhk/install/rogidrive_msg/local/lib/python3.10/dist-packages/rogidrive_msg
[8.540s] -- Up-to-date: /home/a/ws_nhk/install/rogidrive_msg/local/lib/python3.10/dist-packages/rogidrive_msg/librogidrive_msg__rosidl_generator_py.so
[8.540s] -- Up-to-date: /home/a/ws_nhk/install/rogidrive_msg/local/lib/python3.10/dist-packages/rogidrive_msg/msg
[8.540s] -- Up-to-date: /home/a/ws_nhk/install/rogidrive_msg/local/lib/python3.10/dist-packages/rogidrive_msg/msg/_rogidrive_message_s.c
[8.540s] -- Up-to-date: /home/a/ws_nhk/install/rogidrive_msg/local/lib/python3.10/dist-packages/rogidrive_msg/msg/_rogidrive_multi_array.py
[8.540s] -- Up-to-date: /home/a/ws_nhk/install/rogidrive_msg/local/lib/python3.10/dist-packages/rogidrive_msg/msg/__init__.py
[8.540s] -- Up-to-date: /home/a/ws_nhk/install/rogidrive_msg/local/lib/python3.10/dist-packages/rogidrive_msg/msg/_rogidrive_multi_array_s.c
[8.541s] -- Up-to-date: /home/a/ws_nhk/install/rogidrive_msg/local/lib/python3.10/dist-packages/rogidrive_msg/msg/_rogidrive_message.py
[8.541s] -- Up-to-date: /home/a/ws_nhk/install/rogidrive_msg/local/lib/python3.10/dist-packages/rogidrive_msg/rogidrive_msg_s__rosidl_typesupport_fastrtps_c.cpython-310-x86_64-linux-gnu.so
[8.541s] -- Installing: /home/a/ws_nhk/install/rogidrive_msg/local/lib/python3.10/dist-packages/rogidrive_msg/__init__.py
[8.541s] -- Up-to-date: /home/a/ws_nhk/install/rogidrive_msg/local/lib/python3.10/dist-packages/rogidrive_msg/_rogidrive_msg_s.ep.rosidl_typesupport_fastrtps_c.c
[8.541s] -- Up-to-date: /home/a/ws_nhk/install/rogidrive_msg/local/lib/python3.10/dist-packages/rogidrive_msg/rogidrive_msg_s__rosidl_typesupport_c.cpython-310-x86_64-linux-gnu.so
[8.541s] -- Up-to-date: /home/a/ws_nhk/install/rogidrive_msg/local/lib/python3.10/dist-packages/rogidrive_msg/_rogidrive_msg_s.ep.rosidl_typesupport_introspection_c.c
[8.541s] -- Up-to-date: /home/a/ws_nhk/install/rogidrive_msg/local/lib/python3.10/dist-packages/rogidrive_msg/rogidrive_msg_s__rosidl_typesupport_introspection_c.cpython-310-x86_64-linux-gnu.so
[8.541s] -- Up-to-date: /home/a/ws_nhk/install/rogidrive_msg/local/lib/python3.10/dist-packages/rogidrive_msg/_rogidrive_msg_s.ep.rosidl_typesupport_c.c
[8.718s] Listing '/home/a/ws_nhk/install/rogidrive_msg/local/lib/python3.10/dist-packages/rogidrive_msg'...
[8.718s] Compiling '/home/a/ws_nhk/install/rogidrive_msg/local/lib/python3.10/dist-packages/rogidrive_msg/__init__.py'...
[8.718s] Listing '/home/a/ws_nhk/install/rogidrive_msg/local/lib/python3.10/dist-packages/rogidrive_msg/msg'...
[8.745s] -- Up-to-date: /home/a/ws_nhk/install/rogidrive_msg/local/lib/python3.10/dist-packages/rogidrive_msg/rogidrive_msg_s__rosidl_typesupport_fastrtps_c.cpython-310-x86_64-linux-gnu.so
[8.746s] -- Up-to-date: /home/a/ws_nhk/install/rogidrive_msg/local/lib/python3.10/dist-packages/rogidrive_msg/rogidrive_msg_s__rosidl_typesupport_introspection_c.cpython-310-x86_64-linux-gnu.so
[8.747s] -- Up-to-date: /home/a/ws_nhk/install/rogidrive_msg/local/lib/python3.10/dist-packages/rogidrive_msg/rogidrive_msg_s__rosidl_typesupport_c.cpython-310-x86_64-linux-gnu.so
[8.748s] -- Up-to-date: /home/a/ws_nhk/install/rogidrive_msg/lib/librogidrive_msg__rosidl_generator_py.so
[8.749s] -- Up-to-date: /home/a/ws_nhk/install/rogidrive_msg/share/rogidrive_msg/msg/RogidriveMessage.idl
[8.749s] -- Up-to-date: /home/a/ws_nhk/install/rogidrive_msg/share/rogidrive_msg/msg/RogidriveMultiArray.idl
[8.750s] -- Up-to-date: /home/a/ws_nhk/install/rogidrive_msg/share/rogidrive_msg/msg/RogidriveMessage.msg
[8.750s] -- Up-to-date: /home/a/ws_nhk/install/rogidrive_msg/share/rogidrive_msg/msg/RogidriveMultiArray.msg
[8.750s] -- Up-to-date: /home/a/ws_nhk/install/rogidrive_msg/share/ament_index/resource_index/package_run_dependencies/rogidrive_msg
[8.751s] -- Installing: /home/a/ws_nhk/install/rogidrive_msg/share/ament_index/resource_index/parent_prefix_path/rogidrive_msg
[8.751s] -- Up-to-date: /home/a/ws_nhk/install/rogidrive_msg/share/rogidrive_msg/environment/ament_prefix_path.sh
[8.751s] -- Installing: /home/a/ws_nhk/install/rogidrive_msg/share/rogidrive_msg/environment/ament_prefix_path.dsv
[8.751s] -- Up-to-date: /home/a/ws_nhk/install/rogidrive_msg/share/rogidrive_msg/environment/path.sh
[8.752s] -- Installing: /home/a/ws_nhk/install/rogidrive_msg/share/rogidrive_msg/environment/path.dsv
[8.752s] -- Up-to-date: /home/a/ws_nhk/install/rogidrive_msg/share/rogidrive_msg/local_setup.bash
[8.753s] -- Up-to-date: /home/a/ws_nhk/install/rogidrive_msg/share/rogidrive_msg/local_setup.sh
[8.753s] -- Up-to-date: /home/a/ws_nhk/install/rogidrive_msg/share/rogidrive_msg/local_setup.zsh
[8.753s] -- Installing: /home/a/ws_nhk/install/rogidrive_msg/share/rogidrive_msg/local_setup.dsv
[8.753s] -- Installing: /home/a/ws_nhk/install/rogidrive_msg/share/rogidrive_msg/package.dsv
[8.755s] -- Up-to-date: /home/a/ws_nhk/install/rogidrive_msg/share/ament_index/resource_index/packages/rogidrive_msg
[8.755s] -- Up-to-date: /home/a/ws_nhk/install/rogidrive_msg/share/rogidrive_msg/cmake/export_rogidrive_msg__rosidl_generator_cExport.cmake
[8.759s] -- Up-to-date: /home/a/ws_nhk/install/rogidrive_msg/share/rogidrive_msg/cmake/export_rogidrive_msg__rosidl_generator_cExport-release.cmake
[8.759s] -- Up-to-date: /home/a/ws_nhk/install/rogidrive_msg/share/rogidrive_msg/cmake/export_rogidrive_msg__rosidl_typesupport_fastrtps_cExport.cmake
[8.759s] -- Up-to-date: /home/a/ws_nhk/install/rogidrive_msg/share/rogidrive_msg/cmake/export_rogidrive_msg__rosidl_typesupport_fastrtps_cExport-release.cmake
[8.759s] -- Up-to-date: /home/a/ws_nhk/install/rogidrive_msg/share/rogidrive_msg/cmake/export_rogidrive_msg__rosidl_generator_cppExport.cmake
[8.760s] -- Up-to-date: /home/a/ws_nhk/install/rogidrive_msg/share/rogidrive_msg/cmake/export_rogidrive_msg__rosidl_typesupport_fastrtps_cppExport.cmake
[8.760s] -- Up-to-date: /home/a/ws_nhk/install/rogidrive_msg/share/rogidrive_msg/cmake/export_rogidrive_msg__rosidl_typesupport_fastrtps_cppExport-release.cmake
[8.760s] -- Up-to-date: /home/a/ws_nhk/install/rogidrive_msg/share/rogidrive_msg/cmake/rogidrive_msg__rosidl_typesupport_introspection_cExport.cmake
[8.760s] -- Up-to-date: /home/a/ws_nhk/install/rogidrive_msg/share/rogidrive_msg/cmake/rogidrive_msg__rosidl_typesupport_introspection_cExport-release.cmake
[8.760s] -- Up-to-date: /home/a/ws_nhk/install/rogidrive_msg/share/rogidrive_msg/cmake/rogidrive_msg__rosidl_typesupport_cExport.cmake
[8.760s] -- Up-to-date: /home/a/ws_nhk/install/rogidrive_msg/share/rogidrive_msg/cmake/rogidrive_msg__rosidl_typesupport_cExport-release.cmake
[8.760s] -- Up-to-date: /home/a/ws_nhk/install/rogidrive_msg/share/rogidrive_msg/cmake/rogidrive_msg__rosidl_typesupport_introspection_cppExport.cmake
[8.761s] -- Up-to-date: /home/a/ws_nhk/install/rogidrive_msg/share/rogidrive_msg/cmake/rogidrive_msg__rosidl_typesupport_introspection_cppExport-release.cmake
[8.761s] -- Up-to-date: /home/a/ws_nhk/install/rogidrive_msg/share/rogidrive_msg/cmake/rogidrive_msg__rosidl_typesupport_cppExport.cmake
[8.761s] -- Up-to-date: /home/a/ws_nhk/install/rogidrive_msg/share/rogidrive_msg/cmake/rogidrive_msg__rosidl_typesupport_cppExport-release.cmake
[8.761s] -- Up-to-date: /home/a/ws_nhk/install/rogidrive_msg/share/rogidrive_msg/cmake/export_rogidrive_msg__rosidl_generator_pyExport.cmake
[8.761s] -- Up-to-date: /home/a/ws_nhk/install/rogidrive_msg/share/rogidrive_msg/cmake/export_rogidrive_msg__rosidl_generator_pyExport-release.cmake
[8.761s] -- Up-to-date: /home/a/ws_nhk/install/rogidrive_msg/share/rogidrive_msg/cmake/rosidl_cmake-extras.cmake
[8.761s] -- Up-to-date: /home/a/ws_nhk/install/rogidrive_msg/share/rogidrive_msg/cmake/ament_cmake_export_dependencies-extras.cmake
[8.762s] -- Up-to-date: /home/a/ws_nhk/install/rogidrive_msg/share/rogidrive_msg/cmake/ament_cmake_export_include_directories-extras.cmake
[8.762s] -- Up-to-date: /home/a/ws_nhk/install/rogidrive_msg/share/rogidrive_msg/cmake/ament_cmake_export_libraries-extras.cmake
[8.762s] -- Up-to-date: /home/a/ws_nhk/install/rogidrive_msg/share/rogidrive_msg/cmake/ament_cmake_export_targets-extras.cmake
[8.762s] -- Up-to-date: /home/a/ws_nhk/install/rogidrive_msg/share/rogidrive_msg/cmake/rosidl_cmake_export_typesupport_targets-extras.cmake
[8.762s] -- Up-to-date: /home/a/ws_nhk/install/rogidrive_msg/share/rogidrive_msg/cmake/rosidl_cmake_export_typesupport_libraries-extras.cmake
[8.762s] -- Up-to-date: /home/a/ws_nhk/install/rogidrive_msg/share/rogidrive_msg/cmake/rogidrive_msgConfig.cmake
[8.762s] -- Up-to-date: /home/a/ws_nhk/install/rogidrive_msg/share/rogidrive_msg/cmake/rogidrive_msgConfig-version.cmake
[8.763s] -- Up-to-date: /home/a/ws_nhk/install/rogidrive_msg/share/rogidrive_msg/package.xml
[8.765s] Invoked command in '/home/a/ws_nhk/build/rogidrive_msg' returned '0': CMAKE_PREFIX_PATH=${CMAKE_PREFIX_PATH}:/home/a/ws_nhk/install/ikeyaMD_wizard:/home/a/ws_nhk/install/moveit_configs_utils:/home/a/ws_nhk/install/rogidrive:/home/a/ws_nhk/install/launch_param_builder:/home/a/ws_nhk/install/dynamixel_controller_gui:/home/a/ws_nhk/install/dynamixel_controller_client:/opt/ros/humble /usr/bin/cmake --install /home/a/ws_nhk/build/rogidrive_msg
