/home/a/ws_nhk/install/r2_odrive/lib/python3.10/site-packages/r2_odrive/odrive_controller_node.py
/home/a/ws_nhk/install/r2_odrive/lib/python3.10/site-packages/r2_odrive/joint_states_to_dcmotor.py
/home/a/ws_nhk/install/r2_odrive/lib/python3.10/site-packages/r2_odrive/__init__.py
/home/a/ws_nhk/install/r2_odrive/lib/python3.10/site-packages/r2_odrive/rtz_to_joint_trajectory.py
/home/a/ws_nhk/install/r2_odrive/lib/python3.10/site-packages/r2_odrive/__pycache__/odrive_controller_node.cpython-310.pyc
/home/a/ws_nhk/install/r2_odrive/lib/python3.10/site-packages/r2_odrive/__pycache__/joint_states_to_dcmotor.cpython-310.pyc
/home/a/ws_nhk/install/r2_odrive/lib/python3.10/site-packages/r2_odrive/__pycache__/__init__.cpython-310.pyc
/home/a/ws_nhk/install/r2_odrive/lib/python3.10/site-packages/r2_odrive/__pycache__/rtz_to_joint_trajectory.cpython-310.pyc
/home/a/ws_nhk/install/r2_odrive/share/ament_index/resource_index/packages/r2_odrive
/home/a/ws_nhk/install/r2_odrive/share/r2_odrive/package.xml
/home/a/ws_nhk/install/r2_odrive/share/r2_odrive/launch
/home/a/ws_nhk/install/r2_odrive/share/r2_odrive/config
/home/a/ws_nhk/install/r2_odrive/lib/python3.10/site-packages/r2_odrive-0.0.0-py3.10.egg-info/top_level.txt
/home/a/ws_nhk/install/r2_odrive/lib/python3.10/site-packages/r2_odrive-0.0.0-py3.10.egg-info/SOURCES.txt
/home/a/ws_nhk/install/r2_odrive/lib/python3.10/site-packages/r2_odrive-0.0.0-py3.10.egg-info/zip-safe
/home/a/ws_nhk/install/r2_odrive/lib/python3.10/site-packages/r2_odrive-0.0.0-py3.10.egg-info/PKG-INFO
/home/a/ws_nhk/install/r2_odrive/lib/python3.10/site-packages/r2_odrive-0.0.0-py3.10.egg-info/dependency_links.txt
/home/a/ws_nhk/install/r2_odrive/lib/python3.10/site-packages/r2_odrive-0.0.0-py3.10.egg-info/entry_points.txt
/home/a/ws_nhk/install/r2_odrive/lib/python3.10/site-packages/r2_odrive-0.0.0-py3.10.egg-info/requires.txt
/home/a/ws_nhk/install/r2_odrive/lib/r2_odrive/joint_states_to_dcmotor
/home/a/ws_nhk/install/r2_odrive/lib/r2_odrive/odrive_controller_node
/home/a/ws_nhk/install/r2_odrive/lib/r2_odrive/rtz_to_joint_trajectory
