[0.255s] Invoking command in '/home/a/ws_nhk/build/moveit_task_constructor_msgs': CMAKE_PREFIX_PATH=${CMAKE_PREFIX_PATH}:/home/a/ws_nhk/install/moveit_configs_utils:/home/a/ws_nhk/install/rogidrive:/home/a/ws_nhk/install/launch_param_builder:/home/a/ws_nhk/install/dynamixel_controller_gui:/home/a/ws_nhk/install/dynamixel_controller_client:/opt/ros/humble /usr/bin/cmake --build /home/a/ws_nhk/build/moveit_task_constructor_msgs -- -j22 -l22
[0.490s] [ 12%] Built target moveit_task_constructor_msgs__rosidl_generator_c
[0.490s] [ 12%] Built target moveit_task_constructor_msgs__cpp
[0.490s] [ 12%] Built target ament_cmake_python_copy_moveit_task_constructor_msgs
[0.490s] [ 24%] Built target moveit_task_constructor_msgs__rosidl_typesupport_introspection_c
[0.490s] [ 36%] Built target moveit_task_constructor_msgs__rosidl_typesupport_c
[0.490s] [ 48%] Built target moveit_task_constructor_msgs__rosidl_typesupport_introspection_cpp
[0.490s] [ 59%] Built target moveit_task_constructor_msgs__rosidl_typesupport_fastrtps_cpp
[0.490s] [ 72%] Built target moveit_task_constructor_msgs__rosidl_typesupport_fastrtps_c
[0.490s] [ 83%] Built target moveit_task_constructor_msgs__rosidl_typesupport_cpp
[0.491s] [ 83%] Built target moveit_task_constructor_msgs
[0.491s] [ 84%] Built target moveit_task_constructor_msgs__py
[0.491s] [ 95%] Built target moveit_task_constructor_msgs__rosidl_generator_py
[0.491s] [ 97%] Built target moveit_task_constructor_msgs__rosidl_typesupport_fastrtps_c__pyext
[0.491s] [ 99%] Built target moveit_task_constructor_msgs__rosidl_typesupport_introspection_c__pyext
[0.491s] [100%] Built target moveit_task_constructor_msgs__rosidl_typesupport_c__pyext
[0.491s] Traceback (most recent call last):
[0.491s]   File "/home/a/ws_nhk/build/moveit_task_constructor_msgs/ament_cmake_python/moveit_task_constructor_msgs/setup.py", line 1, in <module>
[0.491s]     from setuptools import find_packages
[0.491s]   File "/usr/lib/python3/dist-packages/setuptools/__init__.py", line 16, in <module>
[0.491s]     import setuptools.version
[0.491s]   File "/usr/lib/python3/dist-packages/setuptools/version.py", line 1, in <module>
[0.491s]     import pkg_resources
[0.491s]   File "/usr/lib/python3/dist-packages/pkg_resources/__init__.py", line 3267, in <module>
[0.491s]     def _initialize_master_working_set():
[0.491s]   File "/usr/lib/python3/dist-packages/pkg_resources/__init__.py", line 3241, in _call_aside
[0.491s]     f(*args, **kwargs)
[0.492s]   File "/usr/lib/python3/dist-packages/pkg_resources/__init__.py", line 3279, in _initialize_master_working_set
[0.492s]     working_set = WorkingSet._build_master()
[0.492s]   File "/usr/lib/python3/dist-packages/pkg_resources/__init__.py", line 564, in _build_master
[0.492s]     ws = cls()
[0.492s]   File "/usr/lib/python3/dist-packages/pkg_resources/__init__.py", line 557, in __init__
[0.492s]     self.add_entry(entry)
[0.492s]   File "/usr/lib/python3/dist-packages/pkg_resources/__init__.py", line 613, in add_entry
[0.492s]     for dist in find_distributions(entry, True):
[0.492s]   File "/usr/lib/python3/dist-packages/pkg_resources/__init__.py", line 2077, in find_on_path
[0.492s]     for dist in factory(fullpath):
[0.492s]   File "/usr/lib/python3/dist-packages/pkg_resources/__init__.py", line 2142, in distributions_from_metadata
[0.492s]     yield Distribution.from_location(
[0.492s]   File "/usr/lib/python3/dist-packages/pkg_resources/__init__.py", line 2606, in from_location
[0.492s]     )._reload_version()
[0.492s]   File "/usr/lib/python3/dist-packages/pkg_resources/__init__.py", line 3004, in _reload_version
[0.492s]     md_version = self._get_version()
[0.492s]   File "/usr/lib/python3/dist-packages/pkg_resources/__init__.py", line 2785, in _get_version
[0.492s]     version = _version_from_file(lines)
[0.493s]   File "/usr/lib/python3/dist-packages/pkg_resources/__init__.py", line 2571, in _version_from_file
[0.493s]     return safe_version(value.strip()) or None
[0.493s]   File "/usr/lib/python3/dist-packages/pkg_resources/__init__.py", line 1323, in safe_version
[0.493s]     return str(packaging.version.Version(version))
[0.493s]   File "/usr/lib/python3/dist-packages/pkg_resources/_vendor/packaging/version.py", line 301, in __str__
[0.493s]     parts.append(".".join(str(x) for x in self.release))
[0.493s]   File "/usr/lib/python3/dist-packages/pkg_resources/_vendor/packaging/version.py", line 326, in release
[0.493s]     @property
[0.493s] KeyboardInterrupt
[0.499s] gmake[2]: *** [CMakeFiles/ament_cmake_python_build_moveit_task_constructor_msgs_egg.dir/build.make:70: CMakeFiles/ament_cmake_python_build_moveit_task_constructor_msgs_egg] Interrupt
[0.500s] gmake[1]: *** [CMakeFiles/Makefile2:447: CMakeFiles/ament_cmake_python_build_moveit_task_constructor_msgs_egg.dir/all] Interrupt
[0.501s] gmake: *** [Makefile:146: all] Interrupt
