[35m[1mConsolidate compiler generated dependencies of target moveit_utils[0m
[35m[1mConsolidate compiler generated dependencies of target moveit_version[0m
[35m[1mConsolidate compiler generated dependencies of target moveit_transforms[0m
[35m[1mConsolidate compiler generated dependencies of target gmock_main[0m
[35m[1mConsolidate compiler generated dependencies of target moveit_exceptions[0m
[35m[1mConsolidate compiler generated dependencies of target gmock[0m
[35m[1mConsolidate compiler generated dependencies of target gtest_main[0m
[35m[1mConsolidate compiler generated dependencies of target moveit_distance_field[0m
[35m[1mConsolidate compiler generated dependencies of target moveit_kinematics_base[0m
[35m[1mConsolidate compiler generated dependencies of target gtest[0m
[35m[1mConsolidate compiler generated dependencies of target moveit_smoothing_base[0m
[  1%] Built target moveit_version
[  2%] [32mBuilding CXX object transforms/CMakeFiles/moveit_transforms.dir/src/transforms.cpp.o[0m
[  4%] Built target moveit_butterworth_parameters
[  5%] Built target gmock_main
[  7%] Built target gtest_main
[  8%] Built target gmock
[  9%] [32mBuilding CXX object utils/CMakeFiles/moveit_utils.dir/src/lexical_casts.cpp.o[0m
[ 10%] [32mBuilding CXX object exceptions/CMakeFiles/moveit_exceptions.dir/src/exceptions.cpp.o[0m
[ 10%] [32mBuilding CXX object utils/CMakeFiles/moveit_utils.dir/src/message_checks.cpp.o[0m
[ 11%] [32mBuilding CXX object utils/CMakeFiles/moveit_utils.dir/src/rclcpp_utils.cpp.o[0m
[ 12%] Built target gtest
[ 13%] [32mBuilding CXX object kinematics_base/CMakeFiles/moveit_kinematics_base.dir/src/kinematics_base.cpp.o[0m
[ 14%] [32mBuilding CXX object online_signal_smoothing/CMakeFiles/moveit_smoothing_base.dir/src/smoothing_base_class.cpp.o[0m
[ 15%] [32mBuilding CXX object distance_field/CMakeFiles/moveit_distance_field.dir/src/distance_field.cpp.o[0m
[ 16%] [32mBuilding CXX object distance_field/CMakeFiles/moveit_distance_field.dir/src/find_internal_points.cpp.o[0m
[ 16%] [32mBuilding CXX object distance_field/CMakeFiles/moveit_distance_field.dir/src/propagation_distance_field.cpp.o[0m
[ 16%] [32m[1mLinking CXX shared library libmoveit_exceptions.so[0m
[ 16%] Built target moveit_exceptions
[ 17%] [32m[1mLinking CXX shared library libmoveit_utils.so[0m
[ 17%] Built target moveit_utils
