[0.243s] Invoking command in '/home/a/ws_nhk/build/a_r2_description': CMAKE_PREFIX_PATH=${CMAKE_PREFIX_PATH}:/home/a/ws_nhk/install/moveit_configs_utils:/home/a/ws_nhk/install/rogidrive:/home/a/ws_nhk/install/launch_param_builder:/home/a/ws_nhk/install/dynamixel_controller_gui:/home/a/ws_nhk/install/dynamixel_controller_client:/opt/ros/humble /usr/bin/cmake --build /home/a/ws_nhk/build/a_r2_description -- -j22 -l22
[0.578s] Invoked command in '/home/a/ws_nhk/build/a_r2_description' returned '0': CMAKE_PREFIX_PATH=${CMAKE_PREFIX_PATH}:/home/a/ws_nhk/install/moveit_configs_utils:/home/a/ws_nhk/install/rogidrive:/home/a/ws_nhk/install/launch_param_builder:/home/a/ws_nhk/install/dynamixel_controller_gui:/home/a/ws_nhk/install/dynamixel_controller_client:/opt/ros/humble /usr/bin/cmake --build /home/a/ws_nhk/build/a_r2_description -- -j22 -l22
[0.579s] Invoking command in '/home/a/ws_nhk/build/a_r2_description': CMAKE_PREFIX_PATH=${CMAKE_PREFIX_PATH}:/home/a/ws_nhk/install/moveit_configs_utils:/home/a/ws_nhk/install/rogidrive:/home/a/ws_nhk/install/launch_param_builder:/home/a/ws_nhk/install/dynamixel_controller_gui:/home/a/ws_nhk/install/dynamixel_controller_client:/opt/ros/humble /usr/bin/cmake --install /home/a/ws_nhk/build/a_r2_description
[0.661s] -- Install configuration: "Release"
[0.661s] -- Up-to-date: /home/a/ws_nhk/install/a_r2_description/share/a_r2_description/meshes
[0.661s] -- Up-to-date: /home/a/ws_nhk/install/a_r2_description/share/a_r2_description/meshes/link5_1.stl
[0.661s] -- Up-to-date: /home/a/ws_nhk/install/a_r2_description/share/a_r2_description/meshes/base_link.stl
[0.661s] -- Up-to-date: /home/a/ws_nhk/install/a_r2_description/share/a_r2_description/meshes/link1_1.stl
[0.661s] -- Up-to-date: /home/a/ws_nhk/install/a_r2_description/share/a_r2_description/meshes/link4_1.stl
[0.661s] -- Up-to-date: /home/a/ws_nhk/install/a_r2_description/share/a_r2_description/meshes/link2_1.stl
[0.661s] -- Up-to-date: /home/a/ws_nhk/install/a_r2_description/share/a_r2_description/meshes/link3_1.stl
[0.662s] -- Up-to-date: /home/a/ws_nhk/install/a_r2_description/share/a_r2_description/urdf
[0.662s] -- Up-to-date: /home/a/ws_nhk/install/a_r2_description/share/a_r2_description/urdf/a_r2.xacro
[0.662s] -- Up-to-date: /home/a/ws_nhk/install/a_r2_description/share/a_r2_description/urdf/materials.xacro
[0.662s] -- Up-to-date: /home/a/ws_nhk/install/a_r2_description/share/a_r2_description/urdf/materials.urdf
[0.662s] -- Up-to-date: /home/a/ws_nhk/install/a_r2_description/share/a_r2_description/urdf/a_r2.urdf
[0.662s] -- Up-to-date: /home/a/ws_nhk/install/a_r2_description/share/a_r2_description/urdf/a_r2.trans
[0.662s] -- Up-to-date: /home/a/ws_nhk/install/a_r2_description/share/a_r2_description/launch
[0.662s] -- Up-to-date: /home/a/ws_nhk/install/a_r2_description/share/a_r2_description/launch/robot_description.launch.py
[0.662s] -- Up-to-date: /home/a/ws_nhk/install/a_r2_description/share/ament_index/resource_index/package_run_dependencies/a_r2_description
[0.662s] -- Up-to-date: /home/a/ws_nhk/install/a_r2_description/share/ament_index/resource_index/parent_prefix_path/a_r2_description
[0.662s] -- Up-to-date: /home/a/ws_nhk/install/a_r2_description/share/a_r2_description/environment/ament_prefix_path.sh
[0.663s] -- Up-to-date: /home/a/ws_nhk/install/a_r2_description/share/a_r2_description/environment/ament_prefix_path.dsv
[0.663s] -- Up-to-date: /home/a/ws_nhk/install/a_r2_description/share/a_r2_description/environment/path.sh
[0.663s] -- Up-to-date: /home/a/ws_nhk/install/a_r2_description/share/a_r2_description/environment/path.dsv
[0.663s] -- Up-to-date: /home/a/ws_nhk/install/a_r2_description/share/a_r2_description/local_setup.bash
[0.663s] -- Up-to-date: /home/a/ws_nhk/install/a_r2_description/share/a_r2_description/local_setup.sh
[0.663s] -- Up-to-date: /home/a/ws_nhk/install/a_r2_description/share/a_r2_description/local_setup.zsh
[0.663s] -- Up-to-date: /home/a/ws_nhk/install/a_r2_description/share/a_r2_description/local_setup.dsv
[0.663s] -- Installing: /home/a/ws_nhk/install/a_r2_description/share/a_r2_description/package.dsv
[0.664s] -- Up-to-date: /home/a/ws_nhk/install/a_r2_description/share/ament_index/resource_index/packages/a_r2_description
[0.664s] -- Up-to-date: /home/a/ws_nhk/install/a_r2_description/share/a_r2_description/cmake/a_r2_descriptionConfig.cmake
[0.664s] -- Up-to-date: /home/a/ws_nhk/install/a_r2_description/share/a_r2_description/cmake/a_r2_descriptionConfig-version.cmake
[0.664s] -- Up-to-date: /home/a/ws_nhk/install/a_r2_description/share/a_r2_description/package.xml
[0.726s] Invoked command in '/home/a/ws_nhk/build/a_r2_description' returned '0': CMAKE_PREFIX_PATH=${CMAKE_PREFIX_PATH}:/home/a/ws_nhk/install/moveit_configs_utils:/home/a/ws_nhk/install/rogidrive:/home/a/ws_nhk/install/launch_param_builder:/home/a/ws_nhk/install/dynamixel_controller_gui:/home/a/ws_nhk/install/dynamixel_controller_client:/opt/ros/humble /usr/bin/cmake --install /home/a/ws_nhk/build/a_r2_description
