[0.451s] Invoking command in '/home/a/ws_nhk/build/nhk_bt': CMAKE_PREFIX_PATH=${CMAKE_PREFIX_PATH}:/home/a/ws_nhk/install/moveit_configs_utils:/home/a/ws_nhk/install/launch_param_builder:/home/a/ws_nhk/install/dynamixel_controller_gui:/home/a/ws_nhk/install/dynamixel_controller_client:/opt/ros/humble /usr/bin/cmake --build /home/a/ws_nhk/build/nhk_bt -- -j22 -l22
[0.537s] [ 50%] [32mBuilding CXX object CMakeFiles/remote_control_bt_node.dir/src/remote_control_bt_node.cpp.o[0m
[21.820s] [100%] [32m[1mLinking CXX executable remote_control_bt_node[0m
[22.173s] [100%] Built target remote_control_bt_node
[22.186s] Invoked command in '/home/a/ws_nhk/build/nhk_bt' returned '0': CMAKE_PREFIX_PATH=${CMAKE_PREFIX_PATH}:/home/a/ws_nhk/install/moveit_configs_utils:/home/a/ws_nhk/install/launch_param_builder:/home/a/ws_nhk/install/dynamixel_controller_gui:/home/a/ws_nhk/install/dynamixel_controller_client:/opt/ros/humble /usr/bin/cmake --build /home/a/ws_nhk/build/nhk_bt -- -j22 -l22
[22.189s] Invoking command in '/home/a/ws_nhk/build/nhk_bt': CMAKE_PREFIX_PATH=${CMAKE_PREFIX_PATH}:/home/a/ws_nhk/install/moveit_configs_utils:/home/a/ws_nhk/install/launch_param_builder:/home/a/ws_nhk/install/dynamixel_controller_gui:/home/a/ws_nhk/install/dynamixel_controller_client:/opt/ros/humble /usr/bin/cmake --install /home/a/ws_nhk/build/nhk_bt
[22.197s] -- Install configuration: ""
[22.197s] -- Installing: /home/a/ws_nhk/install/nhk_bt/lib/nhk_bt/remote_control_bt_node
[22.200s] -- Set runtime path of "/home/a/ws_nhk/install/nhk_bt/lib/nhk_bt/remote_control_bt_node" to ""
[22.200s] -- Up-to-date: /home/a/ws_nhk/install/nhk_bt/share/nhk_bt/config
[22.200s] -- Up-to-date: /home/a/ws_nhk/install/nhk_bt/share/nhk_bt/config/remote_control_sequence.xml
[22.200s] -- Up-to-date: /home/a/ws_nhk/install/nhk_bt/share/nhk_bt/launch
[22.200s] -- Up-to-date: /home/a/ws_nhk/install/nhk_bt/share/nhk_bt/launch/remote_control_bt.launch.py
[22.200s] -- Up-to-date: /home/a/ws_nhk/install/nhk_bt/include
[22.200s] -- Up-to-date: /home/a/ws_nhk/install/nhk_bt/include/nhk_bt
[22.201s] -- Up-to-date: /home/a/ws_nhk/install/nhk_bt/include/nhk_bt/remote_control_nodes.hpp
[22.201s] -- Up-to-date: /home/a/ws_nhk/install/nhk_bt/share/ament_index/resource_index/package_run_dependencies/nhk_bt
[22.201s] -- Up-to-date: /home/a/ws_nhk/install/nhk_bt/share/ament_index/resource_index/parent_prefix_path/nhk_bt
[22.201s] -- Up-to-date: /home/a/ws_nhk/install/nhk_bt/share/nhk_bt/environment/ament_prefix_path.sh
[22.201s] -- Up-to-date: /home/a/ws_nhk/install/nhk_bt/share/nhk_bt/environment/ament_prefix_path.dsv
[22.201s] -- Up-to-date: /home/a/ws_nhk/install/nhk_bt/share/nhk_bt/environment/path.sh
[22.201s] -- Up-to-date: /home/a/ws_nhk/install/nhk_bt/share/nhk_bt/environment/path.dsv
[22.201s] -- Up-to-date: /home/a/ws_nhk/install/nhk_bt/share/nhk_bt/local_setup.bash
[22.201s] -- Up-to-date: /home/a/ws_nhk/install/nhk_bt/share/nhk_bt/local_setup.sh
[22.201s] -- Up-to-date: /home/a/ws_nhk/install/nhk_bt/share/nhk_bt/local_setup.zsh
[22.201s] -- Up-to-date: /home/a/ws_nhk/install/nhk_bt/share/nhk_bt/local_setup.dsv
[22.201s] -- Installing: /home/a/ws_nhk/install/nhk_bt/share/nhk_bt/package.dsv
[22.201s] -- Up-to-date: /home/a/ws_nhk/install/nhk_bt/share/ament_index/resource_index/packages/nhk_bt
[22.201s] -- Up-to-date: /home/a/ws_nhk/install/nhk_bt/share/nhk_bt/cmake/nhk_btConfig.cmake
[22.201s] -- Up-to-date: /home/a/ws_nhk/install/nhk_bt/share/nhk_bt/cmake/nhk_btConfig-version.cmake
[22.201s] -- Up-to-date: /home/a/ws_nhk/install/nhk_bt/share/nhk_bt/package.xml
[22.202s] Invoked command in '/home/a/ws_nhk/build/nhk_bt' returned '0': CMAKE_PREFIX_PATH=${CMAKE_PREFIX_PATH}:/home/a/ws_nhk/install/moveit_configs_utils:/home/a/ws_nhk/install/launch_param_builder:/home/a/ws_nhk/install/dynamixel_controller_gui:/home/a/ws_nhk/install/dynamixel_controller_client:/opt/ros/humble /usr/bin/cmake --install /home/a/ws_nhk/build/nhk_bt
