[0.011s] Invoking command in '/home/a/ws_nhk/build/moveit_core': AMENT_PREFIX_PATH=/home/a/ws_nhk/install/moveit_resources_panda_moveit_config:/home/a/ws_nhk/install/srdfdom:/home/a/ws_nhk/install/moveit_resources_pr2_description:/home/a/ws_nhk/install/moveit_resources_panda_description:/home/a/ws_nhk/install/moveit_common:${AMENT_PREFIX_PATH} CMAKE_PREFIX_PATH=/home/a/ws_nhk/install/moveit_resources_panda_moveit_config:/home/a/ws_nhk/install/srdfdom:/home/a/ws_nhk/install/moveit_resources_pr2_description:/home/a/ws_nhk/install/moveit_resources_panda_description:/home/a/ws_nhk/install/moveit_common:/home/a/install/field_description_test:/opt/ros/humble LD_LIBRARY_PATH=/home/a/ws_nhk/install/srdfdom/lib:${LD_LIBRARY_PATH} PYTHONPATH=/home/a/ws_nhk/install/srdfdom/local/lib/python3.10/dist-packages:${PYTHONPATH} /usr/bin/cmake --build /home/a/ws_nhk/build/moveit_core -- -j22 -l22
[0.055s] [  2%] Built target moveit_butterworth_parameters
[0.056s] [  3%] [32mBuilding CXX object gtest/CMakeFiles/gtest_main.dir/src/gtest_main.cc.o[0m
[0.057s] [  4%] Built target moveit_exceptions
[0.058s] [  4%] [32mBuilding CXX object gmock/CMakeFiles/gmock.dir/opt/ros/humble/src/gtest_vendor/src/gtest-all.cc.o[0m
[0.059s] [  5%] [32mBuilding CXX object gmock/CMakeFiles/gmock_main.dir/src/gmock_main.cc.o[0m
[0.060s] [  5%] [32mBuilding CXX object gmock/CMakeFiles/gmock.dir/src/gmock-all.cc.o[0m
[0.060s] [  5%] [32mBuilding CXX object gtest/CMakeFiles/gtest.dir/src/gtest-all.cc.o[0m
[0.060s] [  6%] Built target moveit_version
[0.060s] [  7%] Built target moveit_smoothing_base
[0.063s] [  8%] Built target moveit_transforms
[0.063s] [  9%] [32mBuilding CXX object utils/CMakeFiles/moveit_utils.dir/src/lexical_casts.cpp.o[0m
[0.064s] [ 10%] [32mBuilding CXX object utils/CMakeFiles/moveit_utils.dir/src/rclcpp_utils.cpp.o[0m
[0.067s] [ 11%] Built target moveit_kinematics_base
[0.070s] [ 12%] [32mBuilding CXX object distance_field/CMakeFiles/moveit_distance_field.dir/src/find_internal_points.cpp.o[0m
[0.105s] [ 12%] [32mBuilding CXX object robot_model/CMakeFiles/moveit_robot_model.dir/src/aabb.cpp.o[0m
[0.332s] [ 13%] [32m[1mLinking CXX shared library libmoveit_utils.so[0m
[0.781s] [ 14%] [32m[1mLinking CXX static library libgmock_main.a[0m
[0.812s] [ 14%] Built target gmock_main
[0.958s] [ 14%] Built target moveit_utils
[0.992s] [ 14%] [32m[1mLinking CXX static library libgtest_main.a[0m
[1.021s] [ 14%] Built target gtest_main
[1.265s] [ 15%] [32m[1mLinking CXX shared library libmoveit_distance_field.so[0m
[1.378s] [ 16%] [32m[1mLinking CXX shared library libmoveit_robot_model.so[0m
[1.386s] [ 17%] Built target moveit_distance_field
[1.493s] [ 22%] Built target moveit_robot_model
[1.523s] [ 22%] [32m[1mLinking CXX shared library libmoveit_butterworth_filter.so[0m
[1.524s] [ 23%] [32m[1mLinking CXX shared library libmoveit_test_utils.so[0m
[1.525s] [ 24%] [32m[1mLinking CXX shared library libmoveit_robot_state.so[0m
[1.634s] [ 25%] Built target moveit_butterworth_filter
[1.643s] [ 26%] Built target moveit_test_utils
[1.651s] [ 28%] Built target moveit_robot_state
[1.674s] [ 28%] [32m[1mLinking CXX shared library libmoveit_kinematics_metrics.so[0m
[1.679s] [ 29%] [32m[1mLinking CXX shared library libmoveit_dynamics_solver.so[0m
[1.679s] [ 29%] [32m[1mLinking CXX shared library libmoveit_robot_trajectory.so[0m
[1.696s] [ 29%] [32m[1mLinking CXX shared library libmoveit_collision_detection.so[0m
[1.814s] [ 30%] Built target moveit_kinematics_metrics
[1.831s] [ 31%] Built target moveit_robot_trajectory
[1.844s] [ 31%] Built target moveit_dynamics_solver
[1.865s] [ 31%] [32m[1mLinking CXX shared library libmoveit_planning_interface.so[0m
[1.871s] [ 36%] Built target moveit_collision_detection
[1.871s] [ 37%] [32m[1mLinking CXX shared library libmoveit_trajectory_processing.so[0m
[1.913s] [ 38%] [32m[1mLinking CXX shared library libmoveit_collision_detection_fcl.so[0m
[1.924s] [ 38%] [32m[1mLinking CXX shared library libmoveit_collision_detection_bullet.so[0m
[2.024s] [ 40%] Built target moveit_planning_interface
[2.072s] [ 42%] Built target moveit_trajectory_processing
[2.153s] [ 43%] Built target moveit_collision_detection_fcl
[2.190s] [ 48%] Built target moveit_collision_detection_bullet
[2.204s] [ 49%] [32m[1mLinking CXX shared library libmoveit_kinematic_constraints.so[0m
[2.451s] [ 50%] Built target moveit_kinematic_constraints
[2.507s] [ 51%] [32m[1mLinking CXX shared library libmoveit_planning_scene.so[0m
[2.773s] [ 52%] Built target moveit_planning_scene
[2.817s] [ 52%] [32m[1mLinking CXX shared library libmoveit_planning_request_adapter.so[0m
[2.818s] [ 53%] [32m[1mLinking CXX shared library libcollision_detector_bullet_plugin.so[0m
[2.820s] [ 54%] [32m[1mLinking CXX shared library libcollision_detector_fcl_plugin.so[0m
[2.833s] [ 54%] [32m[1mLinking CXX shared library libmoveit_constraint_samplers.so[0m
[2.846s] [ 55%] [32m[1mLinking CXX shared library libmoveit_collision_distance_field.so[0m
[3.010s] [ 55%] Built target collision_detector_fcl_plugin
[3.034s] [ 56%] Built target moveit_planning_request_adapter
[3.091s] [ 59%] Built target moveit_constraint_samplers
[3.097s] [ 59%] Built target collision_detector_bullet_plugin
[3.152s] [ 61%] Built target moveit_collision_distance_field
[6.498s] [ 62%] [32m[1mLinking CXX static library libgtest.a[0m
[6.542s] [ 62%] Built target gtest
[6.580s] [ 62%] [32m[1mLinking CXX executable test_cartesian_interpolator[0m
[6.580s] [ 62%] [32m[1mLinking CXX executable test_robot_model[0m
[6.580s] [ 62%] [32m[1mLinking CXX executable test_voxel_grid[0m
[6.581s] [ 63%] [32m[1mLinking CXX executable test_transforms[0m
[6.581s] [ 63%] [32m[1mLinking CXX executable test_world[0m
[6.581s] [ 64%] [32m[1mLinking CXX executable test_orientation_constraints[0m
[6.582s] [ 64%] [32m[1mLinking CXX executable test_robot_state_benchmark[0m
[6.582s] [ 65%] [32m[1mLinking CXX executable test_butterworth_filter[0m
[6.582s] [ 66%] [32m[1mLinking CXX executable test_time_optimal_trajectory_generation[0m
[6.585s] [ 68%] [32m[1mLinking CXX executable test_robot_state_complex[0m
[6.585s] [ 68%] [32m[1mLinking CXX executable test_constraints[0m
[6.585s] [ 68%] [32m[1mLinking CXX executable test_robot_trajectory[0m
[6.586s] [ 68%] [32m[1mLinking CXX executable test_distance_field[0m
[6.586s] [ 69%] [32m[1mLinking CXX executable test_aabb[0m
[6.589s] [ 70%] [32m[1mLinking CXX executable test_world_diff[0m
[6.589s] [ 71%] [32m[1mLinking CXX executable test_time_parameterization[0m
[6.589s] [ 71%] [32m[1mLinking CXX executable test_planning_scene[0m
[6.591s] [ 71%] [32m[1mLinking CXX executable test_collision_distance_field[0m
[6.595s] [ 72%] [32m[1mLinking CXX executable test_multi_threaded[0m
[6.596s] [ 72%] [32m[1mLinking CXX executable test_ruckig_traj_smoothing[0m
[6.596s] [ 72%] [32m[1mLinking CXX executable test_collision_objects[0m
[6.937s] [ 72%] Built target test_transforms
[6.937s] [ 72%] Built target test_butterworth_filter
[6.977s] [ 73%] Built target test_voxel_grid
[7.028s] [ 73%] [32m[1mLinking CXX executable test_all_valid[0m
[7.039s] [ 73%] [32m[1mLinking CXX executable test_bullet_collision_detection[0m
[7.067s] [ 74%] Built target test_world
[7.068s] [ 75%] [32m[1mLinking CXX executable test_bullet_collision_detection_panda[0m
[7.120s] [ 75%] Built target test_robot_state_benchmark
[7.125s] [ 75%] Built target test_time_parameterization
[7.126s] [ 76%] Built target test_cartesian_interpolator
[7.141s] [ 77%] Built target test_ruckig_traj_smoothing
[7.145s] [ 78%] Built target test_distance_field
[7.152s] [ 79%] [32m[1mLinking CXX executable test_bullet_continuous_collision_checking[0m
[7.154s] [ 80%] Built target test_world_diff
[7.156s] [ 80%] Built target test_aabb
[7.174s] [ 81%] Built target test_orientation_constraints
[7.178s] [ 82%] [32m[1mLinking CXX executable test_fcl_collision_env[0m
[7.185s] [ 82%] [32m[1mLinking CXX executable test_fcl_collision_detection[0m
[7.188s] [ 83%] Built target test_collision_distance_field
[7.193s] [ 83%] Built target test_robot_state_complex
[7.195s] [ 84%] Built target test_robot_model
[7.198s] [ 85%] [32m[1mLinking CXX executable test_fcl_collision_detection_panda[0m
[7.216s] [ 86%] Built target test_planning_scene
[7.252s] [ 86%] Built target test_constraints
[7.254s] [ 87%] Built target test_robot_trajectory
[7.273s] [ 88%] Built target test_collision_objects
[7.426s] [ 88%] Built target test_multi_threaded
[7.464s] [ 89%] Built target test_time_optimal_trajectory_generation
[7.517s] [ 90%] Built target test_all_valid
[7.591s] [ 91%] [32m[1mLinking CXX static library libgmock.a[0m
[7.629s] [ 92%] Built target test_bullet_collision_detection_panda
[7.670s] [ 92%] Built target gmock
[7.674s] [ 93%] Built target test_fcl_collision_detection
[7.677s] [ 94%] Built target test_fcl_collision_detection_panda
[7.682s] [ 94%] Built target test_bullet_continuous_collision_checking
[7.717s] [ 95%] [32m[1mLinking CXX executable test_robot_state[0m
[7.744s] [ 96%] [32m[1mLinking CXX executable test_constraint_samplers[0m
[7.801s] [ 96%] Built target test_fcl_collision_env
[7.817s] [ 97%] Built target test_bullet_collision_detection
[8.098s] [ 98%] Built target test_robot_state
[8.206s] [100%] Built target test_constraint_samplers
[8.223s] Invoked command in '/home/a/ws_nhk/build/moveit_core' returned '0': AMENT_PREFIX_PATH=/home/a/ws_nhk/install/moveit_resources_panda_moveit_config:/home/a/ws_nhk/install/srdfdom:/home/a/ws_nhk/install/moveit_resources_pr2_description:/home/a/ws_nhk/install/moveit_resources_panda_description:/home/a/ws_nhk/install/moveit_common:${AMENT_PREFIX_PATH} CMAKE_PREFIX_PATH=/home/a/ws_nhk/install/moveit_resources_panda_moveit_config:/home/a/ws_nhk/install/srdfdom:/home/a/ws_nhk/install/moveit_resources_pr2_description:/home/a/ws_nhk/install/moveit_resources_panda_description:/home/a/ws_nhk/install/moveit_common:/home/a/install/field_description_test:/opt/ros/humble LD_LIBRARY_PATH=/home/a/ws_nhk/install/srdfdom/lib:${LD_LIBRARY_PATH} PYTHONPATH=/home/a/ws_nhk/install/srdfdom/local/lib/python3.10/dist-packages:${PYTHONPATH} /usr/bin/cmake --build /home/a/ws_nhk/build/moveit_core -- -j22 -l22
[8.226s] Invoking command in '/home/a/ws_nhk/build/moveit_core': AMENT_PREFIX_PATH=/home/a/ws_nhk/install/moveit_resources_panda_moveit_config:/home/a/ws_nhk/install/srdfdom:/home/a/ws_nhk/install/moveit_resources_pr2_description:/home/a/ws_nhk/install/moveit_resources_panda_description:/home/a/ws_nhk/install/moveit_common:${AMENT_PREFIX_PATH} CMAKE_PREFIX_PATH=/home/a/ws_nhk/install/moveit_resources_panda_moveit_config:/home/a/ws_nhk/install/srdfdom:/home/a/ws_nhk/install/moveit_resources_pr2_description:/home/a/ws_nhk/install/moveit_resources_panda_description:/home/a/ws_nhk/install/moveit_common:/home/a/install/field_description_test:/opt/ros/humble LD_LIBRARY_PATH=/home/a/ws_nhk/install/srdfdom/lib:${LD_LIBRARY_PATH} PYTHONPATH=/home/a/ws_nhk/install/srdfdom/local/lib/python3.10/dist-packages:${PYTHONPATH} /usr/bin/cmake --install /home/a/ws_nhk/build/moveit_core
[8.238s] -- Install configuration: "Release"
[8.238s] -- Up-to-date: /home/a/ws_nhk/install/moveit_core/include/moveit/version.h
[8.238s] -- Up-to-date: /home/a/ws_nhk/install/moveit_core/include
[8.238s] -- Up-to-date: /home/a/ws_nhk/install/moveit_core/include/moveit
[8.238s] -- Up-to-date: /home/a/ws_nhk/install/moveit_core/include/moveit/collision_distance_field
[8.238s] -- Up-to-date: /home/a/ws_nhk/install/moveit_core/include/moveit/collision_distance_field/collision_distance_field_types.h
[8.238s] -- Up-to-date: /home/a/ws_nhk/install/moveit_core/include/moveit/collision_distance_field/collision_env_hybrid.h
[8.238s] -- Up-to-date: /home/a/ws_nhk/install/moveit_core/include/moveit/collision_distance_field/collision_common_distance_field.h
[8.238s] -- Up-to-date: /home/a/ws_nhk/install/moveit_core/include/moveit/collision_distance_field/collision_detector_allocator_distance_field.h
[8.238s] -- Up-to-date: /home/a/ws_nhk/install/moveit_core/include/moveit/collision_distance_field/collision_env_distance_field.h
[8.239s] -- Up-to-date: /home/a/ws_nhk/install/moveit_core/include/moveit/collision_distance_field/collision_detector_allocator_hybrid.h
[8.239s] -- Up-to-date: /home/a/ws_nhk/install/moveit_core/include/moveit_collision_distance_field_export.h
[8.239s] -- Up-to-date: /home/a/ws_nhk/install/moveit_core/include
[8.239s] -- Up-to-date: /home/a/ws_nhk/install/moveit_core/include/moveit
[8.239s] -- Up-to-date: /home/a/ws_nhk/install/moveit_core/include/moveit/constraint_samplers
[8.239s] -- Up-to-date: /home/a/ws_nhk/install/moveit_core/include/moveit/constraint_samplers/union_constraint_sampler.h
[8.239s] -- Up-to-date: /home/a/ws_nhk/install/moveit_core/include/moveit/constraint_samplers/default_constraint_samplers.h
[8.239s] -- Up-to-date: /home/a/ws_nhk/install/moveit_core/include/moveit/constraint_samplers/constraint_sampler_tools.h
[8.239s] -- Up-to-date: /home/a/ws_nhk/install/moveit_core/include/moveit/constraint_samplers/constraint_sampler_allocator.h
[8.239s] -- Up-to-date: /home/a/ws_nhk/install/moveit_core/include/moveit/constraint_samplers/constraint_sampler.h
[8.239s] -- Up-to-date: /home/a/ws_nhk/install/moveit_core/include/moveit/constraint_samplers/constraint_sampler_manager.h
[8.239s] -- Up-to-date: /home/a/ws_nhk/install/moveit_core/include
[8.239s] -- Up-to-date: /home/a/ws_nhk/install/moveit_core/include/moveit
[8.239s] -- Up-to-date: /home/a/ws_nhk/install/moveit_core/include/moveit/controller_manager
[8.240s] -- Up-to-date: /home/a/ws_nhk/install/moveit_core/include/moveit/controller_manager/controller_manager.h
[8.240s] -- Up-to-date: /home/a/ws_nhk/install/moveit_core/include
[8.240s] -- Up-to-date: /home/a/ws_nhk/install/moveit_core/include/moveit
[8.240s] -- Up-to-date: /home/a/ws_nhk/install/moveit_core/include/moveit/distance_field
[8.240s] -- Up-to-date: /home/a/ws_nhk/install/moveit_core/include/moveit/distance_field/voxel_grid.h
[8.240s] -- Up-to-date: /home/a/ws_nhk/install/moveit_core/include/moveit/distance_field/propagation_distance_field.h
[8.240s] -- Up-to-date: /home/a/ws_nhk/install/moveit_core/include/moveit/distance_field/find_internal_points.h
[8.240s] -- Up-to-date: /home/a/ws_nhk/install/moveit_core/include/moveit/distance_field/distance_field.h
[8.240s] -- Up-to-date: /home/a/ws_nhk/install/moveit_core/include
[8.240s] -- Up-to-date: /home/a/ws_nhk/install/moveit_core/include/moveit
[8.240s] -- Up-to-date: /home/a/ws_nhk/install/moveit_core/include/moveit/dynamics_solver
[8.240s] -- Up-to-date: /home/a/ws_nhk/install/moveit_core/include/moveit/dynamics_solver/dynamics_solver.h
[8.240s] -- Up-to-date: /home/a/ws_nhk/install/moveit_core/include
[8.240s] -- Up-to-date: /home/a/ws_nhk/install/moveit_core/include/moveit
[8.241s] -- Up-to-date: /home/a/ws_nhk/install/moveit_core/include/moveit/exceptions
[8.241s] -- Up-to-date: /home/a/ws_nhk/install/moveit_core/include/moveit/exceptions/exceptions.h
[8.241s] -- Up-to-date: /home/a/ws_nhk/install/moveit_core/include
[8.241s] -- Up-to-date: /home/a/ws_nhk/install/moveit_core/include/moveit
[8.241s] -- Up-to-date: /home/a/ws_nhk/install/moveit_core/include/moveit/kinematics_base
[8.241s] -- Up-to-date: /home/a/ws_nhk/install/moveit_core/include/moveit/kinematics_base/kinematics_base.h
[8.241s] -- Up-to-date: /home/a/ws_nhk/install/moveit_core/include/moveit_kinematics_base_export.h
[8.241s] -- Up-to-date: /home/a/ws_nhk/install/moveit_core/include
[8.241s] -- Up-to-date: /home/a/ws_nhk/install/moveit_core/include/moveit
[8.241s] -- Up-to-date: /home/a/ws_nhk/install/moveit_core/include/moveit/kinematic_constraints
[8.241s] -- Up-to-date: /home/a/ws_nhk/install/moveit_core/include/moveit/kinematic_constraints/utils.h
[8.241s] -- Up-to-date: /home/a/ws_nhk/install/moveit_core/include/moveit/kinematic_constraints/kinematic_constraint.h
[8.241s] -- Up-to-date: /home/a/ws_nhk/install/moveit_core/include
[8.242s] -- Up-to-date: /home/a/ws_nhk/install/moveit_core/include/moveit
[8.242s] -- Up-to-date: /home/a/ws_nhk/install/moveit_core/include/moveit/kinematics_metrics
[8.242s] -- Up-to-date: /home/a/ws_nhk/install/moveit_core/include/moveit/kinematics_metrics/kinematics_metrics.h
[8.242s] -- Up-to-date: /home/a/ws_nhk/install/moveit_core/include
[8.242s] -- Up-to-date: /home/a/ws_nhk/install/moveit_core/include/moveit
[8.242s] -- Up-to-date: /home/a/ws_nhk/install/moveit_core/include/moveit/macros
[8.242s] -- Up-to-date: /home/a/ws_nhk/install/moveit_core/include/moveit/macros/declare_ptr.h
[8.242s] -- Up-to-date: /home/a/ws_nhk/install/moveit_core/include/moveit/macros/deprecation.h
[8.242s] -- Up-to-date: /home/a/ws_nhk/install/moveit_core/include/moveit/macros/class_forward.h
[8.242s] -- Up-to-date: /home/a/ws_nhk/install/moveit_core/include/moveit/macros/console_colors.h
[8.242s] -- Up-to-date: /home/a/ws_nhk/install/moveit_core/include/moveit_core
[8.242s] -- Up-to-date: /home/a/ws_nhk/install/moveit_core/include/moveit_core/moveit_butterworth_parameters.hpp
[8.242s] -- Up-to-date: /home/a/ws_nhk/install/moveit_core/include
[8.243s] -- Up-to-date: /home/a/ws_nhk/install/moveit_core/include/moveit
[8.243s] -- Up-to-date: /home/a/ws_nhk/install/moveit_core/include/moveit/online_signal_smoothing
[8.243s] -- Up-to-date: /home/a/ws_nhk/install/moveit_core/include/moveit/online_signal_smoothing/smoothing_base_class.h
[8.243s] -- Up-to-date: /home/a/ws_nhk/install/moveit_core/include/moveit/online_signal_smoothing/butterworth_filter.h
[8.243s] -- Up-to-date: /home/a/ws_nhk/install/moveit_core/include/moveit_smoothing_base_export.h
[8.243s] -- Up-to-date: /home/a/ws_nhk/install/moveit_core/include/moveit_butterworth_filter_export.h
[8.243s] -- Up-to-date: /home/a/ws_nhk/install/moveit_core/include
[8.243s] -- Up-to-date: /home/a/ws_nhk/install/moveit_core/include/moveit
[8.243s] -- Up-to-date: /home/a/ws_nhk/install/moveit_core/include/moveit/planning_interface
[8.243s] -- Up-to-date: /home/a/ws_nhk/install/moveit_core/include/moveit/planning_interface/planning_request.h
[8.243s] -- Up-to-date: /home/a/ws_nhk/install/moveit_core/include/moveit/planning_interface/planning_interface.h
[8.243s] -- Up-to-date: /home/a/ws_nhk/install/moveit_core/include/moveit/planning_interface/planning_response.h
[8.243s] -- Up-to-date: /home/a/ws_nhk/install/moveit_core/include
[8.243s] -- Up-to-date: /home/a/ws_nhk/install/moveit_core/include/moveit
[8.243s] -- Up-to-date: /home/a/ws_nhk/install/moveit_core/include/moveit/planning_request_adapter
[8.244s] -- Up-to-date: /home/a/ws_nhk/install/moveit_core/include/moveit/planning_request_adapter/planning_request_adapter.h
[8.244s] -- Up-to-date: /home/a/ws_nhk/install/moveit_core/include
[8.244s] -- Up-to-date: /home/a/ws_nhk/install/moveit_core/include/moveit
[8.244s] -- Up-to-date: /home/a/ws_nhk/install/moveit_core/include/moveit/planning_scene
[8.244s] -- Up-to-date: /home/a/ws_nhk/install/moveit_core/include/moveit/planning_scene/planning_scene.h
[8.244s] -- Up-to-date: /home/a/ws_nhk/install/moveit_core/include/moveit_planning_scene_export.h
[8.244s] -- Up-to-date: /home/a/ws_nhk/install/moveit_core/include
[8.244s] -- Up-to-date: /home/a/ws_nhk/install/moveit_core/include/moveit
[8.244s] -- Up-to-date: /home/a/ws_nhk/install/moveit_core/include/moveit/robot_model
[8.244s] -- Up-to-date: /home/a/ws_nhk/install/moveit_core/include/moveit/robot_model/robot_model.h
[8.244s] -- Up-to-date: /home/a/ws_nhk/install/moveit_core/include/moveit/robot_model/link_model.h
[8.244s] -- Up-to-date: /home/a/ws_nhk/install/moveit_core/include/moveit/robot_model/floating_joint_model.h
[8.244s] -- Up-to-date: /home/a/ws_nhk/install/moveit_core/include/moveit/robot_model/joint_model.h
[8.244s] -- Up-to-date: /home/a/ws_nhk/install/moveit_core/include/moveit/robot_model/planar_joint_model.h
[8.244s] -- Up-to-date: /home/a/ws_nhk/install/moveit_core/include/moveit/robot_model/aabb.h
[8.245s] -- Up-to-date: /home/a/ws_nhk/install/moveit_core/include/moveit/robot_model/fixed_joint_model.h
[8.245s] -- Up-to-date: /home/a/ws_nhk/install/moveit_core/include/moveit/robot_model/prismatic_joint_model.h
[8.245s] -- Up-to-date: /home/a/ws_nhk/install/moveit_core/include/moveit/robot_model/revolute_joint_model.h
[8.245s] -- Up-to-date: /home/a/ws_nhk/install/moveit_core/include/moveit/robot_model/joint_model_group.h
[8.245s] -- Up-to-date: /home/a/ws_nhk/install/moveit_core/include
[8.245s] -- Up-to-date: /home/a/ws_nhk/install/moveit_core/include/moveit
[8.245s] -- Up-to-date: /home/a/ws_nhk/install/moveit_core/include/moveit/robot_state
[8.245s] -- Up-to-date: /home/a/ws_nhk/install/moveit_core/include/moveit/robot_state/robot_state.h
[8.245s] -- Up-to-date: /home/a/ws_nhk/install/moveit_core/include/moveit/robot_state/cartesian_interpolator.h
[8.245s] -- Up-to-date: /home/a/ws_nhk/install/moveit_core/include/moveit/robot_state/conversions.h
[8.245s] -- Up-to-date: /home/a/ws_nhk/install/moveit_core/include/moveit/robot_state/attached_body.h
[8.245s] -- Up-to-date: /home/a/ws_nhk/install/moveit_core/include
[8.245s] -- Up-to-date: /home/a/ws_nhk/install/moveit_core/include/moveit
[8.245s] -- Up-to-date: /home/a/ws_nhk/install/moveit_core/include/moveit/robot_trajectory
[8.245s] -- Up-to-date: /home/a/ws_nhk/install/moveit_core/include/moveit/robot_trajectory/robot_trajectory.h
[8.245s] -- Up-to-date: /home/a/ws_nhk/install/moveit_core/include
[8.245s] -- Up-to-date: /home/a/ws_nhk/install/moveit_core/include/moveit
[8.246s] -- Up-to-date: /home/a/ws_nhk/install/moveit_core/include/moveit/sensor_manager
[8.246s] -- Up-to-date: /home/a/ws_nhk/install/moveit_core/include/moveit/sensor_manager/sensor_manager.h
[8.246s] -- Up-to-date: /home/a/ws_nhk/install/moveit_core/include
[8.246s] -- Up-to-date: /home/a/ws_nhk/install/moveit_core/include/moveit
[8.246s] -- Up-to-date: /home/a/ws_nhk/install/moveit_core/include/moveit/trajectory_processing
[8.246s] -- Up-to-date: /home/a/ws_nhk/install/moveit_core/include/moveit/trajectory_processing/iterative_time_parameterization.h
[8.246s] -- Up-to-date: /home/a/ws_nhk/install/moveit_core/include/moveit/trajectory_processing/time_parameterization.h
[8.246s] -- Up-to-date: /home/a/ws_nhk/install/moveit_core/include/moveit/trajectory_processing/trajectory_tools.h
[8.246s] -- Up-to-date: /home/a/ws_nhk/install/moveit_core/include/moveit/trajectory_processing/iterative_spline_parameterization.h
[8.246s] -- Up-to-date: /home/a/ws_nhk/install/moveit_core/include/moveit/trajectory_processing/time_optimal_trajectory_generation.h
[8.246s] -- Up-to-date: /home/a/ws_nhk/install/moveit_core/include/moveit/trajectory_processing/ruckig_traj_smoothing.h
[8.246s] -- Up-to-date: /home/a/ws_nhk/install/moveit_core/include
[8.246s] -- Up-to-date: /home/a/ws_nhk/install/moveit_core/include/moveit
[8.246s] -- Up-to-date: /home/a/ws_nhk/install/moveit_core/include/moveit/transforms
[8.247s] -- Up-to-date: /home/a/ws_nhk/install/moveit_core/include/moveit/transforms/transforms.h
[8.247s] -- Up-to-date: /home/a/ws_nhk/install/moveit_core/include
[8.247s] -- Up-to-date: /home/a/ws_nhk/install/moveit_core/include/moveit
[8.247s] -- Up-to-date: /home/a/ws_nhk/install/moveit_core/include/moveit/utils
[8.247s] -- Up-to-date: /home/a/ws_nhk/install/moveit_core/include/moveit/utils/robot_model_test_utils.h
[8.247s] -- Up-to-date: /home/a/ws_nhk/install/moveit_core/include/moveit/utils/rclcpp_utils.h
[8.247s] -- Up-to-date: /home/a/ws_nhk/install/moveit_core/include/moveit/utils/moveit_error_code.h
[8.247s] -- Up-to-date: /home/a/ws_nhk/install/moveit_core/include/moveit/utils/message_checks.h
[8.247s] -- Up-to-date: /home/a/ws_nhk/install/moveit_core/include/moveit/utils/lexical_casts.h
[8.247s] -- Up-to-date: /home/a/ws_nhk/install/moveit_core/bin/moveit_version
[8.247s] -- Up-to-date: /home/a/ws_nhk/install/moveit_core/include
[8.247s] -- Up-to-date: /home/a/ws_nhk/install/moveit_core/include/moveit
[8.247s] -- Up-to-date: /home/a/ws_nhk/install/moveit_core/include/moveit/collision_detection
[8.247s] -- Up-to-date: /home/a/ws_nhk/install/moveit_core/include/moveit/collision_detection/collision_env.h
[8.248s] -- Up-to-date: /home/a/ws_nhk/install/moveit_core/include/moveit/collision_detection/occupancy_map.h
[8.248s] -- Up-to-date: /home/a/ws_nhk/install/moveit_core/include/moveit/collision_detection/collision_tools.h
[8.248s] -- Up-to-date: /home/a/ws_nhk/install/moveit_core/include/moveit/collision_detection/collision_common.h
[8.248s] -- Up-to-date: /home/a/ws_nhk/install/moveit_core/include/moveit/collision_detection/world_diff.h
[8.248s] -- Up-to-date: /home/a/ws_nhk/install/moveit_core/include/moveit/collision_detection/collision_plugin_cache.h
[8.248s] -- Up-to-date: /home/a/ws_nhk/install/moveit_core/include/moveit/collision_detection/collision_plugin.h
[8.248s] -- Up-to-date: /home/a/ws_nhk/install/moveit_core/include/moveit/collision_detection/test_collision_common_panda.h
[8.248s] -- Up-to-date: /home/a/ws_nhk/install/moveit_core/include/moveit/collision_detection/collision_detector_allocator.h
[8.248s] -- Up-to-date: /home/a/ws_nhk/install/moveit_core/include/moveit/collision_detection/test_collision_common_pr2.h
[8.248s] -- Up-to-date: /home/a/ws_nhk/install/moveit_core/include/moveit/collision_detection/allvalid
[8.248s] -- Up-to-date: /home/a/ws_nhk/install/moveit_core/include/moveit/collision_detection/allvalid/collision_detector_allocator_allvalid.h
[8.248s] -- Up-to-date: /home/a/ws_nhk/install/moveit_core/include/moveit/collision_detection/allvalid/collision_env_allvalid.h
[8.248s] -- Up-to-date: /home/a/ws_nhk/install/moveit_core/include/moveit/collision_detection/collision_matrix.h
[8.248s] -- Up-to-date: /home/a/ws_nhk/install/moveit_core/include/moveit/collision_detection/collision_octomap_filter.h
[8.248s] -- Up-to-date: /home/a/ws_nhk/install/moveit_core/include/moveit/collision_detection/world.h
[8.248s] -- Up-to-date: /home/a/ws_nhk/install/moveit_core/include/moveit_collision_detection_export.h
[8.248s] -- Up-to-date: /home/a/ws_nhk/install/moveit_core/include
[8.248s] -- Up-to-date: /home/a/ws_nhk/install/moveit_core/include/moveit
[8.249s] -- Up-to-date: /home/a/ws_nhk/install/moveit_core/include/moveit/collision_detection_bullet
[8.249s] -- Up-to-date: /home/a/ws_nhk/install/moveit_core/include/moveit/collision_detection_bullet/collision_detector_allocator_bullet.h
[8.249s] -- Up-to-date: /home/a/ws_nhk/install/moveit_core/include/moveit/collision_detection_bullet/collision_env_bullet.h
[8.249s] -- Up-to-date: /home/a/ws_nhk/install/moveit_core/include/moveit/collision_detection_bullet/bullet_integration
[8.249s] -- Up-to-date: /home/a/ws_nhk/install/moveit_core/include/moveit/collision_detection_bullet/bullet_integration/ros_bullet_utils.h
[8.249s] -- Up-to-date: /home/a/ws_nhk/install/moveit_core/include/moveit/collision_detection_bullet/bullet_integration/basic_types.h
[8.249s] -- Up-to-date: /home/a/ws_nhk/install/moveit_core/include/moveit/collision_detection_bullet/bullet_integration/bullet_bvh_manager.h
[8.249s] -- Up-to-date: /home/a/ws_nhk/install/moveit_core/include/moveit/collision_detection_bullet/bullet_integration/bullet_utils.h
[8.249s] -- Up-to-date: /home/a/ws_nhk/install/moveit_core/include/moveit/collision_detection_bullet/bullet_integration/bullet_cast_bvh_manager.h
[8.249s] -- Up-to-date: /home/a/ws_nhk/install/moveit_core/include/moveit/collision_detection_bullet/bullet_integration/bullet_discrete_bvh_manager.h
[8.249s] -- Up-to-date: /home/a/ws_nhk/install/moveit_core/include/moveit/collision_detection_bullet/bullet_integration/contact_checker_common.h
[8.249s] -- Up-to-date: /home/a/ws_nhk/install/moveit_core/include/moveit/collision_detection_bullet/collision_detector_bullet_plugin_loader.h
[8.249s] -- Up-to-date: /home/a/ws_nhk/install/moveit_core/include/moveit_collision_detection_bullet_export.h
[8.249s] -- Up-to-date: /home/a/ws_nhk/install/moveit_core/include
[8.249s] -- Up-to-date: /home/a/ws_nhk/install/moveit_core/include/moveit
[8.250s] -- Up-to-date: /home/a/ws_nhk/install/moveit_core/include/moveit/collision_detection_fcl
[8.250s] -- Up-to-date: /home/a/ws_nhk/install/moveit_core/include/moveit/collision_detection_fcl/collision_common.h
[8.250s] -- Up-to-date: /home/a/ws_nhk/install/moveit_core/include/moveit/collision_detection_fcl/fcl_compat.h
[8.250s] -- Up-to-date: /home/a/ws_nhk/install/moveit_core/include/moveit/collision_detection_fcl/collision_env_fcl.h
[8.250s] -- Up-to-date: /home/a/ws_nhk/install/moveit_core/include/moveit/collision_detection_fcl/collision_detector_fcl_plugin_loader.h
[8.250s] -- Up-to-date: /home/a/ws_nhk/install/moveit_core/include/moveit/collision_detection_fcl/collision_detector_allocator_fcl.h
[8.250s] -- Up-to-date: /home/a/ws_nhk/install/moveit_core/include/moveit_collision_detection_fcl_export.h
[8.250s] -- Installing: /home/a/ws_nhk/install/moveit_core/lib/libcollision_detector_bullet_plugin.so.2.5.9
[8.250s] -- Set runtime path of "/home/a/ws_nhk/install/moveit_core/lib/libcollision_detector_bullet_plugin.so.2.5.9" to ""
[8.250s] -- Up-to-date: /home/a/ws_nhk/install/moveit_core/lib/libcollision_detector_bullet_plugin.so
[8.250s] -- Installing: /home/a/ws_nhk/install/moveit_core/lib/libmoveit_butterworth_filter.so.2.5.9
[8.250s] -- Set runtime path of "/home/a/ws_nhk/install/moveit_core/lib/libmoveit_butterworth_filter.so.2.5.9" to ""
[8.250s] -- Up-to-date: /home/a/ws_nhk/install/moveit_core/lib/libmoveit_butterworth_filter.so
[8.250s] -- Installing: /home/a/ws_nhk/install/moveit_core/lib/libmoveit_collision_distance_field.so.2.5.9
[8.250s] -- Set runtime path of "/home/a/ws_nhk/install/moveit_core/lib/libmoveit_collision_distance_field.so.2.5.9" to ""
[8.251s] -- Up-to-date: /home/a/ws_nhk/install/moveit_core/lib/libmoveit_collision_distance_field.so
[8.251s] -- Installing: /home/a/ws_nhk/install/moveit_core/lib/libmoveit_collision_detection.so.2.5.9
[8.251s] -- Set runtime path of "/home/a/ws_nhk/install/moveit_core/lib/libmoveit_collision_detection.so.2.5.9" to ""
[8.251s] -- Up-to-date: /home/a/ws_nhk/install/moveit_core/lib/libmoveit_collision_detection.so
[8.251s] -- Installing: /home/a/ws_nhk/install/moveit_core/lib/libmoveit_collision_detection_fcl.so.2.5.9
[8.252s] -- Set runtime path of "/home/a/ws_nhk/install/moveit_core/lib/libmoveit_collision_detection_fcl.so.2.5.9" to ""
[8.252s] -- Up-to-date: /home/a/ws_nhk/install/moveit_core/lib/libmoveit_collision_detection_fcl.so
[8.252s] -- Installing: /home/a/ws_nhk/install/moveit_core/lib/libmoveit_collision_detection_bullet.so.2.5.9
[8.253s] -- Set runtime path of "/home/a/ws_nhk/install/moveit_core/lib/libmoveit_collision_detection_bullet.so.2.5.9" to ""
[8.253s] -- Up-to-date: /home/a/ws_nhk/install/moveit_core/lib/libmoveit_collision_detection_bullet.so
[8.253s] -- Installing: /home/a/ws_nhk/install/moveit_core/lib/libmoveit_dynamics_solver.so.2.5.9
[8.253s] -- Set runtime path of "/home/a/ws_nhk/install/moveit_core/lib/libmoveit_dynamics_solver.so.2.5.9" to ""
[8.253s] -- Up-to-date: /home/a/ws_nhk/install/moveit_core/lib/libmoveit_dynamics_solver.so
[8.253s] -- Installing: /home/a/ws_nhk/install/moveit_core/lib/libmoveit_constraint_samplers.so.2.5.9
[8.254s] -- Set runtime path of "/home/a/ws_nhk/install/moveit_core/lib/libmoveit_constraint_samplers.so.2.5.9" to ""
[8.254s] -- Up-to-date: /home/a/ws_nhk/install/moveit_core/lib/libmoveit_constraint_samplers.so
[8.254s] -- Installing: /home/a/ws_nhk/install/moveit_core/lib/libmoveit_distance_field.so.2.5.9
[8.255s] -- Set runtime path of "/home/a/ws_nhk/install/moveit_core/lib/libmoveit_distance_field.so.2.5.9" to ""
[8.255s] -- Up-to-date: /home/a/ws_nhk/install/moveit_core/lib/libmoveit_distance_field.so
[8.255s] -- Up-to-date: /home/a/ws_nhk/install/moveit_core/lib/libmoveit_exceptions.so.2.5.9
[8.255s] -- Up-to-date: /home/a/ws_nhk/install/moveit_core/lib/libmoveit_exceptions.so
[8.255s] -- Up-to-date: /home/a/ws_nhk/install/moveit_core/lib/libmoveit_kinematics_base.so
[8.255s] -- Installing: /home/a/ws_nhk/install/moveit_core/lib/libmoveit_kinematic_constraints.so.2.5.9
[8.256s] -- Set runtime path of "/home/a/ws_nhk/install/moveit_core/lib/libmoveit_kinematic_constraints.so.2.5.9" to ""
[8.256s] -- Up-to-date: /home/a/ws_nhk/install/moveit_core/lib/libmoveit_kinematic_constraints.so
[8.256s] -- Installing: /home/a/ws_nhk/install/moveit_core/lib/libmoveit_kinematics_metrics.so.2.5.9
[8.257s] -- Set runtime path of "/home/a/ws_nhk/install/moveit_core/lib/libmoveit_kinematics_metrics.so.2.5.9" to ""
[8.257s] -- Up-to-date: /home/a/ws_nhk/install/moveit_core/lib/libmoveit_kinematics_metrics.so
[8.257s] -- Installing: /home/a/ws_nhk/install/moveit_core/lib/libmoveit_planning_interface.so.2.5.9
[8.257s] -- Set runtime path of "/home/a/ws_nhk/install/moveit_core/lib/libmoveit_planning_interface.so.2.5.9" to ""
[8.257s] -- Up-to-date: /home/a/ws_nhk/install/moveit_core/lib/libmoveit_planning_interface.so
[8.257s] -- Installing: /home/a/ws_nhk/install/moveit_core/lib/libmoveit_planning_scene.so.2.5.9
[8.258s] -- Set runtime path of "/home/a/ws_nhk/install/moveit_core/lib/libmoveit_planning_scene.so.2.5.9" to ""
[8.258s] -- Up-to-date: /home/a/ws_nhk/install/moveit_core/lib/libmoveit_planning_scene.so
[8.258s] -- Installing: /home/a/ws_nhk/install/moveit_core/lib/libmoveit_planning_request_adapter.so.2.5.9
[8.259s] -- Set runtime path of "/home/a/ws_nhk/install/moveit_core/lib/libmoveit_planning_request_adapter.so.2.5.9" to ""
[8.259s] -- Up-to-date: /home/a/ws_nhk/install/moveit_core/lib/libmoveit_planning_request_adapter.so
[8.259s] -- Installing: /home/a/ws_nhk/install/moveit_core/lib/libmoveit_robot_model.so.2.5.9
[8.260s] -- Set runtime path of "/home/a/ws_nhk/install/moveit_core/lib/libmoveit_robot_model.so.2.5.9" to ""
[8.260s] -- Up-to-date: /home/a/ws_nhk/install/moveit_core/lib/libmoveit_robot_model.so
[8.260s] -- Installing: /home/a/ws_nhk/install/moveit_core/lib/libmoveit_robot_state.so.2.5.9
[8.260s] -- Set runtime path of "/home/a/ws_nhk/install/moveit_core/lib/libmoveit_robot_state.so.2.5.9" to ""
[8.261s] -- Up-to-date: /home/a/ws_nhk/install/moveit_core/lib/libmoveit_robot_state.so
[8.261s] -- Installing: /home/a/ws_nhk/install/moveit_core/lib/libmoveit_robot_trajectory.so.2.5.9
[8.261s] -- Set runtime path of "/home/a/ws_nhk/install/moveit_core/lib/libmoveit_robot_trajectory.so.2.5.9" to ""
[8.261s] -- Up-to-date: /home/a/ws_nhk/install/moveit_core/lib/libmoveit_robot_trajectory.so
[8.261s] -- Up-to-date: /home/a/ws_nhk/install/moveit_core/lib/libmoveit_smoothing_base.so.2.5.9
[8.261s] -- Up-to-date: /home/a/ws_nhk/install/moveit_core/lib/libmoveit_smoothing_base.so
[8.261s] -- Installing: /home/a/ws_nhk/install/moveit_core/lib/libmoveit_test_utils.so.2.5.9
[8.262s] -- Set runtime path of "/home/a/ws_nhk/install/moveit_core/lib/libmoveit_test_utils.so.2.5.9" to ""
[8.262s] -- Up-to-date: /home/a/ws_nhk/install/moveit_core/lib/libmoveit_test_utils.so
[8.262s] -- Installing: /home/a/ws_nhk/install/moveit_core/lib/libmoveit_trajectory_processing.so.2.5.9
[8.263s] -- Set runtime path of "/home/a/ws_nhk/install/moveit_core/lib/libmoveit_trajectory_processing.so.2.5.9" to ""
[8.263s] -- Up-to-date: /home/a/ws_nhk/install/moveit_core/lib/libmoveit_trajectory_processing.so
[8.263s] -- Up-to-date: /home/a/ws_nhk/install/moveit_core/lib/libmoveit_transforms.so.2.5.9
[8.263s] -- Up-to-date: /home/a/ws_nhk/install/moveit_core/lib/libmoveit_transforms.so
[8.263s] -- Installing: /home/a/ws_nhk/install/moveit_core/lib/libmoveit_utils.so.2.5.9
[8.264s] -- Set runtime path of "/home/a/ws_nhk/install/moveit_core/lib/libmoveit_utils.so.2.5.9" to ""
[8.264s] -- Up-to-date: /home/a/ws_nhk/install/moveit_core/lib/libmoveit_utils.so
[8.264s] -- Up-to-date: /home/a/ws_nhk/install/moveit_core/share/moveit_core/environment/library_path.sh
[8.264s] -- Up-to-date: /home/a/ws_nhk/install/moveit_core/share/moveit_core/environment/library_path.dsv
[8.264s] -- Up-to-date: /home/a/ws_nhk/install/moveit_core/share/moveit_core/collision_detector_fcl_description.xml
[8.264s] -- Up-to-date: /home/a/ws_nhk/install/moveit_core/share/moveit_core/collision_detector_bullet_description.xml
[8.264s] -- Up-to-date: /home/a/ws_nhk/install/moveit_core/share/moveit_core/filter_plugin_butterworth.xml
[8.264s] -- Up-to-date: /home/a/ws_nhk/install/moveit_core/share/ament_index/resource_index/package_run_dependencies/moveit_core
[8.264s] -- Up-to-date: /home/a/ws_nhk/install/moveit_core/share/ament_index/resource_index/parent_prefix_path/moveit_core
[8.264s] -- Up-to-date: /home/a/ws_nhk/install/moveit_core/share/moveit_core/environment/ament_prefix_path.sh
[8.264s] -- Up-to-date: /home/a/ws_nhk/install/moveit_core/share/moveit_core/environment/ament_prefix_path.dsv
[8.264s] -- Up-to-date: /home/a/ws_nhk/install/moveit_core/share/moveit_core/environment/path.sh
[8.264s] -- Up-to-date: /home/a/ws_nhk/install/moveit_core/share/moveit_core/environment/path.dsv
[8.264s] -- Up-to-date: /home/a/ws_nhk/install/moveit_core/share/moveit_core/local_setup.bash
[8.264s] -- Up-to-date: /home/a/ws_nhk/install/moveit_core/share/moveit_core/local_setup.sh
[8.265s] -- Up-to-date: /home/a/ws_nhk/install/moveit_core/share/moveit_core/local_setup.zsh
[8.265s] -- Up-to-date: /home/a/ws_nhk/install/moveit_core/share/moveit_core/local_setup.dsv
[8.265s] -- Installing: /home/a/ws_nhk/install/moveit_core/share/moveit_core/package.dsv
[8.265s] -- Up-to-date: /home/a/ws_nhk/install/moveit_core/share/ament_index/resource_index/packages/moveit_core
[8.265s] -- Up-to-date: /home/a/ws_nhk/install/moveit_core/share/ament_index/resource_index/moveit_core__pluginlib__plugin/moveit_core
[8.265s] -- Up-to-date: /home/a/ws_nhk/install/moveit_core/share/moveit_core/cmake/export_moveit_coreExport.cmake
[8.265s] -- Up-to-date: /home/a/ws_nhk/install/moveit_core/share/moveit_core/cmake/export_moveit_coreExport-release.cmake
[8.265s] -- Up-to-date: /home/a/ws_nhk/install/moveit_core/share/moveit_core/cmake/ConfigExtras.cmake
[8.265s] -- Up-to-date: /home/a/ws_nhk/install/moveit_core/share/moveit_core/cmake/ament_cmake_export_targets-extras.cmake
[8.265s] -- Up-to-date: /home/a/ws_nhk/install/moveit_core/share/moveit_core/cmake/ament_cmake_export_dependencies-extras.cmake
[8.266s] -- Up-to-date: /home/a/ws_nhk/install/moveit_core/share/moveit_core/cmake/moveit_coreConfig.cmake
[8.266s] -- Up-to-date: /home/a/ws_nhk/install/moveit_core/share/moveit_core/cmake/moveit_coreConfig-version.cmake
[8.266s] -- Up-to-date: /home/a/ws_nhk/install/moveit_core/share/moveit_core/package.xml
[8.268s] Invoked command in '/home/a/ws_nhk/build/moveit_core' returned '0': AMENT_PREFIX_PATH=/home/a/ws_nhk/install/moveit_resources_panda_moveit_config:/home/a/ws_nhk/install/srdfdom:/home/a/ws_nhk/install/moveit_resources_pr2_description:/home/a/ws_nhk/install/moveit_resources_panda_description:/home/a/ws_nhk/install/moveit_common:${AMENT_PREFIX_PATH} CMAKE_PREFIX_PATH=/home/a/ws_nhk/install/moveit_resources_panda_moveit_config:/home/a/ws_nhk/install/srdfdom:/home/a/ws_nhk/install/moveit_resources_pr2_description:/home/a/ws_nhk/install/moveit_resources_panda_description:/home/a/ws_nhk/install/moveit_common:/home/a/install/field_description_test:/opt/ros/humble LD_LIBRARY_PATH=/home/a/ws_nhk/install/srdfdom/lib:${LD_LIBRARY_PATH} PYTHONPATH=/home/a/ws_nhk/install/srdfdom/local/lib/python3.10/dist-packages:${PYTHONPATH} /usr/bin/cmake --install /home/a/ws_nhk/build/moveit_core
