[0.284s] Invoking command in '/home/a/ws_nhk/build/a_r2_description': CMAKE_PREFIX_PATH=${CMAKE_PREFIX_PATH}:/opt/ros/humble /usr/bin/cmake --build /home/a/ws_nhk/build/a_r2_description -- -j22 -l22
[1.117s] Invoked command in '/home/a/ws_nhk/build/a_r2_description' returned '0': CMAKE_PREFIX_PATH=${CMAKE_PREFIX_PATH}:/opt/ros/humble /usr/bin/cmake --build /home/a/ws_nhk/build/a_r2_description -- -j22 -l22
[1.119s] Invoking command in '/home/a/ws_nhk/build/a_r2_description': CMAKE_PREFIX_PATH=${CMAKE_PREFIX_PATH}:/opt/ros/humble /usr/bin/cmake --install /home/a/ws_nhk/build/a_r2_description
[1.218s] -- Install configuration: ""
[1.218s] -- Up-to-date: /home/a/ws_nhk/install/a_r2_description/share/a_r2_description/meshes
[1.218s] -- Up-to-date: /home/a/ws_nhk/install/a_r2_description/share/a_r2_description/meshes/link5_1.stl
[1.218s] -- Up-to-date: /home/a/ws_nhk/install/a_r2_description/share/a_r2_description/meshes/base_link.stl
[1.218s] -- Up-to-date: /home/a/ws_nhk/install/a_r2_description/share/a_r2_description/meshes/link1_1.stl
[1.219s] -- Up-to-date: /home/a/ws_nhk/install/a_r2_description/share/a_r2_description/meshes/link4_1.stl
[1.219s] -- Up-to-date: /home/a/ws_nhk/install/a_r2_description/share/a_r2_description/meshes/link2_1.stl
[1.219s] -- Up-to-date: /home/a/ws_nhk/install/a_r2_description/share/a_r2_description/meshes/link3_1.stl
[1.219s] -- Up-to-date: /home/a/ws_nhk/install/a_r2_description/share/a_r2_description/urdf
[1.219s] -- Up-to-date: /home/a/ws_nhk/install/a_r2_description/share/a_r2_description/urdf/a_r2.xacro
[1.219s] -- Up-to-date: /home/a/ws_nhk/install/a_r2_description/share/a_r2_description/urdf/materials.xacro
[1.220s] -- Up-to-date: /home/a/ws_nhk/install/a_r2_description/share/a_r2_description/urdf/materials.urdf
[1.220s] -- Up-to-date: /home/a/ws_nhk/install/a_r2_description/share/a_r2_description/urdf/a_r2.urdf
[1.220s] -- Up-to-date: /home/a/ws_nhk/install/a_r2_description/share/a_r2_description/urdf/a_r2.trans
[1.220s] -- Up-to-date: /home/a/ws_nhk/install/a_r2_description/share/a_r2_description/launch
[1.220s] -- Up-to-date: /home/a/ws_nhk/install/a_r2_description/share/a_r2_description/launch/robot_description.launch.py
[1.220s] -- Up-to-date: /home/a/ws_nhk/install/a_r2_description/share/ament_index/resource_index/package_run_dependencies/a_r2_description
[1.220s] -- Up-to-date: /home/a/ws_nhk/install/a_r2_description/share/ament_index/resource_index/parent_prefix_path/a_r2_description
[1.220s] -- Up-to-date: /home/a/ws_nhk/install/a_r2_description/share/a_r2_description/environment/ament_prefix_path.sh
[1.221s] -- Up-to-date: /home/a/ws_nhk/install/a_r2_description/share/a_r2_description/environment/ament_prefix_path.dsv
[1.221s] -- Up-to-date: /home/a/ws_nhk/install/a_r2_description/share/a_r2_description/environment/path.sh
[1.221s] -- Up-to-date: /home/a/ws_nhk/install/a_r2_description/share/a_r2_description/environment/path.dsv
[1.221s] -- Up-to-date: /home/a/ws_nhk/install/a_r2_description/share/a_r2_description/local_setup.bash
[1.222s] -- Up-to-date: /home/a/ws_nhk/install/a_r2_description/share/a_r2_description/local_setup.sh
[1.222s] -- Up-to-date: /home/a/ws_nhk/install/a_r2_description/share/a_r2_description/local_setup.zsh
[1.222s] -- Up-to-date: /home/a/ws_nhk/install/a_r2_description/share/a_r2_description/local_setup.dsv
[1.222s] -- Installing: /home/a/ws_nhk/install/a_r2_description/share/a_r2_description/package.dsv
[1.222s] -- Up-to-date: /home/a/ws_nhk/install/a_r2_description/share/ament_index/resource_index/packages/a_r2_description
[1.222s] -- Up-to-date: /home/a/ws_nhk/install/a_r2_description/share/a_r2_description/cmake/a_r2_descriptionConfig.cmake
[1.222s] -- Up-to-date: /home/a/ws_nhk/install/a_r2_description/share/a_r2_description/cmake/a_r2_descriptionConfig-version.cmake
[1.223s] -- Up-to-date: /home/a/ws_nhk/install/a_r2_description/share/a_r2_description/package.xml
[1.398s] Invoked command in '/home/a/ws_nhk/build/a_r2_description' returned '0': CMAKE_PREFIX_PATH=${CMAKE_PREFIX_PATH}:/opt/ros/humble /usr/bin/cmake --install /home/a/ws_nhk/build/a_r2_description
