[0.501s] Invoking command in '/home/a/ws_nhk/src/r2_odrive': PYTHONPATH=/home/a/ws_nhk/build/r2_odrive/prefix_override:/usr/lib/python3/dist-packages/colcon_core/task/python/colcon_distutils_commands:/home/a/ws_nhk/install/r2_odrive/lib/python3.10/site-packages:${PYTHONPATH} /usr/bin/python3 -W ignore:setup.py install is deprecated -W ignore:easy_install command is deprecated setup.py egg_info --egg-base ../../build/r2_odrive build --build-base /home/a/ws_nhk/build/r2_odrive/build install --record /home/a/ws_nhk/build/r2_odrive/install.log --single-version-externally-managed install_data
[0.691s] running egg_info
[0.692s] writing ../../build/r2_odrive/r2_odrive.egg-info/PKG-INFO
[0.692s] writing dependency_links to ../../build/r2_odrive/r2_odrive.egg-info/dependency_links.txt
[0.692s] writing entry points to ../../build/r2_odrive/r2_odrive.egg-info/entry_points.txt
[0.692s] writing requirements to ../../build/r2_odrive/r2_odrive.egg-info/requires.txt
[0.692s] writing top-level names to ../../build/r2_odrive/r2_odrive.egg-info/top_level.txt
[0.693s] reading manifest file '../../build/r2_odrive/r2_odrive.egg-info/SOURCES.txt'
[0.694s] adding license file 'LICENSE'
[0.694s] writing manifest file '../../build/r2_odrive/r2_odrive.egg-info/SOURCES.txt'
[0.694s] running build
[0.694s] running build_py
[0.694s] running install
[0.695s] running install_lib
[0.696s] running install_data
[0.696s] running install_egg_info
[0.697s] removing '/home/a/ws_nhk/install/r2_odrive/lib/python3.10/site-packages/r2_odrive-0.0.0-py3.10.egg-info' (and everything under it)
[0.698s] Copying ../../build/r2_odrive/r2_odrive.egg-info to /home/a/ws_nhk/install/r2_odrive/lib/python3.10/site-packages/r2_odrive-0.0.0-py3.10.egg-info
[0.698s] running install_scripts
[0.712s] Installing odrive_controller_node script to /home/a/ws_nhk/install/r2_odrive/lib/r2_odrive
[0.713s] writing list of installed files to '/home/a/ws_nhk/build/r2_odrive/install.log'
[0.729s] Invoked command in '/home/a/ws_nhk/src/r2_odrive' returned '0': PYTHONPATH=/home/a/ws_nhk/build/r2_odrive/prefix_override:/usr/lib/python3/dist-packages/colcon_core/task/python/colcon_distutils_commands:/home/a/ws_nhk/install/r2_odrive/lib/python3.10/site-packages:${PYTHONPATH} /usr/bin/python3 -W ignore:setup.py install is deprecated -W ignore:easy_install command is deprecated setup.py egg_info --egg-base ../../build/r2_odrive build --build-base /home/a/ws_nhk/build/r2_odrive/build install --record /home/a/ws_nhk/build/r2_odrive/install.log --single-version-externally-managed install_data
