[0.500s] Invoking command in '/home/a/ws_nhk/build/dynamixel_sdk_examples': AMENT_PREFIX_PATH=/home/a/ws_nhk/install/dynamixel_sdk_custom_interfaces:/home/a/ws_nhk/install/dynamixel_sdk:${AMENT_PREFIX_PATH} CMAKE_PREFIX_PATH=/home/a/ws_nhk/install/dynamixel_sdk_custom_interfaces:/home/a/ws_nhk/install/dynamixel_sdk:/home/a/install/field_description_test:/opt/ros/humble LD_LIBRARY_PATH=/home/a/ws_nhk/install/dynamixel_sdk_custom_interfaces/lib:/home/a/ws_nhk/install/dynamixel_sdk/lib:${LD_LIBRARY_PATH} PYTHONPATH=/home/a/ws_nhk/install/dynamixel_sdk_custom_interfaces/local/lib/python3.10/dist-packages:${PYTHONPATH} /usr/bin/cmake --build /home/a/ws_nhk/build/dynamixel_sdk_examples -- -j22 -l22
[0.549s] [ 10%] Built target pub_velocity_node
[0.550s] [ 20%] Built target read_write_velocity_node
[0.553s] [ 40%] Built target pub_position_node
[0.553s] [ 40%] Built target pub_current_node
[0.553s] [ 50%] Built target read_write_current_pos_v2_node
[0.553s] [ 60%] Built target read_write_current_node
[0.554s] [ 70%] Built target read_write_current_pos_v1_node
[0.555s] [ 80%] Built target read_write_position_node
[0.557s] [ 90%] Built target pub_current_pos_v1_node
[0.557s] [100%] Built target pub_current_pos_v2_node
[0.588s] Invoked command in '/home/a/ws_nhk/build/dynamixel_sdk_examples' returned '0': AMENT_PREFIX_PATH=/home/a/ws_nhk/install/dynamixel_sdk_custom_interfaces:/home/a/ws_nhk/install/dynamixel_sdk:${AMENT_PREFIX_PATH} CMAKE_PREFIX_PATH=/home/a/ws_nhk/install/dynamixel_sdk_custom_interfaces:/home/a/ws_nhk/install/dynamixel_sdk:/home/a/install/field_description_test:/opt/ros/humble LD_LIBRARY_PATH=/home/a/ws_nhk/install/dynamixel_sdk_custom_interfaces/lib:/home/a/ws_nhk/install/dynamixel_sdk/lib:${LD_LIBRARY_PATH} PYTHONPATH=/home/a/ws_nhk/install/dynamixel_sdk_custom_interfaces/local/lib/python3.10/dist-packages:${PYTHONPATH} /usr/bin/cmake --build /home/a/ws_nhk/build/dynamixel_sdk_examples -- -j22 -l22
[0.589s] Invoking command in '/home/a/ws_nhk/build/dynamixel_sdk_examples': AMENT_PREFIX_PATH=/home/a/ws_nhk/install/dynamixel_sdk_custom_interfaces:/home/a/ws_nhk/install/dynamixel_sdk:${AMENT_PREFIX_PATH} CMAKE_PREFIX_PATH=/home/a/ws_nhk/install/dynamixel_sdk_custom_interfaces:/home/a/ws_nhk/install/dynamixel_sdk:/home/a/install/field_description_test:/opt/ros/humble LD_LIBRARY_PATH=/home/a/ws_nhk/install/dynamixel_sdk_custom_interfaces/lib:/home/a/ws_nhk/install/dynamixel_sdk/lib:${LD_LIBRARY_PATH} PYTHONPATH=/home/a/ws_nhk/install/dynamixel_sdk_custom_interfaces/local/lib/python3.10/dist-packages:${PYTHONPATH} /usr/bin/cmake --install /home/a/ws_nhk/build/dynamixel_sdk_examples
[0.609s] -- Install configuration: "Release"
[0.609s] -- Up-to-date: /home/a/ws_nhk/install/dynamixel_sdk_examples/lib/dynamixel_sdk_examples/read_write_current_node
[0.609s] -- Up-to-date: /home/a/ws_nhk/install/dynamixel_sdk_examples/lib/dynamixel_sdk_examples/pub_current_node
[0.609s] -- Up-to-date: /home/a/ws_nhk/install/dynamixel_sdk_examples/lib/dynamixel_sdk_examples/read_write_velocity_node
[0.609s] -- Up-to-date: /home/a/ws_nhk/install/dynamixel_sdk_examples/lib/dynamixel_sdk_examples/pub_velocity_node
[0.609s] -- Up-to-date: /home/a/ws_nhk/install/dynamixel_sdk_examples/lib/dynamixel_sdk_examples/read_write_position_node
[0.609s] -- Up-to-date: /home/a/ws_nhk/install/dynamixel_sdk_examples/lib/dynamixel_sdk_examples/pub_position_node
[0.609s] -- Up-to-date: /home/a/ws_nhk/install/dynamixel_sdk_examples/lib/dynamixel_sdk_examples/read_write_current_pos_v1_node
[0.609s] -- Up-to-date: /home/a/ws_nhk/install/dynamixel_sdk_examples/lib/dynamixel_sdk_examples/pub_current_pos_v1_node
[0.609s] -- Up-to-date: /home/a/ws_nhk/install/dynamixel_sdk_examples/lib/dynamixel_sdk_examples/read_write_current_pos_v2_node
[0.610s] -- Up-to-date: /home/a/ws_nhk/install/dynamixel_sdk_examples/lib/dynamixel_sdk_examples/pub_current_pos_v2_node
[0.610s] -- Up-to-date: /home/a/ws_nhk/install/dynamixel_sdk_examples/share/ament_index/resource_index/package_run_dependencies/dynamixel_sdk_examples
[0.610s] -- Up-to-date: /home/a/ws_nhk/install/dynamixel_sdk_examples/share/ament_index/resource_index/parent_prefix_path/dynamixel_sdk_examples
[0.610s] -- Up-to-date: /home/a/ws_nhk/install/dynamixel_sdk_examples/share/dynamixel_sdk_examples/environment/ament_prefix_path.sh
[0.610s] -- Up-to-date: /home/a/ws_nhk/install/dynamixel_sdk_examples/share/dynamixel_sdk_examples/environment/ament_prefix_path.dsv
[0.610s] -- Up-to-date: /home/a/ws_nhk/install/dynamixel_sdk_examples/share/dynamixel_sdk_examples/environment/path.sh
[0.610s] -- Up-to-date: /home/a/ws_nhk/install/dynamixel_sdk_examples/share/dynamixel_sdk_examples/environment/path.dsv
[0.610s] -- Up-to-date: /home/a/ws_nhk/install/dynamixel_sdk_examples/share/dynamixel_sdk_examples/local_setup.bash
[0.610s] -- Up-to-date: /home/a/ws_nhk/install/dynamixel_sdk_examples/share/dynamixel_sdk_examples/local_setup.sh
[0.610s] -- Up-to-date: /home/a/ws_nhk/install/dynamixel_sdk_examples/share/dynamixel_sdk_examples/local_setup.zsh
[0.610s] -- Up-to-date: /home/a/ws_nhk/install/dynamixel_sdk_examples/share/dynamixel_sdk_examples/local_setup.dsv
[0.610s] -- Installing: /home/a/ws_nhk/install/dynamixel_sdk_examples/share/dynamixel_sdk_examples/package.dsv
[0.610s] -- Up-to-date: /home/a/ws_nhk/install/dynamixel_sdk_examples/share/ament_index/resource_index/packages/dynamixel_sdk_examples
[0.610s] -- Up-to-date: /home/a/ws_nhk/install/dynamixel_sdk_examples/share/dynamixel_sdk_examples/cmake/dynamixel_sdk_examplesConfig.cmake
[0.610s] -- Up-to-date: /home/a/ws_nhk/install/dynamixel_sdk_examples/share/dynamixel_sdk_examples/cmake/dynamixel_sdk_examplesConfig-version.cmake
[0.610s] -- Up-to-date: /home/a/ws_nhk/install/dynamixel_sdk_examples/share/dynamixel_sdk_examples/package.xml
[0.617s] Invoked command in '/home/a/ws_nhk/build/dynamixel_sdk_examples' returned '0': AMENT_PREFIX_PATH=/home/a/ws_nhk/install/dynamixel_sdk_custom_interfaces:/home/a/ws_nhk/install/dynamixel_sdk:${AMENT_PREFIX_PATH} CMAKE_PREFIX_PATH=/home/a/ws_nhk/install/dynamixel_sdk_custom_interfaces:/home/a/ws_nhk/install/dynamixel_sdk:/home/a/install/field_description_test:/opt/ros/humble LD_LIBRARY_PATH=/home/a/ws_nhk/install/dynamixel_sdk_custom_interfaces/lib:/home/a/ws_nhk/install/dynamixel_sdk/lib:${LD_LIBRARY_PATH} PYTHONPATH=/home/a/ws_nhk/install/dynamixel_sdk_custom_interfaces/local/lib/python3.10/dist-packages:${PYTHONPATH} /usr/bin/cmake --install /home/a/ws_nhk/build/dynamixel_sdk_examples
