running egg_info
writing ../../../build/ikeyaMD_wizard/ikeyaMD_wizard.egg-info/PKG-INFO
writing dependency_links to ../../../build/ikeyaMD_wizard/ikeyaMD_wizard.egg-info/dependency_links.txt
writing entry points to ../../../build/ikeyaMD_wizard/ikeyaMD_wizard.egg-info/entry_points.txt
writing requirements to ../../../build/ikeyaMD_wizard/ikeyaMD_wizard.egg-info/requires.txt
writing top-level names to ../../../build/ikeyaMD_wizard/ikeyaMD_wizard.egg-info/top_level.txt
reading manifest file '../../../build/ikeyaMD_wizard/ikeyaMD_wizard.egg-info/SOURCES.txt'
adding license file 'LICENSE'
writing manifest file '../../../build/ikeyaMD_wizard/ikeyaMD_wizard.egg-info/SOURCES.txt'
running build
running build_py
running install
running install_lib
running install_data
running install_egg_info
removing '/home/a/ws_nhk/install/ikeyaMD_wizard/lib/python3.10/site-packages/ikeyaMD_wizard-1.0.0-py3.10.egg-info' (and everything under it)
Copying ../../../build/ikeyaMD_wizard/ikeyaMD_wizard.egg-info to /home/a/ws_nhk/install/ikeyaMD_wizard/lib/python3.10/site-packages/ikeyaMD_wizard-1.0.0-py3.10.egg-info
running install_scripts
Installing ikeyaMD_wizard_gui script to /home/a/ws_nhk/install/ikeyaMD_wizard/lib/ikeyaMD_wizard
writing list of installed files to '/home/a/ws_nhk/build/ikeyaMD_wizard/install.log'
