[0.215s] Invoking command in '/home/a/ws_nhk/build/dynamixel_sdk_custom_interfaces': CMAKE_PREFIX_PATH=${CMAKE_PREFIX_PATH}:/home/a/ws_nhk/install/moveit_configs_utils:/home/a/ws_nhk/install/launch_param_builder:/home/a/ws_nhk/install/dynamixel_controller_gui:/home/a/ws_nhk/install/dynamixel_controller_client:/opt/ros/humble /usr/bin/cmake --build /home/a/ws_nhk/build/dynamixel_sdk_custom_interfaces -- -j22 -l22
[0.422s] [ 10%] Built target dynamixel_sdk_custom_interfaces__rosidl_generator_c
[0.423s] [ 12%] Built target dynamixel_sdk_custom_interfaces__cpp
[0.423s] [ 12%] Built target ament_cmake_python_copy_dynamixel_sdk_custom_interfaces
[0.423s] [ 23%] Built target dynamixel_sdk_custom_interfaces__rosidl_typesupport_c
[0.423s] [ 33%] Built target dynamixel_sdk_custom_interfaces__rosidl_typesupport_fastrtps_cpp
[0.423s] [ 43%] Built target dynamixel_sdk_custom_interfaces__rosidl_typesupport_introspection_c
[0.423s] [ 53%] Built target dynamixel_sdk_custom_interfaces__rosidl_typesupport_introspection_cpp
[0.423s] [ 64%] Built target dynamixel_sdk_custom_interfaces__rosidl_typesupport_cpp
[0.423s] [ 74%] Built target dynamixel_sdk_custom_interfaces__rosidl_typesupport_fastrtps_c
[0.423s] [ 74%] Built target dynamixel_sdk_custom_interfaces
[0.423s] [ 76%] Built target dynamixel_sdk_custom_interfaces__py
[0.423s] [ 84%] Built target dynamixel_sdk_custom_interfaces__rosidl_generator_py
[0.423s] [ 89%] Built target dynamixel_sdk_custom_interfaces__rosidl_typesupport_fastrtps_c__pyext
[0.423s] [ 94%] Built target dynamixel_sdk_custom_interfaces__rosidl_typesupport_introspection_c__pyext
[0.423s] [100%] Built target dynamixel_sdk_custom_interfaces__rosidl_typesupport_c__pyext
[0.491s] running egg_info
[0.491s] writing dynamixel_sdk_custom_interfaces.egg-info/PKG-INFO
[0.491s] writing dependency_links to dynamixel_sdk_custom_interfaces.egg-info/dependency_links.txt
[0.491s] writing top-level names to dynamixel_sdk_custom_interfaces.egg-info/top_level.txt
[0.492s] reading manifest file 'dynamixel_sdk_custom_interfaces.egg-info/SOURCES.txt'
[0.492s] writing manifest file 'dynamixel_sdk_custom_interfaces.egg-info/SOURCES.txt'
[0.497s] [100%] Built target ament_cmake_python_build_dynamixel_sdk_custom_interfaces_egg
