[0.164s] Invoking command in '/home/a/ws_nhk/build/moveit_common': CMAKE_PREFIX_PATH=${CMAKE_PREFIX_PATH}:/home/a/ws_nhk/install/ikeyaMD_wizard:/home/a/ws_nhk/install/moveit_configs_utils:/home/a/ws_nhk/install/rogidrive:/home/a/ws_nhk/install/launch_param_builder:/home/a/ws_nhk/install/dynamixel_controller_gui:/home/a/ws_nhk/install/dynamixel_controller_client:/opt/ros/humble /usr/bin/cmake /home/a/ws_nhk/src/moveit2/moveit_common -DCMAKE_INSTALL_PREFIX=/home/a/ws_nhk/install/moveit_common
[1.492s] -- Found ament_cmake: 1.3.12 (/opt/ros/humble/share/ament_cmake/cmake)
[1.495s] -- Found ament_lint_auto: 0.12.14 (/opt/ros/humble/share/ament_lint_auto/cmake)
[1.495s] -- Added test 'copyright' to check source files copyright and LICENSE
[1.495s] -- Added test 'lint_cmake' to check CMake code style
[1.495s] -- Added test 'xmllint' to check XML markup files
[1.495s] -- Configuring done
[1.495s] -- Generating done
[1.496s] -- Build files have been written to: /home/a/ws_nhk/build/moveit_common
[1.600s] Invoked command in '/home/a/ws_nhk/build/moveit_common' returned '0': CMAKE_PREFIX_PATH=${CMAKE_PREFIX_PATH}:/home/a/ws_nhk/install/ikeyaMD_wizard:/home/a/ws_nhk/install/moveit_configs_utils:/home/a/ws_nhk/install/rogidrive:/home/a/ws_nhk/install/launch_param_builder:/home/a/ws_nhk/install/dynamixel_controller_gui:/home/a/ws_nhk/install/dynamixel_controller_client:/opt/ros/humble /usr/bin/cmake /home/a/ws_nhk/src/moveit2/moveit_common -DCMAKE_INSTALL_PREFIX=/home/a/ws_nhk/install/moveit_common
[1.602s] Invoking command in '/home/a/ws_nhk/build/moveit_common': CMAKE_PREFIX_PATH=${CMAKE_PREFIX_PATH}:/home/a/ws_nhk/install/ikeyaMD_wizard:/home/a/ws_nhk/install/moveit_configs_utils:/home/a/ws_nhk/install/rogidrive:/home/a/ws_nhk/install/launch_param_builder:/home/a/ws_nhk/install/dynamixel_controller_gui:/home/a/ws_nhk/install/dynamixel_controller_client:/opt/ros/humble /usr/bin/cmake --build /home/a/ws_nhk/build/moveit_common -- -j22 -l22
[1.856s] Invoked command in '/home/a/ws_nhk/build/moveit_common' returned '0': CMAKE_PREFIX_PATH=${CMAKE_PREFIX_PATH}:/home/a/ws_nhk/install/ikeyaMD_wizard:/home/a/ws_nhk/install/moveit_configs_utils:/home/a/ws_nhk/install/rogidrive:/home/a/ws_nhk/install/launch_param_builder:/home/a/ws_nhk/install/dynamixel_controller_gui:/home/a/ws_nhk/install/dynamixel_controller_client:/opt/ros/humble /usr/bin/cmake --build /home/a/ws_nhk/build/moveit_common -- -j22 -l22
[1.871s] Invoking command in '/home/a/ws_nhk/build/moveit_common': CMAKE_PREFIX_PATH=${CMAKE_PREFIX_PATH}:/home/a/ws_nhk/install/ikeyaMD_wizard:/home/a/ws_nhk/install/moveit_configs_utils:/home/a/ws_nhk/install/rogidrive:/home/a/ws_nhk/install/launch_param_builder:/home/a/ws_nhk/install/dynamixel_controller_gui:/home/a/ws_nhk/install/dynamixel_controller_client:/opt/ros/humble /usr/bin/cmake --install /home/a/ws_nhk/build/moveit_common
[2.275s] -- Install configuration: "Release"
[2.281s] -- Up-to-date: /home/a/ws_nhk/install/moveit_common/share/ament_index/resource_index/package_run_dependencies/moveit_common
[2.282s] -- Installing: /home/a/ws_nhk/install/moveit_common/share/ament_index/resource_index/parent_prefix_path/moveit_common
[2.285s] -- Up-to-date: /home/a/ws_nhk/install/moveit_common/share/moveit_common/environment/ament_prefix_path.sh
[2.285s] -- Installing: /home/a/ws_nhk/install/moveit_common/share/moveit_common/environment/ament_prefix_path.dsv
[2.286s] -- Up-to-date: /home/a/ws_nhk/install/moveit_common/share/moveit_common/environment/path.sh
[2.287s] -- Installing: /home/a/ws_nhk/install/moveit_common/share/moveit_common/environment/path.dsv
[2.288s] -- Up-to-date: /home/a/ws_nhk/install/moveit_common/share/moveit_common/local_setup.bash
[2.290s] -- Up-to-date: /home/a/ws_nhk/install/moveit_common/share/moveit_common/local_setup.sh
[2.291s] -- Up-to-date: /home/a/ws_nhk/install/moveit_common/share/moveit_common/local_setup.zsh
[2.293s] -- Installing: /home/a/ws_nhk/install/moveit_common/share/moveit_common/local_setup.dsv
[2.295s] -- Installing: /home/a/ws_nhk/install/moveit_common/share/moveit_common/package.dsv
[2.295s] -- Up-to-date: /home/a/ws_nhk/install/moveit_common/share/ament_index/resource_index/packages/moveit_common
[2.297s] -- Up-to-date: /home/a/ws_nhk/install/moveit_common/share/moveit_common/cmake/moveit_common-extras.cmake
[2.299s] -- Up-to-date: /home/a/ws_nhk/install/moveit_common/share/moveit_common/cmake/moveit_commonConfig.cmake
[2.300s] -- Up-to-date: /home/a/ws_nhk/install/moveit_common/share/moveit_common/cmake/moveit_commonConfig-version.cmake
[2.300s] -- Up-to-date: /home/a/ws_nhk/install/moveit_common/share/moveit_common/package.xml
[2.300s] -- Up-to-date: /home/a/ws_nhk/install/moveit_common/share/moveit_common/cmake
[2.300s] -- Up-to-date: /home/a/ws_nhk/install/moveit_common/share/moveit_common/cmake/moveit_package.cmake
[2.681s] Invoked command in '/home/a/ws_nhk/build/moveit_common' returned '0': CMAKE_PREFIX_PATH=${CMAKE_PREFIX_PATH}:/home/a/ws_nhk/install/ikeyaMD_wizard:/home/a/ws_nhk/install/moveit_configs_utils:/home/a/ws_nhk/install/rogidrive:/home/a/ws_nhk/install/launch_param_builder:/home/a/ws_nhk/install/dynamixel_controller_gui:/home/a/ws_nhk/install/dynamixel_controller_client:/opt/ros/humble /usr/bin/cmake --install /home/a/ws_nhk/build/moveit_common
