[1.276s] Invoking command in '/home/a/ws_nhk/build/moveit_resources_prbt_support': CMAKE_PREFIX_PATH=${CMAKE_PREFIX_PATH}:/home/a/ws_nhk/install/moveit_configs_utils:/home/a/ws_nhk/install/rogidrive:/home/a/ws_nhk/install/launch_param_builder:/home/a/ws_nhk/install/dynamixel_controller_gui:/home/a/ws_nhk/install/dynamixel_controller_client:/opt/ros/humble /usr/bin/cmake --build /home/a/ws_nhk/build/moveit_resources_prbt_support -- -j22 -l22
[3.287s] Invoked command in '/home/a/ws_nhk/build/moveit_resources_prbt_support' returned '0': CMAKE_PREFIX_PATH=${CMAKE_PREFIX_PATH}:/home/a/ws_nhk/install/moveit_configs_utils:/home/a/ws_nhk/install/rogidrive:/home/a/ws_nhk/install/launch_param_builder:/home/a/ws_nhk/install/dynamixel_controller_gui:/home/a/ws_nhk/install/dynamixel_controller_client:/opt/ros/humble /usr/bin/cmake --build /home/a/ws_nhk/build/moveit_resources_prbt_support -- -j22 -l22
[3.293s] Invoking command in '/home/a/ws_nhk/build/moveit_resources_prbt_support': CMAKE_PREFIX_PATH=${CMAKE_PREFIX_PATH}:/home/a/ws_nhk/install/moveit_configs_utils:/home/a/ws_nhk/install/rogidrive:/home/a/ws_nhk/install/launch_param_builder:/home/a/ws_nhk/install/dynamixel_controller_gui:/home/a/ws_nhk/install/dynamixel_controller_client:/opt/ros/humble /usr/bin/cmake --install /home/a/ws_nhk/build/moveit_resources_prbt_support
[3.479s] -- Install configuration: "Release"
[3.479s] -- Up-to-date: /home/a/ws_nhk/install/moveit_resources_prbt_support/share/ament_index/resource_index/package_run_dependencies/moveit_resources_prbt_support
[3.479s] -- Up-to-date: /home/a/ws_nhk/install/moveit_resources_prbt_support/share/ament_index/resource_index/parent_prefix_path/moveit_resources_prbt_support
[3.480s] -- Up-to-date: /home/a/ws_nhk/install/moveit_resources_prbt_support/share/moveit_resources_prbt_support/environment/ament_prefix_path.sh
[3.480s] -- Up-to-date: /home/a/ws_nhk/install/moveit_resources_prbt_support/share/moveit_resources_prbt_support/environment/ament_prefix_path.dsv
[3.480s] -- Up-to-date: /home/a/ws_nhk/install/moveit_resources_prbt_support/share/moveit_resources_prbt_support/environment/path.sh
[3.481s] -- Up-to-date: /home/a/ws_nhk/install/moveit_resources_prbt_support/share/moveit_resources_prbt_support/environment/path.dsv
[3.481s] -- Up-to-date: /home/a/ws_nhk/install/moveit_resources_prbt_support/share/moveit_resources_prbt_support/local_setup.bash
[3.482s] -- Up-to-date: /home/a/ws_nhk/install/moveit_resources_prbt_support/share/moveit_resources_prbt_support/local_setup.sh
[3.482s] -- Up-to-date: /home/a/ws_nhk/install/moveit_resources_prbt_support/share/moveit_resources_prbt_support/local_setup.zsh
[3.482s] -- Up-to-date: /home/a/ws_nhk/install/moveit_resources_prbt_support/share/moveit_resources_prbt_support/local_setup.dsv
[3.483s] -- Installing: /home/a/ws_nhk/install/moveit_resources_prbt_support/share/moveit_resources_prbt_support/package.dsv
[3.483s] -- Up-to-date: /home/a/ws_nhk/install/moveit_resources_prbt_support/share/ament_index/resource_index/packages/moveit_resources_prbt_support
[3.484s] -- Up-to-date: /home/a/ws_nhk/install/moveit_resources_prbt_support/share/moveit_resources_prbt_support/cmake/moveit_resources_prbt_supportConfig.cmake
[3.485s] -- Up-to-date: /home/a/ws_nhk/install/moveit_resources_prbt_support/share/moveit_resources_prbt_support/cmake/moveit_resources_prbt_supportConfig-version.cmake
[3.485s] -- Up-to-date: /home/a/ws_nhk/install/moveit_resources_prbt_support/share/moveit_resources_prbt_support/package.xml
[3.485s] -- Up-to-date: /home/a/ws_nhk/install/moveit_resources_prbt_support/share/moveit_resources_prbt_support/urdf
[3.485s] -- Up-to-date: /home/a/ws_nhk/install/moveit_resources_prbt_support/share/moveit_resources_prbt_support/urdf/prbt.ros2_control.xacro
[3.486s] -- Up-to-date: /home/a/ws_nhk/install/moveit_resources_prbt_support/share/moveit_resources_prbt_support/urdf/prbt.xacro
[3.486s] -- Up-to-date: /home/a/ws_nhk/install/moveit_resources_prbt_support/share/moveit_resources_prbt_support/urdf/prbt_macro.xacro
[3.486s] -- Up-to-date: /home/a/ws_nhk/install/moveit_resources_prbt_support/share/moveit_resources_prbt_support/urdf/simple_gripper_brackets.urdf.xacro
[3.486s] -- Up-to-date: /home/a/ws_nhk/install/moveit_resources_prbt_support/share/moveit_resources_prbt_support/meshes
[3.487s] -- Up-to-date: /home/a/ws_nhk/install/moveit_resources_prbt_support/share/moveit_resources_prbt_support/meshes/foot.stl
[3.487s] -- Up-to-date: /home/a/ws_nhk/install/moveit_resources_prbt_support/share/moveit_resources_prbt_support/meshes/link_1.dae
[3.487s] -- Up-to-date: /home/a/ws_nhk/install/moveit_resources_prbt_support/share/moveit_resources_prbt_support/meshes/flange.dae
[3.487s] -- Up-to-date: /home/a/ws_nhk/install/moveit_resources_prbt_support/share/moveit_resources_prbt_support/meshes/link_2.dae
[3.488s] -- Up-to-date: /home/a/ws_nhk/install/moveit_resources_prbt_support/share/moveit_resources_prbt_support/meshes/link_3.dae
[3.488s] -- Up-to-date: /home/a/ws_nhk/install/moveit_resources_prbt_support/share/moveit_resources_prbt_support/meshes/link_5.stl
[3.488s] -- Up-to-date: /home/a/ws_nhk/install/moveit_resources_prbt_support/share/moveit_resources_prbt_support/meshes/foot.dae
[3.488s] -- Up-to-date: /home/a/ws_nhk/install/moveit_resources_prbt_support/share/moveit_resources_prbt_support/meshes/flange.stl
[3.489s] -- Up-to-date: /home/a/ws_nhk/install/moveit_resources_prbt_support/share/moveit_resources_prbt_support/meshes/link_4.dae
[3.489s] -- Up-to-date: /home/a/ws_nhk/install/moveit_resources_prbt_support/share/moveit_resources_prbt_support/meshes/link_3.stl
[3.489s] -- Up-to-date: /home/a/ws_nhk/install/moveit_resources_prbt_support/share/moveit_resources_prbt_support/meshes/link_4.stl
[3.490s] -- Up-to-date: /home/a/ws_nhk/install/moveit_resources_prbt_support/share/moveit_resources_prbt_support/meshes/link_2.stl
[3.490s] -- Up-to-date: /home/a/ws_nhk/install/moveit_resources_prbt_support/share/moveit_resources_prbt_support/meshes/link_5.dae
[3.490s] -- Up-to-date: /home/a/ws_nhk/install/moveit_resources_prbt_support/share/moveit_resources_prbt_support/meshes/link_1.stl
[3.490s] -- Up-to-date: /home/a/ws_nhk/install/moveit_resources_prbt_support/share/moveit_resources_prbt_support/config
[3.491s] -- Up-to-date: /home/a/ws_nhk/install/moveit_resources_prbt_support/share/moveit_resources_prbt_support/config/manipulator_controller.yaml
[3.491s] -- Up-to-date: /home/a/ws_nhk/install/moveit_resources_prbt_support/share/moveit_resources_prbt_support/config/prbt_0_1.dcf
[3.491s] -- Up-to-date: /home/a/ws_nhk/install/moveit_resources_prbt_support/share/moveit_resources_prbt_support/config/manipulator_driver.yaml
[3.958s] Invoked command in '/home/a/ws_nhk/build/moveit_resources_prbt_support' returned '0': CMAKE_PREFIX_PATH=${CMAKE_PREFIX_PATH}:/home/a/ws_nhk/install/moveit_configs_utils:/home/a/ws_nhk/install/rogidrive:/home/a/ws_nhk/install/launch_param_builder:/home/a/ws_nhk/install/dynamixel_controller_gui:/home/a/ws_nhk/install/dynamixel_controller_client:/opt/ros/humble /usr/bin/cmake --install /home/a/ws_nhk/build/moveit_resources_prbt_support
