[0.243s] Invoking command in '/home/a/ws_nhk/build/trac_ik_lib': CMAKE_PREFIX_PATH=${CMAKE_PREFIX_PATH}:/home/a/ws_nhk/install/moveit_configs_utils:/home/a/ws_nhk/install/rogidrive:/home/a/ws_nhk/install/launch_param_builder:/home/a/ws_nhk/install/dynamixel_controller_gui:/home/a/ws_nhk/install/dynamixel_controller_client:/opt/ros/humble /usr/bin/cmake /home/a/ws_nhk/src/trac_ik/trac_ik_lib -DCMAKE_INSTALL_PREFIX=/home/a/ws_nhk/install/trac_ik_lib
[0.716s] -- Found ament_cmake: 1.3.12 (/opt/ros/humble/share/ament_cmake/cmake)
[0.716s] -- Found eigen3_cmake_module: 0.1.1 (/opt/ros/humble/share/eigen3_cmake_module/cmake)
[0.716s] -- Found geometry_msgs: 4.9.0 (/opt/ros/humble/share/geometry_msgs/cmake)
[0.716s] -- Found rosidl_generator_c: 3.1.7 (/opt/ros/humble/share/rosidl_generator_c/cmake)
[0.716s] -- Found rosidl_adapter: 3.1.7 (/opt/ros/humble/share/rosidl_adapter/cmake)
[0.716s] -- Found rosidl_generator_cpp: 3.1.7 (/opt/ros/humble/share/rosidl_generator_cpp/cmake)
[0.717s] -- Using all available rosidl_typesupport_c: rosidl_typesupport_fastrtps_c;rosidl_typesupport_introspection_c
[0.717s] -- Using all available rosidl_typesupport_cpp: rosidl_typesupport_fastrtps_cpp;rosidl_typesupport_introspection_cpp
[0.717s] -- Found kdl_parser: 2.6.4 (/opt/ros/humble/share/kdl_parser/cmake)
[0.717s] -- Ensuring Eigen3 include directory is part of orocos-kdl CMake target
[0.717s] -- Found rclcpp: 16.0.16 (/opt/ros/humble/share/rclcpp/cmake)
[0.717s] -- Found rmw_implementation_cmake: 6.1.2 (/opt/ros/humble/share/rmw_implementation_cmake/cmake)
[0.717s] -- Found rmw_fastrtps_cpp: 6.2.9 (/opt/ros/humble/share/rmw_fastrtps_cpp/cmake)
[0.717s] -- Using RMW implementation 'rmw_fastrtps_cpp' as default
[0.717s] -- Found urdf: 2.6.1 (/opt/ros/humble/share/urdf/cmake)
[0.717s] -- Configuring done
[0.717s] -- Generating done
[0.717s] -- Build files have been written to: /home/a/ws_nhk/build/trac_ik_lib
[0.745s] Invoked command in '/home/a/ws_nhk/build/trac_ik_lib' returned '0': CMAKE_PREFIX_PATH=${CMAKE_PREFIX_PATH}:/home/a/ws_nhk/install/moveit_configs_utils:/home/a/ws_nhk/install/rogidrive:/home/a/ws_nhk/install/launch_param_builder:/home/a/ws_nhk/install/dynamixel_controller_gui:/home/a/ws_nhk/install/dynamixel_controller_client:/opt/ros/humble /usr/bin/cmake /home/a/ws_nhk/src/trac_ik/trac_ik_lib -DCMAKE_INSTALL_PREFIX=/home/a/ws_nhk/install/trac_ik_lib
[0.748s] Invoking command in '/home/a/ws_nhk/build/trac_ik_lib': CMAKE_PREFIX_PATH=${CMAKE_PREFIX_PATH}:/home/a/ws_nhk/install/moveit_configs_utils:/home/a/ws_nhk/install/rogidrive:/home/a/ws_nhk/install/launch_param_builder:/home/a/ws_nhk/install/dynamixel_controller_gui:/home/a/ws_nhk/install/dynamixel_controller_client:/opt/ros/humble /usr/bin/cmake --build /home/a/ws_nhk/build/trac_ik_lib -- -j22 -l22
[0.829s] [35m[1mConsolidate compiler generated dependencies of target trac_ik[0m
[0.859s] [100%] Built target trac_ik
[0.951s] Invoked command in '/home/a/ws_nhk/build/trac_ik_lib' returned '0': CMAKE_PREFIX_PATH=${CMAKE_PREFIX_PATH}:/home/a/ws_nhk/install/moveit_configs_utils:/home/a/ws_nhk/install/rogidrive:/home/a/ws_nhk/install/launch_param_builder:/home/a/ws_nhk/install/dynamixel_controller_gui:/home/a/ws_nhk/install/dynamixel_controller_client:/opt/ros/humble /usr/bin/cmake --build /home/a/ws_nhk/build/trac_ik_lib -- -j22 -l22
[0.952s] Invoking command in '/home/a/ws_nhk/build/trac_ik_lib': CMAKE_PREFIX_PATH=${CMAKE_PREFIX_PATH}:/home/a/ws_nhk/install/moveit_configs_utils:/home/a/ws_nhk/install/rogidrive:/home/a/ws_nhk/install/launch_param_builder:/home/a/ws_nhk/install/dynamixel_controller_gui:/home/a/ws_nhk/install/dynamixel_controller_client:/opt/ros/humble /usr/bin/cmake --install /home/a/ws_nhk/build/trac_ik_lib
[0.969s] -- Install configuration: "Release"
[0.969s] -- Up-to-date: /home/a/ws_nhk/install/trac_ik_lib/include
[0.969s] -- Up-to-date: /home/a/ws_nhk/install/trac_ik_lib/include/trac_ik
[0.969s] -- Up-to-date: /home/a/ws_nhk/install/trac_ik_lib/include/trac_ik/math3d.h
[0.969s] -- Up-to-date: /home/a/ws_nhk/install/trac_ik_lib/include/trac_ik/dual_quaternion.h
[0.969s] -- Up-to-date: /home/a/ws_nhk/install/trac_ik_lib/include/trac_ik/kdl_tl.hpp
[0.969s] -- Up-to-date: /home/a/ws_nhk/install/trac_ik_lib/include/trac_ik/nlopt_ik.hpp
[0.969s] -- Up-to-date: /home/a/ws_nhk/install/trac_ik_lib/include/trac_ik/trac_ik.hpp
[0.969s] -- Up-to-date: /home/a/ws_nhk/install/trac_ik_lib/lib/libtrac_ik.so
[0.969s] -- Up-to-date: /home/a/ws_nhk/install/trac_ik_lib/share/trac_ik_lib/environment/library_path.sh
[0.969s] -- Installing: /home/a/ws_nhk/install/trac_ik_lib/share/trac_ik_lib/environment/library_path.dsv
[0.969s] -- Up-to-date: /home/a/ws_nhk/install/trac_ik_lib/share/ament_index/resource_index/package_run_dependencies/trac_ik_lib
[0.969s] -- Installing: /home/a/ws_nhk/install/trac_ik_lib/share/ament_index/resource_index/parent_prefix_path/trac_ik_lib
[0.969s] -- Up-to-date: /home/a/ws_nhk/install/trac_ik_lib/share/trac_ik_lib/environment/ament_prefix_path.sh
[0.969s] -- Installing: /home/a/ws_nhk/install/trac_ik_lib/share/trac_ik_lib/environment/ament_prefix_path.dsv
[0.969s] -- Up-to-date: /home/a/ws_nhk/install/trac_ik_lib/share/trac_ik_lib/environment/path.sh
[0.969s] -- Installing: /home/a/ws_nhk/install/trac_ik_lib/share/trac_ik_lib/environment/path.dsv
[0.969s] -- Up-to-date: /home/a/ws_nhk/install/trac_ik_lib/share/trac_ik_lib/local_setup.bash
[0.970s] -- Up-to-date: /home/a/ws_nhk/install/trac_ik_lib/share/trac_ik_lib/local_setup.sh
[0.970s] -- Up-to-date: /home/a/ws_nhk/install/trac_ik_lib/share/trac_ik_lib/local_setup.zsh
[0.970s] -- Installing: /home/a/ws_nhk/install/trac_ik_lib/share/trac_ik_lib/local_setup.dsv
[0.970s] -- Installing: /home/a/ws_nhk/install/trac_ik_lib/share/trac_ik_lib/package.dsv
[0.970s] -- Up-to-date: /home/a/ws_nhk/install/trac_ik_lib/share/ament_index/resource_index/packages/trac_ik_lib
[0.970s] -- Up-to-date: /home/a/ws_nhk/install/trac_ik_lib/share/trac_ik_lib/cmake/export_trac_ik_libExport.cmake
[0.970s] -- Up-to-date: /home/a/ws_nhk/install/trac_ik_lib/share/trac_ik_lib/cmake/export_trac_ik_libExport-release.cmake
[0.970s] -- Up-to-date: /home/a/ws_nhk/install/trac_ik_lib/share/trac_ik_lib/cmake/ament_cmake_export_targets-extras.cmake
[0.970s] -- Up-to-date: /home/a/ws_nhk/install/trac_ik_lib/share/trac_ik_lib/cmake/ament_cmake_export_dependencies-extras.cmake
[0.970s] -- Up-to-date: /home/a/ws_nhk/install/trac_ik_lib/share/trac_ik_lib/cmake/trac_ik_libConfig.cmake
[0.970s] -- Up-to-date: /home/a/ws_nhk/install/trac_ik_lib/share/trac_ik_lib/cmake/trac_ik_libConfig-version.cmake
[0.970s] -- Up-to-date: /home/a/ws_nhk/install/trac_ik_lib/share/trac_ik_lib/package.xml
[0.976s] Invoked command in '/home/a/ws_nhk/build/trac_ik_lib' returned '0': CMAKE_PREFIX_PATH=${CMAKE_PREFIX_PATH}:/home/a/ws_nhk/install/moveit_configs_utils:/home/a/ws_nhk/install/rogidrive:/home/a/ws_nhk/install/launch_param_builder:/home/a/ws_nhk/install/dynamixel_controller_gui:/home/a/ws_nhk/install/dynamixel_controller_client:/opt/ros/humble /usr/bin/cmake --install /home/a/ws_nhk/build/trac_ik_lib
