[0.031s] Invoking command in '/home/a/ws_nhk/build/moveit_simple_controller_manager': AMENT_PREFIX_PATH=/home/a/ws_nhk/install/moveit_core:/home/a/ws_nhk/install/moveit_resources_panda_moveit_config:/home/a/ws_nhk/install/srdfdom:/home/a/ws_nhk/install/moveit_resources_pr2_description:/home/a/ws_nhk/install/moveit_resources_panda_description:/home/a/ws_nhk/install/moveit_common:${AMENT_PREFIX_PATH} CMAKE_PREFIX_PATH=/home/a/ws_nhk/install/moveit_core:/home/a/ws_nhk/install/moveit_resources_panda_moveit_config:/home/a/ws_nhk/install/srdfdom:/home/a/ws_nhk/install/moveit_resources_pr2_description:/home/a/ws_nhk/install/moveit_resources_panda_description:/home/a/ws_nhk/install/moveit_common:/home/a/install/field_description_test:/opt/ros/humble LD_LIBRARY_PATH=/home/a/ws_nhk/install/moveit_core/lib:/home/a/ws_nhk/install/srdfdom/lib:${LD_LIBRARY_PATH} PATH=/home/a/ws_nhk/install/moveit_core/bin:${PATH} PYTHONPATH=/home/a/ws_nhk/install/srdfdom/local/lib/python3.10/dist-packages:${PYTHONPATH} /usr/bin/cmake --build /home/a/ws_nhk/build/moveit_simple_controller_manager -- -j22 -l22
[0.066s] -- Found moveit_common: 2.5.9 (/home/a/ws_nhk/install/moveit_common/share/moveit_common/cmake)
[0.066s] -- Found ament_cmake: 1.3.12 (/opt/ros/humble/share/ament_cmake/cmake)
[0.326s] -- Found moveit_core: 2.5.9 (/home/a/ws_nhk/install/moveit_core/share/moveit_core/cmake)
[0.345s] -- Found Boost: /usr/lib/x86_64-linux-gnu/cmake/Boost-1.74.0/BoostConfig.cmake (found version "1.74.0") found components: chrono date_time filesystem iostreams program_options regex serialization system thread 
[0.388s] -- Found parameter_traits: 0.5.0 (/opt/ros/humble/share/parameter_traits/cmake)
[0.417s] -- Found rosidl_generator_c: 3.1.7 (/opt/ros/humble/share/rosidl_generator_c/cmake)
[0.420s] -- Found rosidl_adapter: 3.1.7 (/opt/ros/humble/share/rosidl_adapter/cmake)
[0.426s] -- Found rosidl_generator_cpp: 3.1.7 (/opt/ros/humble/share/rosidl_generator_cpp/cmake)
[0.439s] -- Using all available rosidl_typesupport_c: rosidl_typesupport_fastrtps_c;rosidl_typesupport_introspection_c
[0.454s] -- Using all available rosidl_typesupport_cpp: rosidl_typesupport_fastrtps_cpp;rosidl_typesupport_introspection_cpp
[0.495s] -- Found rmw_implementation_cmake: 6.1.2 (/opt/ros/humble/share/rmw_implementation_cmake/cmake)
[0.497s] -- Found rmw_fastrtps_cpp: 6.2.9 (/opt/ros/humble/share/rmw_fastrtps_cpp/cmake)
[0.664s] -- Using RMW implementation 'rmw_fastrtps_cpp' as default
[0.745s] -- Found rclcpp_lifecycle: 16.0.16 (/opt/ros/humble/share/rclcpp_lifecycle/cmake)
[0.775s] -- Found Boost: /usr/lib/x86_64-linux-gnu/cmake/Boost-1.74.0/BoostConfig.cmake (found version "1.74.0") found components: filesystem 
[0.839s] -- library: /usr/lib/x86_64-linux-gnu/libcurl.so
[0.932s] -- Ensuring Eigen3 include directory is part of orocos-kdl CMake target
[1.277s] -- Found control_msgs: 4.8.0 (/opt/ros/humble/share/control_msgs/cmake)
[1.331s] -- Found Boost: /usr/lib/x86_64-linux-gnu/cmake/Boost-1.74.0/BoostConfig.cmake (found version "1.74.0") found components: thread 
[1.340s] -- Found ament_lint_auto: 0.12.14 (/opt/ros/humble/share/ament_lint_auto/cmake)
[1.353s] -- Added test 'cppcheck' to perform static code analysis on C / C++ code
[1.354s] -- Configured cppcheck include dirs: /home/a/ws_nhk/src/moveit2/moveit_plugins/moveit_simple_controller_manager/include
[1.354s] -- Configured cppcheck exclude dirs and/or files: 
[1.356s] -- Added test 'lint_cmake' to check CMake code style
[1.357s] -- Added test 'xmllint' to check XML markup files
[1.361s] -- Configuring done
[1.406s] -- Generating done
[1.418s] -- Build files have been written to: /home/a/ws_nhk/build/moveit_simple_controller_manager
[1.478s] [35m[1mConsolidate compiler generated dependencies of target moveit_simple_controller_manager[0m
[1.530s] [ 33%] [32mBuilding CXX object CMakeFiles/moveit_simple_controller_manager.dir/src/follow_joint_trajectory_controller_handle.cpp.o[0m
[1.534s] [ 66%] [32mBuilding CXX object CMakeFiles/moveit_simple_controller_manager.dir/src/moveit_simple_controller_manager.cpp.o[0m
[47.830s] [100%] [32m[1mLinking CXX shared library libmoveit_simple_controller_manager.so[0m
[48.668s] [100%] Built target moveit_simple_controller_manager
[48.721s] Invoked command in '/home/a/ws_nhk/build/moveit_simple_controller_manager' returned '0': AMENT_PREFIX_PATH=/home/a/ws_nhk/install/moveit_core:/home/a/ws_nhk/install/moveit_resources_panda_moveit_config:/home/a/ws_nhk/install/srdfdom:/home/a/ws_nhk/install/moveit_resources_pr2_description:/home/a/ws_nhk/install/moveit_resources_panda_description:/home/a/ws_nhk/install/moveit_common:${AMENT_PREFIX_PATH} CMAKE_PREFIX_PATH=/home/a/ws_nhk/install/moveit_core:/home/a/ws_nhk/install/moveit_resources_panda_moveit_config:/home/a/ws_nhk/install/srdfdom:/home/a/ws_nhk/install/moveit_resources_pr2_description:/home/a/ws_nhk/install/moveit_resources_panda_description:/home/a/ws_nhk/install/moveit_common:/home/a/install/field_description_test:/opt/ros/humble LD_LIBRARY_PATH=/home/a/ws_nhk/install/moveit_core/lib:/home/a/ws_nhk/install/srdfdom/lib:${LD_LIBRARY_PATH} PATH=/home/a/ws_nhk/install/moveit_core/bin:${PATH} PYTHONPATH=/home/a/ws_nhk/install/srdfdom/local/lib/python3.10/dist-packages:${PYTHONPATH} /usr/bin/cmake --build /home/a/ws_nhk/build/moveit_simple_controller_manager -- -j22 -l22
[48.731s] Invoking command in '/home/a/ws_nhk/build/moveit_simple_controller_manager': AMENT_PREFIX_PATH=/home/a/ws_nhk/install/moveit_core:/home/a/ws_nhk/install/moveit_resources_panda_moveit_config:/home/a/ws_nhk/install/srdfdom:/home/a/ws_nhk/install/moveit_resources_pr2_description:/home/a/ws_nhk/install/moveit_resources_panda_description:/home/a/ws_nhk/install/moveit_common:${AMENT_PREFIX_PATH} CMAKE_PREFIX_PATH=/home/a/ws_nhk/install/moveit_core:/home/a/ws_nhk/install/moveit_resources_panda_moveit_config:/home/a/ws_nhk/install/srdfdom:/home/a/ws_nhk/install/moveit_resources_pr2_description:/home/a/ws_nhk/install/moveit_resources_panda_description:/home/a/ws_nhk/install/moveit_common:/home/a/install/field_description_test:/opt/ros/humble LD_LIBRARY_PATH=/home/a/ws_nhk/install/moveit_core/lib:/home/a/ws_nhk/install/srdfdom/lib:${LD_LIBRARY_PATH} PATH=/home/a/ws_nhk/install/moveit_core/bin:${PATH} PYTHONPATH=/home/a/ws_nhk/install/srdfdom/local/lib/python3.10/dist-packages:${PYTHONPATH} /usr/bin/cmake --install /home/a/ws_nhk/build/moveit_simple_controller_manager
[48.777s] -- Install configuration: "Release"
[48.779s] -- Installing: /home/a/ws_nhk/install/moveit_simple_controller_manager/lib/libmoveit_simple_controller_manager.so.2.5.9
[48.785s] -- Set runtime path of "/home/a/ws_nhk/install/moveit_simple_controller_manager/lib/libmoveit_simple_controller_manager.so.2.5.9" to ""
[48.787s] -- Up-to-date: /home/a/ws_nhk/install/moveit_simple_controller_manager/lib/libmoveit_simple_controller_manager.so
[48.788s] -- Up-to-date: /home/a/ws_nhk/install/moveit_simple_controller_manager/include
[48.789s] -- Up-to-date: /home/a/ws_nhk/install/moveit_simple_controller_manager/include/moveit_simple_controller_manager
[48.790s] -- Up-to-date: /home/a/ws_nhk/install/moveit_simple_controller_manager/include/moveit_simple_controller_manager/action_based_controller_handle.h
[48.791s] -- Up-to-date: /home/a/ws_nhk/install/moveit_simple_controller_manager/include/moveit_simple_controller_manager/follow_joint_trajectory_controller_handle.h
[48.792s] -- Up-to-date: /home/a/ws_nhk/install/moveit_simple_controller_manager/include/moveit_simple_controller_manager/empty_controller_handle.h
[48.792s] -- Up-to-date: /home/a/ws_nhk/install/moveit_simple_controller_manager/include/moveit_simple_controller_manager/gripper_controller_handle.h
[48.793s] -- Up-to-date: /home/a/ws_nhk/install/moveit_simple_controller_manager/share/moveit_simple_controller_manager/environment/library_path.sh
[48.793s] -- Installing: /home/a/ws_nhk/install/moveit_simple_controller_manager/share/moveit_simple_controller_manager/environment/library_path.dsv
[48.794s] -- Up-to-date: /home/a/ws_nhk/install/moveit_simple_controller_manager/share/moveit_simple_controller_manager/moveit_simple_controller_manager_plugin_description.xml
[48.794s] -- Up-to-date: /home/a/ws_nhk/install/moveit_simple_controller_manager/share/ament_index/resource_index/package_run_dependencies/moveit_simple_controller_manager
[48.795s] -- Installing: /home/a/ws_nhk/install/moveit_simple_controller_manager/share/ament_index/resource_index/parent_prefix_path/moveit_simple_controller_manager
[48.795s] -- Up-to-date: /home/a/ws_nhk/install/moveit_simple_controller_manager/share/moveit_simple_controller_manager/environment/ament_prefix_path.sh
[48.796s] -- Installing: /home/a/ws_nhk/install/moveit_simple_controller_manager/share/moveit_simple_controller_manager/environment/ament_prefix_path.dsv
[48.796s] -- Up-to-date: /home/a/ws_nhk/install/moveit_simple_controller_manager/share/moveit_simple_controller_manager/environment/path.sh
[48.797s] -- Installing: /home/a/ws_nhk/install/moveit_simple_controller_manager/share/moveit_simple_controller_manager/environment/path.dsv
[48.798s] -- Up-to-date: /home/a/ws_nhk/install/moveit_simple_controller_manager/share/moveit_simple_controller_manager/local_setup.bash
[48.799s] -- Up-to-date: /home/a/ws_nhk/install/moveit_simple_controller_manager/share/moveit_simple_controller_manager/local_setup.sh
[48.799s] -- Up-to-date: /home/a/ws_nhk/install/moveit_simple_controller_manager/share/moveit_simple_controller_manager/local_setup.zsh
[48.800s] -- Installing: /home/a/ws_nhk/install/moveit_simple_controller_manager/share/moveit_simple_controller_manager/local_setup.dsv
[48.800s] -- Installing: /home/a/ws_nhk/install/moveit_simple_controller_manager/share/moveit_simple_controller_manager/package.dsv
[48.801s] -- Up-to-date: /home/a/ws_nhk/install/moveit_simple_controller_manager/share/ament_index/resource_index/packages/moveit_simple_controller_manager
[48.801s] -- Up-to-date: /home/a/ws_nhk/install/moveit_simple_controller_manager/share/ament_index/resource_index/moveit_core__pluginlib__plugin/moveit_simple_controller_manager
[48.802s] -- Up-to-date: /home/a/ws_nhk/install/moveit_simple_controller_manager/share/moveit_simple_controller_manager/cmake/export_moveit_simple_controller_managerExport.cmake
[48.802s] -- Up-to-date: /home/a/ws_nhk/install/moveit_simple_controller_manager/share/moveit_simple_controller_manager/cmake/export_moveit_simple_controller_managerExport-release.cmake
[48.803s] -- Up-to-date: /home/a/ws_nhk/install/moveit_simple_controller_manager/share/moveit_simple_controller_manager/cmake/ConfigExtras.cmake
[48.803s] -- Up-to-date: /home/a/ws_nhk/install/moveit_simple_controller_manager/share/moveit_simple_controller_manager/cmake/ament_cmake_export_targets-extras.cmake
[48.803s] -- Up-to-date: /home/a/ws_nhk/install/moveit_simple_controller_manager/share/moveit_simple_controller_manager/cmake/ament_cmake_export_dependencies-extras.cmake
[48.804s] -- Up-to-date: /home/a/ws_nhk/install/moveit_simple_controller_manager/share/moveit_simple_controller_manager/cmake/moveit_simple_controller_managerConfig.cmake
[48.804s] -- Up-to-date: /home/a/ws_nhk/install/moveit_simple_controller_manager/share/moveit_simple_controller_manager/cmake/moveit_simple_controller_managerConfig-version.cmake
[48.805s] -- Up-to-date: /home/a/ws_nhk/install/moveit_simple_controller_manager/share/moveit_simple_controller_manager/package.xml
[48.812s] Invoked command in '/home/a/ws_nhk/build/moveit_simple_controller_manager' returned '0': AMENT_PREFIX_PATH=/home/a/ws_nhk/install/moveit_core:/home/a/ws_nhk/install/moveit_resources_panda_moveit_config:/home/a/ws_nhk/install/srdfdom:/home/a/ws_nhk/install/moveit_resources_pr2_description:/home/a/ws_nhk/install/moveit_resources_panda_description:/home/a/ws_nhk/install/moveit_common:${AMENT_PREFIX_PATH} CMAKE_PREFIX_PATH=/home/a/ws_nhk/install/moveit_core:/home/a/ws_nhk/install/moveit_resources_panda_moveit_config:/home/a/ws_nhk/install/srdfdom:/home/a/ws_nhk/install/moveit_resources_pr2_description:/home/a/ws_nhk/install/moveit_resources_panda_description:/home/a/ws_nhk/install/moveit_common:/home/a/install/field_description_test:/opt/ros/humble LD_LIBRARY_PATH=/home/a/ws_nhk/install/moveit_core/lib:/home/a/ws_nhk/install/srdfdom/lib:${LD_LIBRARY_PATH} PATH=/home/a/ws_nhk/install/moveit_core/bin:${PATH} PYTHONPATH=/home/a/ws_nhk/install/srdfdom/local/lib/python3.10/dist-packages:${PYTHONPATH} /usr/bin/cmake --install /home/a/ws_nhk/build/moveit_simple_controller_manager
